src/App.tsx(6,8): error TS2307: Cannot find module 'react' or its corresponding type declarations.
src/App.tsx(12,8): error TS2307: Cannot find module 'react-router-dom' or its corresponding type declarations.
src/App.tsx(14,32): error TS2307: Cannot find module '@heroui/react' or its corresponding type declarations.
src/App.tsx(100,12): error TS2875: This JSX tag requires the module path 'react/jsx-runtime' to exist, but none could be found. Make sure you have types for the appropriate package installed.
src/Login.tsx(1,37): error TS2307: Cannot find module 'react' or its corresponding type declarations.
src/Login.tsx(2,29): error TS2307: Cannot find module 'react-router-dom' or its corresponding type declarations.
src/Login.tsx(48,5): error TS7026: JSX element implicitly has type 'any' because no interface 'JSX.IntrinsicElements' exists.
src/Login.tsx(48,5): error TS2875: This JSX tag requires the module path 'react/jsx-runtime' to exist, but none could be found. Make sure you have types for the appropriate package installed.
src/Login.tsx(49,7): error TS7026: JSX element implicitly has type 'any' because no interface 'JSX.IntrinsicElements' exists.
src/Login.tsx(50,9): error TS7026: JSX element implicitly has type 'any' because no interface 'JSX.IntrinsicElements' exists.
src/Login.tsx(51,11): error TS7026: JSX element implicitly has type 'any' because no interface 'JSX.IntrinsicElements' exists.
src/Login.tsx(57,11): error TS7026: JSX element implicitly has type 'any' because no interface 'JSX.IntrinsicElements' exists.
src/Login.tsx(58,13): error TS7026: JSX element implicitly has type 'any' because no interface 'JSX.IntrinsicElements' exists.
src/Login.tsx(60,13): error TS7026: JSX element implicitly has type 'any' because no interface 'JSX.IntrinsicElements' exists.
src/Login.tsx(62,13): error TS7026: JSX element implicitly has type 'any' because no interface 'JSX.IntrinsicElements' exists.
src/Login.tsx(64,13): error TS7026: JSX element implicitly has type 'any' because no interface 'JSX.IntrinsicElements' exists.
src/Login.tsx(65,11): error TS7026: JSX element implicitly has type 'any' because no interface 'JSX.IntrinsicElements' exists.
src/Login.tsx(66,9): error TS7026: JSX element implicitly has type 'any' because no interface 'JSX.IntrinsicElements' exists.
src/Login.tsx(68,9): error TS7026: JSX element implicitly has type 'any' because no interface 'JSX.IntrinsicElements' exists.
src/Login.tsx(70,9): error TS7026: JSX element implicitly has type 'any' because no interface 'JSX.IntrinsicElements' exists.
src/Login.tsx(72,9): error TS7026: JSX element implicitly has type 'any' because no interface 'JSX.IntrinsicElements' exists.
src/Login.tsx(74,9): error TS7026: JSX element implicitly has type 'any' because no interface 'JSX.IntrinsicElements' exists.
src/Login.tsx(76,9): error TS7026: JSX element implicitly has type 'any' because no interface 'JSX.IntrinsicElements' exists.
src/Login.tsx(77,11): error TS7026: JSX element implicitly has type 'any' because no interface 'JSX.IntrinsicElements' exists.
src/Login.tsx(78,13): error TS7026: JSX element implicitly has type 'any' because no interface 'JSX.IntrinsicElements' exists.
src/Login.tsx(78,27): error TS7026: JSX element implicitly has type 'any' because no interface 'JSX.IntrinsicElements' exists.
src/Login.tsx(80,13): error TS7026: JSX element implicitly has type 'any' because no interface 'JSX.IntrinsicElements' exists.
src/Login.tsx(85,26): error TS7006: Parameter 'event' implicitly has an 'any' type.
src/Login.tsx(91,11): error TS7026: JSX element implicitly has type 'any' because no interface 'JSX.IntrinsicElements' exists.
src/Login.tsx(93,11): error TS7026: JSX element implicitly has type 'any' because no interface 'JSX.IntrinsicElements' exists.
src/Login.tsx(94,13): error TS7026: JSX element implicitly has type 'any' because no interface 'JSX.IntrinsicElements' exists.
src/Login.tsx(94,27): error TS7026: JSX element implicitly has type 'any' because no interface 'JSX.IntrinsicElements' exists.
src/Login.tsx(96,13): error TS7026: JSX element implicitly has type 'any' because no interface 'JSX.IntrinsicElements' exists.
src/Login.tsx(101,26): error TS7006: Parameter 'event' implicitly has an 'any' type.
src/Login.tsx(106,11): error TS7026: JSX element implicitly has type 'any' because no interface 'JSX.IntrinsicElements' exists.
src/Login.tsx(108,11): error TS7026: JSX element implicitly has type 'any' because no interface 'JSX.IntrinsicElements' exists.
src/Login.tsx(109,13): error TS7026: JSX element implicitly has type 'any' because no interface 'JSX.IntrinsicElements' exists.
src/Login.tsx(112,26): error TS7006: Parameter 'event' implicitly has an 'any' type.
src/Login.tsx(117,13): error TS7026: JSX element implicitly has type 'any' because no interface 'JSX.IntrinsicElements' exists.
src/Login.tsx(119,13): error TS7026: JSX element implicitly has type 'any' because no interface 'JSX.IntrinsicElements' exists.
src/Login.tsx(120,11): error TS7026: JSX element implicitly has type 'any' because no interface 'JSX.IntrinsicElements' exists.
src/Login.tsx(123,13): error TS7026: JSX element implicitly has type 'any' because no interface 'JSX.IntrinsicElements' exists.
src/Login.tsx(125,13): error TS7026: JSX element implicitly has type 'any' because no interface 'JSX.IntrinsicElements' exists.
src/Login.tsx(128,11): error TS7026: JSX element implicitly has type 'any' because no interface 'JSX.IntrinsicElements' exists.
src/Login.tsx(133,11): error TS7026: JSX element implicitly has type 'any' because no interface 'JSX.IntrinsicElements' exists.
src/Login.tsx(134,9): error TS7026: JSX element implicitly has type 'any' because no interface 'JSX.IntrinsicElements' exists.
src/Login.tsx(136,9): error TS7026: JSX element implicitly has type 'any' because no interface 'JSX.IntrinsicElements' exists.
src/Login.tsx(140,9): error TS7026: JSX element implicitly has type 'any' because no interface 'JSX.IntrinsicElements' exists.
src/Login.tsx(141,7): error TS7026: JSX element implicitly has type 'any' because no interface 'JSX.IntrinsicElements' exists.
src/Login.tsx(142,5): error TS7026: JSX element implicitly has type 'any' because no interface 'JSX.IntrinsicElements' exists.
src/components/AreaGroupMultiSelect.tsx(1,56): error TS2307: Cannot find module 'react' or its corresponding type declarations.
src/components/AreaGroupMultiSelect.tsx(2,41): error TS2307: Cannot find module 'lucide-react' or its corresponding type declarations.
src/components/AreaGroupMultiSelect.tsx(81,18): error TS7031: Binding element 'data' implicitly has an 'any' type.
src/components/AreaGroupMultiSelect.tsx(81,24): error TS7031: Binding element 'error' implicitly has an 'any' type.
src/components/AreaGroupMultiSelect.tsx(91,18): error TS7031: Binding element 'data' implicitly has an 'any' type.
src/components/AreaGroupMultiSelect.tsx(91,24): error TS7031: Binding element 'error' implicitly has an 'any' type.
src/components/AreaGroupMultiSelect.tsx(93,49): error TS7006: Parameter 'g' implicitly has an 'any' type.
src/components/AreaGroupMultiSelect.tsx(137,5): error TS7026: JSX element implicitly has type 'any' because no interface 'JSX.IntrinsicElements' exists.
src/components/AreaGroupMultiSelect.tsx(137,5): error TS2875: This JSX tag requires the module path 'react/jsx-runtime' to exist, but none could be found. Make sure you have types for the appropriate package installed.
src/components/AreaGroupMultiSelect.tsx(138,7): error TS7026: JSX element implicitly has type 'any' because no interface 'JSX.IntrinsicElements' exists.
src/components/AreaGroupMultiSelect.tsx(140,11): error TS7026: JSX element implicitly has type 'any' because no interface 'JSX.IntrinsicElements' exists.
src/components/AreaGroupMultiSelect.tsx(155,13): error TS7026: JSX element implicitly has type 'any' because no interface 'JSX.IntrinsicElements' exists.
src/components/AreaGroupMultiSelect.tsx(157,13): error TS7026: JSX element implicitly has type 'any' because no interface 'JSX.IntrinsicElements' exists.
src/components/AreaGroupMultiSelect.tsx(158,11): error TS7026: JSX element implicitly has type 'any' because no interface 'JSX.IntrinsicElements' exists.
src/components/AreaGroupMultiSelect.tsx(160,32): error TS7026: JSX element implicitly has type 'any' because no interface 'JSX.IntrinsicElements' exists.
src/components/AreaGroupMultiSelect.tsx(160,103): error TS7026: JSX element implicitly has type 'any' because no interface 'JSX.IntrinsicElements' exists.
src/components/AreaGroupMultiSelect.tsx(161,7): error TS7026: JSX element implicitly has type 'any' because no interface 'JSX.IntrinsicElements' exists.
src/components/AreaGroupMultiSelect.tsx(165,20): error TS7006: Parameter 'e' implicitly has an 'any' type.
src/components/AreaGroupMultiSelect.tsx(169,9): error TS7026: JSX element implicitly has type 'any' because no interface 'JSX.IntrinsicElements' exists.
src/components/AreaGroupMultiSelect.tsx(170,34): error TS7006: Parameter 'g' implicitly has an 'any' type.
src/components/AreaGroupMultiSelect.tsx(171,13): error TS7026: JSX element implicitly has type 'any' because no interface 'JSX.IntrinsicElements' exists.
src/components/AreaGroupMultiSelect.tsx(173,13): error TS7026: JSX element implicitly has type 'any' because no interface 'JSX.IntrinsicElements' exists.
src/components/AreaGroupMultiSelect.tsx(175,33): error TS7006: Parameter 'a' implicitly has an 'any' type.
src/components/AreaGroupMultiSelect.tsx(176,13): error TS7026: JSX element implicitly has type 'any' because no interface 'JSX.IntrinsicElements' exists.
src/components/AreaGroupMultiSelect.tsx(178,13): error TS7026: JSX element implicitly has type 'any' because no interface 'JSX.IntrinsicElements' exists.
src/components/AreaGroupMultiSelect.tsx(180,9): error TS7026: JSX element implicitly has type 'any' because no interface 'JSX.IntrinsicElements' exists.
src/components/AreaGroupMultiSelect.tsx(182,5): error TS7026: JSX element implicitly has type 'any' because no interface 'JSX.IntrinsicElements' exists.
src/components/AutocompleteInput.tsx(1,60): error TS2307: Cannot find module 'react' or its corresponding type declarations.
src/components/AutocompleteInput.tsx(2,30): error TS2307: Cannot find module 'react-dom' or its corresponding type declarations.
src/components/AutocompleteInput.tsx(3,41): error TS2307: Cannot find module 'framer-motion' or its corresponding type declarations.
src/components/AutocompleteInput.tsx(48,32): error TS7006: Parameter 'a' implicitly has an 'any' type.
src/components/AutocompleteInput.tsx(55,67): error TS7006: Parameter 'd' implicitly has an 'any' type.
src/components/AutocompleteInput.tsx(66,67): error TS7006: Parameter 'h' implicitly has an 'any' type.
src/components/AutocompleteInput.tsx(87,32): error TS7006: Parameter 'v' implicitly has an 'any' type.
src/components/AutocompleteInput.tsx(170,23): error TS7006: Parameter 'h' implicitly has an 'any' type.
src/components/AutocompleteInput.tsx(173,23): error TS7006: Parameter 'h' implicitly has an 'any' type.
src/components/AutocompleteInput.tsx(183,5): error TS7026: JSX element implicitly has type 'any' because no interface 'JSX.IntrinsicElements' exists.
src/components/AutocompleteInput.tsx(183,5): error TS2875: This JSX tag requires the module path 'react/jsx-runtime' to exist, but none could be found. Make sure you have types for the appropriate package installed.
src/components/AutocompleteInput.tsx(188,20): error TS7006: Parameter 'e' implicitly has an 'any' type.
src/components/AutocompleteInput.tsx(203,31): error TS7006: Parameter 's' implicitly has an 'any' type.
src/components/AutocompleteInput.tsx(203,34): error TS7006: Parameter 'i' implicitly has an 'any' type.
src/components/AutocompleteInput.tsx(204,15): error TS7026: JSX element implicitly has type 'any' because no interface 'JSX.IntrinsicElements' exists.
src/components/AutocompleteInput.tsx(212,15): error TS7026: JSX element implicitly has type 'any' because no interface 'JSX.IntrinsicElements' exists.
src/components/AutocompleteInput.tsx(218,5): error TS7026: JSX element implicitly has type 'any' because no interface 'JSX.IntrinsicElements' exists.
src/components/AvailabilityWidget.tsx(1,53): error TS2307: Cannot find module 'react' or its corresponding type declarations.
src/components/AvailabilityWidget.tsx(2,30): error TS2307: Cannot find module 'react-dom' or its corresponding type declarations.
src/components/AvailabilityWidget.tsx(3,58): error TS2307: Cannot find module 'lucide-react' or its corresponding type declarations.
src/components/AvailabilityWidget.tsx(32,21): error TS2875: This JSX tag requires the module path 'react/jsx-runtime' to exist, but none could be found. Make sure you have types for the appropriate package installed.
src/components/AvailabilityWidget.tsx(41,7): error TS7026: JSX element implicitly has type 'any' because no interface 'JSX.IntrinsicElements' exists.
src/components/AvailabilityWidget.tsx(41,85): error TS7026: JSX element implicitly has type 'any' because no interface 'JSX.IntrinsicElements' exists.
src/components/AvailabilityWidget.tsx(42,7): error TS7026: JSX element implicitly has type 'any' because no interface 'JSX.IntrinsicElements' exists.
src/components/AvailabilityWidget.tsx(43,9): error TS7026: JSX element implicitly has type 'any' because no interface 'JSX.IntrinsicElements' exists.
src/components/AvailabilityWidget.tsx(45,11): error TS7026: JSX element implicitly has type 'any' because no interface 'JSX.IntrinsicElements' exists.
src/components/AvailabilityWidget.tsx(45,152): error TS7026: JSX element implicitly has type 'any' because no interface 'JSX.IntrinsicElements' exists.
src/components/AvailabilityWidget.tsx(46,11): error TS7026: JSX element implicitly has type 'any' because no interface 'JSX.IntrinsicElements' exists.
src/components/AvailabilityWidget.tsx(46,109): error TS7026: JSX element implicitly has type 'any' because no interface 'JSX.IntrinsicElements' exists.
src/components/AvailabilityWidget.tsx(47,9): error TS7026: JSX element implicitly has type 'any' because no interface 'JSX.IntrinsicElements' exists.
src/components/AvailabilityWidget.tsx(48,9): error TS7026: JSX element implicitly has type 'any' because no interface 'JSX.IntrinsicElements' exists.
src/components/AvailabilityWidget.tsx(50,11): error TS7026: JSX element implicitly has type 'any' because no interface 'JSX.IntrinsicElements' exists.
src/components/AvailabilityWidget.tsx(50,119): error TS7026: JSX element implicitly has type 'any' because no interface 'JSX.IntrinsicElements' exists.
src/components/AvailabilityWidget.tsx(51,11): error TS7026: JSX element implicitly has type 'any' because no interface 'JSX.IntrinsicElements' exists.
src/components/AvailabilityWidget.tsx(51,115): error TS7026: JSX element implicitly has type 'any' because no interface 'JSX.IntrinsicElements' exists.
src/components/AvailabilityWidget.tsx(52,9): error TS7026: JSX element implicitly has type 'any' because no interface 'JSX.IntrinsicElements' exists.
src/components/AvailabilityWidget.tsx(53,9): error TS7026: JSX element implicitly has type 'any' because no interface 'JSX.IntrinsicElements' exists.
src/components/AvailabilityWidget.tsx(55,11): error TS7026: JSX element implicitly has type 'any' because no interface 'JSX.IntrinsicElements' exists.
src/components/AvailabilityWidget.tsx(55,152): error TS7026: JSX element implicitly has type 'any' because no interface 'JSX.IntrinsicElements' exists.
src/components/AvailabilityWidget.tsx(56,11): error TS7026: JSX element implicitly has type 'any' because no interface 'JSX.IntrinsicElements' exists.
src/components/AvailabilityWidget.tsx(56,109): error TS7026: JSX element implicitly has type 'any' because no interface 'JSX.IntrinsicElements' exists.
src/components/AvailabilityWidget.tsx(57,9): error TS7026: JSX element implicitly has type 'any' because no interface 'JSX.IntrinsicElements' exists.
src/components/AvailabilityWidget.tsx(58,9): error TS7026: JSX element implicitly has type 'any' because no interface 'JSX.IntrinsicElements' exists.
src/components/AvailabilityWidget.tsx(60,11): error TS7026: JSX element implicitly has type 'any' because no interface 'JSX.IntrinsicElements' exists.
src/components/AvailabilityWidget.tsx(60,119): error TS7026: JSX element implicitly has type 'any' because no interface 'JSX.IntrinsicElements' exists.
src/components/AvailabilityWidget.tsx(61,11): error TS7026: JSX element implicitly has type 'any' because no interface 'JSX.IntrinsicElements' exists.
src/components/AvailabilityWidget.tsx(61,115): error TS7026: JSX element implicitly has type 'any' because no interface 'JSX.IntrinsicElements' exists.
src/components/AvailabilityWidget.tsx(62,9): error TS7026: JSX element implicitly has type 'any' because no interface 'JSX.IntrinsicElements' exists.
src/components/AvailabilityWidget.tsx(63,9): error TS7026: JSX element implicitly has type 'any' because no interface 'JSX.IntrinsicElements' exists.
src/components/AvailabilityWidget.tsx(69,11): error TS7026: JSX element implicitly has type 'any' because no interface 'JSX.IntrinsicElements' exists.
src/components/AvailabilityWidget.tsx(71,11): error TS7026: JSX element implicitly has type 'any' because no interface 'JSX.IntrinsicElements' exists.
src/components/AvailabilityWidget.tsx(72,11): error TS7026: JSX element implicitly has type 'any' because no interface 'JSX.IntrinsicElements' exists.
src/components/AvailabilityWidget.tsx(72,104): error TS7026: JSX element implicitly has type 'any' because no interface 'JSX.IntrinsicElements' exists.
src/components/AvailabilityWidget.tsx(73,9): error TS7026: JSX element implicitly has type 'any' because no interface 'JSX.IntrinsicElements' exists.
src/components/AvailabilityWidget.tsx(74,7): error TS7026: JSX element implicitly has type 'any' because no interface 'JSX.IntrinsicElements' exists.
src/components/AvailabilityWidget.tsx(90,11): error TS7026: JSX element implicitly has type 'any' because no interface 'JSX.IntrinsicElements' exists.
src/components/AvailabilityWidget.tsx(90,123): error TS7026: JSX element implicitly has type 'any' because no interface 'JSX.IntrinsicElements' exists.
src/components/AvailabilityWidget.tsx(96,11): error TS7026: JSX element implicitly has type 'any' because no interface 'JSX.IntrinsicElements' exists.
src/components/AvailabilityWidget.tsx(96,123): error TS7026: JSX element implicitly has type 'any' because no interface 'JSX.IntrinsicElements' exists.
src/components/AvailabilityWidget.tsx(103,13): error TS7026: JSX element implicitly has type 'any' because no interface 'JSX.IntrinsicElements' exists.
src/components/AvailabilityWidget.tsx(104,15): error TS7026: JSX element implicitly has type 'any' because no interface 'JSX.IntrinsicElements' exists.
src/components/AvailabilityWidget.tsx(104,80): error TS7026: JSX element implicitly has type 'any' because no interface 'JSX.IntrinsicElements' exists.
src/components/AvailabilityWidget.tsx(105,15): error TS7026: JSX element implicitly has type 'any' because no interface 'JSX.IntrinsicElements' exists.
src/components/AvailabilityWidget.tsx(105,43): error TS7026: JSX element implicitly has type 'any' because no interface 'JSX.IntrinsicElements' exists.
src/components/AvailabilityWidget.tsx(105,125): error TS7026: JSX element implicitly has type 'any' because no interface 'JSX.IntrinsicElements' exists.
src/components/AvailabilityWidget.tsx(105,134): error TS7026: JSX element implicitly has type 'any' because no interface 'JSX.IntrinsicElements' exists.
src/components/AvailabilityWidget.tsx(106,15): error TS7026: JSX element implicitly has type 'any' because no interface 'JSX.IntrinsicElements' exists.
src/components/AvailabilityWidget.tsx(106,57): error TS7026: JSX element implicitly has type 'any' because no interface 'JSX.IntrinsicElements' exists.
src/components/AvailabilityWidget.tsx(106,138): error TS7026: JSX element implicitly has type 'any' because no interface 'JSX.IntrinsicElements' exists.
src/components/AvailabilityWidget.tsx(106,147): error TS7026: JSX element implicitly has type 'any' because no interface 'JSX.IntrinsicElements' exists.
src/components/AvailabilityWidget.tsx(107,15): error TS7026: JSX element implicitly has type 'any' because no interface 'JSX.IntrinsicElements' exists.
src/components/AvailabilityWidget.tsx(107,43): error TS7026: JSX element implicitly has type 'any' because no interface 'JSX.IntrinsicElements' exists.
src/components/AvailabilityWidget.tsx(107,125): error TS7026: JSX element implicitly has type 'any' because no interface 'JSX.IntrinsicElements' exists.
src/components/AvailabilityWidget.tsx(107,134): error TS7026: JSX element implicitly has type 'any' because no interface 'JSX.IntrinsicElements' exists.
src/components/AvailabilityWidget.tsx(108,15): error TS7026: JSX element implicitly has type 'any' because no interface 'JSX.IntrinsicElements' exists.
src/components/AvailabilityWidget.tsx(108,57): error TS7026: JSX element implicitly has type 'any' because no interface 'JSX.IntrinsicElements' exists.
src/components/AvailabilityWidget.tsx(108,138): error TS7026: JSX element implicitly has type 'any' because no interface 'JSX.IntrinsicElements' exists.
src/components/AvailabilityWidget.tsx(108,147): error TS7026: JSX element implicitly has type 'any' because no interface 'JSX.IntrinsicElements' exists.
src/components/AvailabilityWidget.tsx(109,13): error TS7026: JSX element implicitly has type 'any' because no interface 'JSX.IntrinsicElements' exists.
src/components/AvailabilityWidget.tsx(111,13): error TS7026: JSX element implicitly has type 'any' because no interface 'JSX.IntrinsicElements' exists.
src/components/AvailabilityWidget.tsx(111,159): error TS7026: JSX element implicitly has type 'any' because no interface 'JSX.IntrinsicElements' exists.
src/components/AvailabilityWidget.tsx(120,42): error TS7026: JSX element implicitly has type 'any' because no interface 'JSX.IntrinsicElements' exists.
src/components/AvailabilityWidget.tsx(120,93): error TS7026: JSX element implicitly has type 'any' because no interface 'JSX.IntrinsicElements' exists.
src/components/AvailabilityWidget.tsx(122,5): error TS7026: JSX element implicitly has type 'any' because no interface 'JSX.IntrinsicElements' exists.
src/components/AvailabilityWidget.tsx(124,9): error TS7026: JSX element implicitly has type 'any' because no interface 'JSX.IntrinsicElements' exists.
src/components/AvailabilityWidget.tsx(127,9): error TS7026: JSX element implicitly has type 'any' because no interface 'JSX.IntrinsicElements' exists.
src/components/AvailabilityWidget.tsx(129,7): error TS7026: JSX element implicitly has type 'any' because no interface 'JSX.IntrinsicElements' exists.
src/components/AvailabilityWidget.tsx(130,30): error TS7026: JSX element implicitly has type 'any' because no interface 'JSX.IntrinsicElements' exists.
src/components/AvailabilityWidget.tsx(130,45): error TS7026: JSX element implicitly has type 'any' because no interface 'JSX.IntrinsicElements' exists.
src/components/AvailabilityWidget.tsx(131,7): error TS7026: JSX element implicitly has type 'any' because no interface 'JSX.IntrinsicElements' exists.
src/components/AvailabilityWidget.tsx(132,5): error TS7026: JSX element implicitly has type 'any' because no interface 'JSX.IntrinsicElements' exists.
src/components/AvailabilityWidget.tsx(140,5): error TS7026: JSX element implicitly has type 'any' because no interface 'JSX.IntrinsicElements' exists.
src/components/AvailabilityWidget.tsx(140,112): error TS7006: Parameter 'e' implicitly has an 'any' type.
src/components/AvailabilityWidget.tsx(141,7): error TS7026: JSX element implicitly has type 'any' because no interface 'JSX.IntrinsicElements' exists.
src/components/AvailabilityWidget.tsx(141,90): error TS7006: Parameter 'e' implicitly has an 'any' type.
src/components/AvailabilityWidget.tsx(142,9): error TS7026: JSX element implicitly has type 'any' because no interface 'JSX.IntrinsicElements' exists.
src/components/AvailabilityWidget.tsx(143,11): error TS7026: JSX element implicitly has type 'any' because no interface 'JSX.IntrinsicElements' exists.
src/components/AvailabilityWidget.tsx(143,22): error TS7026: JSX element implicitly has type 'any' because no interface 'JSX.IntrinsicElements' exists.
src/components/AvailabilityWidget.tsx(144,11): error TS7026: JSX element implicitly has type 'any' because no interface 'JSX.IntrinsicElements' exists.
src/components/AvailabilityWidget.tsx(144,79): error TS7026: JSX element implicitly has type 'any' because no interface 'JSX.IntrinsicElements' exists.
src/components/AvailabilityWidget.tsx(145,9): error TS7026: JSX element implicitly has type 'any' because no interface 'JSX.IntrinsicElements' exists.
src/components/AvailabilityWidget.tsx(146,9): error TS7026: JSX element implicitly has type 'any' because no interface 'JSX.IntrinsicElements' exists.
src/components/AvailabilityWidget.tsx(146,24): error TS7026: JSX element implicitly has type 'any' because no interface 'JSX.IntrinsicElements' exists.
src/components/AvailabilityWidget.tsx(147,7): error TS7026: JSX element implicitly has type 'any' because no interface 'JSX.IntrinsicElements' exists.
src/components/AvailabilityWidget.tsx(148,5): error TS7026: JSX element implicitly has type 'any' because no interface 'JSX.IntrinsicElements' exists.
src/components/DashboardTabs.tsx(1,24): error TS2307: Cannot find module 'framer-motion' or its corresponding type declarations.
src/components/DashboardTabs.tsx(13,5): error TS7026: JSX element implicitly has type 'any' because no interface 'JSX.IntrinsicElements' exists.
src/components/DashboardTabs.tsx(13,5): error TS2875: This JSX tag requires the module path 'react/jsx-runtime' to exist, but none could be found. Make sure you have types for the appropriate package installed.
src/components/DashboardTabs.tsx(15,9): error TS7026: JSX element implicitly has type 'any' because no interface 'JSX.IntrinsicElements' exists.
src/components/DashboardTabs.tsx(31,9): error TS7026: JSX element implicitly has type 'any' because no interface 'JSX.IntrinsicElements' exists.
src/components/DashboardTabs.tsx(33,5): error TS7026: JSX element implicitly has type 'any' because no interface 'JSX.IntrinsicElements' exists.
src/components/DetailWindow.tsx(1,46): error TS2307: Cannot find module 'react' or its corresponding type declarations.
src/components/DetailWindow.tsx(2,30): error TS2307: Cannot find module 'react-dom' or its corresponding type declarations.
src/components/DetailWindow.tsx(3,49): error TS2307: Cannot find module 'lucide-react' or its corresponding type declarations.
src/components/DetailWindow.tsx(68,32): error TS7006: Parameter 'r' implicitly has an 'any' type.
src/components/DetailWindow.tsx(78,21): error TS7006: Parameter 'r' implicitly has an 'any' type.
src/components/DetailWindow.tsx(91,36): error TS7006: Parameter 'r' implicitly has an 'any' type.
src/components/DetailWindow.tsx(114,5): error TS7026: JSX element implicitly has type 'any' because no interface 'JSX.IntrinsicElements' exists.
src/components/DetailWindow.tsx(114,5): error TS2875: This JSX tag requires the module path 'react/jsx-runtime' to exist, but none could be found. Make sure you have types for the appropriate package installed.
src/components/DetailWindow.tsx(114,111): error TS7006: Parameter 'e' implicitly has an 'any' type.
src/components/DetailWindow.tsx(115,7): error TS7026: JSX element implicitly has type 'any' because no interface 'JSX.IntrinsicElements' exists.
src/components/DetailWindow.tsx(115,89): error TS7006: Parameter 'e' implicitly has an 'any' type.
src/components/DetailWindow.tsx(116,9): error TS7026: JSX element implicitly has type 'any' because no interface 'JSX.IntrinsicElements' exists.
src/components/DetailWindow.tsx(117,11): error TS7026: JSX element implicitly has type 'any' because no interface 'JSX.IntrinsicElements' exists.
src/components/DetailWindow.tsx(117,22): error TS7026: JSX element implicitly has type 'any' because no interface 'JSX.IntrinsicElements' exists.
src/components/DetailWindow.tsx(118,11): error TS7026: JSX element implicitly has type 'any' because no interface 'JSX.IntrinsicElements' exists.
src/components/DetailWindow.tsx(118,79): error TS7026: JSX element implicitly has type 'any' because no interface 'JSX.IntrinsicElements' exists.
src/components/DetailWindow.tsx(119,9): error TS7026: JSX element implicitly has type 'any' because no interface 'JSX.IntrinsicElements' exists.
src/components/DetailWindow.tsx(120,9): error TS7026: JSX element implicitly has type 'any' because no interface 'JSX.IntrinsicElements' exists.
src/components/DetailWindow.tsx(125,22): error TS7006: Parameter 'e' implicitly has an 'any' type.
src/components/DetailWindow.tsx(131,9): error TS7026: JSX element implicitly has type 'any' because no interface 'JSX.IntrinsicElements' exists.
src/components/DetailWindow.tsx(134,9): error TS7026: JSX element implicitly has type 'any' because no interface 'JSX.IntrinsicElements' exists.
src/components/DetailWindow.tsx(135,7): error TS7026: JSX element implicitly has type 'any' because no interface 'JSX.IntrinsicElements' exists.
src/components/DetailWindow.tsx(138,9): error TS7026: JSX element implicitly has type 'any' because no interface 'JSX.IntrinsicElements' exists.
src/components/DetailWindow.tsx(138,62): error TS7026: JSX element implicitly has type 'any' because no interface 'JSX.IntrinsicElements' exists.
src/components/DetailWindow.tsx(153,22): error TS7006: Parameter 'e' implicitly has an 'any' type.
src/components/DetailWindow.tsx(156,68): error TS7006: Parameter 'n' implicitly has an 'any' type.
src/components/DetailWindow.tsx(167,15): error TS7026: JSX element implicitly has type 'any' because no interface 'JSX.IntrinsicElements' exists.
src/components/DetailWindow.tsx(173,15): error TS7026: JSX element implicitly has type 'any' because no interface 'JSX.IntrinsicElements' exists.
src/components/DetailWindow.tsx(177,17): error TS7026: JSX element implicitly has type 'any' because no interface 'JSX.IntrinsicElements' exists.
src/components/DetailWindow.tsx(177,21): error TS7026: JSX element implicitly has type 'any' because no interface 'JSX.IntrinsicElements' exists.
src/components/DetailWindow.tsx(177,107): error TS7026: JSX element implicitly has type 'any' because no interface 'JSX.IntrinsicElements' exists.
src/components/DetailWindow.tsx(177,112): error TS7026: JSX element implicitly has type 'any' because no interface 'JSX.IntrinsicElements' exists.
src/components/DetailWindow.tsx(179,53): error TS7006: Parameter 'r' implicitly has an 'any' type.
src/components/DetailWindow.tsx(179,56): error TS7006: Parameter 'i' implicitly has an 'any' type.
src/components/DetailWindow.tsx(180,17): error TS7026: JSX element implicitly has type 'any' because no interface 'JSX.IntrinsicElements' exists.
src/components/DetailWindow.tsx(182,17): error TS7026: JSX element implicitly has type 'any' because no interface 'JSX.IntrinsicElements' exists.
src/components/DetailWindow.tsx(190,9): error TS7026: JSX element implicitly has type 'any' because no interface 'JSX.IntrinsicElements' exists.
src/components/DetailWindow.tsx(191,11): error TS7026: JSX element implicitly has type 'any' because no interface 'JSX.IntrinsicElements' exists.
src/components/DetailWindow.tsx(193,11): error TS7026: JSX element implicitly has type 'any' because no interface 'JSX.IntrinsicElements' exists.
src/components/DetailWindow.tsx(194,9): error TS7026: JSX element implicitly has type 'any' because no interface 'JSX.IntrinsicElements' exists.
src/components/DetailWindow.tsx(196,7): error TS7026: JSX element implicitly has type 'any' because no interface 'JSX.IntrinsicElements' exists.
src/components/DetailWindow.tsx(197,5): error TS7026: JSX element implicitly has type 'any' because no interface 'JSX.IntrinsicElements' exists.
src/components/DriverSlicerBar.tsx(1,71): error TS2307: Cannot find module 'react' or its corresponding type declarations.
src/components/DriverSlicerBar.tsx(2,54): error TS2307: Cannot find module 'lucide-react' or its corresponding type declarations.
src/components/DriverSlicerBar.tsx(140,5): error TS7026: JSX element implicitly has type 'any' because no interface 'JSX.IntrinsicElements' exists.
src/components/DriverSlicerBar.tsx(140,5): error TS2875: This JSX tag requires the module path 'react/jsx-runtime' to exist, but none could be found. Make sure you have types for the appropriate package installed.
src/components/DriverSlicerBar.tsx(148,7): error TS7026: JSX element implicitly has type 'any' because no interface 'JSX.IntrinsicElements' exists.
src/components/DriverSlicerBar.tsx(149,9): error TS7026: JSX element implicitly has type 'any' because no interface 'JSX.IntrinsicElements' exists.
src/components/DriverSlicerBar.tsx(152,9): error TS7026: JSX element implicitly has type 'any' because no interface 'JSX.IntrinsicElements' exists.
src/components/DriverSlicerBar.tsx(158,11): error TS7026: JSX element implicitly has type 'any' because no interface 'JSX.IntrinsicElements' exists.
src/components/DriverSlicerBar.tsx(160,13): error TS7026: JSX element implicitly has type 'any' because no interface 'JSX.IntrinsicElements' exists.
src/components/DriverSlicerBar.tsx(163,26): error TS7006: Parameter 'e' implicitly has an 'any' type.
src/components/DriverSlicerBar.tsx(167,11): error TS7026: JSX element implicitly has type 'any' because no interface 'JSX.IntrinsicElements' exists.
src/components/DriverSlicerBar.tsx(170,9): error TS7026: JSX element implicitly has type 'any' because no interface 'JSX.IntrinsicElements' exists.
src/components/DriverSlicerBar.tsx(181,9): error TS7026: JSX element implicitly has type 'any' because no interface 'JSX.IntrinsicElements' exists.
src/components/DriverSlicerBar.tsx(184,11): error TS7026: JSX element implicitly has type 'any' because no interface 'JSX.IntrinsicElements' exists.
src/components/DriverSlicerBar.tsx(190,11): error TS7026: JSX element implicitly has type 'any' because no interface 'JSX.IntrinsicElements' exists.
src/components/DriverSlicerBar.tsx(192,7): error TS7026: JSX element implicitly has type 'any' because no interface 'JSX.IntrinsicElements' exists.
src/components/DriverSlicerBar.tsx(200,7): error TS7026: JSX element implicitly has type 'any' because no interface 'JSX.IntrinsicElements' exists.
src/components/DriverSlicerBar.tsx(206,11): error TS7026: JSX element implicitly has type 'any' because no interface 'JSX.IntrinsicElements' exists.
src/components/DriverSlicerBar.tsx(208,11): error TS7026: JSX element implicitly has type 'any' because no interface 'JSX.IntrinsicElements' exists.
src/components/DriverSlicerBar.tsx(211,30): error TS7006: Parameter 'opt' implicitly has an 'any' type.
src/components/DriverSlicerBar.tsx(214,13): error TS7026: JSX element implicitly has type 'any' because no interface 'JSX.IntrinsicElements' exists.
src/components/DriverSlicerBar.tsx(226,13): error TS7026: JSX element implicitly has type 'any' because no interface 'JSX.IntrinsicElements' exists.
src/components/DriverSlicerBar.tsx(229,7): error TS7026: JSX element implicitly has type 'any' because no interface 'JSX.IntrinsicElements' exists.
src/components/DriverSlicerBar.tsx(232,9): error TS7026: JSX element implicitly has type 'any' because no interface 'JSX.IntrinsicElements' exists.
src/components/DriverSlicerBar.tsx(234,39): error TS7006: Parameter 'e' implicitly has an 'any' type.
src/components/DriverSlicerBar.tsx(242,9): error TS7026: JSX element implicitly has type 'any' because no interface 'JSX.IntrinsicElements' exists.
src/components/DriverSlicerBar.tsx(244,5): error TS7026: JSX element implicitly has type 'any' because no interface 'JSX.IntrinsicElements' exists.
src/components/ExportStatus.tsx(1,61): error TS2307: Cannot find module 'lucide-react' or its corresponding type declarations.
src/components/ExportStatus.tsx(8,5): error TS7026: JSX element implicitly has type 'any' because no interface 'JSX.IntrinsicElements' exists.
src/components/ExportStatus.tsx(8,5): error TS2875: This JSX tag requires the module path 'react/jsx-runtime' to exist, but none could be found. Make sure you have types for the appropriate package installed.
src/components/ExportStatus.tsx(9,7): error TS7026: JSX element implicitly has type 'any' because no interface 'JSX.IntrinsicElements' exists.
src/components/ExportStatus.tsx(11,9): error TS7026: JSX element implicitly has type 'any' because no interface 'JSX.IntrinsicElements' exists.
src/components/ExportStatus.tsx(12,11): error TS7026: JSX element implicitly has type 'any' because no interface 'JSX.IntrinsicElements' exists.
src/components/ExportStatus.tsx(12,73): error TS7026: JSX element implicitly has type 'any' because no interface 'JSX.IntrinsicElements' exists.
src/components/ExportStatus.tsx(13,26): error TS7026: JSX element implicitly has type 'any' because no interface 'JSX.IntrinsicElements' exists.
src/components/ExportStatus.tsx(13,129): error TS7026: JSX element implicitly has type 'any' because no interface 'JSX.IntrinsicElements' exists.
src/components/ExportStatus.tsx(14,9): error TS7026: JSX element implicitly has type 'any' because no interface 'JSX.IntrinsicElements' exists.
src/components/ExportStatus.tsx(15,9): error TS7026: JSX element implicitly has type 'any' because no interface 'JSX.IntrinsicElements' exists.
src/components/ExportStatus.tsx(15,75): error TS7026: JSX element implicitly has type 'any' because no interface 'JSX.IntrinsicElements' exists.
src/components/ExportStatus.tsx(17,11): error TS7026: JSX element implicitly has type 'any' because no interface 'JSX.IntrinsicElements' exists.
src/components/ExportStatus.tsx(19,11): error TS7026: JSX element implicitly has type 'any' because no interface 'JSX.IntrinsicElements' exists.
src/components/ExportStatus.tsx(21,7): error TS7026: JSX element implicitly has type 'any' because no interface 'JSX.IntrinsicElements' exists.
src/components/ExportStatus.tsx(22,7): error TS7026: JSX element implicitly has type 'any' because no interface 'JSX.IntrinsicElements' exists.
src/components/ExportStatus.tsx(23,9): error TS7026: JSX element implicitly has type 'any' because no interface 'JSX.IntrinsicElements' exists.
src/components/ExportStatus.tsx(24,7): error TS7026: JSX element implicitly has type 'any' because no interface 'JSX.IntrinsicElements' exists.
src/components/ExportStatus.tsx(25,5): error TS7026: JSX element implicitly has type 'any' because no interface 'JSX.IntrinsicElements' exists.
src/components/FloatingAiWidget.tsx(1,56): error TS2307: Cannot find module 'react' or its corresponding type declarations.
src/components/FloatingAiWidget.tsx(2,20): error TS2307: Cannot find module '@splinetool/react-spline' or its corresponding type declarations.
src/components/FloatingAiWidget.tsx(3,29): error TS2307: Cannot find module 'react-router-dom' or its corresponding type declarations.
src/components/FloatingAiWidget.tsx(202,5): error TS7026: JSX element implicitly has type 'any' because no interface 'JSX.IntrinsicElements' exists.
src/components/FloatingAiWidget.tsx(202,5): error TS2875: This JSX tag requires the module path 'react/jsx-runtime' to exist, but none could be found. Make sure you have types for the appropriate package installed.
src/components/FloatingAiWidget.tsx(213,9): error TS7026: JSX element implicitly has type 'any' because no interface 'JSX.IntrinsicElements' exists.
src/components/FloatingAiWidget.tsx(214,11): error TS7026: JSX element implicitly has type 'any' because no interface 'JSX.IntrinsicElements' exists.
src/components/FloatingAiWidget.tsx(215,9): error TS7026: JSX element implicitly has type 'any' because no interface 'JSX.IntrinsicElements' exists.
src/components/FloatingAiWidget.tsx(217,5): error TS7026: JSX element implicitly has type 'any' because no interface 'JSX.IntrinsicElements' exists.
src/components/FloatingAiWidget.tsx(225,5): error TS7026: JSX element implicitly has type 'any' because no interface 'JSX.IntrinsicElements' exists.
src/components/FloatingAiWidget.tsx(230,7): error TS7026: JSX element implicitly has type 'any' because no interface 'JSX.IntrinsicElements' exists.
src/components/FloatingAiWidget.tsx(231,7): error TS7026: JSX element implicitly has type 'any' because no interface 'JSX.IntrinsicElements' exists.
src/components/FloatingAiWidget.tsx(232,7): error TS7026: JSX element implicitly has type 'any' because no interface 'JSX.IntrinsicElements' exists.
src/components/FloatingAiWidget.tsx(233,7): error TS7026: JSX element implicitly has type 'any' because no interface 'JSX.IntrinsicElements' exists.
src/components/FloatingAiWidget.tsx(234,7): error TS7026: JSX element implicitly has type 'any' because no interface 'JSX.IntrinsicElements' exists.
src/components/FloatingAiWidget.tsx(235,9): error TS7026: JSX element implicitly has type 'any' because no interface 'JSX.IntrinsicElements' exists.
src/components/FloatingAiWidget.tsx(236,9): error TS7026: JSX element implicitly has type 'any' because no interface 'JSX.IntrinsicElements' exists.
src/components/FloatingAiWidget.tsx(237,9): error TS7026: JSX element implicitly has type 'any' because no interface 'JSX.IntrinsicElements' exists.
src/components/FloatingAiWidget.tsx(238,9): error TS7026: JSX element implicitly has type 'any' because no interface 'JSX.IntrinsicElements' exists.
src/components/FloatingAiWidget.tsx(239,9): error TS7026: JSX element implicitly has type 'any' because no interface 'JSX.IntrinsicElements' exists.
src/components/FloatingAiWidget.tsx(240,9): error TS7026: JSX element implicitly has type 'any' because no interface 'JSX.IntrinsicElements' exists.
src/components/FloatingAiWidget.tsx(241,9): error TS7026: JSX element implicitly has type 'any' because no interface 'JSX.IntrinsicElements' exists.
src/components/FloatingAiWidget.tsx(242,9): error TS7026: JSX element implicitly has type 'any' because no interface 'JSX.IntrinsicElements' exists.
src/components/FloatingAiWidget.tsx(243,7): error TS7026: JSX element implicitly has type 'any' because no interface 'JSX.IntrinsicElements' exists.
src/components/FloatingAiWidget.tsx(244,7): error TS7026: JSX element implicitly has type 'any' because no interface 'JSX.IntrinsicElements' exists.
src/components/FloatingAiWidget.tsx(245,5): error TS7026: JSX element implicitly has type 'any' because no interface 'JSX.IntrinsicElements' exists.
src/components/FloatingAiWidget.tsx(286,35): error TS7006: Parameter 'm' implicitly has an 'any' type.
src/components/FloatingAiWidget.tsx(287,18): error TS7006: Parameter 'm' implicitly has an 'any' type.
src/components/FloatingAiWidget.tsx(292,20): error TS7006: Parameter 'm' implicitly has an 'any' type.
src/components/FloatingAiWidget.tsx(307,20): error TS7006: Parameter 'm' implicitly has an 'any' type.
src/components/FloatingAiWidget.tsx(307,33): error TS7006: Parameter 'msg' implicitly has an 'any' type.
src/components/FloatingAiWidget.tsx(307,38): error TS7006: Parameter 'i' implicitly has an 'any' type.
src/components/FloatingAiWidget.tsx(311,20): error TS7006: Parameter 'm' implicitly has an 'any' type.
src/components/FloatingAiWidget.tsx(311,33): error TS7006: Parameter 'msg' implicitly has an 'any' type.
src/components/FloatingAiWidget.tsx(311,38): error TS7006: Parameter 'i' implicitly has an 'any' type.
src/components/FloatingAiWidget.tsx(321,18): error TS7006: Parameter 'm' implicitly has an 'any' type.
src/components/FloatingAiWidget.tsx(321,31): error TS7006: Parameter 'msg' implicitly has an 'any' type.
src/components/FloatingAiWidget.tsx(321,36): error TS7006: Parameter 'i' implicitly has an 'any' type.
src/components/FloatingAiWidget.tsx(325,5): error TS7026: JSX element implicitly has type 'any' because no interface 'JSX.IntrinsicElements' exists.
src/components/FloatingAiWidget.tsx(327,9): error TS7026: JSX element implicitly has type 'any' because no interface 'JSX.IntrinsicElements' exists.
src/components/FloatingAiWidget.tsx(335,11): error TS7026: JSX element implicitly has type 'any' because no interface 'JSX.IntrinsicElements' exists.
src/components/FloatingAiWidget.tsx(336,13): error TS7026: JSX element implicitly has type 'any' because no interface 'JSX.IntrinsicElements' exists.
src/components/FloatingAiWidget.tsx(338,13): error TS7026: JSX element implicitly has type 'any' because no interface 'JSX.IntrinsicElements' exists.
src/components/FloatingAiWidget.tsx(339,13): error TS7026: JSX element implicitly has type 'any' because no interface 'JSX.IntrinsicElements' exists.
src/components/FloatingAiWidget.tsx(339,156): error TS7026: JSX element implicitly has type 'any' because no interface 'JSX.IntrinsicElements' exists.
src/components/FloatingAiWidget.tsx(340,11): error TS7026: JSX element implicitly has type 'any' because no interface 'JSX.IntrinsicElements' exists.
src/components/FloatingAiWidget.tsx(342,11): error TS7026: JSX element implicitly has type 'any' because no interface 'JSX.IntrinsicElements' exists.
src/components/FloatingAiWidget.tsx(344,15): error TS7026: JSX element implicitly has type 'any' because no interface 'JSX.IntrinsicElements' exists.
src/components/FloatingAiWidget.tsx(346,17): error TS7026: JSX element implicitly has type 'any' because no interface 'JSX.IntrinsicElements' exists.
src/components/FloatingAiWidget.tsx(348,17): error TS7026: JSX element implicitly has type 'any' because no interface 'JSX.IntrinsicElements' exists.
src/components/FloatingAiWidget.tsx(349,15): error TS7026: JSX element implicitly has type 'any' because no interface 'JSX.IntrinsicElements' exists.
src/components/FloatingAiWidget.tsx(351,28): error TS7006: Parameter 'm' implicitly has an 'any' type.
src/components/FloatingAiWidget.tsx(351,31): error TS7006: Parameter 'i' implicitly has an 'any' type.
src/components/FloatingAiWidget.tsx(352,15): error TS7026: JSX element implicitly has type 'any' because no interface 'JSX.IntrinsicElements' exists.
src/components/FloatingAiWidget.tsx(354,17): error TS7026: JSX element implicitly has type 'any' because no interface 'JSX.IntrinsicElements' exists.
src/components/FloatingAiWidget.tsx(355,19): error TS7026: JSX element implicitly has type 'any' because no interface 'JSX.IntrinsicElements' exists.
src/components/FloatingAiWidget.tsx(361,19): error TS7026: JSX element implicitly has type 'any' because no interface 'JSX.IntrinsicElements' exists.
src/components/FloatingAiWidget.tsx(363,21): error TS7026: JSX element implicitly has type 'any' because no interface 'JSX.IntrinsicElements' exists.
src/components/FloatingAiWidget.tsx(363,180): error TS7026: JSX element implicitly has type 'any' because no interface 'JSX.IntrinsicElements' exists.
src/components/FloatingAiWidget.tsx(367,21): error TS7026: JSX element implicitly has type 'any' because no interface 'JSX.IntrinsicElements' exists.
src/components/FloatingAiWidget.tsx(368,23): error TS7026: JSX element implicitly has type 'any' because no interface 'JSX.IntrinsicElements' exists.
src/components/FloatingAiWidget.tsx(368,126): error TS7026: JSX element implicitly has type 'any' because no interface 'JSX.IntrinsicElements' exists.
src/components/FloatingAiWidget.tsx(369,23): error TS7026: JSX element implicitly has type 'any' because no interface 'JSX.IntrinsicElements' exists.
src/components/FloatingAiWidget.tsx(371,23): error TS7026: JSX element implicitly has type 'any' because no interface 'JSX.IntrinsicElements' exists.
src/components/FloatingAiWidget.tsx(372,23): error TS7026: JSX element implicitly has type 'any' because no interface 'JSX.IntrinsicElements' exists.
src/components/FloatingAiWidget.tsx(374,23): error TS7026: JSX element implicitly has type 'any' because no interface 'JSX.IntrinsicElements' exists.
src/components/FloatingAiWidget.tsx(375,23): error TS7026: JSX element implicitly has type 'any' because no interface 'JSX.IntrinsicElements' exists.
src/components/FloatingAiWidget.tsx(376,25): error TS7026: JSX element implicitly has type 'any' because no interface 'JSX.IntrinsicElements' exists.
src/components/FloatingAiWidget.tsx(376,133): error TS7026: JSX element implicitly has type 'any' because no interface 'JSX.IntrinsicElements' exists.
src/components/FloatingAiWidget.tsx(377,25): error TS7026: JSX element implicitly has type 'any' because no interface 'JSX.IntrinsicElements' exists.
src/components/FloatingAiWidget.tsx(377,81): error TS7006: Parameter 'e' implicitly has an 'any' type.
src/components/FloatingAiWidget.tsx(378,23): error TS7026: JSX element implicitly has type 'any' because no interface 'JSX.IntrinsicElements' exists.
src/components/FloatingAiWidget.tsx(379,23): error TS7026: JSX element implicitly has type 'any' because no interface 'JSX.IntrinsicElements' exists.
src/components/FloatingAiWidget.tsx(380,25): error TS7026: JSX element implicitly has type 'any' because no interface 'JSX.IntrinsicElements' exists.
src/components/FloatingAiWidget.tsx(382,25): error TS7026: JSX element implicitly has type 'any' because no interface 'JSX.IntrinsicElements' exists.
src/components/FloatingAiWidget.tsx(383,25): error TS7026: JSX element implicitly has type 'any' because no interface 'JSX.IntrinsicElements' exists.
src/components/FloatingAiWidget.tsx(385,25): error TS7026: JSX element implicitly has type 'any' because no interface 'JSX.IntrinsicElements' exists.
src/components/FloatingAiWidget.tsx(386,23): error TS7026: JSX element implicitly has type 'any' because no interface 'JSX.IntrinsicElements' exists.
src/components/FloatingAiWidget.tsx(387,21): error TS7026: JSX element implicitly has type 'any' because no interface 'JSX.IntrinsicElements' exists.
src/components/FloatingAiWidget.tsx(389,38): error TS7026: JSX element implicitly has type 'any' because no interface 'JSX.IntrinsicElements' exists.
src/components/FloatingAiWidget.tsx(389,121): error TS7026: JSX element implicitly has type 'any' because no interface 'JSX.IntrinsicElements' exists.
src/components/FloatingAiWidget.tsx(390,17): error TS7026: JSX element implicitly has type 'any' because no interface 'JSX.IntrinsicElements' exists.
src/components/FloatingAiWidget.tsx(391,15): error TS7026: JSX element implicitly has type 'any' because no interface 'JSX.IntrinsicElements' exists.
src/components/FloatingAiWidget.tsx(394,15): error TS7026: JSX element implicitly has type 'any' because no interface 'JSX.IntrinsicElements' exists.
src/components/FloatingAiWidget.tsx(396,17): error TS7026: JSX element implicitly has type 'any' because no interface 'JSX.IntrinsicElements' exists.
src/components/FloatingAiWidget.tsx(397,19): error TS7026: JSX element implicitly has type 'any' because no interface 'JSX.IntrinsicElements' exists.
src/components/FloatingAiWidget.tsx(397,54): error TS7026: JSX element implicitly has type 'any' because no interface 'JSX.IntrinsicElements' exists.
src/components/FloatingAiWidget.tsx(397,57): error TS7026: JSX element implicitly has type 'any' because no interface 'JSX.IntrinsicElements' exists.
src/components/FloatingAiWidget.tsx(397,61): error TS7026: JSX element implicitly has type 'any' because no interface 'JSX.IntrinsicElements' exists.
src/components/FloatingAiWidget.tsx(397,64): error TS7026: JSX element implicitly has type 'any' because no interface 'JSX.IntrinsicElements' exists.
src/components/FloatingAiWidget.tsx(397,68): error TS7026: JSX element implicitly has type 'any' because no interface 'JSX.IntrinsicElements' exists.
src/components/FloatingAiWidget.tsx(397,71): error TS7026: JSX element implicitly has type 'any' because no interface 'JSX.IntrinsicElements' exists.
src/components/FloatingAiWidget.tsx(397,75): error TS7026: JSX element implicitly has type 'any' because no interface 'JSX.IntrinsicElements' exists.
src/components/FloatingAiWidget.tsx(398,17): error TS7026: JSX element implicitly has type 'any' because no interface 'JSX.IntrinsicElements' exists.
src/components/FloatingAiWidget.tsx(399,15): error TS7026: JSX element implicitly has type 'any' because no interface 'JSX.IntrinsicElements' exists.
src/components/FloatingAiWidget.tsx(401,23): error TS7026: JSX element implicitly has type 'any' because no interface 'JSX.IntrinsicElements' exists.
src/components/FloatingAiWidget.tsx(401,83): error TS7026: JSX element implicitly has type 'any' because no interface 'JSX.IntrinsicElements' exists.
src/components/FloatingAiWidget.tsx(402,13): error TS7026: JSX element implicitly has type 'any' because no interface 'JSX.IntrinsicElements' exists.
src/components/FloatingAiWidget.tsx(403,11): error TS7026: JSX element implicitly has type 'any' because no interface 'JSX.IntrinsicElements' exists.
src/components/FloatingAiWidget.tsx(405,11): error TS7026: JSX element implicitly has type 'any' because no interface 'JSX.IntrinsicElements' exists.
src/components/FloatingAiWidget.tsx(406,13): error TS7026: JSX element implicitly has type 'any' because no interface 'JSX.IntrinsicElements' exists.
src/components/FloatingAiWidget.tsx(409,26): error TS7006: Parameter 'e' implicitly has an 'any' type.
src/components/FloatingAiWidget.tsx(414,13): error TS7026: JSX element implicitly has type 'any' because no interface 'JSX.IntrinsicElements' exists.
src/components/FloatingAiWidget.tsx(416,13): error TS7026: JSX element implicitly has type 'any' because no interface 'JSX.IntrinsicElements' exists.
src/components/FloatingAiWidget.tsx(417,11): error TS7026: JSX element implicitly has type 'any' because no interface 'JSX.IntrinsicElements' exists.
src/components/FloatingAiWidget.tsx(418,9): error TS7026: JSX element implicitly has type 'any' because no interface 'JSX.IntrinsicElements' exists.
src/components/FloatingAiWidget.tsx(421,7): error TS7026: JSX element implicitly has type 'any' because no interface 'JSX.IntrinsicElements' exists.
src/components/FloatingAiWidget.tsx(426,11): error TS7026: JSX element implicitly has type 'any' because no interface 'JSX.IntrinsicElements' exists.
src/components/FloatingAiWidget.tsx(430,11): error TS7026: JSX element implicitly has type 'any' because no interface 'JSX.IntrinsicElements' exists.
src/components/FloatingAiWidget.tsx(432,9): error TS7026: JSX element implicitly has type 'any' because no interface 'JSX.IntrinsicElements' exists.
src/components/FloatingAiWidget.tsx(433,9): error TS7026: JSX element implicitly has type 'any' because no interface 'JSX.IntrinsicElements' exists.
src/components/FloatingAiWidget.tsx(435,9): error TS7026: JSX element implicitly has type 'any' because no interface 'JSX.IntrinsicElements' exists.
src/components/FloatingAiWidget.tsx(436,9): error TS7026: JSX element implicitly has type 'any' because no interface 'JSX.IntrinsicElements' exists.
src/components/FloatingAiWidget.tsx(444,35): error TS7006: Parameter 'o' implicitly has an 'any' type.
src/components/FloatingAiWidget.tsx(445,23): error TS7006: Parameter 'e' implicitly has an 'any' type.
src/components/FloatingAiWidget.tsx(445,102): error TS7006: Parameter 'o' implicitly has an 'any' type.
src/components/FloatingAiWidget.tsx(447,7): error TS7026: JSX element implicitly has type 'any' because no interface 'JSX.IntrinsicElements' exists.
src/components/FloatingAiWidget.tsx(448,5): error TS7026: JSX element implicitly has type 'any' because no interface 'JSX.IntrinsicElements' exists.
src/components/Modal.tsx(1,27): error TS2307: Cannot find module 'react' or its corresponding type declarations.
src/components/Modal.tsx(23,5): error TS2875: This JSX tag requires the module path 'react/jsx-runtime' to exist, but none could be found. Make sure you have types for the appropriate package installed.
src/components/MultiSelectSlicer.tsx(1,45): error TS2307: Cannot find module 'react' or its corresponding type declarations.
src/components/MultiSelectSlicer.tsx(2,30): error TS2307: Cannot find module 'react-dom' or its corresponding type declarations.
src/components/MultiSelectSlicer.tsx(3,32): error TS2307: Cannot find module 'lucide-react' or its corresponding type declarations.
src/components/MultiSelectSlicer.tsx(4,41): error TS2307: Cannot find module 'framer-motion' or its corresponding type declarations.
src/components/MultiSelectSlicer.tsx(7,33): error TS2307: Cannot find module 'lucide-react' or its corresponding type declarations.
src/components/MultiSelectSlicer.tsx(84,14): error TS7006: Parameter 'o' implicitly has an 'any' type.
src/components/MultiSelectSlicer.tsx(92,5): error TS7026: JSX element implicitly has type 'any' because no interface 'JSX.IntrinsicElements' exists.
src/components/MultiSelectSlicer.tsx(92,5): error TS2875: This JSX tag requires the module path 'react/jsx-runtime' to exist, but none could be found. Make sure you have types for the appropriate package installed.
src/components/MultiSelectSlicer.tsx(93,7): error TS7026: JSX element implicitly has type 'any' because no interface 'JSX.IntrinsicElements' exists.
src/components/MultiSelectSlicer.tsx(105,7): error TS7026: JSX element implicitly has type 'any' because no interface 'JSX.IntrinsicElements' exists.
src/components/MultiSelectSlicer.tsx(124,15): error TS7026: JSX element implicitly has type 'any' because no interface 'JSX.IntrinsicElements' exists.
src/components/MultiSelectSlicer.tsx(125,17): error TS7026: JSX element implicitly has type 'any' because no interface 'JSX.IntrinsicElements' exists.
src/components/MultiSelectSlicer.tsx(125,133): error TS7026: JSX element implicitly has type 'any' because no interface 'JSX.IntrinsicElements' exists.
src/components/MultiSelectSlicer.tsx(127,19): error TS7026: JSX element implicitly has type 'any' because no interface 'JSX.IntrinsicElements' exists.
src/components/MultiSelectSlicer.tsx(133,19): error TS7026: JSX element implicitly has type 'any' because no interface 'JSX.IntrinsicElements' exists.
src/components/MultiSelectSlicer.tsx(135,15): error TS7026: JSX element implicitly has type 'any' because no interface 'JSX.IntrinsicElements' exists.
src/components/MultiSelectSlicer.tsx(136,40): error TS7026: JSX element implicitly has type 'any' because no interface 'JSX.IntrinsicElements' exists.
src/components/MultiSelectSlicer.tsx(136,93): error TS7026: JSX element implicitly has type 'any' because no interface 'JSX.IntrinsicElements' exists.
src/components/MultiSelectSlicer.tsx(143,19): error TS7026: JSX element implicitly has type 'any' because no interface 'JSX.IntrinsicElements' exists.
src/components/MultiSelectSlicer.tsx(144,21): error TS7026: JSX element implicitly has type 'any' because no interface 'JSX.IntrinsicElements' exists.
src/components/MultiSelectSlicer.tsx(147,19): error TS7026: JSX element implicitly has type 'any' because no interface 'JSX.IntrinsicElements' exists.
src/components/MultiSelectSlicer.tsx(155,5): error TS7026: JSX element implicitly has type 'any' because no interface 'JSX.IntrinsicElements' exists.
src/components/OccGridCard.tsx(31,56): error TS2307: Cannot find module 'react' or its corresponding type declarations.
src/components/OccGridCard.tsx(32,41): error TS2307: Cannot find module 'framer-motion' or its corresponding type declarations.
src/components/OccGridCard.tsx(36,8): error TS2307: Cannot find module 'lucide-react' or its corresponding type declarations.
src/components/OccGridCard.tsx(61,5): error TS7026: JSX element implicitly has type 'any' because no interface 'JSX.IntrinsicElements' exists.
src/components/OccGridCard.tsx(61,5): error TS2875: This JSX tag requires the module path 'react/jsx-runtime' to exist, but none could be found. Make sure you have types for the appropriate package installed.
src/components/OccGridCard.tsx(63,21): error TS7006: Parameter 'e' implicitly has an 'any' type.
src/components/OccGridCard.tsx(71,5): error TS7026: JSX element implicitly has type 'any' because no interface 'JSX.IntrinsicElements' exists.
src/components/OccGridCard.tsx(117,50): error TS7006: Parameter 't' implicitly has an 'any' type.
src/components/OccGridCard.tsx(143,5): error TS7026: JSX element implicitly has type 'any' because no interface 'JSX.IntrinsicElements' exists.
src/components/OccGridCard.tsx(145,21): error TS7006: Parameter 'e' implicitly has an 'any' type.
src/components/OccGridCard.tsx(156,9): error TS7026: JSX element implicitly has type 'any' because no interface 'JSX.IntrinsicElements' exists.
src/components/OccGridCard.tsx(163,11): error TS7026: JSX element implicitly has type 'any' because no interface 'JSX.IntrinsicElements' exists.
src/components/OccGridCard.tsx(165,24): error TS7006: Parameter 'e' implicitly has an 'any' type.
src/components/OccGridCard.tsx(166,27): error TS7006: Parameter 'e' implicitly has an 'any' type.
src/components/OccGridCard.tsx(169,11): error TS7026: JSX element implicitly has type 'any' because no interface 'JSX.IntrinsicElements' exists.
src/components/OccGridCard.tsx(172,24): error TS7006: Parameter 'e' implicitly has an 'any' type.
src/components/OccGridCard.tsx(173,27): error TS7006: Parameter 'e' implicitly has an 'any' type.
src/components/OccGridCard.tsx(186,69): error TS7006: Parameter 's' implicitly has an 'any' type.
src/components/OccGridCard.tsx(198,9): error TS7026: JSX element implicitly has type 'any' because no interface 'JSX.IntrinsicElements' exists.
src/components/OccGridCard.tsx(200,9): error TS7026: JSX element implicitly has type 'any' because no interface 'JSX.IntrinsicElements' exists.
src/components/OccGridCard.tsx(206,9): error TS7026: JSX element implicitly has type 'any' because no interface 'JSX.IntrinsicElements' exists.
src/components/OccGridCard.tsx(213,27): error TS7006: Parameter 'e' implicitly has an 'any' type.
src/components/OccGridCard.tsx(221,13): error TS7026: JSX element implicitly has type 'any' because no interface 'JSX.IntrinsicElements' exists.
src/components/OccGridCard.tsx(222,15): error TS7026: JSX element implicitly has type 'any' because no interface 'JSX.IntrinsicElements' exists.
src/components/OccGridCard.tsx(222,72): error TS7006: Parameter 'e' implicitly has an 'any' type.
src/components/OccGridCard.tsx(223,13): error TS7026: JSX element implicitly has type 'any' because no interface 'JSX.IntrinsicElements' exists.
src/components/OccGridCard.tsx(224,13): error TS7026: JSX element implicitly has type 'any' because no interface 'JSX.IntrinsicElements' exists.
src/components/OccGridCard.tsx(225,15): error TS7026: JSX element implicitly has type 'any' because no interface 'JSX.IntrinsicElements' exists.
src/components/OccGridCard.tsx(225,73): error TS7006: Parameter 'e' implicitly has an 'any' type.
src/components/OccGridCard.tsx(226,13): error TS7026: JSX element implicitly has type 'any' because no interface 'JSX.IntrinsicElements' exists.
src/components/OccGridCard.tsx(227,13): error TS7026: JSX element implicitly has type 'any' because no interface 'JSX.IntrinsicElements' exists.
src/components/OccGridCard.tsx(228,15): error TS7026: JSX element implicitly has type 'any' because no interface 'JSX.IntrinsicElements' exists.
src/components/OccGridCard.tsx(228,81): error TS7006: Parameter 'e' implicitly has an 'any' type.
src/components/OccGridCard.tsx(229,13): error TS7026: JSX element implicitly has type 'any' because no interface 'JSX.IntrinsicElements' exists.
src/components/OccGridCard.tsx(230,13): error TS7026: JSX element implicitly has type 'any' because no interface 'JSX.IntrinsicElements' exists.
src/components/OccGridCard.tsx(231,15): error TS7026: JSX element implicitly has type 'any' because no interface 'JSX.IntrinsicElements' exists.
src/components/OccGridCard.tsx(231,76): error TS7006: Parameter 'e' implicitly has an 'any' type.
src/components/OccGridCard.tsx(232,13): error TS7026: JSX element implicitly has type 'any' because no interface 'JSX.IntrinsicElements' exists.
src/components/OccGridCard.tsx(233,13): error TS7026: JSX element implicitly has type 'any' because no interface 'JSX.IntrinsicElements' exists.
src/components/OccGridCard.tsx(233,58): error TS7026: JSX element implicitly has type 'any' because no interface 'JSX.IntrinsicElements' exists.
src/components/OccGridCard.tsx(234,13): error TS7026: JSX element implicitly has type 'any' because no interface 'JSX.IntrinsicElements' exists.
src/components/OccGridCard.tsx(236,26): error TS7006: Parameter 'e' implicitly has an 'any' type.
src/components/OccGridCard.tsx(239,43): error TS7026: JSX element implicitly has type 'any' because no interface 'JSX.IntrinsicElements' exists.
src/components/OccGridCard.tsx(239,96): error TS7026: JSX element implicitly has type 'any' because no interface 'JSX.IntrinsicElements' exists.
src/components/OccGridCard.tsx(240,13): error TS7026: JSX element implicitly has type 'any' because no interface 'JSX.IntrinsicElements' exists.
src/components/OccGridCard.tsx(245,7): error TS7026: JSX element implicitly has type 'any' because no interface 'JSX.IntrinsicElements' exists.
src/components/OccGridCard.tsx(245,92): error TS7026: JSX element implicitly has type 'any' because no interface 'JSX.IntrinsicElements' exists.
src/components/OccGridCard.tsx(246,5): error TS7026: JSX element implicitly has type 'any' because no interface 'JSX.IntrinsicElements' exists.
src/components/ProtectedLayout.tsx(1,26): error TS2307: Cannot find module 'react' or its corresponding type declarations.
src/components/ProtectedLayout.tsx(2,47): error TS2307: Cannot find module 'react-router-dom' or its corresponding type declarations.
src/components/ProtectedLayout.tsx(3,37): error TS2307: Cannot find module 'react' or its corresponding type declarations.
src/components/ProtectedLayout.tsx(32,12): error TS2875: This JSX tag requires the module path 'react/jsx-runtime' to exist, but none could be found. Make sure you have types for the appropriate package installed.
src/components/ProtectedLayout.tsx(57,27): error TS7026: JSX element implicitly has type 'any' because no interface 'JSX.IntrinsicElements' exists.
src/components/ProtectedLayout.tsx(58,9): error TS7026: JSX element implicitly has type 'any' because no interface 'JSX.IntrinsicElements' exists.
src/components/ProtectedLayout.tsx(63,9): error TS7026: JSX element implicitly has type 'any' because no interface 'JSX.IntrinsicElements' exists.
src/components/RoutePlanningToolbar.tsx(1,33): error TS2307: Cannot find module 'react-router-dom' or its corresponding type declarations.
src/components/RoutePlanningToolbar.tsx(29,5): error TS7026: JSX element implicitly has type 'any' because no interface 'JSX.IntrinsicElements' exists.
src/components/RoutePlanningToolbar.tsx(29,5): error TS2875: This JSX tag requires the module path 'react/jsx-runtime' to exist, but none could be found. Make sure you have types for the appropriate package installed.
src/components/RoutePlanningToolbar.tsx(30,7): error TS7026: JSX element implicitly has type 'any' because no interface 'JSX.IntrinsicElements' exists.
src/components/RoutePlanningToolbar.tsx(35,27): error TS7031: Binding element 'isActive' implicitly has an 'any' type.
src/components/RoutePlanningToolbar.tsx(42,17): error TS7031: Binding element 'isActive' implicitly has an 'any' type.
src/components/RoutePlanningToolbar.tsx(45,19): error TS7026: JSX element implicitly has type 'any' because no interface 'JSX.IntrinsicElements' exists.
src/components/RoutePlanningToolbar.tsx(55,7): error TS7026: JSX element implicitly has type 'any' because no interface 'JSX.IntrinsicElements' exists.
src/components/RoutePlanningToolbar.tsx(65,5): error TS7026: JSX element implicitly has type 'any' because no interface 'JSX.IntrinsicElements' exists.
src/components/SetupGate.tsx(1,27): error TS2307: Cannot find module 'react' or its corresponding type declarations.
src/components/SetupGate.tsx(9,10): error TS2875: This JSX tag requires the module path 'react/jsx-runtime' to exist, but none could be found. Make sure you have types for the appropriate package installed.
src/components/TableImportExport.tsx(1,34): error TS2307: Cannot find module 'react' or its corresponding type declarations.
src/components/TableImportExport.tsx(2,23): error TS2307: Cannot find module 'xlsx' or its corresponding type declarations.
src/components/TableImportExport.tsx(80,15): error TS7006: Parameter 'raw' implicitly has an 'any' type.
src/components/TableImportExport.tsx(131,15): error TS7006: Parameter 'r' implicitly has an 'any' type.
src/components/TableImportExport.tsx(132,18): error TS7006: Parameter 'r' implicitly has an 'any' type.
src/components/TableImportExport.tsx(135,51): error TS7006: Parameter 'r' implicitly has an 'any' type.
src/components/TableImportExport.tsx(139,40): error TS7006: Parameter 'r' implicitly has an 'any' type.
src/components/TableImportExport.tsx(152,31): error TS7006: Parameter 'r' implicitly has an 'any' type.
src/components/TableImportExport.tsx(198,5): error TS7026: JSX element implicitly has type 'any' because no interface 'JSX.IntrinsicElements' exists.
src/components/TableImportExport.tsx(198,5): error TS2875: This JSX tag requires the module path 'react/jsx-runtime' to exist, but none could be found. Make sure you have types for the appropriate package installed.
src/components/TableImportExport.tsx(199,7): error TS7026: JSX element implicitly has type 'any' because no interface 'JSX.IntrinsicElements' exists.
src/components/TableImportExport.tsx(200,7): error TS7026: JSX element implicitly has type 'any' because no interface 'JSX.IntrinsicElements' exists.
src/components/TableImportExport.tsx(202,7): error TS7026: JSX element implicitly has type 'any' because no interface 'JSX.IntrinsicElements' exists.
src/components/TableImportExport.tsx(205,11): error TS7026: JSX element implicitly has type 'any' because no interface 'JSX.IntrinsicElements' exists.
src/components/TableImportExport.tsx(206,11): error TS7026: JSX element implicitly has type 'any' because no interface 'JSX.IntrinsicElements' exists.
src/components/TableImportExport.tsx(208,11): error TS7026: JSX element implicitly has type 'any' because no interface 'JSX.IntrinsicElements' exists.
src/components/TableImportExport.tsx(211,17): error TS7026: JSX element implicitly has type 'any' because no interface 'JSX.IntrinsicElements' exists.
src/components/TableImportExport.tsx(211,76): error TS7026: JSX element implicitly has type 'any' because no interface 'JSX.IntrinsicElements' exists.
src/components/TableImportExport.tsx(212,7): error TS7026: JSX element implicitly has type 'any' because no interface 'JSX.IntrinsicElements' exists.
src/components/TableImportExport.tsx(214,5): error TS7026: JSX element implicitly has type 'any' because no interface 'JSX.IntrinsicElements' exists.
src/components/TopNav.tsx(1,42): error TS2307: Cannot find module 'react-router-dom' or its corresponding type declarations.
src/components/TopNav.tsx(2,37): error TS2307: Cannot find module 'react' or its corresponding type declarations.
src/components/TopNav.tsx(19,8): error TS2307: Cannot find module 'lucide-react' or its corresponding type declarations.
src/components/TopNav.tsx(58,5): error TS2875: This JSX tag requires the module path 'react/jsx-runtime' to exist, but none could be found. Make sure you have types for the appropriate package installed.
src/components/TopNav.tsx(59,7): error TS7026: JSX element implicitly has type 'any' because no interface 'JSX.IntrinsicElements' exists.
src/components/TopNav.tsx(67,7): error TS7026: JSX element implicitly has type 'any' because no interface 'JSX.IntrinsicElements' exists.
src/components/TopNav.tsx(69,7): error TS7026: JSX element implicitly has type 'any' because no interface 'JSX.IntrinsicElements' exists.
src/components/TopNav.tsx(219,7): error TS7026: JSX element implicitly has type 'any' because no interface 'JSX.IntrinsicElements' exists.
src/components/TopNav.tsx(221,7): error TS7026: JSX element implicitly has type 'any' because no interface 'JSX.IntrinsicElements' exists.
src/components/TopNav.tsx(222,9): error TS7026: JSX element implicitly has type 'any' because no interface 'JSX.IntrinsicElements' exists.
src/components/TopNav.tsx(223,11): error TS7026: JSX element implicitly has type 'any' because no interface 'JSX.IntrinsicElements' exists.
src/components/TopNav.tsx(230,13): error TS7026: JSX element implicitly has type 'any' because no interface 'JSX.IntrinsicElements' exists.
src/components/TopNav.tsx(230,120): error TS7026: JSX element implicitly has type 'any' because no interface 'JSX.IntrinsicElements' exists.
src/components/TopNav.tsx(231,13): error TS7026: JSX element implicitly has type 'any' because no interface 'JSX.IntrinsicElements' exists.
src/components/TopNav.tsx(231,120): error TS7026: JSX element implicitly has type 'any' because no interface 'JSX.IntrinsicElements' exists.
src/components/TopNav.tsx(232,13): error TS7026: JSX element implicitly has type 'any' because no interface 'JSX.IntrinsicElements' exists.
src/components/TopNav.tsx(233,11): error TS7026: JSX element implicitly has type 'any' because no interface 'JSX.IntrinsicElements' exists.
src/components/TopNav.tsx(234,9): error TS7026: JSX element implicitly has type 'any' because no interface 'JSX.IntrinsicElements' exists.
src/components/TopNav.tsx(252,7): error TS7026: JSX element implicitly has type 'any' because no interface 'JSX.IntrinsicElements' exists.
src/design-system/GlassBadge.tsx(1,32): error TS2307: Cannot find module 'react' or its corresponding type declarations.
src/design-system/GlassBadge.tsx(2,40): error TS2307: Cannot find module 'class-variance-authority' or its corresponding type declarations.
src/design-system/GlassBadge.tsx(24,30): error TS2339: Property 'className' does not exist on type 'GlassBadgeProps'.
src/design-system/GlassBadge.tsx(24,41): error TS2339: Property 'tone' does not exist on type 'GlassBadgeProps'.
src/design-system/GlassBadge.tsx(25,10): error TS2875: This JSX tag requires the module path 'react/jsx-runtime' to exist, but none could be found. Make sure you have types for the appropriate package installed.
src/design-system/GlassBadge.tsx(25,10): error TS7026: JSX element implicitly has type 'any' because no interface 'JSX.IntrinsicElements' exists.
src/design-system/GlassButton.tsx(1,50): error TS2307: Cannot find module 'react' or its corresponding type declarations.
src/design-system/GlassButton.tsx(2,40): error TS2307: Cannot find module 'class-variance-authority' or its corresponding type declarations.
src/design-system/GlassButton.tsx(3,25): error TS2307: Cannot find module 'lucide-react' or its corresponding type declarations.
src/design-system/GlassButton.tsx(47,6): error TS7031: Binding element 'className' implicitly has an 'any' type.
src/design-system/GlassButton.tsx(47,17): error TS7031: Binding element 'variant' implicitly has an 'any' type.
src/design-system/GlassButton.tsx(47,26): error TS7031: Binding element 'size' implicitly has an 'any' type.
src/design-system/GlassButton.tsx(47,32): error TS7031: Binding element 'loading' implicitly has an 'any' type.
src/design-system/GlassButton.tsx(47,41): error TS7031: Binding element 'disabled' implicitly has an 'any' type.
src/design-system/GlassButton.tsx(47,51): error TS7031: Binding element 'children' implicitly has an 'any' type.
src/design-system/GlassButton.tsx(47,73): error TS7006: Parameter 'ref' implicitly has an 'any' type.
src/design-system/GlassButton.tsx(49,7): error TS7026: JSX element implicitly has type 'any' because no interface 'JSX.IntrinsicElements' exists.
src/design-system/GlassButton.tsx(49,7): error TS2875: This JSX tag requires the module path 'react/jsx-runtime' to exist, but none could be found. Make sure you have types for the appropriate package installed.
src/design-system/GlassButton.tsx(57,7): error TS7026: JSX element implicitly has type 'any' because no interface 'JSX.IntrinsicElements' exists.
src/design-system/GlassCard.tsx(1,44): error TS2307: Cannot find module 'react' or its corresponding type declarations.
src/design-system/GlassCard.tsx(2,41): error TS2307: Cannot find module 'framer-motion' or its corresponding type declarations.
src/design-system/GlassCard.tsx(3,40): error TS2307: Cannot find module 'class-variance-authority' or its corresponding type declarations.
src/design-system/GlassCard.tsx(49,6): error TS7031: Binding element 'className' implicitly has an 'any' type.
src/design-system/GlassCard.tsx(49,17): error TS7031: Binding element 'padding' implicitly has an 'any' type.
src/design-system/GlassCard.tsx(49,26): error TS7031: Binding element 'interactive' implicitly has an 'any' type.
src/design-system/GlassCard.tsx(49,39): error TS7031: Binding element 'tone' implicitly has an 'any' type.
src/design-system/GlassCard.tsx(49,62): error TS7031: Binding element 'motionProps' implicitly has an 'any' type.
src/design-system/GlassCard.tsx(49,75): error TS7031: Binding element 'children' implicitly has an 'any' type.
src/design-system/GlassCard.tsx(49,97): error TS7006: Parameter 'ref' implicitly has an 'any' type.
src/design-system/GlassCard.tsx(53,9): error TS2875: This JSX tag requires the module path 'react/jsx-runtime' to exist, but none could be found. Make sure you have types for the appropriate package installed.
src/design-system/GlassCard.tsx(59,7): error TS7026: JSX element implicitly has type 'any' because no interface 'JSX.IntrinsicElements' exists.
src/design-system/GlassCard.tsx(61,7): error TS7026: JSX element implicitly has type 'any' because no interface 'JSX.IntrinsicElements' exists.
src/design-system/GlassFilter.tsx(1,27): error TS2307: Cannot find module 'react' or its corresponding type declarations.
src/design-system/GlassFilter.tsx(2,19): error TS2307: Cannot find module 'lucide-react' or its corresponding type declarations.
src/design-system/GlassFilter.tsx(7,5): error TS7026: JSX element implicitly has type 'any' because no interface 'JSX.IntrinsicElements' exists.
src/design-system/GlassFilter.tsx(7,5): error TS2875: This JSX tag requires the module path 'react/jsx-runtime' to exist, but none could be found. Make sure you have types for the appropriate package installed.
src/design-system/GlassFilter.tsx(14,5): error TS7026: JSX element implicitly has type 'any' because no interface 'JSX.IntrinsicElements' exists.
src/design-system/GlassFilter.tsx(28,5): error TS7026: JSX element implicitly has type 'any' because no interface 'JSX.IntrinsicElements' exists.
src/design-system/GlassFilter.tsx(36,9): error TS7026: JSX element implicitly has type 'any' because no interface 'JSX.IntrinsicElements' exists.
src/design-system/GlassFilter.tsx(38,9): error TS7026: JSX element implicitly has type 'any' because no interface 'JSX.IntrinsicElements' exists.
src/design-system/GlassFilter.tsx(40,5): error TS7026: JSX element implicitly has type 'any' because no interface 'JSX.IntrinsicElements' exists.
src/design-system/GlassHeader.tsx(1,27): error TS2307: Cannot find module 'react' or its corresponding type declarations.
src/design-system/GlassHeader.tsx(19,5): error TS7026: JSX element implicitly has type 'any' because no interface 'JSX.IntrinsicElements' exists.
src/design-system/GlassHeader.tsx(19,5): error TS2875: This JSX tag requires the module path 'react/jsx-runtime' to exist, but none could be found. Make sure you have types for the appropriate package installed.
src/design-system/GlassHeader.tsx(20,7): error TS7026: JSX element implicitly has type 'any' because no interface 'JSX.IntrinsicElements' exists.
src/design-system/GlassHeader.tsx(21,21): error TS7026: JSX element implicitly has type 'any' because no interface 'JSX.IntrinsicElements' exists.
src/design-system/GlassHeader.tsx(21,121): error TS7026: JSX element implicitly has type 'any' because no interface 'JSX.IntrinsicElements' exists.
src/design-system/GlassHeader.tsx(22,9): error TS7026: JSX element implicitly has type 'any' because no interface 'JSX.IntrinsicElements' exists.
src/design-system/GlassHeader.tsx(22,78): error TS7026: JSX element implicitly has type 'any' because no interface 'JSX.IntrinsicElements' exists.
src/design-system/GlassHeader.tsx(23,25): error TS7026: JSX element implicitly has type 'any' because no interface 'JSX.IntrinsicElements' exists.
src/design-system/GlassHeader.tsx(23,93): error TS7026: JSX element implicitly has type 'any' because no interface 'JSX.IntrinsicElements' exists.
src/design-system/GlassHeader.tsx(24,7): error TS7026: JSX element implicitly has type 'any' because no interface 'JSX.IntrinsicElements' exists.
src/design-system/GlassHeader.tsx(25,19): error TS7026: JSX element implicitly has type 'any' because no interface 'JSX.IntrinsicElements' exists.
src/design-system/GlassHeader.tsx(25,78): error TS7026: JSX element implicitly has type 'any' because no interface 'JSX.IntrinsicElements' exists.
src/design-system/GlassHeader.tsx(26,5): error TS7026: JSX element implicitly has type 'any' because no interface 'JSX.IntrinsicElements' exists.
src/design-system/GlassInput.tsx(1,105): error TS2307: Cannot find module 'react' or its corresponding type declarations.
src/design-system/GlassInput.tsx(16,76): error TS7031: Binding element 'className' implicitly has an 'any' type.
src/design-system/GlassInput.tsx(16,87): error TS7031: Binding element 'icon' implicitly has an 'any' type.
src/design-system/GlassInput.tsx(16,105): error TS7006: Parameter 'ref' implicitly has an 'any' type.
src/design-system/GlassInput.tsx(19,7): error TS7026: JSX element implicitly has type 'any' because no interface 'JSX.IntrinsicElements' exists.
src/design-system/GlassInput.tsx(20,9): error TS7026: JSX element implicitly has type 'any' because no interface 'JSX.IntrinsicElements' exists.
src/design-system/GlassInput.tsx(20,105): error TS7026: JSX element implicitly has type 'any' because no interface 'JSX.IntrinsicElements' exists.
src/design-system/GlassInput.tsx(21,9): error TS7026: JSX element implicitly has type 'any' because no interface 'JSX.IntrinsicElements' exists.
src/design-system/GlassInput.tsx(22,7): error TS7026: JSX element implicitly has type 'any' because no interface 'JSX.IntrinsicElements' exists.
src/design-system/GlassInput.tsx(25,10): error TS7026: JSX element implicitly has type 'any' because no interface 'JSX.IntrinsicElements' exists.
src/design-system/GlassInput.tsx(30,6): error TS7031: Binding element 'className' implicitly has an 'any' type.
src/design-system/GlassInput.tsx(30,29): error TS7006: Parameter 'ref' implicitly has an 'any' type.
src/design-system/GlassInput.tsx(30,37): error TS7026: JSX element implicitly has type 'any' because no interface 'JSX.IntrinsicElements' exists.
src/design-system/GlassInput.tsx(35,10): error TS2875: This JSX tag requires the module path 'react/jsx-runtime' to exist, but none could be found. Make sure you have types for the appropriate package installed.
src/design-system/GlassInput.tsx(35,10): error TS7026: JSX element implicitly has type 'any' because no interface 'JSX.IntrinsicElements' exists.
src/design-system/GlassInput.tsx(52,5): error TS7026: JSX element implicitly has type 'any' because no interface 'JSX.IntrinsicElements' exists.
src/design-system/GlassInput.tsx(55,26): error TS7026: JSX element implicitly has type 'any' because no interface 'JSX.IntrinsicElements' exists.
src/design-system/GlassInput.tsx(55,75): error TS7026: JSX element implicitly has type 'any' because no interface 'JSX.IntrinsicElements' exists.
src/design-system/GlassInput.tsx(56,17): error TS7026: JSX element implicitly has type 'any' because no interface 'JSX.IntrinsicElements' exists.
src/design-system/GlassInput.tsx(56,74): error TS7026: JSX element implicitly has type 'any' because no interface 'JSX.IntrinsicElements' exists.
src/design-system/GlassInput.tsx(57,5): error TS7026: JSX element implicitly has type 'any' because no interface 'JSX.IntrinsicElements' exists.
src/design-system/GlassModal.tsx(1,27): error TS2307: Cannot find module 'react' or its corresponding type declarations.
src/design-system/GlassModal.tsx(2,25): error TS2307: Cannot find module '@radix-ui/react-dialog' or its corresponding type declarations.
src/design-system/GlassModal.tsx(3,41): error TS2307: Cannot find module 'framer-motion' or its corresponding type declarations.
src/design-system/GlassModal.tsx(4,19): error TS2307: Cannot find module 'lucide-react' or its corresponding type declarations.
src/design-system/GlassModal.tsx(38,5): error TS2875: This JSX tag requires the module path 'react/jsx-runtime' to exist, but none could be found. Make sure you have types for the appropriate package installed.
src/design-system/GlassModal.tsx(86,15): error TS7026: JSX element implicitly has type 'any' because no interface 'JSX.IntrinsicElements' exists.
src/design-system/GlassModal.tsx(88,27): error TS7006: Parameter 'e' implicitly has an 'any' type.
src/design-system/GlassModal.tsx(111,19): error TS7026: JSX element implicitly has type 'any' because no interface 'JSX.IntrinsicElements' exists.
src/design-system/GlassModal.tsx(112,21): error TS7026: JSX element implicitly has type 'any' because no interface 'JSX.IntrinsicElements' exists.
src/design-system/GlassModal.tsx(117,21): error TS7026: JSX element implicitly has type 'any' because no interface 'JSX.IntrinsicElements' exists.
src/design-system/GlassModal.tsx(121,19): error TS7026: JSX element implicitly has type 'any' because no interface 'JSX.IntrinsicElements' exists.
src/design-system/GlassModal.tsx(123,30): error TS7026: JSX element implicitly has type 'any' because no interface 'JSX.IntrinsicElements' exists.
src/design-system/GlassModal.tsx(123,96): error TS7026: JSX element implicitly has type 'any' because no interface 'JSX.IntrinsicElements' exists.
src/design-system/GlassModal.tsx(125,15): error TS7026: JSX element implicitly has type 'any' because no interface 'JSX.IntrinsicElements' exists.
src/design-system/GlassPanel.tsx(1,43): error TS2307: Cannot find module 'react' or its corresponding type declarations.
src/design-system/GlassPanel.tsx(20,5): error TS2875: This JSX tag requires the module path 'react/jsx-runtime' to exist, but none could be found. Make sure you have types for the appropriate package installed.
src/design-system/GlassPanel.tsx(22,9): error TS7026: JSX element implicitly has type 'any' because no interface 'JSX.IntrinsicElements' exists.
src/design-system/GlassPanel.tsx(23,11): error TS7026: JSX element implicitly has type 'any' because no interface 'JSX.IntrinsicElements' exists.
src/design-system/GlassPanel.tsx(24,23): error TS7026: JSX element implicitly has type 'any' because no interface 'JSX.IntrinsicElements' exists.
src/design-system/GlassPanel.tsx(24,96): error TS7026: JSX element implicitly has type 'any' because no interface 'JSX.IntrinsicElements' exists.
src/design-system/GlassPanel.tsx(25,29): error TS7026: JSX element implicitly has type 'any' because no interface 'JSX.IntrinsicElements' exists.
src/design-system/GlassPanel.tsx(25,87): error TS7026: JSX element implicitly has type 'any' because no interface 'JSX.IntrinsicElements' exists.
src/design-system/GlassPanel.tsx(26,11): error TS7026: JSX element implicitly has type 'any' because no interface 'JSX.IntrinsicElements' exists.
src/design-system/GlassPanel.tsx(27,23): error TS7026: JSX element implicitly has type 'any' because no interface 'JSX.IntrinsicElements' exists.
src/design-system/GlassPanel.tsx(27,82): error TS7026: JSX element implicitly has type 'any' because no interface 'JSX.IntrinsicElements' exists.
src/design-system/GlassPanel.tsx(28,9): error TS7026: JSX element implicitly has type 'any' because no interface 'JSX.IntrinsicElements' exists.
src/design-system/GlassPanel.tsx(30,7): error TS7026: JSX element implicitly has type 'any' because no interface 'JSX.IntrinsicElements' exists.
src/design-system/GlassPanel.tsx(30,52): error TS7026: JSX element implicitly has type 'any' because no interface 'JSX.IntrinsicElements' exists.
src/design-system/GlassSidebar.tsx(1,56): error TS2307: Cannot find module 'react' or its corresponding type declarations.
src/design-system/GlassSidebar.tsx(2,30): error TS2307: Cannot find module 'react-dom' or its corresponding type declarations.
src/design-system/GlassSidebar.tsx(3,38): error TS2307: Cannot find module 'react-router-dom' or its corresponding type declarations.
src/design-system/GlassSidebar.tsx(4,41): error TS2307: Cannot find module 'framer-motion' or its corresponding type declarations.
src/design-system/GlassSidebar.tsx(5,29): error TS2307: Cannot find module 'lucide-react' or its corresponding type declarations.
src/design-system/GlassSidebar.tsx(23,5): error TS7026: JSX element implicitly has type 'any' because no interface 'JSX.IntrinsicElements' exists.
src/design-system/GlassSidebar.tsx(23,5): error TS2875: This JSX tag requires the module path 'react/jsx-runtime' to exist, but none could be found. Make sure you have types for the appropriate package installed.
src/design-system/GlassSidebar.tsx(25,5): error TS7026: JSX element implicitly has type 'any' because no interface 'JSX.IntrinsicElements' exists.
src/design-system/GlassSidebar.tsx(135,14): error TS7006: Parameter 'o' implicitly has an 'any' type.
src/design-system/GlassSidebar.tsx(143,5): error TS7026: JSX element implicitly has type 'any' because no interface 'JSX.IntrinsicElements' exists.
src/design-system/GlassSidebar.tsx(144,7): error TS7026: JSX element implicitly has type 'any' because no interface 'JSX.IntrinsicElements' exists.
src/design-system/GlassSidebar.tsx(164,7): error TS7026: JSX element implicitly has type 'any' because no interface 'JSX.IntrinsicElements' exists.
src/design-system/GlassSidebar.tsx(193,33): error TS7031: Binding element 'isActive' implicitly has an 'any' type.
src/design-system/GlassSidebar.tsx(209,5): error TS7026: JSX element implicitly has type 'any' because no interface 'JSX.IntrinsicElements' exists.
src/design-system/GlassTable.tsx(1,68): error TS2307: Cannot find module 'react' or its corresponding type declarations.
src/design-system/GlassTable.tsx(15,10): error TS2875: This JSX tag requires the module path 'react/jsx-runtime' to exist, but none could be found. Make sure you have types for the appropriate package installed.
src/design-system/GlassTable.tsx(15,10): error TS7026: JSX element implicitly has type 'any' because no interface 'JSX.IntrinsicElements' exists.
src/design-system/GlassTable.tsx(19,10): error TS7026: JSX element implicitly has type 'any' because no interface 'JSX.IntrinsicElements' exists.
src/design-system/GlassTable.tsx(24,5): error TS7026: JSX element implicitly has type 'any' because no interface 'JSX.IntrinsicElements' exists.
src/design-system/GlassTable.tsx(37,5): error TS7026: JSX element implicitly has type 'any' because no interface 'JSX.IntrinsicElements' exists.
src/design-system/GlassTable.tsx(49,5): error TS7026: JSX element implicitly has type 'any' because no interface 'JSX.IntrinsicElements' exists.
src/design-system/GlassTable.tsx(57,10): error TS7026: JSX element implicitly has type 'any' because no interface 'JSX.IntrinsicElements' exists.
src/design-system/GlassWidget.tsx(1,27): error TS2307: Cannot find module 'react' or its corresponding type declarations.
src/design-system/GlassWidget.tsx(2,53): error TS2307: Cannot find module 'lucide-react' or its corresponding type declarations.
src/design-system/GlassWidget.tsx(36,7): error TS2875: This JSX tag requires the module path 'react/jsx-runtime' to exist, but none could be found. Make sure you have types for the appropriate package installed.
src/design-system/GlassWidget.tsx(42,9): error TS7026: JSX element implicitly has type 'any' because no interface 'JSX.IntrinsicElements' exists.
src/design-system/GlassWidget.tsx(43,11): error TS7026: JSX element implicitly has type 'any' because no interface 'JSX.IntrinsicElements' exists.
src/design-system/GlassWidget.tsx(43,99): error TS7026: JSX element implicitly has type 'any' because no interface 'JSX.IntrinsicElements' exists.
src/design-system/GlassWidget.tsx(45,13): error TS7026: JSX element implicitly has type 'any' because no interface 'JSX.IntrinsicElements' exists.
src/design-system/GlassWidget.tsx(50,13): error TS7026: JSX element implicitly has type 'any' because no interface 'JSX.IntrinsicElements' exists.
src/design-system/GlassWidget.tsx(52,9): error TS7026: JSX element implicitly has type 'any' because no interface 'JSX.IntrinsicElements' exists.
src/design-system/GlassWidget.tsx(53,9): error TS7026: JSX element implicitly has type 'any' because no interface 'JSX.IntrinsicElements' exists.
src/design-system/GlassWidget.tsx(54,11): error TS7026: JSX element implicitly has type 'any' because no interface 'JSX.IntrinsicElements' exists.
src/design-system/GlassWidget.tsx(56,11): error TS7026: JSX element implicitly has type 'any' because no interface 'JSX.IntrinsicElements' exists.
src/design-system/GlassWidget.tsx(58,13): error TS7026: JSX element implicitly has type 'any' because no interface 'JSX.IntrinsicElements' exists.
src/design-system/GlassWidget.tsx(69,13): error TS7026: JSX element implicitly has type 'any' because no interface 'JSX.IntrinsicElements' exists.
src/design-system/GlassWidget.tsx(71,9): error TS7026: JSX element implicitly has type 'any' because no interface 'JSX.IntrinsicElements' exists.
src/design-system/GlassWidget.tsx(72,25): error TS7026: JSX element implicitly has type 'any' because no interface 'JSX.IntrinsicElements' exists.
src/design-system/GlassWidget.tsx(72,91): error TS7026: JSX element implicitly has type 'any' because no interface 'JSX.IntrinsicElements' exists.
src/design-system/chartTheme.tsx(1,27): error TS2307: Cannot find module 'react' or its corresponding type declarations.
src/design-system/chartTheme.tsx(2,44): error TS2307: Cannot find module 'lucide-react' or its corresponding type declarations.
src/design-system/chartTheme.tsx(43,5): error TS2875: This JSX tag requires the module path 'react/jsx-runtime' to exist, but none could be found. Make sure you have types for the appropriate package installed.
src/design-system/chartTheme.tsx(45,9): error TS7026: JSX element implicitly has type 'any' because no interface 'JSX.IntrinsicElements' exists.
src/design-system/chartTheme.tsx(46,11): error TS7026: JSX element implicitly has type 'any' because no interface 'JSX.IntrinsicElements' exists.
src/design-system/chartTheme.tsx(46,91): error TS7026: JSX element implicitly has type 'any' because no interface 'JSX.IntrinsicElements' exists.
src/design-system/chartTheme.tsx(47,11): error TS7026: JSX element implicitly has type 'any' because no interface 'JSX.IntrinsicElements' exists.
src/design-system/chartTheme.tsx(47,45): error TS7026: JSX element implicitly has type 'any' because no interface 'JSX.IntrinsicElements' exists.
src/design-system/chartTheme.tsx(48,9): error TS7026: JSX element implicitly has type 'any' because no interface 'JSX.IntrinsicElements' exists.
src/design-system/chartTheme.tsx(97,5): error TS7026: JSX element implicitly has type 'any' because no interface 'JSX.IntrinsicElements' exists.
src/design-system/chartTheme.tsx(98,17): error TS7026: JSX element implicitly has type 'any' because no interface 'JSX.IntrinsicElements' exists.
src/design-system/chartTheme.tsx(98,69): error TS7026: JSX element implicitly has type 'any' because no interface 'JSX.IntrinsicElements' exists.
src/design-system/chartTheme.tsx(99,7): error TS7026: JSX element implicitly has type 'any' because no interface 'JSX.IntrinsicElements' exists.
src/design-system/chartTheme.tsx(104,13): error TS7026: JSX element implicitly has type 'any' because no interface 'JSX.IntrinsicElements' exists.
src/design-system/chartTheme.tsx(105,15): error TS7026: JSX element implicitly has type 'any' because no interface 'JSX.IntrinsicElements' exists.
src/design-system/chartTheme.tsx(106,15): error TS7026: JSX element implicitly has type 'any' because no interface 'JSX.IntrinsicElements' exists.
src/design-system/chartTheme.tsx(106,52): error TS7026: JSX element implicitly has type 'any' because no interface 'JSX.IntrinsicElements' exists.
src/design-system/chartTheme.tsx(107,15): error TS7026: JSX element implicitly has type 'any' because no interface 'JSX.IntrinsicElements' exists.
src/design-system/chartTheme.tsx(107,95): error TS7026: JSX element implicitly has type 'any' because no interface 'JSX.IntrinsicElements' exists.
src/design-system/chartTheme.tsx(108,13): error TS7026: JSX element implicitly has type 'any' because no interface 'JSX.IntrinsicElements' exists.
src/design-system/chartTheme.tsx(111,7): error TS7026: JSX element implicitly has type 'any' because no interface 'JSX.IntrinsicElements' exists.
src/design-system/chartTheme.tsx(112,5): error TS7026: JSX element implicitly has type 'any' because no interface 'JSX.IntrinsicElements' exists.
src/hooks/useConnectionStatus.ts(12,45): error TS2307: Cannot find module 'react' or its corresponding type declarations.
src/hooks/useDashboardLocalData.ts(1,58): error TS2307: Cannot find module 'react' or its corresponding type declarations.
src/hooks/useDashboardQuery.ts(19,45): error TS2307: Cannot find module 'react' or its corresponding type declarations.
src/hooks/useDashboardQuery.ts(90,19): error TS7006: Parameter 't' implicitly has an 'any' type.
src/hooks/useHomeData.ts(10,45): error TS2307: Cannot find module 'react' or its corresponding type declarations.
src/hooks/useHomeData.ts(108,21): error TS7006: Parameter 'prev' implicitly has an 'any' type.
src/hooks/useOperationalRealtime.ts(1,35): error TS2307: Cannot find module 'react' or its corresponding type declarations.
src/hooks/useRealtimeTable.ts(12,45): error TS2307: Cannot find module 'react' or its corresponding type declarations.
src/hooks/useRealtimeTable.ts(13,53): error TS2307: Cannot find module '@supabase/supabase-js' or its corresponding type declarations.
src/hooks/useRealtimeTable.ts(130,16): error TS7006: Parameter 'prev' implicitly has an 'any' type.
src/hooks/useRealtimeTable.ts(133,29): error TS7006: Parameter 'r' implicitly has an 'any' type.
src/hooks/useRealtimeTable.ts(137,28): error TS7006: Parameter 'r' implicitly has an 'any' type.
src/hooks/useRealtimeTable.ts(141,31): error TS7006: Parameter 'r' implicitly has an 'any' type.
src/lib/domainIcons.tsx(33,8): error TS2307: Cannot find module 'lucide-react' or its corresponding type declarations.
src/lib/supabase.ts(1,51): error TS2307: Cannot find module '@supabase/supabase-js' or its corresponding type declarations.
src/lib/supabase.ts(17,40): error TS2339: Property 'VITE_SUPABASE_SECONDARY_URL' does not exist on type 'ImportMetaEnv'.
src/lib/supabase.ts(18,40): error TS2551: Property 'VITE_SUPABASE_SECONDARY_PUBLISHABLE_KEY' does not exist on type 'ImportMetaEnv'. Did you mean 'VITE_SUPABASE_PUBLISHABLE_KEY'?
src/lib/supabase.ts(19,39): error TS2339: Property 'VITE_SUPABASE_TERTIARY_URL' does not exist on type 'ImportMetaEnv'.
src/lib/supabase.ts(20,39): error TS2551: Property 'VITE_SUPABASE_TERTIARY_PUBLISHABLE_KEY' does not exist on type 'ImportMetaEnv'. Did you mean 'VITE_SUPABASE_PUBLISHABLE_KEY'?
src/lib/utils.ts(1,39): error TS2307: Cannot find module 'clsx' or its corresponding type declarations.
src/lib/utils.ts(2,25): error TS2307: Cannot find module 'tailwind-merge' or its corresponding type declarations.
src/main.tsx(1,19): error TS2307: Cannot find module 'react' or its corresponding type declarations.
src/main.tsx(2,22): error TS2307: Cannot find module 'react-dom/client' or its corresponding type declarations.
src/main.tsx(14,3): error TS2875: This JSX tag requires the module path 'react/jsx-runtime' to exist, but none could be found. Make sure you have types for the appropriate package installed.
src/pages/AiSettings.tsx(1,56): error TS2307: Cannot find module 'react' or its corresponding type declarations.
src/pages/AiSettings.tsx(85,28): error TS7006: Parameter '_' implicitly has an 'any' type.
src/pages/AiSettings.tsx(85,31): error TS7006: Parameter 'idx' implicitly has an 'any' type.
src/pages/AiSettings.tsx(88,25): error TS7006: Parameter 'c' implicitly has an 'any' type.
src/pages/AiSettings.tsx(88,28): error TS7006: Parameter 'idx' implicitly has an 'any' type.
src/pages/AiSettings.tsx(100,36): error TS7006: Parameter 'c' implicitly has an 'any' type.
src/pages/AiSettings.tsx(137,28): error TS7006: Parameter 'u' implicitly has an 'any' type.
src/pages/AiSettings.tsx(137,102): error TS7006: Parameter 'u' implicitly has an 'any' type.
src/pages/AiSettings.tsx(173,29): error TS7026: JSX element implicitly has type 'any' because no interface 'JSX.IntrinsicElements' exists.
src/pages/AiSettings.tsx(173,29): error TS2875: This JSX tag requires the module path 'react/jsx-runtime' to exist, but none could be found. Make sure you have types for the appropriate package installed.
src/pages/AiSettings.tsx(173,51): error TS7026: JSX element implicitly has type 'any' because no interface 'JSX.IntrinsicElements' exists.
src/pages/AiSettings.tsx(173,97): error TS7026: JSX element implicitly has type 'any' because no interface 'JSX.IntrinsicElements' exists.
src/pages/AiSettings.tsx(173,103): error TS7026: JSX element implicitly has type 'any' because no interface 'JSX.IntrinsicElements' exists.
src/pages/AiSettings.tsx(174,20): error TS7026: JSX element implicitly has type 'any' because no interface 'JSX.IntrinsicElements' exists.
src/pages/AiSettings.tsx(174,52): error TS7026: JSX element implicitly has type 'any' because no interface 'JSX.IntrinsicElements' exists.
src/pages/AiSettings.tsx(177,5): error TS7026: JSX element implicitly has type 'any' because no interface 'JSX.IntrinsicElements' exists.
src/pages/AiSettings.tsx(178,7): error TS7026: JSX element implicitly has type 'any' because no interface 'JSX.IntrinsicElements' exists.
src/pages/AiSettings.tsx(178,22): error TS7026: JSX element implicitly has type 'any' because no interface 'JSX.IntrinsicElements' exists.
src/pages/AiSettings.tsx(179,7): error TS7026: JSX element implicitly has type 'any' because no interface 'JSX.IntrinsicElements' exists.
src/pages/AiSettings.tsx(182,7): error TS7026: JSX element implicitly has type 'any' because no interface 'JSX.IntrinsicElements' exists.
src/pages/AiSettings.tsx(184,7): error TS7026: JSX element implicitly has type 'any' because no interface 'JSX.IntrinsicElements' exists.
src/pages/AiSettings.tsx(185,9): error TS7026: JSX element implicitly has type 'any' because no interface 'JSX.IntrinsicElements' exists.
src/pages/AiSettings.tsx(186,11): error TS7026: JSX element implicitly has type 'any' because no interface 'JSX.IntrinsicElements' exists.
src/pages/AiSettings.tsx(186,117): error TS7026: JSX element implicitly has type 'any' because no interface 'JSX.IntrinsicElements' exists.
src/pages/AiSettings.tsx(187,11): error TS7026: JSX element implicitly has type 'any' because no interface 'JSX.IntrinsicElements' exists.
src/pages/AiSettings.tsx(187,51): error TS7006: Parameter 'e' implicitly has an 'any' type.
src/pages/AiSettings.tsx(188,29): error TS7006: Parameter 'p' implicitly has an 'any' type.
src/pages/AiSettings.tsx(188,35): error TS7026: JSX element implicitly has type 'any' because no interface 'JSX.IntrinsicElements' exists.
src/pages/AiSettings.tsx(188,78): error TS7026: JSX element implicitly has type 'any' because no interface 'JSX.IntrinsicElements' exists.
src/pages/AiSettings.tsx(189,11): error TS7026: JSX element implicitly has type 'any' because no interface 'JSX.IntrinsicElements' exists.
src/pages/AiSettings.tsx(190,9): error TS7026: JSX element implicitly has type 'any' because no interface 'JSX.IntrinsicElements' exists.
src/pages/AiSettings.tsx(191,9): error TS7026: JSX element implicitly has type 'any' because no interface 'JSX.IntrinsicElements' exists.
src/pages/AiSettings.tsx(192,11): error TS7026: JSX element implicitly has type 'any' because no interface 'JSX.IntrinsicElements' exists.
src/pages/AiSettings.tsx(192,133): error TS7026: JSX element implicitly has type 'any' because no interface 'JSX.IntrinsicElements' exists.
src/pages/AiSettings.tsx(193,11): error TS7026: JSX element implicitly has type 'any' because no interface 'JSX.IntrinsicElements' exists.
src/pages/AiSettings.tsx(193,47): error TS7006: Parameter 'e' implicitly has an 'any' type.
src/pages/AiSettings.tsx(194,9): error TS7026: JSX element implicitly has type 'any' because no interface 'JSX.IntrinsicElements' exists.
src/pages/AiSettings.tsx(195,9): error TS7026: JSX element implicitly has type 'any' because no interface 'JSX.IntrinsicElements' exists.
src/pages/AiSettings.tsx(196,11): error TS7026: JSX element implicitly has type 'any' because no interface 'JSX.IntrinsicElements' exists.
src/pages/AiSettings.tsx(197,41): error TS7026: JSX element implicitly has type 'any' because no interface 'JSX.IntrinsicElements' exists.
src/pages/AiSettings.tsx(197,97): error TS7026: JSX element implicitly has type 'any' because no interface 'JSX.IntrinsicElements' exists.
src/pages/AiSettings.tsx(198,11): error TS7026: JSX element implicitly has type 'any' because no interface 'JSX.IntrinsicElements' exists.
src/pages/AiSettings.tsx(199,11): error TS7026: JSX element implicitly has type 'any' because no interface 'JSX.IntrinsicElements' exists.
src/pages/AiSettings.tsx(200,13): error TS7026: JSX element implicitly has type 'any' because no interface 'JSX.IntrinsicElements' exists.
src/pages/AiSettings.tsx(202,31): error TS7006: Parameter 'e' implicitly has an 'any' type.
src/pages/AiSettings.tsx(204,15): error TS7026: JSX element implicitly has type 'any' because no interface 'JSX.IntrinsicElements' exists.
src/pages/AiSettings.tsx(204,155): error TS7026: JSX element implicitly has type 'any' because no interface 'JSX.IntrinsicElements' exists.
src/pages/AiSettings.tsx(206,11): error TS7026: JSX element implicitly has type 'any' because no interface 'JSX.IntrinsicElements' exists.
src/pages/AiSettings.tsx(207,9): error TS7026: JSX element implicitly has type 'any' because no interface 'JSX.IntrinsicElements' exists.
src/pages/AiSettings.tsx(209,9): error TS7026: JSX element implicitly has type 'any' because no interface 'JSX.IntrinsicElements' exists.
src/pages/AiSettings.tsx(211,9): error TS7026: JSX element implicitly has type 'any' because no interface 'JSX.IntrinsicElements' exists.
src/pages/AiSettings.tsx(212,11): error TS7026: JSX element implicitly has type 'any' because no interface 'JSX.IntrinsicElements' exists.
src/pages/AiSettings.tsx(212,76): error TS7006: Parameter 'e' implicitly has an 'any' type.
src/pages/AiSettings.tsx(213,11): error TS7026: JSX element implicitly has type 'any' because no interface 'JSX.IntrinsicElements' exists.
src/pages/AiSettings.tsx(213,122): error TS7026: JSX element implicitly has type 'any' because no interface 'JSX.IntrinsicElements' exists.
src/pages/AiSettings.tsx(214,9): error TS7026: JSX element implicitly has type 'any' because no interface 'JSX.IntrinsicElements' exists.
src/pages/AiSettings.tsx(217,11): error TS7026: JSX element implicitly has type 'any' because no interface 'JSX.IntrinsicElements' exists.
src/pages/AiSettings.tsx(218,13): error TS7026: JSX element implicitly has type 'any' because no interface 'JSX.IntrinsicElements' exists.
src/pages/AiSettings.tsx(220,13): error TS7026: JSX element implicitly has type 'any' because no interface 'JSX.IntrinsicElements' exists.
src/pages/AiSettings.tsx(221,25): error TS7006: Parameter 'f' implicitly has an 'any' type.
src/pages/AiSettings.tsx(221,28): error TS7006: Parameter 'i' implicitly has an 'any' type.
src/pages/AiSettings.tsx(222,15): error TS7026: JSX element implicitly has type 'any' because no interface 'JSX.IntrinsicElements' exists.
src/pages/AiSettings.tsx(223,17): error TS7026: JSX element implicitly has type 'any' because no interface 'JSX.IntrinsicElements' exists.
src/pages/AiSettings.tsx(223,93): error TS7026: JSX element implicitly has type 'any' because no interface 'JSX.IntrinsicElements' exists.
src/pages/AiSettings.tsx(224,17): error TS7026: JSX element implicitly has type 'any' because no interface 'JSX.IntrinsicElements' exists.
src/pages/AiSettings.tsx(225,19): error TS7026: JSX element implicitly has type 'any' because no interface 'JSX.IntrinsicElements' exists.
src/pages/AiSettings.tsx(225,100): error TS7026: JSX element implicitly has type 'any' because no interface 'JSX.IntrinsicElements' exists.
src/pages/AiSettings.tsx(226,19): error TS7026: JSX element implicitly has type 'any' because no interface 'JSX.IntrinsicElements' exists.
src/pages/AiSettings.tsx(226,57): error TS7006: Parameter 'e' implicitly has an 'any' type.
src/pages/AiSettings.tsx(227,37): error TS7006: Parameter 'p' implicitly has an 'any' type.
src/pages/AiSettings.tsx(227,43): error TS7026: JSX element implicitly has type 'any' because no interface 'JSX.IntrinsicElements' exists.
src/pages/AiSettings.tsx(227,86): error TS7026: JSX element implicitly has type 'any' because no interface 'JSX.IntrinsicElements' exists.
src/pages/AiSettings.tsx(228,19): error TS7026: JSX element implicitly has type 'any' because no interface 'JSX.IntrinsicElements' exists.
src/pages/AiSettings.tsx(229,17): error TS7026: JSX element implicitly has type 'any' because no interface 'JSX.IntrinsicElements' exists.
src/pages/AiSettings.tsx(230,17): error TS7026: JSX element implicitly has type 'any' because no interface 'JSX.IntrinsicElements' exists.
src/pages/AiSettings.tsx(231,19): error TS7026: JSX element implicitly has type 'any' because no interface 'JSX.IntrinsicElements' exists.
src/pages/AiSettings.tsx(231,97): error TS7026: JSX element implicitly has type 'any' because no interface 'JSX.IntrinsicElements' exists.
src/pages/AiSettings.tsx(232,19): error TS7026: JSX element implicitly has type 'any' because no interface 'JSX.IntrinsicElements' exists.
src/pages/AiSettings.tsx(232,53): error TS7006: Parameter 'e' implicitly has an 'any' type.
src/pages/AiSettings.tsx(233,17): error TS7026: JSX element implicitly has type 'any' because no interface 'JSX.IntrinsicElements' exists.
src/pages/AiSettings.tsx(234,17): error TS7026: JSX element implicitly has type 'any' because no interface 'JSX.IntrinsicElements' exists.
src/pages/AiSettings.tsx(235,19): error TS7026: JSX element implicitly has type 'any' because no interface 'JSX.IntrinsicElements' exists.
src/pages/AiSettings.tsx(236,47): error TS7026: JSX element implicitly has type 'any' because no interface 'JSX.IntrinsicElements' exists.
src/pages/AiSettings.tsx(236,92): error TS7026: JSX element implicitly has type 'any' because no interface 'JSX.IntrinsicElements' exists.
src/pages/AiSettings.tsx(237,19): error TS7026: JSX element implicitly has type 'any' because no interface 'JSX.IntrinsicElements' exists.
src/pages/AiSettings.tsx(238,19): error TS7026: JSX element implicitly has type 'any' because no interface 'JSX.IntrinsicElements' exists.
src/pages/AiSettings.tsx(238,71): error TS7006: Parameter 'e' implicitly has an 'any' type.
src/pages/AiSettings.tsx(240,17): error TS7026: JSX element implicitly has type 'any' because no interface 'JSX.IntrinsicElements' exists.
src/pages/AiSettings.tsx(241,17): error TS7026: JSX element implicitly has type 'any' because no interface 'JSX.IntrinsicElements' exists.
src/pages/AiSettings.tsx(241,127): error TS7026: JSX element implicitly has type 'any' because no interface 'JSX.IntrinsicElements' exists.
src/pages/AiSettings.tsx(242,15): error TS7026: JSX element implicitly has type 'any' because no interface 'JSX.IntrinsicElements' exists.
src/pages/AiSettings.tsx(244,13): error TS7026: JSX element implicitly has type 'any' because no interface 'JSX.IntrinsicElements' exists.
src/pages/AiSettings.tsx(246,13): error TS7026: JSX element implicitly has type 'any' because no interface 'JSX.IntrinsicElements' exists.
src/pages/AiSettings.tsx(247,11): error TS7026: JSX element implicitly has type 'any' because no interface 'JSX.IntrinsicElements' exists.
src/pages/AiSettings.tsx(250,9): error TS7026: JSX element implicitly has type 'any' because no interface 'JSX.IntrinsicElements' exists.
src/pages/AiSettings.tsx(250,101): error TS7026: JSX element implicitly has type 'any' because no interface 'JSX.IntrinsicElements' exists.
src/pages/AiSettings.tsx(251,19): error TS7026: JSX element implicitly has type 'any' because no interface 'JSX.IntrinsicElements' exists.
src/pages/AiSettings.tsx(251,92): error TS7026: JSX element implicitly has type 'any' because no interface 'JSX.IntrinsicElements' exists.
src/pages/AiSettings.tsx(252,7): error TS7026: JSX element implicitly has type 'any' because no interface 'JSX.IntrinsicElements' exists.
src/pages/AiSettings.tsx(254,17): error TS7026: JSX element implicitly has type 'any' because no interface 'JSX.IntrinsicElements' exists.
src/pages/AiSettings.tsx(254,92): error TS7026: JSX element implicitly has type 'any' because no interface 'JSX.IntrinsicElements' exists.
src/pages/AiSettings.tsx(256,7): error TS7026: JSX element implicitly has type 'any' because no interface 'JSX.IntrinsicElements' exists.
src/pages/AiSettings.tsx(257,9): error TS7026: JSX element implicitly has type 'any' because no interface 'JSX.IntrinsicElements' exists.
src/pages/AiSettings.tsx(257,29): error TS7026: JSX element implicitly has type 'any' because no interface 'JSX.IntrinsicElements' exists.
src/pages/AiSettings.tsx(258,9): error TS7026: JSX element implicitly has type 'any' because no interface 'JSX.IntrinsicElements' exists.
src/pages/AiSettings.tsx(261,9): error TS7026: JSX element implicitly has type 'any' because no interface 'JSX.IntrinsicElements' exists.
src/pages/AiSettings.tsx(262,9): error TS7026: JSX element implicitly has type 'any' because no interface 'JSX.IntrinsicElements' exists.
src/pages/AiSettings.tsx(262,74): error TS7026: JSX element implicitly has type 'any' because no interface 'JSX.IntrinsicElements' exists.
src/pages/AiSettings.tsx(264,11): error TS7026: JSX element implicitly has type 'any' because no interface 'JSX.IntrinsicElements' exists.
src/pages/AiSettings.tsx(266,11): error TS7026: JSX element implicitly has type 'any' because no interface 'JSX.IntrinsicElements' exists.
src/pages/AiSettings.tsx(268,7): error TS7026: JSX element implicitly has type 'any' because no interface 'JSX.IntrinsicElements' exists.
src/pages/AiSettings.tsx(270,7): error TS7026: JSX element implicitly has type 'any' because no interface 'JSX.IntrinsicElements' exists.
src/pages/AiSettings.tsx(271,9): error TS7026: JSX element implicitly has type 'any' because no interface 'JSX.IntrinsicElements' exists.
src/pages/AiSettings.tsx(271,45): error TS7026: JSX element implicitly has type 'any' because no interface 'JSX.IntrinsicElements' exists.
src/pages/AiSettings.tsx(272,9): error TS7026: JSX element implicitly has type 'any' because no interface 'JSX.IntrinsicElements' exists.
src/pages/AiSettings.tsx(275,9): error TS7026: JSX element implicitly has type 'any' because no interface 'JSX.IntrinsicElements' exists.
src/pages/AiSettings.tsx(276,9): error TS7026: JSX element implicitly has type 'any' because no interface 'JSX.IntrinsicElements' exists.
src/pages/AiSettings.tsx(277,11): error TS7026: JSX element implicitly has type 'any' because no interface 'JSX.IntrinsicElements' exists.
src/pages/AiSettings.tsx(277,36): error TS7026: JSX element implicitly has type 'any' because no interface 'JSX.IntrinsicElements' exists.
src/pages/AiSettings.tsx(277,64): error TS7026: JSX element implicitly has type 'any' because no interface 'JSX.IntrinsicElements' exists.
src/pages/AiSettings.tsx(277,71): error TS7026: JSX element implicitly has type 'any' because no interface 'JSX.IntrinsicElements' exists.
src/pages/AiSettings.tsx(277,126): error TS7006: Parameter 'e' implicitly has an 'any' type.
src/pages/AiSettings.tsx(277,216): error TS7026: JSX element implicitly has type 'any' because no interface 'JSX.IntrinsicElements' exists.
src/pages/AiSettings.tsx(278,11): error TS7026: JSX element implicitly has type 'any' because no interface 'JSX.IntrinsicElements' exists.
src/pages/AiSettings.tsx(278,134): error TS7026: JSX element implicitly has type 'any' because no interface 'JSX.IntrinsicElements' exists.
src/pages/AiSettings.tsx(279,9): error TS7026: JSX element implicitly has type 'any' because no interface 'JSX.IntrinsicElements' exists.
src/pages/AiSettings.tsx(280,9): error TS7026: JSX element implicitly has type 'any' because no interface 'JSX.IntrinsicElements' exists.
src/pages/AiSettings.tsx(281,37): error TS7006: Parameter 'u' implicitly has an 'any' type.
src/pages/AiSettings.tsx(281,40): error TS7026: JSX element implicitly has type 'any' because no interface 'JSX.IntrinsicElements' exists.
src/pages/AiSettings.tsx(282,13): error TS7026: JSX element implicitly has type 'any' because no interface 'JSX.IntrinsicElements' exists.
src/pages/AiSettings.tsx(282,28): error TS7026: JSX element implicitly has type 'any' because no interface 'JSX.IntrinsicElements' exists.
src/pages/AiSettings.tsx(282,32): error TS7026: JSX element implicitly has type 'any' because no interface 'JSX.IntrinsicElements' exists.
src/pages/AiSettings.tsx(282,70): error TS7026: JSX element implicitly has type 'any' because no interface 'JSX.IntrinsicElements' exists.
src/pages/AiSettings.tsx(282,77): error TS7026: JSX element implicitly has type 'any' because no interface 'JSX.IntrinsicElements' exists.
src/pages/AiSettings.tsx(282,137): error TS7026: JSX element implicitly has type 'any' because no interface 'JSX.IntrinsicElements' exists.
src/pages/AiSettings.tsx(283,13): error TS7026: JSX element implicitly has type 'any' because no interface 'JSX.IntrinsicElements' exists.
src/pages/AiSettings.tsx(283,152): error TS7026: JSX element implicitly has type 'any' because no interface 'JSX.IntrinsicElements' exists.
src/pages/AiSettings.tsx(283,161): error TS7026: JSX element implicitly has type 'any' because no interface 'JSX.IntrinsicElements' exists.
src/pages/AiSettings.tsx(283,446): error TS7026: JSX element implicitly has type 'any' because no interface 'JSX.IntrinsicElements' exists.
src/pages/AiSettings.tsx(284,13): error TS7026: JSX element implicitly has type 'any' because no interface 'JSX.IntrinsicElements' exists.
src/pages/AiSettings.tsx(284,127): error TS7026: JSX element implicitly has type 'any' because no interface 'JSX.IntrinsicElements' exists.
src/pages/AiSettings.tsx(285,11): error TS7026: JSX element implicitly has type 'any' because no interface 'JSX.IntrinsicElements' exists.
src/pages/AiSettings.tsx(286,11): error TS7026: JSX element implicitly has type 'any' because no interface 'JSX.IntrinsicElements' exists.
src/pages/AiSettings.tsx(287,13): error TS7026: JSX element implicitly has type 'any' because no interface 'JSX.IntrinsicElements' exists.
src/pages/AiSettings.tsx(287,42): error TS7026: JSX element implicitly has type 'any' because no interface 'JSX.IntrinsicElements' exists.
src/pages/AiSettings.tsx(288,13): error TS7026: JSX element implicitly has type 'any' because no interface 'JSX.IntrinsicElements' exists.
src/pages/AiSettings.tsx(289,15): error TS7026: JSX element implicitly has type 'any' because no interface 'JSX.IntrinsicElements' exists.
src/pages/AiSettings.tsx(289,107): error TS7006: Parameter 'e' implicitly has an 'any' type.
src/pages/AiSettings.tsx(290,15): error TS7026: JSX element implicitly has type 'any' because no interface 'JSX.IntrinsicElements' exists.
src/pages/AiSettings.tsx(290,106): error TS7006: Parameter 'e' implicitly has an 'any' type.
src/pages/AiSettings.tsx(291,15): error TS7026: JSX element implicitly has type 'any' because no interface 'JSX.IntrinsicElements' exists.
src/pages/AiSettings.tsx(291,129): error TS7026: JSX element implicitly has type 'any' because no interface 'JSX.IntrinsicElements' exists.
src/pages/AiSettings.tsx(292,13): error TS7026: JSX element implicitly has type 'any' because no interface 'JSX.IntrinsicElements' exists.
src/pages/AiSettings.tsx(293,11): error TS7026: JSX element implicitly has type 'any' because no interface 'JSX.IntrinsicElements' exists.
src/pages/AiSettings.tsx(294,11): error TS7026: JSX element implicitly has type 'any' because no interface 'JSX.IntrinsicElements' exists.
src/pages/AiSettings.tsx(295,13): error TS7026: JSX element implicitly has type 'any' because no interface 'JSX.IntrinsicElements' exists.
src/pages/AiSettings.tsx(295,59): error TS7026: JSX element implicitly has type 'any' because no interface 'JSX.IntrinsicElements' exists.
src/pages/AiSettings.tsx(296,13): error TS7026: JSX element implicitly has type 'any' because no interface 'JSX.IntrinsicElements' exists.
src/pages/AiSettings.tsx(297,15): error TS7026: JSX element implicitly has type 'any' because no interface 'JSX.IntrinsicElements' exists.
src/pages/AiSettings.tsx(297,81): error TS7006: Parameter 'e' implicitly has an 'any' type.
src/pages/AiSettings.tsx(297,96): error TS7006: Parameter 'x' implicitly has an 'any' type.
src/pages/AiSettings.tsx(298,15): error TS7026: JSX element implicitly has type 'any' because no interface 'JSX.IntrinsicElements' exists.
src/pages/AiSettings.tsx(298,137): error TS7006: Parameter 'e' implicitly has an 'any' type.
src/pages/AiSettings.tsx(298,152): error TS7006: Parameter 'x' implicitly has an 'any' type.
src/pages/AiSettings.tsx(299,15): error TS7026: JSX element implicitly has type 'any' because no interface 'JSX.IntrinsicElements' exists.
src/pages/AiSettings.tsx(299,55): error TS7006: Parameter 'e' implicitly has an 'any' type.
src/pages/AiSettings.tsx(299,70): error TS7006: Parameter 'x' implicitly has an 'any' type.
src/pages/AiSettings.tsx(299,115): error TS7026: JSX element implicitly has type 'any' because no interface 'JSX.IntrinsicElements' exists.
src/pages/AiSettings.tsx(299,142): error TS7026: JSX element implicitly has type 'any' because no interface 'JSX.IntrinsicElements' exists.
src/pages/AiSettings.tsx(299,151): error TS7026: JSX element implicitly has type 'any' because no interface 'JSX.IntrinsicElements' exists.
src/pages/AiSettings.tsx(299,176): error TS7026: JSX element implicitly has type 'any' because no interface 'JSX.IntrinsicElements' exists.
src/pages/AiSettings.tsx(299,185): error TS7026: JSX element implicitly has type 'any' because no interface 'JSX.IntrinsicElements' exists.
src/pages/AiSettings.tsx(299,222): error TS7026: JSX element implicitly has type 'any' because no interface 'JSX.IntrinsicElements' exists.
src/pages/AiSettings.tsx(299,231): error TS7026: JSX element implicitly has type 'any' because no interface 'JSX.IntrinsicElements' exists.
src/pages/AiSettings.tsx(300,15): error TS7026: JSX element implicitly has type 'any' because no interface 'JSX.IntrinsicElements' exists.
src/pages/AiSettings.tsx(300,73): error TS7026: JSX element implicitly has type 'any' because no interface 'JSX.IntrinsicElements' exists.
src/pages/AiSettings.tsx(300,132): error TS7006: Parameter 'e' implicitly has an 'any' type.
src/pages/AiSettings.tsx(300,147): error TS7006: Parameter 'x' implicitly has an 'any' type.
src/pages/AiSettings.tsx(300,193): error TS7026: JSX element implicitly has type 'any' because no interface 'JSX.IntrinsicElements' exists.
src/pages/AiSettings.tsx(301,13): error TS7026: JSX element implicitly has type 'any' because no interface 'JSX.IntrinsicElements' exists.
src/pages/AiSettings.tsx(302,13): error TS7026: JSX element implicitly has type 'any' because no interface 'JSX.IntrinsicElements' exists.
src/pages/AiSettings.tsx(302,61): error TS7026: JSX element implicitly has type 'any' because no interface 'JSX.IntrinsicElements' exists.
src/pages/AiSettings.tsx(302,185): error TS7026: JSX element implicitly has type 'any' because no interface 'JSX.IntrinsicElements' exists.
src/pages/AiSettings.tsx(302,208): error TS7026: JSX element implicitly has type 'any' because no interface 'JSX.IntrinsicElements' exists.
src/pages/AiSettings.tsx(302,276): error TS7026: JSX element implicitly has type 'any' because no interface 'JSX.IntrinsicElements' exists.
src/pages/AiSettings.tsx(302,286): error TS7026: JSX element implicitly has type 'any' because no interface 'JSX.IntrinsicElements' exists.
src/pages/AiSettings.tsx(303,11): error TS7026: JSX element implicitly has type 'any' because no interface 'JSX.IntrinsicElements' exists.
src/pages/AiSettings.tsx(304,9): error TS7026: JSX element implicitly has type 'any' because no interface 'JSX.IntrinsicElements' exists.
src/pages/AiSettings.tsx(305,21): error TS7026: JSX element implicitly has type 'any' because no interface 'JSX.IntrinsicElements' exists.
src/pages/AiSettings.tsx(305,188): error TS7026: JSX element implicitly has type 'any' because no interface 'JSX.IntrinsicElements' exists.
src/pages/AiSettings.tsx(306,7): error TS7026: JSX element implicitly has type 'any' because no interface 'JSX.IntrinsicElements' exists.
src/pages/AiSettings.tsx(308,7): error TS7026: JSX element implicitly has type 'any' because no interface 'JSX.IntrinsicElements' exists.
src/pages/AiSettings.tsx(309,9): error TS7026: JSX element implicitly has type 'any' because no interface 'JSX.IntrinsicElements' exists.
src/pages/AiSettings.tsx(309,32): error TS7026: JSX element implicitly has type 'any' because no interface 'JSX.IntrinsicElements' exists.
src/pages/AiSettings.tsx(310,9): error TS7026: JSX element implicitly has type 'any' because no interface 'JSX.IntrinsicElements' exists.
src/pages/AiSettings.tsx(310,133): error TS7026: JSX element implicitly has type 'any' because no interface 'JSX.IntrinsicElements' exists.
src/pages/AiSettings.tsx(311,9): error TS7026: JSX element implicitly has type 'any' because no interface 'JSX.IntrinsicElements' exists.
src/pages/AiSettings.tsx(312,25): error TS7006: Parameter 'x' implicitly has an 'any' type.
src/pages/AiSettings.tsx(312,28): error TS7026: JSX element implicitly has type 'any' because no interface 'JSX.IntrinsicElements' exists.
src/pages/AiSettings.tsx(312,114): error TS7026: JSX element implicitly has type 'any' because no interface 'JSX.IntrinsicElements' exists.
src/pages/AiSettings.tsx(312,125): error TS7026: JSX element implicitly has type 'any' because no interface 'JSX.IntrinsicElements' exists.
src/pages/AiSettings.tsx(312,129): error TS7026: JSX element implicitly has type 'any' because no interface 'JSX.IntrinsicElements' exists.
src/pages/AiSettings.tsx(312,259): error TS7026: JSX element implicitly has type 'any' because no interface 'JSX.IntrinsicElements' exists.
src/pages/AiSettings.tsx(312,265): error TS7026: JSX element implicitly has type 'any' because no interface 'JSX.IntrinsicElements' exists.
src/pages/AiSettings.tsx(313,9): error TS7026: JSX element implicitly has type 'any' because no interface 'JSX.IntrinsicElements' exists.
src/pages/AiSettings.tsx(314,7): error TS7026: JSX element implicitly has type 'any' because no interface 'JSX.IntrinsicElements' exists.
src/pages/AiSettings.tsx(316,7): error TS7026: JSX element implicitly has type 'any' because no interface 'JSX.IntrinsicElements' exists.
src/pages/AiSettings.tsx(317,9): error TS7026: JSX element implicitly has type 'any' because no interface 'JSX.IntrinsicElements' exists.
src/pages/AiSettings.tsx(317,97): error TS7026: JSX element implicitly has type 'any' because no interface 'JSX.IntrinsicElements' exists.
src/pages/AiSettings.tsx(317,119): error TS7026: JSX element implicitly has type 'any' because no interface 'JSX.IntrinsicElements' exists.
src/pages/AiSettings.tsx(317,128): error TS7026: JSX element implicitly has type 'any' because no interface 'JSX.IntrinsicElements' exists.
src/pages/AiSettings.tsx(317,172): error TS7026: JSX element implicitly has type 'any' because no interface 'JSX.IntrinsicElements' exists.
src/pages/AiSettings.tsx(317,179): error TS7026: JSX element implicitly has type 'any' because no interface 'JSX.IntrinsicElements' exists.
src/pages/AiSettings.tsx(318,9): error TS7026: JSX element implicitly has type 'any' because no interface 'JSX.IntrinsicElements' exists.
src/pages/AiSettings.tsx(319,39): error TS7026: JSX element implicitly has type 'any' because no interface 'JSX.IntrinsicElements' exists.
src/pages/AiSettings.tsx(319,99): error TS7026: JSX element implicitly has type 'any' because no interface 'JSX.IntrinsicElements' exists.
src/pages/AiSettings.tsx(319,135): error TS7026: JSX element implicitly has type 'any' because no interface 'JSX.IntrinsicElements' exists.
src/pages/AiSettings.tsx(320,13): error TS7026: JSX element implicitly has type 'any' because no interface 'JSX.IntrinsicElements' exists.
src/pages/AiSettings.tsx(320,81): error TS7026: JSX element implicitly has type 'any' because no interface 'JSX.IntrinsicElements' exists.
src/pages/AiSettings.tsx(320,104): error TS7026: JSX element implicitly has type 'any' because no interface 'JSX.IntrinsicElements' exists.
src/pages/AiSettings.tsx(320,108): error TS7026: JSX element implicitly has type 'any' because no interface 'JSX.IntrinsicElements' exists.
src/pages/AiSettings.tsx(320,193): error TS7026: JSX element implicitly has type 'any' because no interface 'JSX.IntrinsicElements' exists.
src/pages/AiSettings.tsx(320,200): error TS7026: JSX element implicitly has type 'any' because no interface 'JSX.IntrinsicElements' exists.
src/pages/AiSettings.tsx(321,13): error TS7026: JSX element implicitly has type 'any' because no interface 'JSX.IntrinsicElements' exists.
src/pages/AiSettings.tsx(321,121): error TS7026: JSX element implicitly has type 'any' because no interface 'JSX.IntrinsicElements' exists.
src/pages/AiSettings.tsx(322,13): error TS7026: JSX element implicitly has type 'any' because no interface 'JSX.IntrinsicElements' exists.
src/pages/AiSettings.tsx(322,148): error TS7026: JSX element implicitly has type 'any' because no interface 'JSX.IntrinsicElements' exists.
src/pages/AiSettings.tsx(323,11): error TS7026: JSX element implicitly has type 'any' because no interface 'JSX.IntrinsicElements' exists.
src/pages/AiSettings.tsx(324,9): error TS7026: JSX element implicitly has type 'any' because no interface 'JSX.IntrinsicElements' exists.
src/pages/AiSettings.tsx(325,7): error TS7026: JSX element implicitly has type 'any' because no interface 'JSX.IntrinsicElements' exists.
src/pages/AiSettings.tsx(328,5): error TS7026: JSX element implicitly has type 'any' because no interface 'JSX.IntrinsicElements' exists.
src/pages/AiSettings.tsx(363,5): error TS7026: JSX element implicitly has type 'any' because no interface 'JSX.IntrinsicElements' exists.
src/pages/AiSettings.tsx(364,7): error TS7026: JSX element implicitly has type 'any' because no interface 'JSX.IntrinsicElements' exists.
src/pages/AiSettings.tsx(364,45): error TS7026: JSX element implicitly has type 'any' because no interface 'JSX.IntrinsicElements' exists.
src/pages/AiSettings.tsx(365,7): error TS7026: JSX element implicitly has type 'any' because no interface 'JSX.IntrinsicElements' exists.
src/pages/AiSettings.tsx(368,7): error TS7026: JSX element implicitly has type 'any' because no interface 'JSX.IntrinsicElements' exists.
src/pages/AiSettings.tsx(370,7): error TS7026: JSX element implicitly has type 'any' because no interface 'JSX.IntrinsicElements' exists.
src/pages/AiSettings.tsx(371,9): error TS7026: JSX element implicitly has type 'any' because no interface 'JSX.IntrinsicElements' exists.
src/pages/AiSettings.tsx(372,11): error TS7026: JSX element implicitly has type 'any' because no interface 'JSX.IntrinsicElements' exists.
src/pages/AiSettings.tsx(372,122): error TS7026: JSX element implicitly has type 'any' because no interface 'JSX.IntrinsicElements' exists.
src/pages/AiSettings.tsx(373,11): error TS7026: JSX element implicitly has type 'any' because no interface 'JSX.IntrinsicElements' exists.
src/pages/AiSettings.tsx(374,11): error TS7026: JSX element implicitly has type 'any' because no interface 'JSX.IntrinsicElements' exists.
src/pages/AiSettings.tsx(375,13): error TS7026: JSX element implicitly has type 'any' because no interface 'JSX.IntrinsicElements' exists.
src/pages/AiSettings.tsx(375,93): error TS7026: JSX element implicitly has type 'any' because no interface 'JSX.IntrinsicElements' exists.
src/pages/AiSettings.tsx(376,13): error TS7026: JSX element implicitly has type 'any' because no interface 'JSX.IntrinsicElements' exists.
src/pages/AiSettings.tsx(376,135): error TS7026: JSX element implicitly has type 'any' because no interface 'JSX.IntrinsicElements' exists.
src/pages/AiSettings.tsx(377,11): error TS7026: JSX element implicitly has type 'any' because no interface 'JSX.IntrinsicElements' exists.
src/pages/AiSettings.tsx(378,9): error TS7026: JSX element implicitly has type 'any' because no interface 'JSX.IntrinsicElements' exists.
src/pages/AiSettings.tsx(379,9): error TS7026: JSX element implicitly has type 'any' because no interface 'JSX.IntrinsicElements' exists.
src/pages/AiSettings.tsx(380,11): error TS7026: JSX element implicitly has type 'any' because no interface 'JSX.IntrinsicElements' exists.
src/pages/AiSettings.tsx(380,121): error TS7026: JSX element implicitly has type 'any' because no interface 'JSX.IntrinsicElements' exists.
src/pages/AiSettings.tsx(381,11): error TS7026: JSX element implicitly has type 'any' because no interface 'JSX.IntrinsicElements' exists.
src/pages/AiSettings.tsx(382,11): error TS7026: JSX element implicitly has type 'any' because no interface 'JSX.IntrinsicElements' exists.
src/pages/AiSettings.tsx(383,13): error TS7026: JSX element implicitly has type 'any' because no interface 'JSX.IntrinsicElements' exists.
src/pages/AiSettings.tsx(383,91): error TS7026: JSX element implicitly has type 'any' because no interface 'JSX.IntrinsicElements' exists.
src/pages/AiSettings.tsx(384,13): error TS7026: JSX element implicitly has type 'any' because no interface 'JSX.IntrinsicElements' exists.
src/pages/AiSettings.tsx(384,134): error TS7026: JSX element implicitly has type 'any' because no interface 'JSX.IntrinsicElements' exists.
src/pages/AiSettings.tsx(385,11): error TS7026: JSX element implicitly has type 'any' because no interface 'JSX.IntrinsicElements' exists.
src/pages/AiSettings.tsx(386,9): error TS7026: JSX element implicitly has type 'any' because no interface 'JSX.IntrinsicElements' exists.
src/pages/AiSettings.tsx(387,7): error TS7026: JSX element implicitly has type 'any' because no interface 'JSX.IntrinsicElements' exists.
src/pages/AiSettings.tsx(388,15): error TS7026: JSX element implicitly has type 'any' because no interface 'JSX.IntrinsicElements' exists.
src/pages/AiSettings.tsx(388,87): error TS7026: JSX element implicitly has type 'any' because no interface 'JSX.IntrinsicElements' exists.
src/pages/AiSettings.tsx(389,5): error TS7026: JSX element implicitly has type 'any' because no interface 'JSX.IntrinsicElements' exists.
src/pages/AreaAnalyticsTab.tsx(10,21): error TS7026: JSX element implicitly has type 'any' because no interface 'JSX.IntrinsicElements' exists.
src/pages/AreaAnalyticsTab.tsx(10,21): error TS2875: This JSX tag requires the module path 'react/jsx-runtime' to exist, but none could be found. Make sure you have types for the appropriate package installed.
src/pages/AreaAnalyticsTab.tsx(10,67): error TS7026: JSX element implicitly has type 'any' because no interface 'JSX.IntrinsicElements' exists.
src/pages/AreaAnalyticsTab.tsx(11,21): error TS7026: JSX element implicitly has type 'any' because no interface 'JSX.IntrinsicElements' exists.
src/pages/AreaAnalyticsTab.tsx(11,36): error TS7026: JSX element implicitly has type 'any' because no interface 'JSX.IntrinsicElements' exists.
src/pages/AreaAnalyticsTab.tsx(13,5): error TS7026: JSX element implicitly has type 'any' because no interface 'JSX.IntrinsicElements' exists.
src/pages/AreaAnalyticsTab.tsx(14,7): error TS7026: JSX element implicitly has type 'any' because no interface 'JSX.IntrinsicElements' exists.
src/pages/AreaAnalyticsTab.tsx(14,74): error TS7026: JSX element implicitly has type 'any' because no interface 'JSX.IntrinsicElements' exists.
src/pages/AreaAnalyticsTab.tsx(15,7): error TS7026: JSX element implicitly has type 'any' because no interface 'JSX.IntrinsicElements' exists.
src/pages/AreaAnalyticsTab.tsx(15,68): error TS7026: JSX element implicitly has type 'any' because no interface 'JSX.IntrinsicElements' exists.
src/pages/AreaAnalyticsTab.tsx(17,5): error TS7026: JSX element implicitly has type 'any' because no interface 'JSX.IntrinsicElements' exists.
src/pages/AuditLog.tsx(1,37): error TS2307: Cannot find module 'react' or its corresponding type declarations.
src/pages/AuditLog.tsx(26,5): error TS7026: JSX element implicitly has type 'any' because no interface 'JSX.IntrinsicElements' exists.
src/pages/AuditLog.tsx(26,5): error TS2875: This JSX tag requires the module path 'react/jsx-runtime' to exist, but none could be found. Make sure you have types for the appropriate package installed.
src/pages/AuditLog.tsx(27,7): error TS7026: JSX element implicitly has type 'any' because no interface 'JSX.IntrinsicElements' exists.
src/pages/AuditLog.tsx(27,20): error TS7026: JSX element implicitly has type 'any' because no interface 'JSX.IntrinsicElements' exists.
src/pages/AuditLog.tsx(28,7): error TS7026: JSX element implicitly has type 'any' because no interface 'JSX.IntrinsicElements' exists.
src/pages/AuditLog.tsx(30,7): error TS7026: JSX element implicitly has type 'any' because no interface 'JSX.IntrinsicElements' exists.
src/pages/AuditLog.tsx(32,7): error TS7026: JSX element implicitly has type 'any' because no interface 'JSX.IntrinsicElements' exists.
src/pages/AuditLog.tsx(33,9): error TS7026: JSX element implicitly has type 'any' because no interface 'JSX.IntrinsicElements' exists.
src/pages/AuditLog.tsx(33,43): error TS7006: Parameter 'e' implicitly has an 'any' type.
src/pages/AuditLog.tsx(34,11): error TS7026: JSX element implicitly has type 'any' because no interface 'JSX.IntrinsicElements' exists.
src/pages/AuditLog.tsx(34,38): error TS7026: JSX element implicitly has type 'any' because no interface 'JSX.IntrinsicElements' exists.
src/pages/AuditLog.tsx(35,11): error TS7026: JSX element implicitly has type 'any' because no interface 'JSX.IntrinsicElements' exists.
src/pages/AuditLog.tsx(35,41): error TS7026: JSX element implicitly has type 'any' because no interface 'JSX.IntrinsicElements' exists.
src/pages/AuditLog.tsx(36,11): error TS7026: JSX element implicitly has type 'any' because no interface 'JSX.IntrinsicElements' exists.
src/pages/AuditLog.tsx(36,41): error TS7026: JSX element implicitly has type 'any' because no interface 'JSX.IntrinsicElements' exists.
src/pages/AuditLog.tsx(37,11): error TS7026: JSX element implicitly has type 'any' because no interface 'JSX.IntrinsicElements' exists.
src/pages/AuditLog.tsx(37,43): error TS7026: JSX element implicitly has type 'any' because no interface 'JSX.IntrinsicElements' exists.
src/pages/AuditLog.tsx(38,11): error TS7026: JSX element implicitly has type 'any' because no interface 'JSX.IntrinsicElements' exists.
src/pages/AuditLog.tsx(38,37): error TS7026: JSX element implicitly has type 'any' because no interface 'JSX.IntrinsicElements' exists.
src/pages/AuditLog.tsx(39,11): error TS7026: JSX element implicitly has type 'any' because no interface 'JSX.IntrinsicElements' exists.
src/pages/AuditLog.tsx(39,45): error TS7026: JSX element implicitly has type 'any' because no interface 'JSX.IntrinsicElements' exists.
src/pages/AuditLog.tsx(40,9): error TS7026: JSX element implicitly has type 'any' because no interface 'JSX.IntrinsicElements' exists.
src/pages/AuditLog.tsx(41,7): error TS7026: JSX element implicitly has type 'any' because no interface 'JSX.IntrinsicElements' exists.
src/pages/AuditLog.tsx(43,17): error TS7026: JSX element implicitly has type 'any' because no interface 'JSX.IntrinsicElements' exists.
src/pages/AuditLog.tsx(43,92): error TS7026: JSX element implicitly has type 'any' because no interface 'JSX.IntrinsicElements' exists.
src/pages/AuditLog.tsx(45,7): error TS7026: JSX element implicitly has type 'any' because no interface 'JSX.IntrinsicElements' exists.
src/pages/AuditLog.tsx(46,9): error TS7026: JSX element implicitly has type 'any' because no interface 'JSX.IntrinsicElements' exists.
src/pages/AuditLog.tsx(47,11): error TS7026: JSX element implicitly has type 'any' because no interface 'JSX.IntrinsicElements' exists.
src/pages/AuditLog.tsx(47,18): error TS7026: JSX element implicitly has type 'any' because no interface 'JSX.IntrinsicElements' exists.
src/pages/AuditLog.tsx(47,22): error TS7026: JSX element implicitly has type 'any' because no interface 'JSX.IntrinsicElements' exists.
src/pages/AuditLog.tsx(47,30): error TS7026: JSX element implicitly has type 'any' because no interface 'JSX.IntrinsicElements' exists.
src/pages/AuditLog.tsx(47,35): error TS7026: JSX element implicitly has type 'any' because no interface 'JSX.IntrinsicElements' exists.
src/pages/AuditLog.tsx(47,44): error TS7026: JSX element implicitly has type 'any' because no interface 'JSX.IntrinsicElements' exists.
src/pages/AuditLog.tsx(47,49): error TS7026: JSX element implicitly has type 'any' because no interface 'JSX.IntrinsicElements' exists.
src/pages/AuditLog.tsx(47,59): error TS7026: JSX element implicitly has type 'any' because no interface 'JSX.IntrinsicElements' exists.
src/pages/AuditLog.tsx(47,64): error TS7026: JSX element implicitly has type 'any' because no interface 'JSX.IntrinsicElements' exists.
src/pages/AuditLog.tsx(47,74): error TS7026: JSX element implicitly has type 'any' because no interface 'JSX.IntrinsicElements' exists.
src/pages/AuditLog.tsx(47,79): error TS7026: JSX element implicitly has type 'any' because no interface 'JSX.IntrinsicElements' exists.
src/pages/AuditLog.tsx(47,85): error TS7026: JSX element implicitly has type 'any' because no interface 'JSX.IntrinsicElements' exists.
src/pages/AuditLog.tsx(47,90): error TS7026: JSX element implicitly has type 'any' because no interface 'JSX.IntrinsicElements' exists.
src/pages/AuditLog.tsx(47,100): error TS7026: JSX element implicitly has type 'any' because no interface 'JSX.IntrinsicElements' exists.
src/pages/AuditLog.tsx(47,105): error TS7026: JSX element implicitly has type 'any' because no interface 'JSX.IntrinsicElements' exists.
src/pages/AuditLog.tsx(47,110): error TS7026: JSX element implicitly has type 'any' because no interface 'JSX.IntrinsicElements' exists.
src/pages/AuditLog.tsx(48,11): error TS7026: JSX element implicitly has type 'any' because no interface 'JSX.IntrinsicElements' exists.
src/pages/AuditLog.tsx(50,15): error TS7026: JSX element implicitly has type 'any' because no interface 'JSX.IntrinsicElements' exists.
src/pages/AuditLog.tsx(50,19): error TS7026: JSX element implicitly has type 'any' because no interface 'JSX.IntrinsicElements' exists.
src/pages/AuditLog.tsx(50,118): error TS7026: JSX element implicitly has type 'any' because no interface 'JSX.IntrinsicElements' exists.
src/pages/AuditLog.tsx(50,123): error TS7026: JSX element implicitly has type 'any' because no interface 'JSX.IntrinsicElements' exists.
src/pages/AuditLog.tsx(52,27): error TS7006: Parameter 'e' implicitly has an 'any' type.
src/pages/AuditLog.tsx(53,15): error TS7026: JSX element implicitly has type 'any' because no interface 'JSX.IntrinsicElements' exists.
src/pages/AuditLog.tsx(54,17): error TS7026: JSX element implicitly has type 'any' because no interface 'JSX.IntrinsicElements' exists.
src/pages/AuditLog.tsx(54,61): error TS7026: JSX element implicitly has type 'any' because no interface 'JSX.IntrinsicElements' exists.
src/pages/AuditLog.tsx(55,17): error TS7026: JSX element implicitly has type 'any' because no interface 'JSX.IntrinsicElements' exists.
src/pages/AuditLog.tsx(55,36): error TS7026: JSX element implicitly has type 'any' because no interface 'JSX.IntrinsicElements' exists.
src/pages/AuditLog.tsx(56,17): error TS7026: JSX element implicitly has type 'any' because no interface 'JSX.IntrinsicElements' exists.
src/pages/AuditLog.tsx(56,35): error TS7026: JSX element implicitly has type 'any' because no interface 'JSX.IntrinsicElements' exists.
src/pages/AuditLog.tsx(57,17): error TS7026: JSX element implicitly has type 'any' because no interface 'JSX.IntrinsicElements' exists.
src/pages/AuditLog.tsx(57,21): error TS7026: JSX element implicitly has type 'any' because no interface 'JSX.IntrinsicElements' exists.
src/pages/AuditLog.tsx(57,82): error TS7026: JSX element implicitly has type 'any' because no interface 'JSX.IntrinsicElements' exists.
src/pages/AuditLog.tsx(57,89): error TS7026: JSX element implicitly has type 'any' because no interface 'JSX.IntrinsicElements' exists.
src/pages/AuditLog.tsx(58,17): error TS7026: JSX element implicitly has type 'any' because no interface 'JSX.IntrinsicElements' exists.
src/pages/AuditLog.tsx(58,30): error TS7026: JSX element implicitly has type 'any' because no interface 'JSX.IntrinsicElements' exists.
src/pages/AuditLog.tsx(59,17): error TS7026: JSX element implicitly has type 'any' because no interface 'JSX.IntrinsicElements' exists.
src/pages/AuditLog.tsx(59,33): error TS7026: JSX element implicitly has type 'any' because no interface 'JSX.IntrinsicElements' exists.
src/pages/AuditLog.tsx(59,72): error TS7026: JSX element implicitly has type 'any' because no interface 'JSX.IntrinsicElements' exists.
src/pages/AuditLog.tsx(59,111): error TS7026: JSX element implicitly has type 'any' because no interface 'JSX.IntrinsicElements' exists.
src/pages/AuditLog.tsx(60,15): error TS7026: JSX element implicitly has type 'any' because no interface 'JSX.IntrinsicElements' exists.
src/pages/AuditLog.tsx(62,11): error TS7026: JSX element implicitly has type 'any' because no interface 'JSX.IntrinsicElements' exists.
src/pages/AuditLog.tsx(63,9): error TS7026: JSX element implicitly has type 'any' because no interface 'JSX.IntrinsicElements' exists.
src/pages/AuditLog.tsx(64,7): error TS7026: JSX element implicitly has type 'any' because no interface 'JSX.IntrinsicElements' exists.
src/pages/AuditLog.tsx(65,5): error TS7026: JSX element implicitly has type 'any' because no interface 'JSX.IntrinsicElements' exists.
src/pages/Backup.tsx(1,37): error TS2307: Cannot find module 'react' or its corresponding type declarations.
src/pages/Backup.tsx(51,5): error TS7026: JSX element implicitly has type 'any' because no interface 'JSX.IntrinsicElements' exists.
src/pages/Backup.tsx(51,5): error TS2875: This JSX tag requires the module path 'react/jsx-runtime' to exist, but none could be found. Make sure you have types for the appropriate package installed.
src/pages/Backup.tsx(52,7): error TS7026: JSX element implicitly has type 'any' because no interface 'JSX.IntrinsicElements' exists.
src/pages/Backup.tsx(52,31): error TS7026: JSX element implicitly has type 'any' because no interface 'JSX.IntrinsicElements' exists.
src/pages/Backup.tsx(53,7): error TS7026: JSX element implicitly has type 'any' because no interface 'JSX.IntrinsicElements' exists.
src/pages/Backup.tsx(57,7): error TS7026: JSX element implicitly has type 'any' because no interface 'JSX.IntrinsicElements' exists.
src/pages/Backup.tsx(60,9): error TS7026: JSX element implicitly has type 'any' because no interface 'JSX.IntrinsicElements' exists.
src/pages/Backup.tsx(61,11): error TS7026: JSX element implicitly has type 'any' because no interface 'JSX.IntrinsicElements' exists.
src/pages/Backup.tsx(61,48): error TS7026: JSX element implicitly has type 'any' because no interface 'JSX.IntrinsicElements' exists.
src/pages/Backup.tsx(61,92): error TS7026: JSX element implicitly has type 'any' because no interface 'JSX.IntrinsicElements' exists.
src/pages/Backup.tsx(61,98): error TS7026: JSX element implicitly has type 'any' because no interface 'JSX.IntrinsicElements' exists.
src/pages/Backup.tsx(61,134): error TS7026: JSX element implicitly has type 'any' because no interface 'JSX.IntrinsicElements' exists.
src/pages/Backup.tsx(61,140): error TS7026: JSX element implicitly has type 'any' because no interface 'JSX.IntrinsicElements' exists.
src/pages/Backup.tsx(62,11): error TS7026: JSX element implicitly has type 'any' because no interface 'JSX.IntrinsicElements' exists.
src/pages/Backup.tsx(62,48): error TS7026: JSX element implicitly has type 'any' because no interface 'JSX.IntrinsicElements' exists.
src/pages/Backup.tsx(62,95): error TS7026: JSX element implicitly has type 'any' because no interface 'JSX.IntrinsicElements' exists.
src/pages/Backup.tsx(62,101): error TS7026: JSX element implicitly has type 'any' because no interface 'JSX.IntrinsicElements' exists.
src/pages/Backup.tsx(62,134): error TS7026: JSX element implicitly has type 'any' because no interface 'JSX.IntrinsicElements' exists.
src/pages/Backup.tsx(62,140): error TS7026: JSX element implicitly has type 'any' because no interface 'JSX.IntrinsicElements' exists.
src/pages/Backup.tsx(63,11): error TS7026: JSX element implicitly has type 'any' because no interface 'JSX.IntrinsicElements' exists.
src/pages/Backup.tsx(63,48): error TS7026: JSX element implicitly has type 'any' because no interface 'JSX.IntrinsicElements' exists.
src/pages/Backup.tsx(63,94): error TS7026: JSX element implicitly has type 'any' because no interface 'JSX.IntrinsicElements' exists.
src/pages/Backup.tsx(63,100): error TS7026: JSX element implicitly has type 'any' because no interface 'JSX.IntrinsicElements' exists.
src/pages/Backup.tsx(63,138): error TS7026: JSX element implicitly has type 'any' because no interface 'JSX.IntrinsicElements' exists.
src/pages/Backup.tsx(63,144): error TS7026: JSX element implicitly has type 'any' because no interface 'JSX.IntrinsicElements' exists.
src/pages/Backup.tsx(64,11): error TS7026: JSX element implicitly has type 'any' because no interface 'JSX.IntrinsicElements' exists.
src/pages/Backup.tsx(64,48): error TS7026: JSX element implicitly has type 'any' because no interface 'JSX.IntrinsicElements' exists.
src/pages/Backup.tsx(64,168): error TS7026: JSX element implicitly has type 'any' because no interface 'JSX.IntrinsicElements' exists.
src/pages/Backup.tsx(64,174): error TS7026: JSX element implicitly has type 'any' because no interface 'JSX.IntrinsicElements' exists.
src/pages/Backup.tsx(64,208): error TS7026: JSX element implicitly has type 'any' because no interface 'JSX.IntrinsicElements' exists.
src/pages/Backup.tsx(64,214): error TS7026: JSX element implicitly has type 'any' because no interface 'JSX.IntrinsicElements' exists.
src/pages/Backup.tsx(65,9): error TS7026: JSX element implicitly has type 'any' because no interface 'JSX.IntrinsicElements' exists.
src/pages/Backup.tsx(68,7): error TS7026: JSX element implicitly has type 'any' because no interface 'JSX.IntrinsicElements' exists.
src/pages/Backup.tsx(69,9): error TS7026: JSX element implicitly has type 'any' because no interface 'JSX.IntrinsicElements' exists.
src/pages/Backup.tsx(69,97): error TS7006: Parameter 'e' implicitly has an 'any' type.
src/pages/Backup.tsx(70,9): error TS7026: JSX element implicitly has type 'any' because no interface 'JSX.IntrinsicElements' exists.
src/pages/Backup.tsx(70,73): error TS7026: JSX element implicitly has type 'any' because no interface 'JSX.IntrinsicElements' exists.
src/pages/Backup.tsx(71,7): error TS7026: JSX element implicitly has type 'any' because no interface 'JSX.IntrinsicElements' exists.
src/pages/Backup.tsx(74,9): error TS7026: JSX element implicitly has type 'any' because no interface 'JSX.IntrinsicElements' exists.
src/pages/Backup.tsx(75,11): error TS7026: JSX element implicitly has type 'any' because no interface 'JSX.IntrinsicElements' exists.
src/pages/Backup.tsx(75,37): error TS7026: JSX element implicitly has type 'any' because no interface 'JSX.IntrinsicElements' exists.
src/pages/Backup.tsx(75,49): error TS7026: JSX element implicitly has type 'any' because no interface 'JSX.IntrinsicElements' exists.
src/pages/Backup.tsx(75,136): error TS7026: JSX element implicitly has type 'any' because no interface 'JSX.IntrinsicElements' exists.
src/pages/Backup.tsx(76,23): error TS7026: JSX element implicitly has type 'any' because no interface 'JSX.IntrinsicElements' exists.
src/pages/Backup.tsx(76,133): error TS7026: JSX element implicitly has type 'any' because no interface 'JSX.IntrinsicElements' exists.
src/pages/Backup.tsx(77,9): error TS7026: JSX element implicitly has type 'any' because no interface 'JSX.IntrinsicElements' exists.
src/pages/Backup.tsx(80,17): error TS7026: JSX element implicitly has type 'any' because no interface 'JSX.IntrinsicElements' exists.
src/pages/Backup.tsx(80,92): error TS7026: JSX element implicitly has type 'any' because no interface 'JSX.IntrinsicElements' exists.
src/pages/Backup.tsx(82,7): error TS7026: JSX element implicitly has type 'any' because no interface 'JSX.IntrinsicElements' exists.
src/pages/Backup.tsx(83,9): error TS7026: JSX element implicitly has type 'any' because no interface 'JSX.IntrinsicElements' exists.
src/pages/Backup.tsx(83,31): error TS7026: JSX element implicitly has type 'any' because no interface 'JSX.IntrinsicElements' exists.
src/pages/Backup.tsx(84,9): error TS7026: JSX element implicitly has type 'any' because no interface 'JSX.IntrinsicElements' exists.
src/pages/Backup.tsx(85,11): error TS7026: JSX element implicitly has type 'any' because no interface 'JSX.IntrinsicElements' exists.
src/pages/Backup.tsx(85,18): error TS7026: JSX element implicitly has type 'any' because no interface 'JSX.IntrinsicElements' exists.
src/pages/Backup.tsx(85,22): error TS7026: JSX element implicitly has type 'any' because no interface 'JSX.IntrinsicElements' exists.
src/pages/Backup.tsx(85,33): error TS7026: JSX element implicitly has type 'any' because no interface 'JSX.IntrinsicElements' exists.
src/pages/Backup.tsx(85,38): error TS7026: JSX element implicitly has type 'any' because no interface 'JSX.IntrinsicElements' exists.
src/pages/Backup.tsx(85,47): error TS7026: JSX element implicitly has type 'any' because no interface 'JSX.IntrinsicElements' exists.
src/pages/Backup.tsx(85,52): error TS7026: JSX element implicitly has type 'any' because no interface 'JSX.IntrinsicElements' exists.
src/pages/Backup.tsx(85,60): error TS7026: JSX element implicitly has type 'any' because no interface 'JSX.IntrinsicElements' exists.
src/pages/Backup.tsx(85,65): error TS7026: JSX element implicitly has type 'any' because no interface 'JSX.IntrinsicElements' exists.
src/pages/Backup.tsx(85,75): error TS7026: JSX element implicitly has type 'any' because no interface 'JSX.IntrinsicElements' exists.
src/pages/Backup.tsx(85,80): error TS7026: JSX element implicitly has type 'any' because no interface 'JSX.IntrinsicElements' exists.
src/pages/Backup.tsx(85,84): error TS7026: JSX element implicitly has type 'any' because no interface 'JSX.IntrinsicElements' exists.
src/pages/Backup.tsx(85,89): error TS7026: JSX element implicitly has type 'any' because no interface 'JSX.IntrinsicElements' exists.
src/pages/Backup.tsx(85,94): error TS7026: JSX element implicitly has type 'any' because no interface 'JSX.IntrinsicElements' exists.
src/pages/Backup.tsx(86,11): error TS7026: JSX element implicitly has type 'any' because no interface 'JSX.IntrinsicElements' exists.
src/pages/Backup.tsx(87,27): error TS7006: Parameter 'b' implicitly has an 'any' type.
src/pages/Backup.tsx(88,44): error TS7006: Parameter 'f' implicitly has an 'any' type.
src/pages/Backup.tsx(89,44): error TS7006: Parameter 'f' implicitly has an 'any' type.
src/pages/Backup.tsx(91,17): error TS7026: JSX element implicitly has type 'any' because no interface 'JSX.IntrinsicElements' exists.
src/pages/Backup.tsx(92,19): error TS7026: JSX element implicitly has type 'any' because no interface 'JSX.IntrinsicElements' exists.
src/pages/Backup.tsx(92,64): error TS7026: JSX element implicitly has type 'any' because no interface 'JSX.IntrinsicElements' exists.
src/pages/Backup.tsx(93,19): error TS7026: JSX element implicitly has type 'any' because no interface 'JSX.IntrinsicElements' exists.
src/pages/Backup.tsx(93,39): error TS7026: JSX element implicitly has type 'any' because no interface 'JSX.IntrinsicElements' exists.
src/pages/Backup.tsx(94,19): error TS7026: JSX element implicitly has type 'any' because no interface 'JSX.IntrinsicElements' exists.
src/pages/Backup.tsx(94,106): error TS7026: JSX element implicitly has type 'any' because no interface 'JSX.IntrinsicElements' exists.
src/pages/Backup.tsx(95,19): error TS7026: JSX element implicitly has type 'any' because no interface 'JSX.IntrinsicElements' exists.
src/pages/Backup.tsx(95,23): error TS7026: JSX element implicitly has type 'any' because no interface 'JSX.IntrinsicElements' exists.
src/pages/Backup.tsx(95,107): error TS7026: JSX element implicitly has type 'any' because no interface 'JSX.IntrinsicElements' exists.
src/pages/Backup.tsx(95,114): error TS7026: JSX element implicitly has type 'any' because no interface 'JSX.IntrinsicElements' exists.
src/pages/Backup.tsx(96,19): error TS7026: JSX element implicitly has type 'any' because no interface 'JSX.IntrinsicElements' exists.
src/pages/Backup.tsx(99,25): error TS7026: JSX element implicitly has type 'any' because no interface 'JSX.IntrinsicElements' exists.
src/pages/Backup.tsx(99,154): error TS7026: JSX element implicitly has type 'any' because no interface 'JSX.IntrinsicElements' exists.
src/pages/Backup.tsx(100,25): error TS7026: JSX element implicitly has type 'any' because no interface 'JSX.IntrinsicElements' exists.
src/pages/Backup.tsx(100,95): error TS7026: JSX element implicitly has type 'any' because no interface 'JSX.IntrinsicElements' exists.
src/pages/Backup.tsx(103,23): error TS7026: JSX element implicitly has type 'any' because no interface 'JSX.IntrinsicElements' exists.
src/pages/Backup.tsx(103,119): error TS7026: JSX element implicitly has type 'any' because no interface 'JSX.IntrinsicElements' exists.
src/pages/Backup.tsx(105,19): error TS7026: JSX element implicitly has type 'any' because no interface 'JSX.IntrinsicElements' exists.
src/pages/Backup.tsx(106,17): error TS7026: JSX element implicitly has type 'any' because no interface 'JSX.IntrinsicElements' exists.
src/pages/Backup.tsx(109,11): error TS7026: JSX element implicitly has type 'any' because no interface 'JSX.IntrinsicElements' exists.
src/pages/Backup.tsx(110,9): error TS7026: JSX element implicitly has type 'any' because no interface 'JSX.IntrinsicElements' exists.
src/pages/Backup.tsx(111,7): error TS7026: JSX element implicitly has type 'any' because no interface 'JSX.IntrinsicElements' exists.
src/pages/Backup.tsx(112,5): error TS7026: JSX element implicitly has type 'any' because no interface 'JSX.IntrinsicElements' exists.
src/pages/BulkOrganizer.tsx(1,87): error TS2307: Cannot find module 'react' or its corresponding type declarations.
src/pages/BulkOrganizer.tsx(7,8): error TS2307: Cannot find module 'lucide-react' or its corresponding type declarations.
src/pages/BulkOrganizer.tsx(98,14): error TS7026: JSX element implicitly has type 'any' because no interface 'JSX.IntrinsicElements' exists.
src/pages/BulkOrganizer.tsx(98,14): error TS2875: This JSX tag requires the module path 'react/jsx-runtime' to exist, but none could be found. Make sure you have types for the appropriate package installed.
src/pages/BulkOrganizer.tsx(99,9): error TS7026: JSX element implicitly has type 'any' because no interface 'JSX.IntrinsicElements' exists.
src/pages/BulkOrganizer.tsx(100,11): error TS7026: JSX element implicitly has type 'any' because no interface 'JSX.IntrinsicElements' exists.
src/pages/BulkOrganizer.tsx(100,52): error TS7026: JSX element implicitly has type 'any' because no interface 'JSX.IntrinsicElements' exists.
src/pages/BulkOrganizer.tsx(101,11): error TS7026: JSX element implicitly has type 'any' because no interface 'JSX.IntrinsicElements' exists.
src/pages/BulkOrganizer.tsx(101,125): error TS7026: JSX element implicitly has type 'any' because no interface 'JSX.IntrinsicElements' exists.
src/pages/BulkOrganizer.tsx(102,11): error TS7026: JSX element implicitly has type 'any' because no interface 'JSX.IntrinsicElements' exists.
src/pages/BulkOrganizer.tsx(102,37): error TS7026: JSX element implicitly has type 'any' because no interface 'JSX.IntrinsicElements' exists.
src/pages/BulkOrganizer.tsx(103,11): error TS7026: JSX element implicitly has type 'any' because no interface 'JSX.IntrinsicElements' exists.
src/pages/BulkOrganizer.tsx(103,53): error TS2339: Property 'setState' does not exist on type 'BulkOrganizerErrorBoundary'.
src/pages/BulkOrganizer.tsx(103,106): error TS7026: JSX element implicitly has type 'any' because no interface 'JSX.IntrinsicElements' exists.
src/pages/BulkOrganizer.tsx(104,9): error TS7026: JSX element implicitly has type 'any' because no interface 'JSX.IntrinsicElements' exists.
src/pages/BulkOrganizer.tsx(105,7): error TS7026: JSX element implicitly has type 'any' because no interface 'JSX.IntrinsicElements' exists.
src/pages/BulkOrganizer.tsx(107,17): error TS2339: Property 'props' does not exist on type 'BulkOrganizerErrorBoundary'.
src/pages/BulkOrganizer.tsx(285,79): error TS7006: Parameter 'vh' implicitly has an 'any' type.
src/pages/BulkOrganizer.tsx(286,74): error TS7006: Parameter 'vh' implicitly has an 'any' type.
src/pages/BulkOrganizer.tsx(350,15): error TS7006: Parameter 'x' implicitly has an 'any' type.
src/pages/BulkOrganizer.tsx(394,19): error TS7006: Parameter 'p' implicitly has an 'any' type.
src/pages/BulkOrganizer.tsx(409,54): error TS7006: Parameter 'v' implicitly has an 'any' type.
src/pages/BulkOrganizer.tsx(410,51): error TS7006: Parameter 'a' implicitly has an 'any' type.
src/pages/BulkOrganizer.tsx(415,43): error TS7006: Parameter 'i' implicitly has an 'any' type.
src/pages/BulkOrganizer.tsx(416,51): error TS7006: Parameter 'i' implicitly has an 'any' type.
src/pages/BulkOrganizer.tsx(419,66): error TS7006: Parameter 'i' implicitly has an 'any' type.
src/pages/BulkOrganizer.tsx(419,114): error TS7006: Parameter 'w' implicitly has an 'any' type.
src/pages/BulkOrganizer.tsx(425,41): error TS7006: Parameter 'n' implicitly has an 'any' type.
src/pages/BulkOrganizer.tsx(425,44): error TS7006: Parameter 'i' implicitly has an 'any' type.
src/pages/BulkOrganizer.tsx(426,92): error TS7006: Parameter 'i' implicitly has an 'any' type.
src/pages/BulkOrganizer.tsx(429,43): error TS7006: Parameter 'i' implicitly has an 'any' type.
src/pages/BulkOrganizer.tsx(459,95): error TS7006: Parameter 'b' implicitly has an 'any' type.
src/pages/BulkOrganizer.tsx(460,61): error TS7006: Parameter 'i' implicitly has an 'any' type.
src/pages/BulkOrganizer.tsx(463,37): error TS7006: Parameter 'i' implicitly has an 'any' type.
src/pages/BulkOrganizer.tsx(466,153): error TS7006: Parameter 'n' implicitly has an 'any' type.
src/pages/BulkOrganizer.tsx(466,155): error TS7006: Parameter 'i' implicitly has an 'any' type.
src/pages/BulkOrganizer.tsx(466,238): error TS7006: Parameter 'n' implicitly has an 'any' type.
src/pages/BulkOrganizer.tsx(466,240): error TS7006: Parameter 'i' implicitly has an 'any' type.
src/pages/BulkOrganizer.tsx(511,54): error TS7006: Parameter 'i' implicitly has an 'any' type.
src/pages/BulkOrganizer.tsx(519,39): error TS7006: Parameter 'x' implicitly has an 'any' type.
src/pages/BulkOrganizer.tsx(535,54): error TS7006: Parameter 'i' implicitly has an 'any' type.
src/pages/BulkOrganizer.tsx(540,13): error TS7006: Parameter 'x' implicitly has an 'any' type.
src/pages/BulkOrganizer.tsx(543,43): error TS7006: Parameter 'i' implicitly has an 'any' type.
src/pages/BulkOrganizer.tsx(545,94): error TS7006: Parameter 'i' implicitly has an 'any' type.
src/pages/BulkOrganizer.tsx(552,13): error TS7006: Parameter 'x' implicitly has an 'any' type.
src/pages/BulkOrganizer.tsx(554,43): error TS7006: Parameter 'i' implicitly has an 'any' type.
src/pages/BulkOrganizer.tsx(556,94): error TS7006: Parameter 'i' implicitly has an 'any' type.
src/pages/BulkOrganizer.tsx(563,46): error TS7006: Parameter 'i' implicitly has an 'any' type.
src/pages/BulkOrganizer.tsx(573,64): error TS7006: Parameter 'i' implicitly has an 'any' type.
src/pages/BulkOrganizer.tsx(589,25): error TS7006: Parameter 'ids' implicitly has an 'any' type.
src/pages/BulkOrganizer.tsx(589,62): error TS7006: Parameter 'x' implicitly has an 'any' type.
src/pages/BulkOrganizer.tsx(594,33): error TS7006: Parameter 'i' implicitly has an 'any' type.
src/pages/BulkOrganizer.tsx(599,51): error TS7006: Parameter 'v' implicitly has an 'any' type.
src/pages/BulkOrganizer.tsx(604,27): error TS7006: Parameter 'cfg' implicitly has an 'any' type.
src/pages/BulkOrganizer.tsx(645,56): error TS7006: Parameter 'i' implicitly has an 'any' type.
src/pages/BulkOrganizer.tsx(697,63): error TS7006: Parameter 'i' implicitly has an 'any' type.
src/pages/BulkOrganizer.tsx(702,39): error TS7006: Parameter 'x' implicitly has an 'any' type.
src/pages/BulkOrganizer.tsx(726,46): error TS7006: Parameter 'i' implicitly has an 'any' type.
src/pages/BulkOrganizer.tsx(755,26): error TS7006: Parameter 'current' implicitly has an 'any' type.
src/pages/BulkOrganizer.tsx(755,52): error TS7006: Parameter 'i' implicitly has an 'any' type.
src/pages/BulkOrganizer.tsx(768,25): error TS7006: Parameter 'prev' implicitly has an 'any' type.
src/pages/BulkOrganizer.tsx(777,36): error TS7006: Parameter 'c' implicitly has an 'any' type.
src/pages/BulkOrganizer.tsx(780,20): error TS7006: Parameter 'x' implicitly has an 'any' type.
src/pages/BulkOrganizer.tsx(786,36): error TS7006: Parameter 'c' implicitly has an 'any' type.
src/pages/BulkOrganizer.tsx(786,81): error TS7006: Parameter 'c' implicitly has an 'any' type.
src/pages/BulkOrganizer.tsx(790,20): error TS7006: Parameter 'x' implicitly has an 'any' type.
src/pages/BulkOrganizer.tsx(794,38): error TS7006: Parameter 'b' implicitly has an 'any' type.
src/pages/BulkOrganizer.tsx(796,43): error TS7006: Parameter 'i' implicitly has an 'any' type.
src/pages/BulkOrganizer.tsx(798,39): error TS7006: Parameter 'x' implicitly has an 'any' type.
src/pages/BulkOrganizer.tsx(816,39): error TS7006: Parameter 'x' implicitly has an 'any' type.
src/pages/BulkOrganizer.tsx(819,31): error TS7006: Parameter 'i' implicitly has an 'any' type.
src/pages/BulkOrganizer.tsx(834,19): error TS7006: Parameter 'x' implicitly has an 'any' type.
src/pages/BulkOrganizer.tsx(834,40): error TS7006: Parameter 'z' implicitly has an 'any' type.
src/pages/BulkOrganizer.tsx(835,47): error TS7006: Parameter 'z' implicitly has an 'any' type.
src/pages/BulkOrganizer.tsx(839,13): error TS7006: Parameter 'x' implicitly has an 'any' type.
src/pages/BulkOrganizer.tsx(839,34): error TS7006: Parameter 'z' implicitly has an 'any' type.
src/pages/BulkOrganizer.tsx(840,45): error TS7006: Parameter 'z' implicitly has an 'any' type.
src/pages/BulkOrganizer.tsx(967,56): error TS7006: Parameter 'v' implicitly has an 'any' type.
src/pages/BulkOrganizer.tsx(987,62): error TS7006: Parameter 's' implicitly has an 'any' type.
src/pages/BulkOrganizer.tsx(988,37): error TS7006: Parameter 's' implicitly has an 'any' type.
src/pages/BulkOrganizer.tsx(989,40): error TS7006: Parameter 'b' implicitly has an 'any' type.
src/pages/BulkOrganizer.tsx(989,108): error TS7006: Parameter 'b' implicitly has an 'any' type.
src/pages/BulkOrganizer.tsx(997,43): error TS7006: Parameter 'x' implicitly has an 'any' type.
src/pages/BulkOrganizer.tsx(1039,18): error TS7006: Parameter 'x' implicitly has an 'any' type.
src/pages/BulkOrganizer.tsx(1039,102): error TS7006: Parameter 'd' implicitly has an 'any' type.
src/pages/BulkOrganizer.tsx(1043,18): error TS7006: Parameter 'x' implicitly has an 'any' type.
src/pages/BulkOrganizer.tsx(1044,53): error TS7006: Parameter 'v' implicitly has an 'any' type.
src/pages/BulkOrganizer.tsx(1053,67): error TS7006: Parameter 'x' implicitly has an 'any' type.
src/pages/BulkOrganizer.tsx(1121,17): error TS7006: Parameter 'x' implicitly has an 'any' type.
src/pages/BulkOrganizer.tsx(1122,13): error TS7006: Parameter 'x' implicitly has an 'any' type.
src/pages/BulkOrganizer.tsx(1132,17): error TS7006: Parameter 'x' implicitly has an 'any' type.
src/pages/BulkOrganizer.tsx(1132,61): error TS7006: Parameter 'b' implicitly has an 'any' type.
src/pages/BulkOrganizer.tsx(1133,13): error TS7006: Parameter 'x' implicitly has an 'any' type.
src/pages/BulkOrganizer.tsx(1133,65): error TS7006: Parameter 'b' implicitly has an 'any' type.
src/pages/BulkOrganizer.tsx(1133,137): error TS7006: Parameter 's' implicitly has an 'any' type.
src/pages/BulkOrganizer.tsx(1139,17): error TS7006: Parameter 'x' implicitly has an 'any' type.
src/pages/BulkOrganizer.tsx(1139,65): error TS7006: Parameter 'z' implicitly has an 'any' type.
src/pages/BulkOrganizer.tsx(1140,13): error TS7006: Parameter 'x' implicitly has an 'any' type.
src/pages/BulkOrganizer.tsx(1140,69): error TS7006: Parameter 'z' implicitly has an 'any' type.
src/pages/BulkOrganizer.tsx(1145,17): error TS7006: Parameter 'x' implicitly has an 'any' type.
src/pages/BulkOrganizer.tsx(1145,61): error TS7006: Parameter 'b' implicitly has an 'any' type.
src/pages/BulkOrganizer.tsx(1146,13): error TS7006: Parameter 'x' implicitly has an 'any' type.
src/pages/BulkOrganizer.tsx(1146,65): error TS7006: Parameter 'b' implicitly has an 'any' type.
src/pages/BulkOrganizer.tsx(1153,13): error TS7006: Parameter 'x' implicitly has an 'any' type.
src/pages/BulkOrganizer.tsx(1160,17): error TS7006: Parameter 'x' implicitly has an 'any' type.
src/pages/BulkOrganizer.tsx(1161,13): error TS7006: Parameter 'x' implicitly has an 'any' type.
src/pages/BulkOrganizer.tsx(1173,186): error TS7006: Parameter 'r' implicitly has an 'any' type.
src/pages/BulkOrganizer.tsx(1181,42): error TS7006: Parameter 'r' implicitly has an 'any' type.
src/pages/BulkOrganizer.tsx(1183,33): error TS7006: Parameter 'r' implicitly has an 'any' type.
src/pages/BulkOrganizer.tsx(1186,39): error TS7006: Parameter 'c' implicitly has an 'any' type.
src/pages/BulkOrganizer.tsx(1186,86): error TS7006: Parameter 'c' implicitly has an 'any' type.
src/pages/BulkOrganizer.tsx(1188,73): error TS7006: Parameter 's' implicitly has an 'any' type.
src/pages/BulkOrganizer.tsx(1219,37): error TS7006: Parameter 'c' implicitly has an 'any' type.
src/pages/BulkOrganizer.tsx(1219,94): error TS7006: Parameter 'c' implicitly has an 'any' type.
src/pages/BulkOrganizer.tsx(1230,146): error TS7006: Parameter 's' implicitly has an 'any' type.
src/pages/BulkOrganizer.tsx(1270,176): error TS7006: Parameter 's' implicitly has an 'any' type.
src/pages/BulkOrganizer.tsx(1324,48): error TS7006: Parameter 'x' implicitly has an 'any' type.
src/pages/BulkOrganizer.tsx(1324,241): error TS7006: Parameter 'i' implicitly has an 'any' type.
src/pages/BulkOrganizer.tsx(1327,13): error TS7006: Parameter 'x' implicitly has an 'any' type.
src/pages/BulkOrganizer.tsx(1338,13): error TS7006: Parameter 'x' implicitly has an 'any' type.
src/pages/BulkOrganizer.tsx(1346,122): error TS7006: Parameter 'v' implicitly has an 'any' type.
src/pages/BulkOrganizer.tsx(1353,55): error TS7006: Parameter 'b' implicitly has an 'any' type.
src/pages/BulkOrganizer.tsx(1356,62): error TS7006: Parameter 's' implicitly has an 'any' type.
src/pages/BulkOrganizer.tsx(1357,45): error TS7006: Parameter 'i' implicitly has an 'any' type.
src/pages/BulkOrganizer.tsx(1362,247): error TS7006: Parameter 'i' implicitly has an 'any' type.
src/pages/BulkOrganizer.tsx(1364,68): error TS7006: Parameter 'i' implicitly has an 'any' type.
src/pages/BulkOrganizer.tsx(1393,40): error TS7006: Parameter 'i' implicitly has an 'any' type.
src/pages/BulkOrganizer.tsx(1406,22): error TS7006: Parameter 'c' implicitly has an 'any' type.
src/pages/BulkOrganizer.tsx(1406,125): error TS7006: Parameter 'c' implicitly has an 'any' type.
src/pages/BulkOrganizer.tsx(1407,69): error TS7006: Parameter 'b' implicitly has an 'any' type.
src/pages/BulkOrganizer.tsx(1411,12): error TS7006: Parameter 'b' implicitly has an 'any' type.
src/pages/BulkOrganizer.tsx(1412,44): error TS7006: Parameter 's' implicitly has an 'any' type.
src/pages/BulkOrganizer.tsx(1412,219): error TS7006: Parameter 's' implicitly has an 'any' type.
src/pages/BulkOrganizer.tsx(1413,22): error TS7006: Parameter 'i' implicitly has an 'any' type.
src/pages/BulkOrganizer.tsx(1416,65): error TS7006: Parameter 'i' implicitly has an 'any' type.
src/pages/BulkOrganizer.tsx(1416,116): error TS7006: Parameter 'n' implicitly has an 'any' type.
src/pages/BulkOrganizer.tsx(1416,118): error TS7006: Parameter 'i' implicitly has an 'any' type.
src/pages/BulkOrganizer.tsx(1419,46): error TS7006: Parameter 'i' implicitly has an 'any' type.
src/pages/BulkOrganizer.tsx(1425,41): error TS7006: Parameter 'x' implicitly has an 'any' type.
src/pages/BulkOrganizer.tsx(1436,10): error TS7026: JSX element implicitly has type 'any' because no interface 'JSX.IntrinsicElements' exists.
src/pages/BulkOrganizer.tsx(1437,5): error TS7026: JSX element implicitly has type 'any' because no interface 'JSX.IntrinsicElements' exists.
src/pages/BulkOrganizer.tsx(1438,7): error TS7026: JSX element implicitly has type 'any' because no interface 'JSX.IntrinsicElements' exists.
src/pages/BulkOrganizer.tsx(1438,46): error TS7026: JSX element implicitly has type 'any' because no interface 'JSX.IntrinsicElements' exists.
src/pages/BulkOrganizer.tsx(1438,51): error TS7026: JSX element implicitly has type 'any' because no interface 'JSX.IntrinsicElements' exists.
src/pages/BulkOrganizer.tsx(1438,139): error TS7026: JSX element implicitly has type 'any' because no interface 'JSX.IntrinsicElements' exists.
src/pages/BulkOrganizer.tsx(1438,145): error TS7026: JSX element implicitly has type 'any' because no interface 'JSX.IntrinsicElements' exists.
src/pages/BulkOrganizer.tsx(1438,168): error TS7026: JSX element implicitly has type 'any' because no interface 'JSX.IntrinsicElements' exists.
src/pages/BulkOrganizer.tsx(1438,173): error TS7026: JSX element implicitly has type 'any' because no interface 'JSX.IntrinsicElements' exists.
src/pages/BulkOrganizer.tsx(1438,304): error TS7026: JSX element implicitly has type 'any' because no interface 'JSX.IntrinsicElements' exists.
src/pages/BulkOrganizer.tsx(1438,308): error TS7026: JSX element implicitly has type 'any' because no interface 'JSX.IntrinsicElements' exists.
src/pages/BulkOrganizer.tsx(1439,9): error TS7026: JSX element implicitly has type 'any' because no interface 'JSX.IntrinsicElements' exists.
src/pages/BulkOrganizer.tsx(1440,11): error TS7026: JSX element implicitly has type 'any' because no interface 'JSX.IntrinsicElements' exists.
src/pages/BulkOrganizer.tsx(1441,13): error TS7026: JSX element implicitly has type 'any' because no interface 'JSX.IntrinsicElements' exists.
src/pages/BulkOrganizer.tsx(1441,124): error TS7026: JSX element implicitly has type 'any' because no interface 'JSX.IntrinsicElements' exists.
src/pages/BulkOrganizer.tsx(1442,13): error TS7026: JSX element implicitly has type 'any' because no interface 'JSX.IntrinsicElements' exists.
src/pages/BulkOrganizer.tsx(1442,55): error TS7026: JSX element implicitly has type 'any' because no interface 'JSX.IntrinsicElements' exists.
src/pages/BulkOrganizer.tsx(1442,75): error TS7026: JSX element implicitly has type 'any' because no interface 'JSX.IntrinsicElements' exists.
src/pages/BulkOrganizer.tsx(1442,83): error TS7026: JSX element implicitly has type 'any' because no interface 'JSX.IntrinsicElements' exists.
src/pages/BulkOrganizer.tsx(1442,107): error TS7026: JSX element implicitly has type 'any' because no interface 'JSX.IntrinsicElements' exists.
src/pages/BulkOrganizer.tsx(1442,116): error TS7026: JSX element implicitly has type 'any' because no interface 'JSX.IntrinsicElements' exists.
src/pages/BulkOrganizer.tsx(1443,13): error TS7026: JSX element implicitly has type 'any' because no interface 'JSX.IntrinsicElements' exists.
src/pages/BulkOrganizer.tsx(1443,55): error TS7006: Parameter 'e' implicitly has an 'any' type.
src/pages/BulkOrganizer.tsx(1444,13): error TS7026: JSX element implicitly has type 'any' because no interface 'JSX.IntrinsicElements' exists.
src/pages/BulkOrganizer.tsx(1444,120): error TS7026: JSX element implicitly has type 'any' because no interface 'JSX.IntrinsicElements' exists.
src/pages/BulkOrganizer.tsx(1445,13): error TS7026: JSX element implicitly has type 'any' because no interface 'JSX.IntrinsicElements' exists.
src/pages/BulkOrganizer.tsx(1445,46): error TS7026: JSX element implicitly has type 'any' because no interface 'JSX.IntrinsicElements' exists.
src/pages/BulkOrganizer.tsx(1445,58): error TS7026: JSX element implicitly has type 'any' because no interface 'JSX.IntrinsicElements' exists.
src/pages/BulkOrganizer.tsx(1446,11): error TS7026: JSX element implicitly has type 'any' because no interface 'JSX.IntrinsicElements' exists.
src/pages/BulkOrganizer.tsx(1447,11): error TS7026: JSX element implicitly has type 'any' because no interface 'JSX.IntrinsicElements' exists.
src/pages/BulkOrganizer.tsx(1448,13): error TS7026: JSX element implicitly has type 'any' because no interface 'JSX.IntrinsicElements' exists.
src/pages/BulkOrganizer.tsx(1448,135): error TS7026: JSX element implicitly has type 'any' because no interface 'JSX.IntrinsicElements' exists.
src/pages/BulkOrganizer.tsx(1449,13): error TS7026: JSX element implicitly has type 'any' because no interface 'JSX.IntrinsicElements' exists.
src/pages/BulkOrganizer.tsx(1449,141): error TS7026: JSX element implicitly has type 'any' because no interface 'JSX.IntrinsicElements' exists.
src/pages/BulkOrganizer.tsx(1450,11): error TS7026: JSX element implicitly has type 'any' because no interface 'JSX.IntrinsicElements' exists.
src/pages/BulkOrganizer.tsx(1451,9): error TS7026: JSX element implicitly has type 'any' because no interface 'JSX.IntrinsicElements' exists.
src/pages/BulkOrganizer.tsx(1452,7): error TS7026: JSX element implicitly has type 'any' because no interface 'JSX.IntrinsicElements' exists.
src/pages/BulkOrganizer.tsx(1453,7): error TS7026: JSX element implicitly has type 'any' because no interface 'JSX.IntrinsicElements' exists.
src/pages/BulkOrganizer.tsx(1453,566): error TS7026: JSX element implicitly has type 'any' because no interface 'JSX.IntrinsicElements' exists.
src/pages/BulkOrganizer.tsx(1454,5): error TS7026: JSX element implicitly has type 'any' because no interface 'JSX.IntrinsicElements' exists.
src/pages/BulkOrganizer.tsx(1455,15): error TS7026: JSX element implicitly has type 'any' because no interface 'JSX.IntrinsicElements' exists.
src/pages/BulkOrganizer.tsx(1455,75): error TS7026: JSX element implicitly has type 'any' because no interface 'JSX.IntrinsicElements' exists.
src/pages/BulkOrganizer.tsx(1455,88): error TS7026: JSX element implicitly has type 'any' because no interface 'JSX.IntrinsicElements' exists.
src/pages/BulkOrganizer.tsx(1455,95): error TS7026: JSX element implicitly has type 'any' because no interface 'JSX.IntrinsicElements' exists.
src/pages/BulkOrganizer.tsx(1455,144): error TS7026: JSX element implicitly has type 'any' because no interface 'JSX.IntrinsicElements' exists.
src/pages/BulkOrganizer.tsx(1455,153): error TS7026: JSX element implicitly has type 'any' because no interface 'JSX.IntrinsicElements' exists.
src/pages/BulkOrganizer.tsx(1456,5): error TS7026: JSX element implicitly has type 'any' because no interface 'JSX.IntrinsicElements' exists.
src/pages/BulkOrganizer.tsx(1457,7): error TS7026: JSX element implicitly has type 'any' because no interface 'JSX.IntrinsicElements' exists.
src/pages/BulkOrganizer.tsx(1458,9): error TS7026: JSX element implicitly has type 'any' because no interface 'JSX.IntrinsicElements' exists.
src/pages/BulkOrganizer.tsx(1458,65): error TS7026: JSX element implicitly has type 'any' because no interface 'JSX.IntrinsicElements' exists.
src/pages/BulkOrganizer.tsx(1458,116): error TS7026: JSX element implicitly has type 'any' because no interface 'JSX.IntrinsicElements' exists.
src/pages/BulkOrganizer.tsx(1458,121): error TS7026: JSX element implicitly has type 'any' because no interface 'JSX.IntrinsicElements' exists.
src/pages/BulkOrganizer.tsx(1458,138): error TS7026: JSX element implicitly has type 'any' because no interface 'JSX.IntrinsicElements' exists.
src/pages/BulkOrganizer.tsx(1458,145): error TS7026: JSX element implicitly has type 'any' because no interface 'JSX.IntrinsicElements' exists.
src/pages/BulkOrganizer.tsx(1458,170): error TS7026: JSX element implicitly has type 'any' because no interface 'JSX.IntrinsicElements' exists.
src/pages/BulkOrganizer.tsx(1458,175): error TS7026: JSX element implicitly has type 'any' because no interface 'JSX.IntrinsicElements' exists.
src/pages/BulkOrganizer.tsx(1458,198): error TS7026: JSX element implicitly has type 'any' because no interface 'JSX.IntrinsicElements' exists.
src/pages/BulkOrganizer.tsx(1458,204): error TS7026: JSX element implicitly has type 'any' because no interface 'JSX.IntrinsicElements' exists.
src/pages/BulkOrganizer.tsx(1458,273): error TS7006: Parameter 'g' implicitly has an 'any' type.
src/pages/BulkOrganizer.tsx(1458,276): error TS7026: JSX element implicitly has type 'any' because no interface 'JSX.IntrinsicElements' exists.
src/pages/BulkOrganizer.tsx(1458,321): error TS7026: JSX element implicitly has type 'any' because no interface 'JSX.IntrinsicElements' exists.
src/pages/BulkOrganizer.tsx(1458,334): error TS7026: JSX element implicitly has type 'any' because no interface 'JSX.IntrinsicElements' exists.
src/pages/BulkOrganizer.tsx(1458,352): error TS7006: Parameter 'n' implicitly has an 'any' type.
src/pages/BulkOrganizer.tsx(1458,355): error TS7026: JSX element implicitly has type 'any' because no interface 'JSX.IntrinsicElements' exists.
src/pages/BulkOrganizer.tsx(1458,406): error TS7026: JSX element implicitly has type 'any' because no interface 'JSX.IntrinsicElements' exists.
src/pages/BulkOrganizer.tsx(1458,536): error TS7026: JSX element implicitly has type 'any' because no interface 'JSX.IntrinsicElements' exists.
src/pages/BulkOrganizer.tsx(1458,542): error TS7026: JSX element implicitly has type 'any' because no interface 'JSX.IntrinsicElements' exists.
src/pages/BulkOrganizer.tsx(1458,547): error TS7026: JSX element implicitly has type 'any' because no interface 'JSX.IntrinsicElements' exists.
src/pages/BulkOrganizer.tsx(1458,559): error TS7026: JSX element implicitly has type 'any' because no interface 'JSX.IntrinsicElements' exists.
src/pages/BulkOrganizer.tsx(1458,563): error TS7026: JSX element implicitly has type 'any' because no interface 'JSX.IntrinsicElements' exists.
src/pages/BulkOrganizer.tsx(1458,577): error TS7026: JSX element implicitly has type 'any' because no interface 'JSX.IntrinsicElements' exists.
src/pages/BulkOrganizer.tsx(1458,584): error TS7026: JSX element implicitly has type 'any' because no interface 'JSX.IntrinsicElements' exists.
src/pages/BulkOrganizer.tsx(1458,590): error TS7026: JSX element implicitly has type 'any' because no interface 'JSX.IntrinsicElements' exists.
src/pages/BulkOrganizer.tsx(1458,598): error TS7026: JSX element implicitly has type 'any' because no interface 'JSX.IntrinsicElements' exists.
src/pages/BulkOrganizer.tsx(1458,606): error TS7026: JSX element implicitly has type 'any' because no interface 'JSX.IntrinsicElements' exists.
src/pages/BulkOrganizer.tsx(1458,674): error TS7026: JSX element implicitly has type 'any' because no interface 'JSX.IntrinsicElements' exists.
src/pages/BulkOrganizer.tsx(1458,681): error TS7026: JSX element implicitly has type 'any' because no interface 'JSX.IntrinsicElements' exists.
src/pages/BulkOrganizer.tsx(1458,687): error TS7026: JSX element implicitly has type 'any' because no interface 'JSX.IntrinsicElements' exists.
src/pages/BulkOrganizer.tsx(1458,714): error TS7026: JSX element implicitly has type 'any' because no interface 'JSX.IntrinsicElements' exists.
src/pages/BulkOrganizer.tsx(1458,719): error TS7026: JSX element implicitly has type 'any' because no interface 'JSX.IntrinsicElements' exists.
src/pages/BulkOrganizer.tsx(1458,733): error TS7026: JSX element implicitly has type 'any' because no interface 'JSX.IntrinsicElements' exists.
src/pages/BulkOrganizer.tsx(1458,740): error TS7026: JSX element implicitly has type 'any' because no interface 'JSX.IntrinsicElements' exists.
src/pages/BulkOrganizer.tsx(1458,760): error TS7026: JSX element implicitly has type 'any' because no interface 'JSX.IntrinsicElements' exists.
src/pages/BulkOrganizer.tsx(1458,764): error TS7026: JSX element implicitly has type 'any' because no interface 'JSX.IntrinsicElements' exists.
src/pages/BulkOrganizer.tsx(1458,770): error TS7026: JSX element implicitly has type 'any' because no interface 'JSX.IntrinsicElements' exists.
src/pages/BulkOrganizer.tsx(1458,775): error TS7026: JSX element implicitly has type 'any' because no interface 'JSX.IntrinsicElements' exists.
src/pages/BulkOrganizer.tsx(1458,797): error TS7026: JSX element implicitly has type 'any' because no interface 'JSX.IntrinsicElements' exists.
src/pages/BulkOrganizer.tsx(1458,804): error TS7026: JSX element implicitly has type 'any' because no interface 'JSX.IntrinsicElements' exists.
src/pages/BulkOrganizer.tsx(1458,821): error TS7026: JSX element implicitly has type 'any' because no interface 'JSX.IntrinsicElements' exists.
src/pages/BulkOrganizer.tsx(1458,825): error TS7026: JSX element implicitly has type 'any' because no interface 'JSX.IntrinsicElements' exists.
src/pages/BulkOrganizer.tsx(1458,831): error TS7026: JSX element implicitly has type 'any' because no interface 'JSX.IntrinsicElements' exists.
src/pages/BulkOrganizer.tsx(1458,836): error TS7026: JSX element implicitly has type 'any' because no interface 'JSX.IntrinsicElements' exists.
src/pages/BulkOrganizer.tsx(1458,851): error TS7026: JSX element implicitly has type 'any' because no interface 'JSX.IntrinsicElements' exists.
src/pages/BulkOrganizer.tsx(1458,858): error TS7026: JSX element implicitly has type 'any' because no interface 'JSX.IntrinsicElements' exists.
src/pages/BulkOrganizer.tsx(1458,896): error TS7006: Parameter 'n' implicitly has an 'any' type.
src/pages/BulkOrganizer.tsx(1458,898): error TS7006: Parameter 'i' implicitly has an 'any' type.
src/pages/BulkOrganizer.tsx(1458,934): error TS7026: JSX element implicitly has type 'any' because no interface 'JSX.IntrinsicElements' exists.
src/pages/BulkOrganizer.tsx(1458,938): error TS7026: JSX element implicitly has type 'any' because no interface 'JSX.IntrinsicElements' exists.
src/pages/BulkOrganizer.tsx(1458,944): error TS7026: JSX element implicitly has type 'any' because no interface 'JSX.IntrinsicElements' exists.
src/pages/BulkOrganizer.tsx(1458,949): error TS7026: JSX element implicitly has type 'any' because no interface 'JSX.IntrinsicElements' exists.
src/pages/BulkOrganizer.tsx(1458,964): error TS7026: JSX element implicitly has type 'any' because no interface 'JSX.IntrinsicElements' exists.
src/pages/BulkOrganizer.tsx(1458,971): error TS7026: JSX element implicitly has type 'any' because no interface 'JSX.IntrinsicElements' exists.
src/pages/BulkOrganizer.tsx(1458,989): error TS7026: JSX element implicitly has type 'any' because no interface 'JSX.IntrinsicElements' exists.
src/pages/BulkOrganizer.tsx(1458,993): error TS7026: JSX element implicitly has type 'any' because no interface 'JSX.IntrinsicElements' exists.
src/pages/BulkOrganizer.tsx(1458,999): error TS7026: JSX element implicitly has type 'any' because no interface 'JSX.IntrinsicElements' exists.
src/pages/BulkOrganizer.tsx(1458,1004): error TS7026: JSX element implicitly has type 'any' because no interface 'JSX.IntrinsicElements' exists.
src/pages/BulkOrganizer.tsx(1458,1017): error TS7026: JSX element implicitly has type 'any' because no interface 'JSX.IntrinsicElements' exists.
src/pages/BulkOrganizer.tsx(1458,1024): error TS7026: JSX element implicitly has type 'any' because no interface 'JSX.IntrinsicElements' exists.
src/pages/BulkOrganizer.tsx(1458,1043): error TS7026: JSX element implicitly has type 'any' because no interface 'JSX.IntrinsicElements' exists.
src/pages/BulkOrganizer.tsx(1458,1047): error TS7026: JSX element implicitly has type 'any' because no interface 'JSX.IntrinsicElements' exists.
src/pages/BulkOrganizer.tsx(1458,1053): error TS7026: JSX element implicitly has type 'any' because no interface 'JSX.IntrinsicElements' exists.
src/pages/BulkOrganizer.tsx(1458,1059): error TS7026: JSX element implicitly has type 'any' because no interface 'JSX.IntrinsicElements' exists.
src/pages/BulkOrganizer.tsx(1458,1171): error TS7006: Parameter 'x' implicitly has an 'any' type.
src/pages/BulkOrganizer.tsx(1458,1306): error TS7006: Parameter 'x' implicitly has an 'any' type.
src/pages/BulkOrganizer.tsx(1458,1548): error TS7006: Parameter 'x' implicitly has an 'any' type.
src/pages/BulkOrganizer.tsx(1458,1648): error TS7026: JSX element implicitly has type 'any' because no interface 'JSX.IntrinsicElements' exists.
src/pages/BulkOrganizer.tsx(1458,1654): error TS7026: JSX element implicitly has type 'any' because no interface 'JSX.IntrinsicElements' exists.
src/pages/BulkOrganizer.tsx(1459,7): error TS7026: JSX element implicitly has type 'any' because no interface 'JSX.IntrinsicElements' exists.
src/pages/BulkOrganizer.tsx(1460,7): error TS7026: JSX element implicitly has type 'any' because no interface 'JSX.IntrinsicElements' exists.
src/pages/BulkOrganizer.tsx(1462,9): error TS7026: JSX element implicitly has type 'any' because no interface 'JSX.IntrinsicElements' exists.
src/pages/BulkOrganizer.tsx(1463,11): error TS7026: JSX element implicitly has type 'any' because no interface 'JSX.IntrinsicElements' exists.
src/pages/BulkOrganizer.tsx(1463,54): error TS7026: JSX element implicitly has type 'any' because no interface 'JSX.IntrinsicElements' exists.
src/pages/BulkOrganizer.tsx(1463,59): error TS7026: JSX element implicitly has type 'any' because no interface 'JSX.IntrinsicElements' exists.
src/pages/BulkOrganizer.tsx(1463,75): error TS7026: JSX element implicitly has type 'any' because no interface 'JSX.IntrinsicElements' exists.
src/pages/BulkOrganizer.tsx(1463,82): error TS7026: JSX element implicitly has type 'any' because no interface 'JSX.IntrinsicElements' exists.
src/pages/BulkOrganizer.tsx(1463,110): error TS7026: JSX element implicitly has type 'any' because no interface 'JSX.IntrinsicElements' exists.
src/pages/BulkOrganizer.tsx(1463,115): error TS7026: JSX element implicitly has type 'any' because no interface 'JSX.IntrinsicElements' exists.
src/pages/BulkOrganizer.tsx(1463,244): error TS7026: JSX element implicitly has type 'any' because no interface 'JSX.IntrinsicElements' exists.
src/pages/BulkOrganizer.tsx(1463,248): error TS7026: JSX element implicitly has type 'any' because no interface 'JSX.IntrinsicElements' exists.
src/pages/BulkOrganizer.tsx(1463,254): error TS7026: JSX element implicitly has type 'any' because no interface 'JSX.IntrinsicElements' exists.
src/pages/BulkOrganizer.tsx(1463,373): error TS7006: Parameter 'x' implicitly has an 'any' type.
src/pages/BulkOrganizer.tsx(1463,558): error TS7006: Parameter 'x' implicitly has an 'any' type.
src/pages/BulkOrganizer.tsx(1463,638): error TS7026: JSX element implicitly has type 'any' because no interface 'JSX.IntrinsicElements' exists.
src/pages/BulkOrganizer.tsx(1463,644): error TS7026: JSX element implicitly has type 'any' because no interface 'JSX.IntrinsicElements' exists.
src/pages/BulkOrganizer.tsx(1464,30): error TS7026: JSX element implicitly has type 'any' because no interface 'JSX.IntrinsicElements' exists.
src/pages/BulkOrganizer.tsx(1465,35): error TS7006: Parameter 'cfg' implicitly has an 'any' type.
src/pages/BulkOrganizer.tsx(1465,251): error TS7026: JSX element implicitly has type 'any' because no interface 'JSX.IntrinsicElements' exists.
src/pages/BulkOrganizer.tsx(1465,359): error TS7006: Parameter 'e' implicitly has an 'any' type.
src/pages/BulkOrganizer.tsx(1465,441): error TS7006: Parameter 'e' implicitly has an 'any' type.
src/pages/BulkOrganizer.tsx(1465,500): error TS7006: Parameter 'e' implicitly has an 'any' type.
src/pages/BulkOrganizer.tsx(1466,15): error TS7026: JSX element implicitly has type 'any' because no interface 'JSX.IntrinsicElements' exists.
src/pages/BulkOrganizer.tsx(1466,56): error TS7026: JSX element implicitly has type 'any' because no interface 'JSX.IntrinsicElements' exists.
src/pages/BulkOrganizer.tsx(1466,108): error TS7026: JSX element implicitly has type 'any' because no interface 'JSX.IntrinsicElements' exists.
src/pages/BulkOrganizer.tsx(1466,177): error TS7026: JSX element implicitly has type 'any' because no interface 'JSX.IntrinsicElements' exists.
src/pages/BulkOrganizer.tsx(1466,184): error TS7026: JSX element implicitly has type 'any' because no interface 'JSX.IntrinsicElements' exists.
src/pages/BulkOrganizer.tsx(1467,15): error TS7026: JSX element implicitly has type 'any' because no interface 'JSX.IntrinsicElements' exists.
src/pages/BulkOrganizer.tsx(1467,50): error TS7026: JSX element implicitly has type 'any' because no interface 'JSX.IntrinsicElements' exists.
src/pages/BulkOrganizer.tsx(1467,84): error TS7026: JSX element implicitly has type 'any' because no interface 'JSX.IntrinsicElements' exists.
src/pages/BulkOrganizer.tsx(1467,97): error TS7026: JSX element implicitly has type 'any' because no interface 'JSX.IntrinsicElements' exists.
src/pages/BulkOrganizer.tsx(1467,101): error TS7026: JSX element implicitly has type 'any' because no interface 'JSX.IntrinsicElements' exists.
src/pages/BulkOrganizer.tsx(1467,168): error TS7006: Parameter 'e' implicitly has an 'any' type.
src/pages/BulkOrganizer.tsx(1467,226): error TS7026: JSX element implicitly has type 'any' because no interface 'JSX.IntrinsicElements' exists.
src/pages/BulkOrganizer.tsx(1467,235): error TS7026: JSX element implicitly has type 'any' because no interface 'JSX.IntrinsicElements' exists.
src/pages/BulkOrganizer.tsx(1467,241): error TS7026: JSX element implicitly has type 'any' because no interface 'JSX.IntrinsicElements' exists.
src/pages/BulkOrganizer.tsx(1467,276): error TS7026: JSX element implicitly has type 'any' because no interface 'JSX.IntrinsicElements' exists.
src/pages/BulkOrganizer.tsx(1467,349): error TS7026: JSX element implicitly has type 'any' because no interface 'JSX.IntrinsicElements' exists.
src/pages/BulkOrganizer.tsx(1467,356): error TS7026: JSX element implicitly has type 'any' because no interface 'JSX.IntrinsicElements' exists.
src/pages/BulkOrganizer.tsx(1467,409): error TS7026: JSX element implicitly has type 'any' because no interface 'JSX.IntrinsicElements' exists.
src/pages/BulkOrganizer.tsx(1467,418): error TS7026: JSX element implicitly has type 'any' because no interface 'JSX.IntrinsicElements' exists.
src/pages/BulkOrganizer.tsx(1467,424): error TS7026: JSX element implicitly has type 'any' because no interface 'JSX.IntrinsicElements' exists.
src/pages/BulkOrganizer.tsx(1467,468): error TS7026: JSX element implicitly has type 'any' because no interface 'JSX.IntrinsicElements' exists.
src/pages/BulkOrganizer.tsx(1467,510): error TS7026: JSX element implicitly has type 'any' because no interface 'JSX.IntrinsicElements' exists.
src/pages/BulkOrganizer.tsx(1467,517): error TS7026: JSX element implicitly has type 'any' because no interface 'JSX.IntrinsicElements' exists.
src/pages/BulkOrganizer.tsx(1467,585): error TS7026: JSX element implicitly has type 'any' because no interface 'JSX.IntrinsicElements' exists.
src/pages/BulkOrganizer.tsx(1467,592): error TS7026: JSX element implicitly has type 'any' because no interface 'JSX.IntrinsicElements' exists.
src/pages/BulkOrganizer.tsx(1467,750): error TS7026: JSX element implicitly has type 'any' because no interface 'JSX.IntrinsicElements' exists.
src/pages/BulkOrganizer.tsx(1467,792): error TS7026: JSX element implicitly has type 'any' because no interface 'JSX.IntrinsicElements' exists.
src/pages/BulkOrganizer.tsx(1467,820): error TS7026: JSX element implicitly has type 'any' because no interface 'JSX.IntrinsicElements' exists.
src/pages/BulkOrganizer.tsx(1467,827): error TS7026: JSX element implicitly has type 'any' because no interface 'JSX.IntrinsicElements' exists.
src/pages/BulkOrganizer.tsx(1467,869): error TS7026: JSX element implicitly has type 'any' because no interface 'JSX.IntrinsicElements' exists.
src/pages/BulkOrganizer.tsx(1467,873): error TS7026: JSX element implicitly has type 'any' because no interface 'JSX.IntrinsicElements' exists.
src/pages/BulkOrganizer.tsx(1467,893): error TS7026: JSX element implicitly has type 'any' because no interface 'JSX.IntrinsicElements' exists.
src/pages/BulkOrganizer.tsx(1467,928): error TS7026: JSX element implicitly has type 'any' because no interface 'JSX.IntrinsicElements' exists.
src/pages/BulkOrganizer.tsx(1467,958): error TS7026: JSX element implicitly has type 'any' because no interface 'JSX.IntrinsicElements' exists.
src/pages/BulkOrganizer.tsx(1467,964): error TS7026: JSX element implicitly has type 'any' because no interface 'JSX.IntrinsicElements' exists.
src/pages/BulkOrganizer.tsx(1467,999): error TS7026: JSX element implicitly has type 'any' because no interface 'JSX.IntrinsicElements' exists.
src/pages/BulkOrganizer.tsx(1467,1012): error TS7026: JSX element implicitly has type 'any' because no interface 'JSX.IntrinsicElements' exists.
src/pages/BulkOrganizer.tsx(1467,1114): error TS7006: Parameter 'e' implicitly has an 'any' type.
src/pages/BulkOrganizer.tsx(1467,1174): error TS7006: Parameter 'e' implicitly has an 'any' type.
src/pages/BulkOrganizer.tsx(1467,1227): error TS7026: JSX element implicitly has type 'any' because no interface 'JSX.IntrinsicElements' exists.
src/pages/BulkOrganizer.tsx(1467,1349): error TS7026: JSX element implicitly has type 'any' because no interface 'JSX.IntrinsicElements' exists.
src/pages/BulkOrganizer.tsx(1467,1358): error TS7026: JSX element implicitly has type 'any' because no interface 'JSX.IntrinsicElements' exists.
src/pages/BulkOrganizer.tsx(1467,1366): error TS7026: JSX element implicitly has type 'any' because no interface 'JSX.IntrinsicElements' exists.
src/pages/BulkOrganizer.tsx(1467,1379): error TS7026: JSX element implicitly has type 'any' because no interface 'JSX.IntrinsicElements' exists.
src/pages/BulkOrganizer.tsx(1467,1481): error TS7006: Parameter 'e' implicitly has an 'any' type.
src/pages/BulkOrganizer.tsx(1467,1541): error TS7006: Parameter 'e' implicitly has an 'any' type.
src/pages/BulkOrganizer.tsx(1467,1594): error TS7026: JSX element implicitly has type 'any' because no interface 'JSX.IntrinsicElements' exists.
src/pages/BulkOrganizer.tsx(1467,1716): error TS7026: JSX element implicitly has type 'any' because no interface 'JSX.IntrinsicElements' exists.
src/pages/BulkOrganizer.tsx(1467,1725): error TS7026: JSX element implicitly has type 'any' because no interface 'JSX.IntrinsicElements' exists.
src/pages/BulkOrganizer.tsx(1467,1733): error TS7026: JSX element implicitly has type 'any' because no interface 'JSX.IntrinsicElements' exists.
src/pages/BulkOrganizer.tsx(1467,1739): error TS7026: JSX element implicitly has type 'any' because no interface 'JSX.IntrinsicElements' exists.
src/pages/BulkOrganizer.tsx(1467,1745): error TS7026: JSX element implicitly has type 'any' because no interface 'JSX.IntrinsicElements' exists.
src/pages/BulkOrganizer.tsx(1467,1815): error TS7006: Parameter 'i' implicitly has an 'any' type.
src/pages/BulkOrganizer.tsx(1467,1818): error TS7006: Parameter 'invoiceIndex' implicitly has an 'any' type.
src/pages/BulkOrganizer.tsx(1467,1833): error TS7026: JSX element implicitly has type 'any' because no interface 'JSX.IntrinsicElements' exists.
src/pages/BulkOrganizer.tsx(1467,1904): error TS7006: Parameter 'e' implicitly has an 'any' type.
src/pages/BulkOrganizer.tsx(1467,2042): error TS7026: JSX element implicitly has type 'any' because no interface 'JSX.IntrinsicElements' exists.
src/pages/BulkOrganizer.tsx(1467,2098): error TS7026: JSX element implicitly has type 'any' because no interface 'JSX.IntrinsicElements' exists.
src/pages/BulkOrganizer.tsx(1467,2161): error TS7026: JSX element implicitly has type 'any' because no interface 'JSX.IntrinsicElements' exists.
src/pages/BulkOrganizer.tsx(1467,2165): error TS7026: JSX element implicitly has type 'any' because no interface 'JSX.IntrinsicElements' exists.
src/pages/BulkOrganizer.tsx(1467,2177): error TS7026: JSX element implicitly has type 'any' because no interface 'JSX.IntrinsicElements' exists.
src/pages/BulkOrganizer.tsx(1467,2184): error TS7026: JSX element implicitly has type 'any' because no interface 'JSX.IntrinsicElements' exists.
src/pages/BulkOrganizer.tsx(1467,2190): error TS7026: JSX element implicitly has type 'any' because no interface 'JSX.IntrinsicElements' exists.
src/pages/BulkOrganizer.tsx(1467,2286): error TS7026: JSX element implicitly has type 'any' because no interface 'JSX.IntrinsicElements' exists.
src/pages/BulkOrganizer.tsx(1467,2293): error TS7026: JSX element implicitly has type 'any' because no interface 'JSX.IntrinsicElements' exists.
src/pages/BulkOrganizer.tsx(1467,2335): error TS7026: JSX element implicitly has type 'any' because no interface 'JSX.IntrinsicElements' exists.
src/pages/BulkOrganizer.tsx(1467,2400): error TS7026: JSX element implicitly has type 'any' because no interface 'JSX.IntrinsicElements' exists.
src/pages/BulkOrganizer.tsx(1467,2487): error TS7026: JSX element implicitly has type 'any' because no interface 'JSX.IntrinsicElements' exists.
src/pages/BulkOrganizer.tsx(1467,2495): error TS7026: JSX element implicitly has type 'any' because no interface 'JSX.IntrinsicElements' exists.
src/pages/BulkOrganizer.tsx(1467,2499): error TS7026: JSX element implicitly has type 'any' because no interface 'JSX.IntrinsicElements' exists.
src/pages/BulkOrganizer.tsx(1467,2522): error TS7026: JSX element implicitly has type 'any' because no interface 'JSX.IntrinsicElements' exists.
src/pages/BulkOrganizer.tsx(1467,2529): error TS7026: JSX element implicitly has type 'any' because no interface 'JSX.IntrinsicElements' exists.
src/pages/BulkOrganizer.tsx(1467,2782): error TS7026: JSX element implicitly has type 'any' because no interface 'JSX.IntrinsicElements' exists.
src/pages/BulkOrganizer.tsx(1467,2790): error TS7026: JSX element implicitly has type 'any' because no interface 'JSX.IntrinsicElements' exists.
src/pages/BulkOrganizer.tsx(1467,2825): error TS7026: JSX element implicitly has type 'any' because no interface 'JSX.IntrinsicElements' exists.
src/pages/BulkOrganizer.tsx(1467,2833): error TS7026: JSX element implicitly has type 'any' because no interface 'JSX.IntrinsicElements' exists.
src/pages/BulkOrganizer.tsx(1467,2839): error TS7026: JSX element implicitly has type 'any' because no interface 'JSX.IntrinsicElements' exists.
src/pages/BulkOrganizer.tsx(1467,2884): error TS7026: JSX element implicitly has type 'any' because no interface 'JSX.IntrinsicElements' exists.
src/pages/BulkOrganizer.tsx(1467,2948): error TS7006: Parameter 'e' implicitly has an 'any' type.
src/pages/BulkOrganizer.tsx(1467,3009): error TS7026: JSX element implicitly has type 'any' because no interface 'JSX.IntrinsicElements' exists.
src/pages/BulkOrganizer.tsx(1467,3018): error TS7026: JSX element implicitly has type 'any' because no interface 'JSX.IntrinsicElements' exists.
src/pages/BulkOrganizer.tsx(1467,3111): error TS7006: Parameter 'e' implicitly has an 'any' type.
src/pages/BulkOrganizer.tsx(1467,3212): error TS7026: JSX element implicitly has type 'any' because no interface 'JSX.IntrinsicElements' exists.
src/pages/BulkOrganizer.tsx(1467,3221): error TS7026: JSX element implicitly has type 'any' because no interface 'JSX.IntrinsicElements' exists.
src/pages/BulkOrganizer.tsx(1467,3227): error TS7026: JSX element implicitly has type 'any' because no interface 'JSX.IntrinsicElements' exists.
src/pages/BulkOrganizer.tsx(1467,3269): error TS7026: JSX element implicitly has type 'any' because no interface 'JSX.IntrinsicElements' exists.
src/pages/BulkOrganizer.tsx(1467,3335): error TS7026: JSX element implicitly has type 'any' because no interface 'JSX.IntrinsicElements' exists.
src/pages/BulkOrganizer.tsx(1467,3343): error TS7026: JSX element implicitly has type 'any' because no interface 'JSX.IntrinsicElements' exists.
src/pages/BulkOrganizer.tsx(1468,13): error TS7026: JSX element implicitly has type 'any' because no interface 'JSX.IntrinsicElements' exists.
src/pages/BulkOrganizer.tsx(1469,40): error TS7026: JSX element implicitly has type 'any' because no interface 'JSX.IntrinsicElements' exists.
src/pages/BulkOrganizer.tsx(1469,92): error TS7026: JSX element implicitly has type 'any' because no interface 'JSX.IntrinsicElements' exists.
src/pages/BulkOrganizer.tsx(1469,115): error TS7026: JSX element implicitly has type 'any' because no interface 'JSX.IntrinsicElements' exists.
src/pages/BulkOrganizer.tsx(1469,119): error TS7026: JSX element implicitly has type 'any' because no interface 'JSX.IntrinsicElements' exists.
src/pages/BulkOrganizer.tsx(1469,188): error TS7026: JSX element implicitly has type 'any' because no interface 'JSX.IntrinsicElements' exists.
src/pages/BulkOrganizer.tsx(1469,195): error TS7026: JSX element implicitly has type 'any' because no interface 'JSX.IntrinsicElements' exists.
src/pages/BulkOrganizer.tsx(1469,285): error TS7026: JSX element implicitly has type 'any' because no interface 'JSX.IntrinsicElements' exists.
src/pages/BulkOrganizer.tsx(1469,294): error TS7026: JSX element implicitly has type 'any' because no interface 'JSX.IntrinsicElements' exists.
src/pages/BulkOrganizer.tsx(1470,11): error TS7026: JSX element implicitly has type 'any' because no interface 'JSX.IntrinsicElements' exists.
src/pages/BulkOrganizer.tsx(1471,23): error TS7026: JSX element implicitly has type 'any' because no interface 'JSX.IntrinsicElements' exists.
src/pages/BulkOrganizer.tsx(1471,57): error TS7026: JSX element implicitly has type 'any' because no interface 'JSX.IntrinsicElements' exists.
src/pages/BulkOrganizer.tsx(1471,96): error TS7026: JSX element implicitly has type 'any' because no interface 'JSX.IntrinsicElements' exists.
src/pages/BulkOrganizer.tsx(1471,120): error TS7026: JSX element implicitly has type 'any' because no interface 'JSX.IntrinsicElements' exists.
src/pages/BulkOrganizer.tsx(1471,124): error TS7026: JSX element implicitly has type 'any' because no interface 'JSX.IntrinsicElements' exists.
src/pages/BulkOrganizer.tsx(1471,164): error TS7026: JSX element implicitly has type 'any' because no interface 'JSX.IntrinsicElements' exists.
src/pages/BulkOrganizer.tsx(1471,171): error TS7026: JSX element implicitly has type 'any' because no interface 'JSX.IntrinsicElements' exists.
src/pages/BulkOrganizer.tsx(1471,177): error TS7026: JSX element implicitly has type 'any' because no interface 'JSX.IntrinsicElements' exists.
src/pages/BulkOrganizer.tsx(1471,228): error TS7006: Parameter 'v' implicitly has an 'any' type.
src/pages/BulkOrganizer.tsx(1471,263): error TS7006: Parameter 'x' implicitly has an 'any' type.
src/pages/BulkOrganizer.tsx(1471,314): error TS7006: Parameter 'x' implicitly has an 'any' type.
src/pages/BulkOrganizer.tsx(1471,345): error TS7026: JSX element implicitly has type 'any' because no interface 'JSX.IntrinsicElements' exists.
src/pages/BulkOrganizer.tsx(1471,450): error TS7026: JSX element implicitly has type 'any' because no interface 'JSX.IntrinsicElements' exists.
src/pages/BulkOrganizer.tsx(1471,485): error TS7026: JSX element implicitly has type 'any' because no interface 'JSX.IntrinsicElements' exists.
src/pages/BulkOrganizer.tsx(1471,490): error TS7026: JSX element implicitly has type 'any' because no interface 'JSX.IntrinsicElements' exists.
src/pages/BulkOrganizer.tsx(1471,503): error TS7026: JSX element implicitly has type 'any' because no interface 'JSX.IntrinsicElements' exists.
src/pages/BulkOrganizer.tsx(1471,507): error TS7026: JSX element implicitly has type 'any' because no interface 'JSX.IntrinsicElements' exists.
src/pages/BulkOrganizer.tsx(1471,559): error TS7026: JSX element implicitly has type 'any' because no interface 'JSX.IntrinsicElements' exists.
src/pages/BulkOrganizer.tsx(1471,566): error TS7026: JSX element implicitly has type 'any' because no interface 'JSX.IntrinsicElements' exists.
src/pages/BulkOrganizer.tsx(1471,572): error TS7026: JSX element implicitly has type 'any' because no interface 'JSX.IntrinsicElements' exists.
src/pages/BulkOrganizer.tsx(1471,656): error TS7026: JSX element implicitly has type 'any' because no interface 'JSX.IntrinsicElements' exists.
src/pages/BulkOrganizer.tsx(1471,670): error TS7026: JSX element implicitly has type 'any' because no interface 'JSX.IntrinsicElements' exists.
src/pages/BulkOrganizer.tsx(1471,679): error TS7026: JSX element implicitly has type 'any' because no interface 'JSX.IntrinsicElements' exists.
src/pages/BulkOrganizer.tsx(1471,685): error TS7026: JSX element implicitly has type 'any' because no interface 'JSX.IntrinsicElements' exists.
src/pages/BulkOrganizer.tsx(1471,697): error TS7026: JSX element implicitly has type 'any' because no interface 'JSX.IntrinsicElements' exists.
src/pages/BulkOrganizer.tsx(1471,703): error TS7026: JSX element implicitly has type 'any' because no interface 'JSX.IntrinsicElements' exists.
src/pages/BulkOrganizer.tsx(1471,961): error TS7026: JSX element implicitly has type 'any' because no interface 'JSX.IntrinsicElements' exists.
src/pages/BulkOrganizer.tsx(1471,967): error TS7026: JSX element implicitly has type 'any' because no interface 'JSX.IntrinsicElements' exists.
src/pages/BulkOrganizer.tsx(1472,9): error TS7026: JSX element implicitly has type 'any' because no interface 'JSX.IntrinsicElements' exists.
src/pages/BulkOrganizer.tsx(1475,1): error TS7026: JSX element implicitly has type 'any' because no interface 'JSX.IntrinsicElements' exists.
src/pages/BulkOrganizer.tsx(1476,11): error TS7026: JSX element implicitly has type 'any' because no interface 'JSX.IntrinsicElements' exists.
src/pages/BulkOrganizer.tsx(1477,13): error TS7026: JSX element implicitly has type 'any' because no interface 'JSX.IntrinsicElements' exists.
src/pages/BulkOrganizer.tsx(1477,18): error TS7026: JSX element implicitly has type 'any' because no interface 'JSX.IntrinsicElements' exists.
src/pages/BulkOrganizer.tsx(1477,47): error TS7026: JSX element implicitly has type 'any' because no interface 'JSX.IntrinsicElements' exists.
src/pages/BulkOrganizer.tsx(1477,54): error TS7026: JSX element implicitly has type 'any' because no interface 'JSX.IntrinsicElements' exists.
src/pages/BulkOrganizer.tsx(1477,77): error TS7026: JSX element implicitly has type 'any' because no interface 'JSX.IntrinsicElements' exists.
src/pages/BulkOrganizer.tsx(1477,82): error TS7026: JSX element implicitly has type 'any' because no interface 'JSX.IntrinsicElements' exists.
src/pages/BulkOrganizer.tsx(1477,199): error TS7026: JSX element implicitly has type 'any' because no interface 'JSX.IntrinsicElements' exists.
src/pages/BulkOrganizer.tsx(1477,203): error TS7026: JSX element implicitly has type 'any' because no interface 'JSX.IntrinsicElements' exists.
src/pages/BulkOrganizer.tsx(1478,13): error TS7026: JSX element implicitly has type 'any' because no interface 'JSX.IntrinsicElements' exists.
src/pages/BulkOrganizer.tsx(1478,56): error TS7026: JSX element implicitly has type 'any' because no interface 'JSX.IntrinsicElements' exists.
src/pages/BulkOrganizer.tsx(1478,104): error TS7026: JSX element implicitly has type 'any' because no interface 'JSX.IntrinsicElements' exists.
src/pages/BulkOrganizer.tsx(1478,136): error TS7006: Parameter 'e' implicitly has an 'any' type.
src/pages/BulkOrganizer.tsx(1478,208): error TS7026: JSX element implicitly has type 'any' because no interface 'JSX.IntrinsicElements' exists.
src/pages/BulkOrganizer.tsx(1478,297): error TS7006: Parameter 'x' implicitly has an 'any' type.
src/pages/BulkOrganizer.tsx(1478,447): error TS7026: JSX element implicitly has type 'any' because no interface 'JSX.IntrinsicElements' exists.
src/pages/BulkOrganizer.tsx(1479,11): error TS7026: JSX element implicitly has type 'any' because no interface 'JSX.IntrinsicElements' exists.
src/pages/BulkOrganizer.tsx(1480,37): error TS7026: JSX element implicitly has type 'any' because no interface 'JSX.IntrinsicElements' exists.
src/pages/BulkOrganizer.tsx(1482,59): error TS7006: Parameter 'c' implicitly has an 'any' type.
src/pages/BulkOrganizer.tsx(1482,138): error TS7006: Parameter 'i' implicitly has an 'any' type.
src/pages/BulkOrganizer.tsx(1483,51): error TS7006: Parameter 'i' implicitly has an 'any' type.
src/pages/BulkOrganizer.tsx(1483,102): error TS7006: Parameter 'c' implicitly has an 'any' type.
src/pages/BulkOrganizer.tsx(1485,109): error TS7006: Parameter 'c' implicitly has an 'any' type.
src/pages/BulkOrganizer.tsx(1485,170): error TS7006: Parameter 'i' implicitly has an 'any' type.
src/pages/BulkOrganizer.tsx(1486,22): error TS7026: JSX element implicitly has type 'any' because no interface 'JSX.IntrinsicElements' exists.
src/pages/BulkOrganizer.tsx(1486,104): error TS7006: Parameter 'e' implicitly has an 'any' type.
src/pages/BulkOrganizer.tsx(1486,267): error TS7006: Parameter 'e' implicitly has an 'any' type.
src/pages/BulkOrganizer.tsx(1486,341): error TS7006: Parameter 'e' implicitly has an 'any' type.
src/pages/BulkOrganizer.tsx(1486,586): error TS7006: Parameter 'e' implicitly has an 'any' type.
src/pages/BulkOrganizer.tsx(1487,17): error TS7026: JSX element implicitly has type 'any' because no interface 'JSX.IntrinsicElements' exists.
src/pages/BulkOrganizer.tsx(1488,19): error TS7026: JSX element implicitly has type 'any' because no interface 'JSX.IntrinsicElements' exists.
src/pages/BulkOrganizer.tsx(1488,136): error TS7006: Parameter 'e' implicitly has an 'any' type.
src/pages/BulkOrganizer.tsx(1488,173): error TS7006: Parameter 'e' implicitly has an 'any' type.
src/pages/BulkOrganizer.tsx(1488,306): error TS7026: JSX element implicitly has type 'any' because no interface 'JSX.IntrinsicElements' exists.
src/pages/BulkOrganizer.tsx(1488,315): error TS7026: JSX element implicitly has type 'any' because no interface 'JSX.IntrinsicElements' exists.
src/pages/BulkOrganizer.tsx(1488,374): error TS7006: Parameter 'i' implicitly has an 'any' type.
src/pages/BulkOrganizer.tsx(1488,433): error TS7006: Parameter 'i' implicitly has an 'any' type.
src/pages/BulkOrganizer.tsx(1488,467): error TS7006: Parameter 'i' implicitly has an 'any' type.
src/pages/BulkOrganizer.tsx(1488,588): error TS7006: Parameter 'i' implicitly has an 'any' type.
src/pages/BulkOrganizer.tsx(1488,651): error TS7006: Parameter 'i' implicitly has an 'any' type.
src/pages/BulkOrganizer.tsx(1488,685): error TS7006: Parameter 'i' implicitly has an 'any' type.
src/pages/BulkOrganizer.tsx(1488,737): error TS7026: JSX element implicitly has type 'any' because no interface 'JSX.IntrinsicElements' exists.
src/pages/BulkOrganizer.tsx(1488,854): error TS7026: JSX element implicitly has type 'any' because no interface 'JSX.IntrinsicElements' exists.
src/pages/BulkOrganizer.tsx(1488,862): error TS7026: JSX element implicitly has type 'any' because no interface 'JSX.IntrinsicElements' exists.
src/pages/BulkOrganizer.tsx(1489,19): error TS7026: JSX element implicitly has type 'any' because no interface 'JSX.IntrinsicElements' exists.
src/pages/BulkOrganizer.tsx(1489,55): error TS7026: JSX element implicitly has type 'any' because no interface 'JSX.IntrinsicElements' exists.
src/pages/BulkOrganizer.tsx(1489,101): error TS7026: JSX element implicitly has type 'any' because no interface 'JSX.IntrinsicElements' exists.
src/pages/BulkOrganizer.tsx(1489,108): error TS7026: JSX element implicitly has type 'any' because no interface 'JSX.IntrinsicElements' exists.
src/pages/BulkOrganizer.tsx(1489,124): error TS7026: JSX element implicitly has type 'any' because no interface 'JSX.IntrinsicElements' exists.
src/pages/BulkOrganizer.tsx(1489,129): error TS7026: JSX element implicitly has type 'any' because no interface 'JSX.IntrinsicElements' exists.
src/pages/BulkOrganizer.tsx(1489,184): error TS7026: JSX element implicitly has type 'any' because no interface 'JSX.IntrinsicElements' exists.
src/pages/BulkOrganizer.tsx(1489,192): error TS7026: JSX element implicitly has type 'any' because no interface 'JSX.IntrinsicElements' exists.
src/pages/BulkOrganizer.tsx(1490,19): error TS7026: JSX element implicitly has type 'any' because no interface 'JSX.IntrinsicElements' exists.
src/pages/BulkOrganizer.tsx(1490,55): error TS7026: JSX element implicitly has type 'any' because no interface 'JSX.IntrinsicElements' exists.
src/pages/BulkOrganizer.tsx(1490,60): error TS7026: JSX element implicitly has type 'any' because no interface 'JSX.IntrinsicElements' exists.
src/pages/BulkOrganizer.tsx(1490,85): error TS7026: JSX element implicitly has type 'any' because no interface 'JSX.IntrinsicElements' exists.
src/pages/BulkOrganizer.tsx(1490,89): error TS7026: JSX element implicitly has type 'any' because no interface 'JSX.IntrinsicElements' exists.
src/pages/BulkOrganizer.tsx(1490,103): error TS7026: JSX element implicitly has type 'any' because no interface 'JSX.IntrinsicElements' exists.
src/pages/BulkOrganizer.tsx(1490,110): error TS7026: JSX element implicitly has type 'any' because no interface 'JSX.IntrinsicElements' exists.
src/pages/BulkOrganizer.tsx(1490,116): error TS7026: JSX element implicitly has type 'any' because no interface 'JSX.IntrinsicElements' exists.
src/pages/BulkOrganizer.tsx(1490,121): error TS7026: JSX element implicitly has type 'any' because no interface 'JSX.IntrinsicElements' exists.
src/pages/BulkOrganizer.tsx(1490,164): error TS7006: Parameter 'n' implicitly has an 'any' type.
src/pages/BulkOrganizer.tsx(1490,166): error TS7006: Parameter 'i' implicitly has an 'any' type.
src/pages/BulkOrganizer.tsx(1490,202): error TS7026: JSX element implicitly has type 'any' because no interface 'JSX.IntrinsicElements' exists.
src/pages/BulkOrganizer.tsx(1490,206): error TS7026: JSX element implicitly has type 'any' because no interface 'JSX.IntrinsicElements' exists.
src/pages/BulkOrganizer.tsx(1490,221): error TS7026: JSX element implicitly has type 'any' because no interface 'JSX.IntrinsicElements' exists.
src/pages/BulkOrganizer.tsx(1490,228): error TS7026: JSX element implicitly has type 'any' because no interface 'JSX.IntrinsicElements' exists.
src/pages/BulkOrganizer.tsx(1490,234): error TS7026: JSX element implicitly has type 'any' because no interface 'JSX.IntrinsicElements' exists.
src/pages/BulkOrganizer.tsx(1491,19): error TS7026: JSX element implicitly has type 'any' because no interface 'JSX.IntrinsicElements' exists.
src/pages/BulkOrganizer.tsx(1491,112): error TS7006: Parameter 'e' implicitly has an 'any' type.
src/pages/BulkOrganizer.tsx(1491,270): error TS7006: Parameter 'e' implicitly has an 'any' type.
src/pages/BulkOrganizer.tsx(1491,366): error TS7026: JSX element implicitly has type 'any' because no interface 'JSX.IntrinsicElements' exists.
src/pages/BulkOrganizer.tsx(1492,17): error TS7026: JSX element implicitly has type 'any' because no interface 'JSX.IntrinsicElements' exists.
src/pages/BulkOrganizer.tsx(1493,17): error TS7026: JSX element implicitly has type 'any' because no interface 'JSX.IntrinsicElements' exists.
src/pages/BulkOrganizer.tsx(1493,63): error TS7026: JSX element implicitly has type 'any' because no interface 'JSX.IntrinsicElements' exists.
src/pages/BulkOrganizer.tsx(1493,137): error TS7006: Parameter 'i' implicitly has an 'any' type.
src/pages/BulkOrganizer.tsx(1493,200): error TS7006: Parameter 'i' implicitly has an 'any' type.
src/pages/BulkOrganizer.tsx(1493,234): error TS7006: Parameter 'i' implicitly has an 'any' type.
src/pages/BulkOrganizer.tsx(1493,299): error TS7026: JSX element implicitly has type 'any' because no interface 'JSX.IntrinsicElements' exists.
src/pages/BulkOrganizer.tsx(1493,346): error TS7026: JSX element implicitly has type 'any' because no interface 'JSX.IntrinsicElements' exists.
src/pages/BulkOrganizer.tsx(1493,351): error TS7026: JSX element implicitly has type 'any' because no interface 'JSX.IntrinsicElements' exists.
src/pages/BulkOrganizer.tsx(1493,394): error TS7026: JSX element implicitly has type 'any' because no interface 'JSX.IntrinsicElements' exists.
src/pages/BulkOrganizer.tsx(1493,401): error TS7026: JSX element implicitly has type 'any' because no interface 'JSX.IntrinsicElements' exists.
src/pages/BulkOrganizer.tsx(1493,423): error TS7026: JSX element implicitly has type 'any' because no interface 'JSX.IntrinsicElements' exists.
src/pages/BulkOrganizer.tsx(1493,428): error TS7026: JSX element implicitly has type 'any' because no interface 'JSX.IntrinsicElements' exists.
src/pages/BulkOrganizer.tsx(1493,434): error TS7026: JSX element implicitly has type 'any' because no interface 'JSX.IntrinsicElements' exists.
src/pages/BulkOrganizer.tsx(1493,459): error TS7006: Parameter 'i' implicitly has an 'any' type.
src/pages/BulkOrganizer.tsx(1493,505): error TS7026: JSX element implicitly has type 'any' because no interface 'JSX.IntrinsicElements' exists.
src/pages/BulkOrganizer.tsx(1493,509): error TS7026: JSX element implicitly has type 'any' because no interface 'JSX.IntrinsicElements' exists.
src/pages/BulkOrganizer.tsx(1493,515): error TS7026: JSX element implicitly has type 'any' because no interface 'JSX.IntrinsicElements' exists.
src/pages/BulkOrganizer.tsx(1494,42): error TS7006: Parameter 'c' implicitly has an 'any' type.
src/pages/BulkOrganizer.tsx(1494,110): error TS7006: Parameter 'i' implicitly has an 'any' type.
src/pages/BulkOrganizer.tsx(1494,183): error TS7006: Parameter 'c' implicitly has an 'any' type.
src/pages/BulkOrganizer.tsx(1494,212): error TS7006: Parameter 'i' implicitly has an 'any' type.
src/pages/BulkOrganizer.tsx(1494,326): error TS7006: Parameter 'n' implicitly has an 'any' type.
src/pages/BulkOrganizer.tsx(1494,328): error TS7006: Parameter 'i' implicitly has an 'any' type.
src/pages/BulkOrganizer.tsx(1494,380): error TS7006: Parameter 'n' implicitly has an 'any' type.
src/pages/BulkOrganizer.tsx(1494,382): error TS7006: Parameter 'i' implicitly has an 'any' type.
src/pages/BulkOrganizer.tsx(1494,480): error TS7006: Parameter 'n' implicitly has an 'any' type.
src/pages/BulkOrganizer.tsx(1494,482): error TS7006: Parameter 'i' implicitly has an 'any' type.
src/pages/BulkOrganizer.tsx(1494,558): error TS7006: Parameter 's' implicitly has an 'any' type.
src/pages/BulkOrganizer.tsx(1494,633): error TS7026: JSX element implicitly has type 'any' because no interface 'JSX.IntrinsicElements' exists.
src/pages/BulkOrganizer.tsx(1494,672): error TS7006: Parameter 'e' implicitly has an 'any' type.
src/pages/BulkOrganizer.tsx(1495,21): error TS7026: JSX element implicitly has type 'any' because no interface 'JSX.IntrinsicElements' exists.
src/pages/BulkOrganizer.tsx(1495,56): error TS7026: JSX element implicitly has type 'any' because no interface 'JSX.IntrinsicElements' exists.
src/pages/BulkOrganizer.tsx(1495,112): error TS7026: JSX element implicitly has type 'any' because no interface 'JSX.IntrinsicElements' exists.
src/pages/BulkOrganizer.tsx(1495,118): error TS7026: JSX element implicitly has type 'any' because no interface 'JSX.IntrinsicElements' exists.
src/pages/BulkOrganizer.tsx(1495,123): error TS7026: JSX element implicitly has type 'any' because no interface 'JSX.IntrinsicElements' exists.
src/pages/BulkOrganizer.tsx(1495,134): error TS7026: JSX element implicitly has type 'any' because no interface 'JSX.IntrinsicElements' exists.
src/pages/BulkOrganizer.tsx(1495,138): error TS7026: JSX element implicitly has type 'any' because no interface 'JSX.IntrinsicElements' exists.
src/pages/BulkOrganizer.tsx(1495,206): error TS7026: JSX element implicitly has type 'any' because no interface 'JSX.IntrinsicElements' exists.
src/pages/BulkOrganizer.tsx(1495,213): error TS7026: JSX element implicitly has type 'any' because no interface 'JSX.IntrinsicElements' exists.
src/pages/BulkOrganizer.tsx(1495,244): error TS7026: JSX element implicitly has type 'any' because no interface 'JSX.IntrinsicElements' exists.
src/pages/BulkOrganizer.tsx(1496,21): error TS7026: JSX element implicitly has type 'any' because no interface 'JSX.IntrinsicElements' exists.
src/pages/BulkOrganizer.tsx(1496,60): error TS7026: JSX element implicitly has type 'any' because no interface 'JSX.IntrinsicElements' exists.
src/pages/BulkOrganizer.tsx(1496,66): error TS7026: JSX element implicitly has type 'any' because no interface 'JSX.IntrinsicElements' exists.
src/pages/BulkOrganizer.tsx(1496,85): error TS7026: JSX element implicitly has type 'any' because no interface 'JSX.IntrinsicElements' exists.
src/pages/BulkOrganizer.tsx(1496,103): error TS7026: JSX element implicitly has type 'any' because no interface 'JSX.IntrinsicElements' exists.
src/pages/BulkOrganizer.tsx(1496,110): error TS7026: JSX element implicitly has type 'any' because no interface 'JSX.IntrinsicElements' exists.
src/pages/BulkOrganizer.tsx(1496,116): error TS7026: JSX element implicitly has type 'any' because no interface 'JSX.IntrinsicElements' exists.
src/pages/BulkOrganizer.tsx(1496,154): error TS7026: JSX element implicitly has type 'any' because no interface 'JSX.IntrinsicElements' exists.
src/pages/BulkOrganizer.tsx(1496,173): error TS7026: JSX element implicitly has type 'any' because no interface 'JSX.IntrinsicElements' exists.
src/pages/BulkOrganizer.tsx(1496,180): error TS7026: JSX element implicitly has type 'any' because no interface 'JSX.IntrinsicElements' exists.
src/pages/BulkOrganizer.tsx(1496,186): error TS7026: JSX element implicitly has type 'any' because no interface 'JSX.IntrinsicElements' exists.
src/pages/BulkOrganizer.tsx(1496,230): error TS7026: JSX element implicitly has type 'any' because no interface 'JSX.IntrinsicElements' exists.
src/pages/BulkOrganizer.tsx(1496,246): error TS7026: JSX element implicitly has type 'any' because no interface 'JSX.IntrinsicElements' exists.
src/pages/BulkOrganizer.tsx(1496,253): error TS7026: JSX element implicitly has type 'any' because no interface 'JSX.IntrinsicElements' exists.
src/pages/BulkOrganizer.tsx(1497,33): error TS7026: JSX element implicitly has type 'any' because no interface 'JSX.IntrinsicElements' exists.
src/pages/BulkOrganizer.tsx(1497,191): error TS7026: JSX element implicitly has type 'any' because no interface 'JSX.IntrinsicElements' exists.
src/pages/BulkOrganizer.tsx(1498,21): error TS7026: JSX element implicitly has type 'any' because no interface 'JSX.IntrinsicElements' exists.
src/pages/BulkOrganizer.tsx(1498,70): error TS7006: Parameter 'i' implicitly has an 'any' type.
src/pages/BulkOrganizer.tsx(1498,73): error TS7006: Parameter 'invoiceIndex' implicitly has an 'any' type.
src/pages/BulkOrganizer.tsx(1498,121): error TS7026: JSX element implicitly has type 'any' because no interface 'JSX.IntrinsicElements' exists.
src/pages/BulkOrganizer.tsx(1498,307): error TS7006: Parameter 'e' implicitly has an 'any' type.
src/pages/BulkOrganizer.tsx(1498,445): error TS7026: JSX element implicitly has type 'any' because no interface 'JSX.IntrinsicElements' exists.
src/pages/BulkOrganizer.tsx(1498,541): error TS7026: JSX element implicitly has type 'any' because no interface 'JSX.IntrinsicElements' exists.
src/pages/BulkOrganizer.tsx(1498,548): error TS7026: JSX element implicitly has type 'any' because no interface 'JSX.IntrinsicElements' exists.
src/pages/BulkOrganizer.tsx(1498,585): error TS7026: JSX element implicitly has type 'any' because no interface 'JSX.IntrinsicElements' exists.
src/pages/BulkOrganizer.tsx(1498,636): error TS7026: JSX element implicitly has type 'any' because no interface 'JSX.IntrinsicElements' exists.
src/pages/BulkOrganizer.tsx(1498,643): error TS7026: JSX element implicitly has type 'any' because no interface 'JSX.IntrinsicElements' exists.
src/pages/BulkOrganizer.tsx(1498,649): error TS7026: JSX element implicitly has type 'any' because no interface 'JSX.IntrinsicElements' exists.
src/pages/BulkOrganizer.tsx(1498,654): error TS7026: JSX element implicitly has type 'any' because no interface 'JSX.IntrinsicElements' exists.
src/pages/BulkOrganizer.tsx(1498,671): error TS7026: JSX element implicitly has type 'any' because no interface 'JSX.IntrinsicElements' exists.
src/pages/BulkOrganizer.tsx(1498,675): error TS7026: JSX element implicitly has type 'any' because no interface 'JSX.IntrinsicElements' exists.
src/pages/BulkOrganizer.tsx(1498,749): error TS7026: JSX element implicitly has type 'any' because no interface 'JSX.IntrinsicElements' exists.
src/pages/BulkOrganizer.tsx(1498,757): error TS7026: JSX element implicitly has type 'any' because no interface 'JSX.IntrinsicElements' exists.
src/pages/BulkOrganizer.tsx(1498,867): error TS7026: JSX element implicitly has type 'any' because no interface 'JSX.IntrinsicElements' exists.
src/pages/BulkOrganizer.tsx(1498,881): error TS7026: JSX element implicitly has type 'any' because no interface 'JSX.IntrinsicElements' exists.
src/pages/BulkOrganizer.tsx(1498,925): error TS7026: JSX element implicitly has type 'any' because no interface 'JSX.IntrinsicElements' exists.
src/pages/BulkOrganizer.tsx(1498,1023): error TS7026: JSX element implicitly has type 'any' because no interface 'JSX.IntrinsicElements' exists.
src/pages/BulkOrganizer.tsx(1498,1066): error TS7026: JSX element implicitly has type 'any' because no interface 'JSX.IntrinsicElements' exists.
src/pages/BulkOrganizer.tsx(1498,1193): error TS7006: Parameter 'e' implicitly has an 'any' type.
src/pages/BulkOrganizer.tsx(1498,1281): error TS7026: JSX element implicitly has type 'any' because no interface 'JSX.IntrinsicElements' exists.
src/pages/BulkOrganizer.tsx(1498,1292): error TS7026: JSX element implicitly has type 'any' because no interface 'JSX.IntrinsicElements' exists.
src/pages/BulkOrganizer.tsx(1498,1300): error TS7026: JSX element implicitly has type 'any' because no interface 'JSX.IntrinsicElements' exists.
src/pages/BulkOrganizer.tsx(1498,1306): error TS7026: JSX element implicitly has type 'any' because no interface 'JSX.IntrinsicElements' exists.
src/pages/BulkOrganizer.tsx(1498,1483): error TS7026: JSX element implicitly has type 'any' because no interface 'JSX.IntrinsicElements' exists.
src/pages/BulkOrganizer.tsx(1498,1488): error TS7026: JSX element implicitly has type 'any' because no interface 'JSX.IntrinsicElements' exists.
src/pages/BulkOrganizer.tsx(1498,1583): error TS7006: Parameter 'e' implicitly has an 'any' type.
src/pages/BulkOrganizer.tsx(1498,1701): error TS7026: JSX element implicitly has type 'any' because no interface 'JSX.IntrinsicElements' exists.
src/pages/BulkOrganizer.tsx(1498,1710): error TS7026: JSX element implicitly has type 'any' because no interface 'JSX.IntrinsicElements' exists.
src/pages/BulkOrganizer.tsx(1498,1790): error TS7006: Parameter 'e' implicitly has an 'any' type.
src/pages/BulkOrganizer.tsx(1498,1850): error TS7026: JSX element implicitly has type 'any' because no interface 'JSX.IntrinsicElements' exists.
src/pages/BulkOrganizer.tsx(1498,1859): error TS7026: JSX element implicitly has type 'any' because no interface 'JSX.IntrinsicElements' exists.
src/pages/BulkOrganizer.tsx(1498,1868): error TS7026: JSX element implicitly has type 'any' because no interface 'JSX.IntrinsicElements' exists.
src/pages/BulkOrganizer.tsx(1499,21): error TS7026: JSX element implicitly has type 'any' because no interface 'JSX.IntrinsicElements' exists.
src/pages/BulkOrganizer.tsx(1499,59): error TS7026: JSX element implicitly has type 'any' because no interface 'JSX.IntrinsicElements' exists.
src/pages/BulkOrganizer.tsx(1499,169): error TS7026: JSX element implicitly has type 'any' because no interface 'JSX.IntrinsicElements' exists.
src/pages/BulkOrganizer.tsx(1499,176): error TS7026: JSX element implicitly has type 'any' because no interface 'JSX.IntrinsicElements' exists.
src/pages/BulkOrganizer.tsx(1499,222): error TS7026: JSX element implicitly has type 'any' because no interface 'JSX.IntrinsicElements' exists.
src/pages/BulkOrganizer.tsx(1499,339): error TS7006: Parameter 'e' implicitly has an 'any' type.
src/pages/BulkOrganizer.tsx(1499,414): error TS7026: JSX element implicitly has type 'any' because no interface 'JSX.IntrinsicElements' exists.
src/pages/BulkOrganizer.tsx(1499,449): error TS7026: JSX element implicitly has type 'any' because no interface 'JSX.IntrinsicElements' exists.
src/pages/BulkOrganizer.tsx(1499,514): error TS7026: JSX element implicitly has type 'any' because no interface 'JSX.IntrinsicElements' exists.
src/pages/BulkOrganizer.tsx(1499,541): error TS7026: JSX element implicitly has type 'any' because no interface 'JSX.IntrinsicElements' exists.
src/pages/BulkOrganizer.tsx(1499,547): error TS7026: JSX element implicitly has type 'any' because no interface 'JSX.IntrinsicElements' exists.
src/pages/BulkOrganizer.tsx(1500,19): error TS7026: JSX element implicitly has type 'any' because no interface 'JSX.IntrinsicElements' exists.
src/pages/BulkOrganizer.tsx(1501,44): error TS7026: JSX element implicitly has type 'any' because no interface 'JSX.IntrinsicElements' exists.
src/pages/BulkOrganizer.tsx(1501,119): error TS7026: JSX element implicitly has type 'any' because no interface 'JSX.IntrinsicElements' exists.
src/pages/BulkOrganizer.tsx(1502,17): error TS7026: JSX element implicitly has type 'any' because no interface 'JSX.IntrinsicElements' exists.
src/pages/BulkOrganizer.tsx(1502,23): error TS7026: JSX element implicitly has type 'any' because no interface 'JSX.IntrinsicElements' exists.
src/pages/BulkOrganizer.tsx(1502,29): error TS7026: JSX element implicitly has type 'any' because no interface 'JSX.IntrinsicElements' exists.
src/pages/BulkOrganizer.tsx(1502,82): error TS7026: JSX element implicitly has type 'any' because no interface 'JSX.IntrinsicElements' exists.
src/pages/BulkOrganizer.tsx(1502,129): error TS7026: JSX element implicitly has type 'any' because no interface 'JSX.IntrinsicElements' exists.
src/pages/BulkOrganizer.tsx(1502,134): error TS7026: JSX element implicitly has type 'any' because no interface 'JSX.IntrinsicElements' exists.
src/pages/BulkOrganizer.tsx(1502,185): error TS7026: JSX element implicitly has type 'any' because no interface 'JSX.IntrinsicElements' exists.
src/pages/BulkOrganizer.tsx(1502,192): error TS7026: JSX element implicitly has type 'any' because no interface 'JSX.IntrinsicElements' exists.
src/pages/BulkOrganizer.tsx(1502,216): error TS7026: JSX element implicitly has type 'any' because no interface 'JSX.IntrinsicElements' exists.
src/pages/BulkOrganizer.tsx(1502,221): error TS7026: JSX element implicitly has type 'any' because no interface 'JSX.IntrinsicElements' exists.
src/pages/BulkOrganizer.tsx(1502,227): error TS7026: JSX element implicitly has type 'any' because no interface 'JSX.IntrinsicElements' exists.
src/pages/BulkOrganizer.tsx(1502,293): error TS7026: JSX element implicitly has type 'any' because no interface 'JSX.IntrinsicElements' exists.
src/pages/BulkOrganizer.tsx(1502,297): error TS7026: JSX element implicitly has type 'any' because no interface 'JSX.IntrinsicElements' exists.
src/pages/BulkOrganizer.tsx(1502,303): error TS7026: JSX element implicitly has type 'any' because no interface 'JSX.IntrinsicElements' exists.
src/pages/BulkOrganizer.tsx(1502,417): error TS7026: JSX element implicitly has type 'any' because no interface 'JSX.IntrinsicElements' exists.
src/pages/BulkOrganizer.tsx(1502,484): error TS7026: JSX element implicitly has type 'any' because no interface 'JSX.IntrinsicElements' exists.
src/pages/BulkOrganizer.tsx(1502,580): error TS7026: JSX element implicitly has type 'any' because no interface 'JSX.IntrinsicElements' exists.
src/pages/BulkOrganizer.tsx(1502,587): error TS7026: JSX element implicitly has type 'any' because no interface 'JSX.IntrinsicElements' exists.
src/pages/BulkOrganizer.tsx(1502,624): error TS7026: JSX element implicitly has type 'any' because no interface 'JSX.IntrinsicElements' exists.
src/pages/BulkOrganizer.tsx(1502,675): error TS7026: JSX element implicitly has type 'any' because no interface 'JSX.IntrinsicElements' exists.
src/pages/BulkOrganizer.tsx(1502,682): error TS7026: JSX element implicitly has type 'any' because no interface 'JSX.IntrinsicElements' exists.
src/pages/BulkOrganizer.tsx(1502,688): error TS7026: JSX element implicitly has type 'any' because no interface 'JSX.IntrinsicElements' exists.
src/pages/BulkOrganizer.tsx(1502,693): error TS7026: JSX element implicitly has type 'any' because no interface 'JSX.IntrinsicElements' exists.
src/pages/BulkOrganizer.tsx(1502,710): error TS7026: JSX element implicitly has type 'any' because no interface 'JSX.IntrinsicElements' exists.
src/pages/BulkOrganizer.tsx(1502,714): error TS7026: JSX element implicitly has type 'any' because no interface 'JSX.IntrinsicElements' exists.
src/pages/BulkOrganizer.tsx(1502,787): error TS7026: JSX element implicitly has type 'any' because no interface 'JSX.IntrinsicElements' exists.
src/pages/BulkOrganizer.tsx(1502,795): error TS7026: JSX element implicitly has type 'any' because no interface 'JSX.IntrinsicElements' exists.
src/pages/BulkOrganizer.tsx(1502,905): error TS7026: JSX element implicitly has type 'any' because no interface 'JSX.IntrinsicElements' exists.
src/pages/BulkOrganizer.tsx(1502,913): error TS7026: JSX element implicitly has type 'any' because no interface 'JSX.IntrinsicElements' exists.
src/pages/BulkOrganizer.tsx(1502,919): error TS7026: JSX element implicitly has type 'any' because no interface 'JSX.IntrinsicElements' exists.
src/pages/BulkOrganizer.tsx(1502,930): error TS7026: JSX element implicitly has type 'any' because no interface 'JSX.IntrinsicElements' exists.
src/pages/BulkOrganizer.tsx(1502,935): error TS7026: JSX element implicitly has type 'any' because no interface 'JSX.IntrinsicElements' exists.
src/pages/BulkOrganizer.tsx(1502,1055): error TS7006: Parameter 'e' implicitly has an 'any' type.
src/pages/BulkOrganizer.tsx(1502,1173): error TS7026: JSX element implicitly has type 'any' because no interface 'JSX.IntrinsicElements' exists.
src/pages/BulkOrganizer.tsx(1502,1182): error TS7026: JSX element implicitly has type 'any' because no interface 'JSX.IntrinsicElements' exists.
src/pages/BulkOrganizer.tsx(1502,1262): error TS7006: Parameter 'e' implicitly has an 'any' type.
src/pages/BulkOrganizer.tsx(1502,1322): error TS7026: JSX element implicitly has type 'any' because no interface 'JSX.IntrinsicElements' exists.
src/pages/BulkOrganizer.tsx(1502,1331): error TS7026: JSX element implicitly has type 'any' because no interface 'JSX.IntrinsicElements' exists.
src/pages/BulkOrganizer.tsx(1502,1384): error TS7026: JSX element implicitly has type 'any' because no interface 'JSX.IntrinsicElements' exists.
src/pages/BulkOrganizer.tsx(1502,1447): error TS7026: JSX element implicitly has type 'any' because no interface 'JSX.IntrinsicElements' exists.
src/pages/BulkOrganizer.tsx(1502,1454): error TS7026: JSX element implicitly has type 'any' because no interface 'JSX.IntrinsicElements' exists.
src/pages/BulkOrganizer.tsx(1502,1460): error TS7026: JSX element implicitly has type 'any' because no interface 'JSX.IntrinsicElements' exists.
src/pages/BulkOrganizer.tsx(1502,1466): error TS7026: JSX element implicitly has type 'any' because no interface 'JSX.IntrinsicElements' exists.
src/pages/BulkOrganizer.tsx(1503,15): error TS7026: JSX element implicitly has type 'any' because no interface 'JSX.IntrinsicElements' exists.
src/pages/BulkOrganizer.tsx(1505,67): error TS7026: JSX element implicitly has type 'any' because no interface 'JSX.IntrinsicElements' exists.
src/pages/BulkOrganizer.tsx(1505,125): error TS7026: JSX element implicitly has type 'any' because no interface 'JSX.IntrinsicElements' exists.
src/pages/BulkOrganizer.tsx(1505,148): error TS7026: JSX element implicitly has type 'any' because no interface 'JSX.IntrinsicElements' exists.
src/pages/BulkOrganizer.tsx(1505,152): error TS7026: JSX element implicitly has type 'any' because no interface 'JSX.IntrinsicElements' exists.
src/pages/BulkOrganizer.tsx(1505,217): error TS7026: JSX element implicitly has type 'any' because no interface 'JSX.IntrinsicElements' exists.
src/pages/BulkOrganizer.tsx(1505,224): error TS7026: JSX element implicitly has type 'any' because no interface 'JSX.IntrinsicElements' exists.
src/pages/BulkOrganizer.tsx(1506,39): error TS7026: JSX element implicitly has type 'any' because no interface 'JSX.IntrinsicElements' exists.
src/pages/BulkOrganizer.tsx(1506,97): error TS7026: JSX element implicitly has type 'any' because no interface 'JSX.IntrinsicElements' exists.
src/pages/BulkOrganizer.tsx(1506,122): error TS7026: JSX element implicitly has type 'any' because no interface 'JSX.IntrinsicElements' exists.
src/pages/BulkOrganizer.tsx(1506,126): error TS7026: JSX element implicitly has type 'any' because no interface 'JSX.IntrinsicElements' exists.
src/pages/BulkOrganizer.tsx(1506,181): error TS7026: JSX element implicitly has type 'any' because no interface 'JSX.IntrinsicElements' exists.
src/pages/BulkOrganizer.tsx(1506,188): error TS7026: JSX element implicitly has type 'any' because no interface 'JSX.IntrinsicElements' exists.
src/pages/BulkOrganizer.tsx(1507,11): error TS7026: JSX element implicitly has type 'any' because no interface 'JSX.IntrinsicElements' exists.
src/pages/BulkOrganizer.tsx(1508,9): error TS7026: JSX element implicitly has type 'any' because no interface 'JSX.IntrinsicElements' exists.
src/pages/BulkOrganizer.tsx(1509,7): error TS7026: JSX element implicitly has type 'any' because no interface 'JSX.IntrinsicElements' exists.
src/pages/BulkOrganizer.tsx(1510,5): error TS7026: JSX element implicitly has type 'any' because no interface 'JSX.IntrinsicElements' exists.
src/pages/BulkOrganizer.tsx(1511,26): error TS7026: JSX element implicitly has type 'any' because no interface 'JSX.IntrinsicElements' exists.
src/pages/BulkOrganizer.tsx(1511,76): error TS7006: Parameter 'e' implicitly has an 'any' type.
src/pages/BulkOrganizer.tsx(1512,7): error TS7026: JSX element implicitly has type 'any' because no interface 'JSX.IntrinsicElements' exists.
src/pages/BulkOrganizer.tsx(1512,129): error TS7006: Parameter 'b' implicitly has an 'any' type.
src/pages/BulkOrganizer.tsx(1512,190): error TS7026: JSX element implicitly has type 'any' because no interface 'JSX.IntrinsicElements' exists.
src/pages/BulkOrganizer.tsx(1512,242): error TS7026: JSX element implicitly has type 'any' because no interface 'JSX.IntrinsicElements' exists.
src/pages/BulkOrganizer.tsx(1512,251): error TS7026: JSX element implicitly has type 'any' because no interface 'JSX.IntrinsicElements' exists.
src/pages/BulkOrganizer.tsx(1513,7): error TS7026: JSX element implicitly has type 'any' because no interface 'JSX.IntrinsicElements' exists.
src/pages/BulkOrganizer.tsx(1513,177): error TS7026: JSX element implicitly has type 'any' because no interface 'JSX.IntrinsicElements' exists.
src/pages/BulkOrganizer.tsx(1514,7): error TS7026: JSX element implicitly has type 'any' because no interface 'JSX.IntrinsicElements' exists.
src/pages/BulkOrganizer.tsx(1514,49): error TS7026: JSX element implicitly has type 'any' because no interface 'JSX.IntrinsicElements' exists.
src/pages/BulkOrganizer.tsx(1514,74): error TS7026: JSX element implicitly has type 'any' because no interface 'JSX.IntrinsicElements' exists.
src/pages/BulkOrganizer.tsx(1514,78): error TS7026: JSX element implicitly has type 'any' because no interface 'JSX.IntrinsicElements' exists.
src/pages/BulkOrganizer.tsx(1514,117): error TS7026: JSX element implicitly has type 'any' because no interface 'JSX.IntrinsicElements' exists.
src/pages/BulkOrganizer.tsx(1514,124): error TS7026: JSX element implicitly has type 'any' because no interface 'JSX.IntrinsicElements' exists.
src/pages/BulkOrganizer.tsx(1515,7): error TS7026: JSX element implicitly has type 'any' because no interface 'JSX.IntrinsicElements' exists.
src/pages/BulkOrganizer.tsx(1515,70): error TS7006: Parameter 'cfg' implicitly has an 'any' type.
src/pages/BulkOrganizer.tsx(1515,260): error TS7026: JSX element implicitly has type 'any' because no interface 'JSX.IntrinsicElements' exists.
src/pages/BulkOrganizer.tsx(1515,414): error TS7006: Parameter 'ids' implicitly has an 'any' type.
src/pages/BulkOrganizer.tsx(1515,449): error TS7006: Parameter 'x' implicitly has an 'any' type.
src/pages/BulkOrganizer.tsx(1516,9): error TS7026: JSX element implicitly has type 'any' because no interface 'JSX.IntrinsicElements' exists.
src/pages/BulkOrganizer.tsx(1516,44): error TS7026: JSX element implicitly has type 'any' because no interface 'JSX.IntrinsicElements' exists.
src/pages/BulkOrganizer.tsx(1516,49): error TS7026: JSX element implicitly has type 'any' because no interface 'JSX.IntrinsicElements' exists.
src/pages/BulkOrganizer.tsx(1516,62): error TS7026: JSX element implicitly has type 'any' because no interface 'JSX.IntrinsicElements' exists.
src/pages/BulkOrganizer.tsx(1516,66): error TS7026: JSX element implicitly has type 'any' because no interface 'JSX.IntrinsicElements' exists.
src/pages/BulkOrganizer.tsx(1516,91): error TS7026: JSX element implicitly has type 'any' because no interface 'JSX.IntrinsicElements' exists.
src/pages/BulkOrganizer.tsx(1516,98): error TS7026: JSX element implicitly has type 'any' because no interface 'JSX.IntrinsicElements' exists.
src/pages/BulkOrganizer.tsx(1516,207): error TS7026: JSX element implicitly has type 'any' because no interface 'JSX.IntrinsicElements' exists.
src/pages/BulkOrganizer.tsx(1516,215): error TS7026: JSX element implicitly has type 'any' because no interface 'JSX.IntrinsicElements' exists.
src/pages/BulkOrganizer.tsx(1516,349): error TS7026: JSX element implicitly has type 'any' because no interface 'JSX.IntrinsicElements' exists.
src/pages/BulkOrganizer.tsx(1516,357): error TS7026: JSX element implicitly has type 'any' because no interface 'JSX.IntrinsicElements' exists.
src/pages/BulkOrganizer.tsx(1517,7): error TS7026: JSX element implicitly has type 'any' because no interface 'JSX.IntrinsicElements' exists.
src/pages/BulkOrganizer.tsx(1517,19): error TS7026: JSX element implicitly has type 'any' because no interface 'JSX.IntrinsicElements' exists.
src/pages/BulkOrganizer.tsx(1518,7): error TS7026: JSX element implicitly has type 'any' because no interface 'JSX.IntrinsicElements' exists.
src/pages/BulkOrganizer.tsx(1518,48): error TS7026: JSX element implicitly has type 'any' because no interface 'JSX.IntrinsicElements' exists.
src/pages/BulkOrganizer.tsx(1518,151): error TS7006: Parameter 'i' implicitly has an 'any' type.
src/pages/BulkOrganizer.tsx(1518,275): error TS7006: Parameter 'i' implicitly has an 'any' type.
src/pages/BulkOrganizer.tsx(1518,327): error TS7026: JSX element implicitly has type 'any' because no interface 'JSX.IntrinsicElements' exists.
src/pages/BulkOrganizer.tsx(1518,336): error TS7026: JSX element implicitly has type 'any' because no interface 'JSX.IntrinsicElements' exists.
src/pages/BulkOrganizer.tsx(1518,435): error TS7026: JSX element implicitly has type 'any' because no interface 'JSX.IntrinsicElements' exists.
src/pages/BulkOrganizer.tsx(1518,444): error TS7026: JSX element implicitly has type 'any' because no interface 'JSX.IntrinsicElements' exists.
src/pages/BulkOrganizer.tsx(1518,451): error TS7026: JSX element implicitly has type 'any' because no interface 'JSX.IntrinsicElements' exists.
src/pages/BulkOrganizer.tsx(1518,514): error TS7006: Parameter 'e' implicitly has an 'any' type.
src/pages/BulkOrganizer.tsx(1518,600): error TS7006: Parameter 'ids' implicitly has an 'any' type.
src/pages/BulkOrganizer.tsx(1518,782): error TS7026: JSX element implicitly has type 'any' because no interface 'JSX.IntrinsicElements' exists.
src/pages/BulkOrganizer.tsx(1518,790): error TS7026: JSX element implicitly has type 'any' because no interface 'JSX.IntrinsicElements' exists.
src/pages/BulkOrganizer.tsx(1519,7): error TS7026: JSX element implicitly has type 'any' because no interface 'JSX.IntrinsicElements' exists.
src/pages/BulkOrganizer.tsx(1520,9): error TS7026: JSX element implicitly has type 'any' because no interface 'JSX.IntrinsicElements' exists.
src/pages/BulkOrganizer.tsx(1520,41): error TS7026: JSX element implicitly has type 'any' because no interface 'JSX.IntrinsicElements' exists.
src/pages/BulkOrganizer.tsx(1520,60): error TS7026: JSX element implicitly has type 'any' because no interface 'JSX.IntrinsicElements' exists.
src/pages/BulkOrganizer.tsx(1520,67): error TS7026: JSX element implicitly has type 'any' because no interface 'JSX.IntrinsicElements' exists.
src/pages/BulkOrganizer.tsx(1520,72): error TS7026: JSX element implicitly has type 'any' because no interface 'JSX.IntrinsicElements' exists.
src/pages/BulkOrganizer.tsx(1520,189): error TS7026: JSX element implicitly has type 'any' because no interface 'JSX.IntrinsicElements' exists.
src/pages/BulkOrganizer.tsx(1520,198): error TS7026: JSX element implicitly has type 'any' because no interface 'JSX.IntrinsicElements' exists.
src/pages/BulkOrganizer.tsx(1520,319): error TS7026: JSX element implicitly has type 'any' because no interface 'JSX.IntrinsicElements' exists.
src/pages/BulkOrganizer.tsx(1520,328): error TS7026: JSX element implicitly has type 'any' because no interface 'JSX.IntrinsicElements' exists.
src/pages/BulkOrganizer.tsx(1520,334): error TS7026: JSX element implicitly has type 'any' because no interface 'JSX.IntrinsicElements' exists.
src/pages/BulkOrganizer.tsx(1521,7): error TS7026: JSX element implicitly has type 'any' because no interface 'JSX.IntrinsicElements' exists.
src/pages/BulkOrganizer.tsx(1522,7): error TS7026: JSX element implicitly has type 'any' because no interface 'JSX.IntrinsicElements' exists.
src/pages/BulkOrganizer.tsx(1522,76): error TS7006: Parameter 'i' implicitly has an 'any' type.
src/pages/BulkOrganizer.tsx(1522,475): error TS7026: JSX element implicitly has type 'any' because no interface 'JSX.IntrinsicElements' exists.
src/pages/BulkOrganizer.tsx(1522,579): error TS7026: JSX element implicitly has type 'any' because no interface 'JSX.IntrinsicElements' exists.
src/pages/BulkOrganizer.tsx(1522,732): error TS7006: Parameter 'q' implicitly has an 'any' type.
src/pages/BulkOrganizer.tsx(1522,777): error TS7026: JSX element implicitly has type 'any' because no interface 'JSX.IntrinsicElements' exists.
src/pages/BulkOrganizer.tsx(1522,783): error TS7026: JSX element implicitly has type 'any' because no interface 'JSX.IntrinsicElements' exists.
src/pages/BulkOrganizer.tsx(1522,800): error TS7026: JSX element implicitly has type 'any' because no interface 'JSX.IntrinsicElements' exists.
src/pages/BulkOrganizer.tsx(1522,804): error TS7026: JSX element implicitly has type 'any' because no interface 'JSX.IntrinsicElements' exists.
src/pages/BulkOrganizer.tsx(1522,959): error TS7026: JSX element implicitly has type 'any' because no interface 'JSX.IntrinsicElements' exists.
src/pages/BulkOrganizer.tsx(1522,967): error TS7026: JSX element implicitly has type 'any' because no interface 'JSX.IntrinsicElements' exists.
src/pages/BulkOrganizer.tsx(1522,974): error TS7026: JSX element implicitly has type 'any' because no interface 'JSX.IntrinsicElements' exists.
src/pages/BulkOrganizer.tsx(1522,1060): error TS7026: JSX element implicitly has type 'any' because no interface 'JSX.IntrinsicElements' exists.
src/pages/BulkOrganizer.tsx(1522,1065): error TS7026: JSX element implicitly has type 'any' because no interface 'JSX.IntrinsicElements' exists.
src/pages/BulkOrganizer.tsx(1522,1186): error TS7026: JSX element implicitly has type 'any' because no interface 'JSX.IntrinsicElements' exists.
src/pages/BulkOrganizer.tsx(1522,1223): error TS7026: JSX element implicitly has type 'any' because no interface 'JSX.IntrinsicElements' exists.
src/pages/BulkOrganizer.tsx(1522,1342): error TS7006: Parameter 'e' implicitly has an 'any' type.
src/pages/BulkOrganizer.tsx(1522,1371): error TS7006: Parameter 'q' implicitly has an 'any' type.
src/pages/BulkOrganizer.tsx(1522,1455): error TS7026: JSX element implicitly has type 'any' because no interface 'JSX.IntrinsicElements' exists.
src/pages/BulkOrganizer.tsx(1522,1466): error TS7026: JSX element implicitly has type 'any' because no interface 'JSX.IntrinsicElements' exists.
src/pages/BulkOrganizer.tsx(1523,7): error TS7026: JSX element implicitly has type 'any' because no interface 'JSX.IntrinsicElements' exists.
src/pages/BulkOrganizer.tsx(1523,157): error TS7026: JSX element implicitly has type 'any' because no interface 'JSX.IntrinsicElements' exists.
src/pages/BulkOrganizer.tsx(1524,7): error TS7026: JSX element implicitly has type 'any' because no interface 'JSX.IntrinsicElements' exists.
src/pages/BulkOrganizer.tsx(1524,298): error TS7026: JSX element implicitly has type 'any' because no interface 'JSX.IntrinsicElements' exists.
src/pages/BulkOrganizer.tsx(1525,17): error TS7026: JSX element implicitly has type 'any' because no interface 'JSX.IntrinsicElements' exists.
src/pages/BulkOrganizer.tsx(1526,25): error TS7026: JSX element implicitly has type 'any' because no interface 'JSX.IntrinsicElements' exists.
src/pages/BulkOrganizer.tsx(1526,75): error TS7006: Parameter 'e' implicitly has an 'any' type.
src/pages/BulkOrganizer.tsx(1527,7): error TS7026: JSX element implicitly has type 'any' because no interface 'JSX.IntrinsicElements' exists.
src/pages/BulkOrganizer.tsx(1527,73): error TS7026: JSX element implicitly has type 'any' because no interface 'JSX.IntrinsicElements' exists.
src/pages/BulkOrganizer.tsx(1527,127): error TS7026: JSX element implicitly has type 'any' because no interface 'JSX.IntrinsicElements' exists.
src/pages/BulkOrganizer.tsx(1527,136): error TS7026: JSX element implicitly has type 'any' because no interface 'JSX.IntrinsicElements' exists.
src/pages/BulkOrganizer.tsx(1528,7): error TS7026: JSX element implicitly has type 'any' because no interface 'JSX.IntrinsicElements' exists.
src/pages/BulkOrganizer.tsx(1528,48): error TS7026: JSX element implicitly has type 'any' because no interface 'JSX.IntrinsicElements' exists.
src/pages/BulkOrganizer.tsx(1528,53): error TS7026: JSX element implicitly has type 'any' because no interface 'JSX.IntrinsicElements' exists.
src/pages/BulkOrganizer.tsx(1528,66): error TS7026: JSX element implicitly has type 'any' because no interface 'JSX.IntrinsicElements' exists.
src/pages/BulkOrganizer.tsx(1528,73): error TS7026: JSX element implicitly has type 'any' because no interface 'JSX.IntrinsicElements' exists.
src/pages/BulkOrganizer.tsx(1528,106): error TS7026: JSX element implicitly has type 'any' because no interface 'JSX.IntrinsicElements' exists.
src/pages/BulkOrganizer.tsx(1528,110): error TS7026: JSX element implicitly has type 'any' because no interface 'JSX.IntrinsicElements' exists.
src/pages/BulkOrganizer.tsx(1528,288): error TS7026: JSX element implicitly has type 'any' because no interface 'JSX.IntrinsicElements' exists.
src/pages/BulkOrganizer.tsx(1528,296): error TS7026: JSX element implicitly has type 'any' because no interface 'JSX.IntrinsicElements' exists.
src/pages/BulkOrganizer.tsx(1528,367): error TS7026: JSX element implicitly has type 'any' because no interface 'JSX.IntrinsicElements' exists.
src/pages/BulkOrganizer.tsx(1528,375): error TS7026: JSX element implicitly has type 'any' because no interface 'JSX.IntrinsicElements' exists.
src/pages/BulkOrganizer.tsx(1528,381): error TS7026: JSX element implicitly has type 'any' because no interface 'JSX.IntrinsicElements' exists.
src/pages/BulkOrganizer.tsx(1528,418): error TS7026: JSX element implicitly has type 'any' because no interface 'JSX.IntrinsicElements' exists.
src/pages/BulkOrganizer.tsx(1528,509): error TS7026: JSX element implicitly has type 'any' because no interface 'JSX.IntrinsicElements' exists.
src/pages/BulkOrganizer.tsx(1528,518): error TS7026: JSX element implicitly has type 'any' because no interface 'JSX.IntrinsicElements' exists.
src/pages/BulkOrganizer.tsx(1528,542): error TS7026: JSX element implicitly has type 'any' because no interface 'JSX.IntrinsicElements' exists.
src/pages/BulkOrganizer.tsx(1528,549): error TS7026: JSX element implicitly has type 'any' because no interface 'JSX.IntrinsicElements' exists.
src/pages/BulkOrganizer.tsx(1528,722): error TS7026: JSX element implicitly has type 'any' because no interface 'JSX.IntrinsicElements' exists.
src/pages/BulkOrganizer.tsx(1528,730): error TS7026: JSX element implicitly has type 'any' because no interface 'JSX.IntrinsicElements' exists.
src/pages/BulkOrganizer.tsx(1528,736): error TS7026: JSX element implicitly has type 'any' because no interface 'JSX.IntrinsicElements' exists.
src/pages/BulkOrganizer.tsx(1529,7): error TS7026: JSX element implicitly has type 'any' because no interface 'JSX.IntrinsicElements' exists.
src/pages/BulkOrganizer.tsx(1529,69): error TS7006: Parameter 'cfg' implicitly has an 'any' type.
src/pages/BulkOrganizer.tsx(1529,247): error TS7026: JSX element implicitly has type 'any' because no interface 'JSX.IntrinsicElements' exists.
src/pages/BulkOrganizer.tsx(1529,380): error TS7026: JSX element implicitly has type 'any' because no interface 'JSX.IntrinsicElements' exists.
src/pages/BulkOrganizer.tsx(1529,415): error TS7026: JSX element implicitly has type 'any' because no interface 'JSX.IntrinsicElements' exists.
src/pages/BulkOrganizer.tsx(1529,420): error TS7026: JSX element implicitly has type 'any' because no interface 'JSX.IntrinsicElements' exists.
src/pages/BulkOrganizer.tsx(1529,433): error TS7026: JSX element implicitly has type 'any' because no interface 'JSX.IntrinsicElements' exists.
src/pages/BulkOrganizer.tsx(1529,437): error TS7026: JSX element implicitly has type 'any' because no interface 'JSX.IntrinsicElements' exists.
src/pages/BulkOrganizer.tsx(1529,462): error TS7026: JSX element implicitly has type 'any' because no interface 'JSX.IntrinsicElements' exists.
src/pages/BulkOrganizer.tsx(1529,469): error TS7026: JSX element implicitly has type 'any' because no interface 'JSX.IntrinsicElements' exists.
src/pages/BulkOrganizer.tsx(1529,522): error TS7026: JSX element implicitly has type 'any' because no interface 'JSX.IntrinsicElements' exists.
src/pages/BulkOrganizer.tsx(1529,530): error TS7026: JSX element implicitly has type 'any' because no interface 'JSX.IntrinsicElements' exists.
src/pages/BulkOrganizer.tsx(1529,664): error TS7026: JSX element implicitly has type 'any' because no interface 'JSX.IntrinsicElements' exists.
src/pages/BulkOrganizer.tsx(1529,672): error TS7026: JSX element implicitly has type 'any' because no interface 'JSX.IntrinsicElements' exists.
src/pages/BulkOrganizer.tsx(1529,706): error TS7026: JSX element implicitly has type 'any' because no interface 'JSX.IntrinsicElements' exists.
src/pages/BulkOrganizer.tsx(1529,718): error TS7026: JSX element implicitly has type 'any' because no interface 'JSX.IntrinsicElements' exists.
src/pages/BulkOrganizer.tsx(1530,26): error TS7026: JSX element implicitly has type 'any' because no interface 'JSX.IntrinsicElements' exists.
src/pages/BulkOrganizer.tsx(1531,9): error TS7026: JSX element implicitly has type 'any' because no interface 'JSX.IntrinsicElements' exists.
src/pages/BulkOrganizer.tsx(1531,41): error TS7026: JSX element implicitly has type 'any' because no interface 'JSX.IntrinsicElements' exists.
src/pages/BulkOrganizer.tsx(1531,60): error TS7026: JSX element implicitly has type 'any' because no interface 'JSX.IntrinsicElements' exists.
src/pages/BulkOrganizer.tsx(1531,67): error TS7026: JSX element implicitly has type 'any' because no interface 'JSX.IntrinsicElements' exists.
src/pages/BulkOrganizer.tsx(1531,72): error TS7026: JSX element implicitly has type 'any' because no interface 'JSX.IntrinsicElements' exists.
src/pages/BulkOrganizer.tsx(1531,337): error TS7026: JSX element implicitly has type 'any' because no interface 'JSX.IntrinsicElements' exists.
src/pages/BulkOrganizer.tsx(1531,346): error TS7026: JSX element implicitly has type 'any' because no interface 'JSX.IntrinsicElements' exists.
src/pages/BulkOrganizer.tsx(1531,621): error TS7026: JSX element implicitly has type 'any' because no interface 'JSX.IntrinsicElements' exists.
src/pages/BulkOrganizer.tsx(1531,630): error TS7026: JSX element implicitly has type 'any' because no interface 'JSX.IntrinsicElements' exists.
src/pages/BulkOrganizer.tsx(1531,636): error TS7026: JSX element implicitly has type 'any' because no interface 'JSX.IntrinsicElements' exists.
src/pages/BulkOrganizer.tsx(1532,9): error TS7026: JSX element implicitly has type 'any' because no interface 'JSX.IntrinsicElements' exists.
src/pages/BulkOrganizer.tsx(1532,42): error TS7026: JSX element implicitly has type 'any' because no interface 'JSX.IntrinsicElements' exists.
src/pages/BulkOrganizer.tsx(1532,72): error TS7026: JSX element implicitly has type 'any' because no interface 'JSX.IntrinsicElements' exists.
src/pages/BulkOrganizer.tsx(1532,79): error TS7026: JSX element implicitly has type 'any' because no interface 'JSX.IntrinsicElements' exists.
src/pages/BulkOrganizer.tsx(1532,227): error TS7006: Parameter 'e' implicitly has an 'any' type.
src/pages/BulkOrganizer.tsx(1532,379): error TS7026: JSX element implicitly has type 'any' because no interface 'JSX.IntrinsicElements' exists.
src/pages/BulkOrganizer.tsx(1532,387): error TS7026: JSX element implicitly has type 'any' because no interface 'JSX.IntrinsicElements' exists.
src/pages/BulkOrganizer.tsx(1532,563): error TS7026: JSX element implicitly has type 'any' because no interface 'JSX.IntrinsicElements' exists.
src/pages/BulkOrganizer.tsx(1533,7): error TS7026: JSX element implicitly has type 'any' because no interface 'JSX.IntrinsicElements' exists.
src/pages/BulkOrganizer.tsx(1534,25): error TS7026: JSX element implicitly has type 'any' because no interface 'JSX.IntrinsicElements' exists.
src/pages/BulkOrganizer.tsx(1534,65): error TS7026: JSX element implicitly has type 'any' because no interface 'JSX.IntrinsicElements' exists.
src/pages/BulkOrganizer.tsx(1534,70): error TS7026: JSX element implicitly has type 'any' because no interface 'JSX.IntrinsicElements' exists.
src/pages/BulkOrganizer.tsx(1534,149): error TS7026: JSX element implicitly has type 'any' because no interface 'JSX.IntrinsicElements' exists.
src/pages/BulkOrganizer.tsx(1534,156): error TS7026: JSX element implicitly has type 'any' because no interface 'JSX.IntrinsicElements' exists.
src/pages/BulkOrganizer.tsx(1534,238): error TS7026: JSX element implicitly has type 'any' because no interface 'JSX.IntrinsicElements' exists.
src/pages/BulkOrganizer.tsx(1534,242): error TS7026: JSX element implicitly has type 'any' because no interface 'JSX.IntrinsicElements' exists.
src/pages/BulkOrganizer.tsx(1534,248): error TS7026: JSX element implicitly has type 'any' because no interface 'JSX.IntrinsicElements' exists.
src/pages/BulkOrganizer.tsx(1534,255): error TS7026: JSX element implicitly has type 'any' because no interface 'JSX.IntrinsicElements' exists.
src/pages/BulkOrganizer.tsx(1534,269): error TS7026: JSX element implicitly has type 'any' because no interface 'JSX.IntrinsicElements' exists.
src/pages/BulkOrganizer.tsx(1534,276): error TS7026: JSX element implicitly has type 'any' because no interface 'JSX.IntrinsicElements' exists.
src/pages/BulkOrganizer.tsx(1534,412): error TS7006: Parameter 'e' implicitly has an 'any' type.
src/pages/BulkOrganizer.tsx(1534,552): error TS7026: JSX element implicitly has type 'any' because no interface 'JSX.IntrinsicElements' exists.
src/pages/BulkOrganizer.tsx(1534,560): error TS7026: JSX element implicitly has type 'any' because no interface 'JSX.IntrinsicElements' exists.
src/pages/BulkOrganizer.tsx(1534,606): error TS7026: JSX element implicitly has type 'any' because no interface 'JSX.IntrinsicElements' exists.
src/pages/BulkOrganizer.tsx(1534,619): error TS7026: JSX element implicitly has type 'any' because no interface 'JSX.IntrinsicElements' exists.
src/pages/BulkOrganizer.tsx(1534,626): error TS7026: JSX element implicitly has type 'any' because no interface 'JSX.IntrinsicElements' exists.
src/pages/BulkOrganizer.tsx(1534,656): error TS7006: Parameter 'cfg' implicitly has an 'any' type.
src/pages/BulkOrganizer.tsx(1534,699): error TS7006: Parameter 'cfg' implicitly has an 'any' type.
src/pages/BulkOrganizer.tsx(1534,751): error TS7026: JSX element implicitly has type 'any' because no interface 'JSX.IntrinsicElements' exists.
src/pages/BulkOrganizer.tsx(1534,925): error TS7026: JSX element implicitly has type 'any' because no interface 'JSX.IntrinsicElements' exists.
src/pages/BulkOrganizer.tsx(1534,937): error TS7026: JSX element implicitly has type 'any' because no interface 'JSX.IntrinsicElements' exists.
src/pages/BulkOrganizer.tsx(1534,943): error TS7026: JSX element implicitly has type 'any' because no interface 'JSX.IntrinsicElements' exists.
src/pages/BulkOrganizer.tsx(1534,949): error TS7026: JSX element implicitly has type 'any' because no interface 'JSX.IntrinsicElements' exists.
src/pages/BulkOrganizer.tsx(1535,7): error TS7026: JSX element implicitly has type 'any' because no interface 'JSX.IntrinsicElements' exists.
src/pages/BulkOrganizer.tsx(1535,719): error TS7026: JSX element implicitly has type 'any' because no interface 'JSX.IntrinsicElements' exists.
src/pages/BulkOrganizer.tsx(1536,17): error TS7026: JSX element implicitly has type 'any' because no interface 'JSX.IntrinsicElements' exists.
src/pages/BulkOrganizer.tsx(1537,26): error TS7026: JSX element implicitly has type 'any' because no interface 'JSX.IntrinsicElements' exists.
src/pages/BulkOrganizer.tsx(1537,76): error TS7006: Parameter 'e' implicitly has an 'any' type.
src/pages/BulkOrganizer.tsx(1537,202): error TS7026: JSX element implicitly has type 'any' because no interface 'JSX.IntrinsicElements' exists.
src/pages/BulkOrganizer.tsx(1537,277): error TS7026: JSX element implicitly has type 'any' because no interface 'JSX.IntrinsicElements' exists.
src/pages/BulkOrganizer.tsx(1537,342): error TS7026: JSX element implicitly has type 'any' because no interface 'JSX.IntrinsicElements' exists.
src/pages/BulkOrganizer.tsx(1537,351): error TS7026: JSX element implicitly has type 'any' because no interface 'JSX.IntrinsicElements' exists.
src/pages/BulkOrganizer.tsx(1537,357): error TS7026: JSX element implicitly has type 'any' because no interface 'JSX.IntrinsicElements' exists.
src/pages/BulkOrganizer.tsx(1537,490): error TS7026: JSX element implicitly has type 'any' because no interface 'JSX.IntrinsicElements' exists.
src/pages/BulkOrganizer.tsx(1537,496): error TS7026: JSX element implicitly has type 'any' because no interface 'JSX.IntrinsicElements' exists.
src/pages/BulkOrganizer.tsx(1537,529): error TS7026: JSX element implicitly has type 'any' because no interface 'JSX.IntrinsicElements' exists.
src/pages/BulkOrganizer.tsx(1537,619): error TS7006: Parameter 'e' implicitly has an 'any' type.
src/pages/BulkOrganizer.tsx(1537,673): error TS7026: JSX element implicitly has type 'any' because no interface 'JSX.IntrinsicElements' exists.
src/pages/BulkOrganizer.tsx(1537,714): error TS7006: Parameter 'e' implicitly has an 'any' type.
src/pages/BulkOrganizer.tsx(1537,787): error TS7026: JSX element implicitly has type 'any' because no interface 'JSX.IntrinsicElements' exists.
src/pages/BulkOrganizer.tsx(1537,814): error TS7026: JSX element implicitly has type 'any' because no interface 'JSX.IntrinsicElements' exists.
src/pages/BulkOrganizer.tsx(1537,823): error TS7026: JSX element implicitly has type 'any' because no interface 'JSX.IntrinsicElements' exists.
src/pages/BulkOrganizer.tsx(1537,863): error TS7026: JSX element implicitly has type 'any' because no interface 'JSX.IntrinsicElements' exists.
src/pages/BulkOrganizer.tsx(1537,872): error TS7026: JSX element implicitly has type 'any' because no interface 'JSX.IntrinsicElements' exists.
src/pages/BulkOrganizer.tsx(1537,907): error TS7026: JSX element implicitly has type 'any' because no interface 'JSX.IntrinsicElements' exists.
src/pages/BulkOrganizer.tsx(1537,916): error TS7026: JSX element implicitly has type 'any' because no interface 'JSX.IntrinsicElements' exists.
src/pages/BulkOrganizer.tsx(1537,943): error TS7026: JSX element implicitly has type 'any' because no interface 'JSX.IntrinsicElements' exists.
src/pages/BulkOrganizer.tsx(1537,952): error TS7026: JSX element implicitly has type 'any' because no interface 'JSX.IntrinsicElements' exists.
src/pages/BulkOrganizer.tsx(1537,986): error TS7026: JSX element implicitly has type 'any' because no interface 'JSX.IntrinsicElements' exists.
src/pages/BulkOrganizer.tsx(1537,995): error TS7026: JSX element implicitly has type 'any' because no interface 'JSX.IntrinsicElements' exists.
src/pages/BulkOrganizer.tsx(1537,1004): error TS7026: JSX element implicitly has type 'any' because no interface 'JSX.IntrinsicElements' exists.
src/pages/BulkOrganizer.tsx(1537,1049): error TS7006: Parameter 'e' implicitly has an 'any' type.
src/pages/BulkOrganizer.tsx(1537,1106): error TS7026: JSX element implicitly has type 'any' because no interface 'JSX.IntrinsicElements' exists.
src/pages/BulkOrganizer.tsx(1537,1151): error TS7026: JSX element implicitly has type 'any' because no interface 'JSX.IntrinsicElements' exists.
src/pages/BulkOrganizer.tsx(1537,1160): error TS7026: JSX element implicitly has type 'any' because no interface 'JSX.IntrinsicElements' exists.
src/pages/BulkOrganizer.tsx(1537,1189): error TS7026: JSX element implicitly has type 'any' because no interface 'JSX.IntrinsicElements' exists.
src/pages/BulkOrganizer.tsx(1537,1198): error TS7026: JSX element implicitly has type 'any' because no interface 'JSX.IntrinsicElements' exists.
src/pages/BulkOrganizer.tsx(1537,1231): error TS7026: JSX element implicitly has type 'any' because no interface 'JSX.IntrinsicElements' exists.
src/pages/BulkOrganizer.tsx(1537,1240): error TS7026: JSX element implicitly has type 'any' because no interface 'JSX.IntrinsicElements' exists.
src/pages/BulkOrganizer.tsx(1537,1277): error TS7026: JSX element implicitly has type 'any' because no interface 'JSX.IntrinsicElements' exists.
src/pages/BulkOrganizer.tsx(1537,1355): error TS7006: Parameter 'e' implicitly has an 'any' type.
src/pages/BulkOrganizer.tsx(1537,1417): error TS7026: JSX element implicitly has type 'any' because no interface 'JSX.IntrinsicElements' exists.
src/pages/BulkOrganizer.tsx(1537,1476): error TS7006: Parameter 'e' implicitly has an 'any' type.
src/pages/BulkOrganizer.tsx(1537,1530): error TS7026: JSX element implicitly has type 'any' because no interface 'JSX.IntrinsicElements' exists.
src/pages/BulkOrganizer.tsx(1537,1600): error TS7006: Parameter 'e' implicitly has an 'any' type.
src/pages/BulkOrganizer.tsx(1537,1654): error TS7026: JSX element implicitly has type 'any' because no interface 'JSX.IntrinsicElements' exists.
src/pages/BulkOrganizer.tsx(1537,1743): error TS7026: JSX element implicitly has type 'any' because no interface 'JSX.IntrinsicElements' exists.
src/pages/BulkOrganizer.tsx(1537,1868): error TS7026: JSX element implicitly has type 'any' because no interface 'JSX.IntrinsicElements' exists.
src/pages/BulkOrganizer.tsx(1537,1879): error TS7026: JSX element implicitly has type 'any' because no interface 'JSX.IntrinsicElements' exists.
src/pages/BulkOrganizer.tsx(1537,1885): error TS7026: JSX element implicitly has type 'any' because no interface 'JSX.IntrinsicElements' exists.
src/pages/BulkOrganizer.tsx(1537,1928): error TS7026: JSX element implicitly has type 'any' because no interface 'JSX.IntrinsicElements' exists.
src/pages/BulkOrganizer.tsx(1537,1981): error TS7006: Parameter 'e' implicitly has an 'any' type.
src/pages/BulkOrganizer.tsx(1537,2135): error TS7026: JSX element implicitly has type 'any' because no interface 'JSX.IntrinsicElements' exists.
src/pages/BulkOrganizer.tsx(1537,2199): error TS7026: JSX element implicitly has type 'any' because no interface 'JSX.IntrinsicElements' exists.
src/pages/BulkOrganizer.tsx(1537,2206): error TS7026: JSX element implicitly has type 'any' because no interface 'JSX.IntrinsicElements' exists.
src/pages/BulkOrganizer.tsx(1537,2212): error TS7026: JSX element implicitly has type 'any' because no interface 'JSX.IntrinsicElements' exists.
src/pages/BulkOrganizer.tsx(1537,2690): error TS7026: JSX element implicitly has type 'any' because no interface 'JSX.IntrinsicElements' exists.
src/pages/BulkOrganizer.tsx(1537,2696): error TS7026: JSX element implicitly has type 'any' because no interface 'JSX.IntrinsicElements' exists.
src/pages/BulkOrganizer.tsx(1537,2702): error TS7026: JSX element implicitly has type 'any' because no interface 'JSX.IntrinsicElements' exists.
src/pages/BulkOrganizer.tsx(1537,2761): error TS7006: Parameter 'b' implicitly has an 'any' type.
src/pages/BulkOrganizer.tsx(1537,2764): error TS7026: JSX element implicitly has type 'any' because no interface 'JSX.IntrinsicElements' exists.
src/pages/BulkOrganizer.tsx(1537,2807): error TS7026: JSX element implicitly has type 'any' because no interface 'JSX.IntrinsicElements' exists.
src/pages/BulkOrganizer.tsx(1537,2859): error TS7026: JSX element implicitly has type 'any' because no interface 'JSX.IntrinsicElements' exists.
src/pages/BulkOrganizer.tsx(1537,2865): error TS7026: JSX element implicitly has type 'any' because no interface 'JSX.IntrinsicElements' exists.
src/pages/BulkOrganizer.tsx(1537,2870): error TS7026: JSX element implicitly has type 'any' because no interface 'JSX.IntrinsicElements' exists.
src/pages/BulkOrganizer.tsx(1537,2881): error TS7026: JSX element implicitly has type 'any' because no interface 'JSX.IntrinsicElements' exists.
src/pages/BulkOrganizer.tsx(1537,2885): error TS7026: JSX element implicitly has type 'any' because no interface 'JSX.IntrinsicElements' exists.
src/pages/BulkOrganizer.tsx(1537,2993): error TS7026: JSX element implicitly has type 'any' because no interface 'JSX.IntrinsicElements' exists.
src/pages/BulkOrganizer.tsx(1537,3000): error TS7026: JSX element implicitly has type 'any' because no interface 'JSX.IntrinsicElements' exists.
src/pages/BulkOrganizer.tsx(1537,3214): error TS7026: JSX element implicitly has type 'any' because no interface 'JSX.IntrinsicElements' exists.
src/pages/BulkOrganizer.tsx(1537,3222): error TS7026: JSX element implicitly has type 'any' because no interface 'JSX.IntrinsicElements' exists.
src/pages/BulkOrganizer.tsx(1537,3228): error TS7026: JSX element implicitly has type 'any' because no interface 'JSX.IntrinsicElements' exists.
src/pages/BulkOrganizer.tsx(1537,3268): error TS7026: JSX element implicitly has type 'any' because no interface 'JSX.IntrinsicElements' exists.
src/pages/BulkOrganizer.tsx(1537,3377): error TS7026: JSX element implicitly has type 'any' because no interface 'JSX.IntrinsicElements' exists.
src/pages/BulkOrganizer.tsx(1537,3386): error TS7026: JSX element implicitly has type 'any' because no interface 'JSX.IntrinsicElements' exists.
src/pages/BulkOrganizer.tsx(1537,3491): error TS7026: JSX element implicitly has type 'any' because no interface 'JSX.IntrinsicElements' exists.
src/pages/BulkOrganizer.tsx(1537,3500): error TS7026: JSX element implicitly has type 'any' because no interface 'JSX.IntrinsicElements' exists.
src/pages/BulkOrganizer.tsx(1537,3506): error TS7026: JSX element implicitly has type 'any' because no interface 'JSX.IntrinsicElements' exists.
src/pages/BulkOrganizer.tsx(1537,3514): error TS7026: JSX element implicitly has type 'any' because no interface 'JSX.IntrinsicElements' exists.
src/pages/BulkOrganizer.tsx(1537,3532): error TS7026: JSX element implicitly has type 'any' because no interface 'JSX.IntrinsicElements' exists.
src/pages/BulkOrganizer.tsx(1539,110): error TS7026: JSX element implicitly has type 'any' because no interface 'JSX.IntrinsicElements' exists.
src/pages/BulkOrganizer.tsx(1539,160): error TS7006: Parameter 'e' implicitly has an 'any' type.
src/pages/BulkOrganizer.tsx(1539,463): error TS7006: Parameter 'x' implicitly has an 'any' type.
src/pages/BulkOrganizer.tsx(1540,7): error TS7026: JSX element implicitly has type 'any' because no interface 'JSX.IntrinsicElements' exists.
src/pages/BulkOrganizer.tsx(1540,78): error TS7026: JSX element implicitly has type 'any' because no interface 'JSX.IntrinsicElements' exists.
src/pages/BulkOrganizer.tsx(1540,368): error TS7006: Parameter 'x' implicitly has an 'any' type.
src/pages/BulkOrganizer.tsx(1540,426): error TS7026: JSX element implicitly has type 'any' because no interface 'JSX.IntrinsicElements' exists.
src/pages/BulkOrganizer.tsx(1540,435): error TS7026: JSX element implicitly has type 'any' because no interface 'JSX.IntrinsicElements' exists.
src/pages/BulkOrganizer.tsx(1541,7): error TS7026: JSX element implicitly has type 'any' because no interface 'JSX.IntrinsicElements' exists.
src/pages/BulkOrganizer.tsx(1541,149): error TS7026: JSX element implicitly has type 'any' because no interface 'JSX.IntrinsicElements' exists.
src/pages/BulkOrganizer.tsx(1542,29): error TS7026: JSX element implicitly has type 'any' because no interface 'JSX.IntrinsicElements' exists.
src/pages/BulkOrganizer.tsx(1542,63): error TS7026: JSX element implicitly has type 'any' because no interface 'JSX.IntrinsicElements' exists.
src/pages/BulkOrganizer.tsx(1542,84): error TS7026: JSX element implicitly has type 'any' because no interface 'JSX.IntrinsicElements' exists.
src/pages/BulkOrganizer.tsx(1542,89): error TS7026: JSX element implicitly has type 'any' because no interface 'JSX.IntrinsicElements' exists.
src/pages/BulkOrganizer.tsx(1542,127): error TS7026: JSX element implicitly has type 'any' because no interface 'JSX.IntrinsicElements' exists.
src/pages/BulkOrganizer.tsx(1542,231): error TS7006: Parameter 'e' implicitly has an 'any' type.
src/pages/BulkOrganizer.tsx(1542,300): error TS7026: JSX element implicitly has type 'any' because no interface 'JSX.IntrinsicElements' exists.
src/pages/BulkOrganizer.tsx(1542,344): error TS7006: Parameter 'e' implicitly has an 'any' type.
src/pages/BulkOrganizer.tsx(1542,403): error TS7026: JSX element implicitly has type 'any' because no interface 'JSX.IntrinsicElements' exists.
src/pages/BulkOrganizer.tsx(1542,424): error TS7026: JSX element implicitly has type 'any' because no interface 'JSX.IntrinsicElements' exists.
src/pages/BulkOrganizer.tsx(1542,444): error TS7006: Parameter 'a' implicitly has an 'any' type.
src/pages/BulkOrganizer.tsx(1542,447): error TS7026: JSX element implicitly has type 'any' because no interface 'JSX.IntrinsicElements' exists.
src/pages/BulkOrganizer.tsx(1542,500): error TS7026: JSX element implicitly has type 'any' because no interface 'JSX.IntrinsicElements' exists.
src/pages/BulkOrganizer.tsx(1542,511): error TS7026: JSX element implicitly has type 'any' because no interface 'JSX.IntrinsicElements' exists.
src/pages/BulkOrganizer.tsx(1542,520): error TS7026: JSX element implicitly has type 'any' because no interface 'JSX.IntrinsicElements' exists.
src/pages/BulkOrganizer.tsx(1542,568): error TS7006: Parameter 'e' implicitly has an 'any' type.
src/pages/BulkOrganizer.tsx(1542,631): error TS7026: JSX element implicitly has type 'any' because no interface 'JSX.IntrinsicElements' exists.
src/pages/BulkOrganizer.tsx(1542,656): error TS7026: JSX element implicitly has type 'any' because no interface 'JSX.IntrinsicElements' exists.
src/pages/BulkOrganizer.tsx(1542,665): error TS7026: JSX element implicitly has type 'any' because no interface 'JSX.IntrinsicElements' exists.
src/pages/BulkOrganizer.tsx(1542,679): error TS7026: JSX element implicitly has type 'any' because no interface 'JSX.IntrinsicElements' exists.
src/pages/BulkOrganizer.tsx(1542,688): error TS7026: JSX element implicitly has type 'any' because no interface 'JSX.IntrinsicElements' exists.
src/pages/BulkOrganizer.tsx(1542,704): error TS7026: JSX element implicitly has type 'any' because no interface 'JSX.IntrinsicElements' exists.
src/pages/BulkOrganizer.tsx(1542,713): error TS7026: JSX element implicitly has type 'any' because no interface 'JSX.IntrinsicElements' exists.
src/pages/BulkOrganizer.tsx(1542,722): error TS7026: JSX element implicitly has type 'any' because no interface 'JSX.IntrinsicElements' exists.
src/pages/BulkOrganizer.tsx(1542,773): error TS7006: Parameter 'e' implicitly has an 'any' type.
src/pages/BulkOrganizer.tsx(1542,839): error TS7026: JSX element implicitly has type 'any' because no interface 'JSX.IntrinsicElements' exists.
src/pages/BulkOrganizer.tsx(1542,875): error TS7026: JSX element implicitly has type 'any' because no interface 'JSX.IntrinsicElements' exists.
src/pages/BulkOrganizer.tsx(1542,910): error TS7006: Parameter 'b' implicitly has an 'any' type.
src/pages/BulkOrganizer.tsx(1542,913): error TS7026: JSX element implicitly has type 'any' because no interface 'JSX.IntrinsicElements' exists.
src/pages/BulkOrganizer.tsx(1542,953): error TS7026: JSX element implicitly has type 'any' because no interface 'JSX.IntrinsicElements' exists.
src/pages/BulkOrganizer.tsx(1542,964): error TS7026: JSX element implicitly has type 'any' because no interface 'JSX.IntrinsicElements' exists.
src/pages/BulkOrganizer.tsx(1542,973): error TS7026: JSX element implicitly has type 'any' because no interface 'JSX.IntrinsicElements' exists.
src/pages/BulkOrganizer.tsx(1542,1062): error TS7026: JSX element implicitly has type 'any' because no interface 'JSX.IntrinsicElements' exists.
src/pages/BulkOrganizer.tsx(1542,1161): error TS7006: Parameter 'x' implicitly has an 'any' type.
src/pages/BulkOrganizer.tsx(1542,1209): error TS7006: Parameter 'y' implicitly has an 'any' type.
src/pages/BulkOrganizer.tsx(1542,1240): error TS7026: JSX element implicitly has type 'any' because no interface 'JSX.IntrinsicElements' exists.
src/pages/BulkOrganizer.tsx(1542,1251): error TS7026: JSX element implicitly has type 'any' because no interface 'JSX.IntrinsicElements' exists.
src/pages/BulkOrganizer.tsx(1542,1347): error TS7026: JSX element implicitly has type 'any' because no interface 'JSX.IntrinsicElements' exists.
src/pages/BulkOrganizer.tsx(1542,1353): error TS7026: JSX element implicitly has type 'any' because no interface 'JSX.IntrinsicElements' exists.
src/pages/BulkOrganizer.tsx(1543,70): error TS7026: JSX element implicitly has type 'any' because no interface 'JSX.IntrinsicElements' exists.
src/pages/BulkOrganizer.tsx(1544,9): error TS7026: JSX element implicitly has type 'any' because no interface 'JSX.IntrinsicElements' exists.
src/pages/BulkOrganizer.tsx(1544,90): error TS7026: JSX element implicitly has type 'any' because no interface 'JSX.IntrinsicElements' exists.
src/pages/BulkOrganizer.tsx(1545,46): error TS7026: JSX element implicitly has type 'any' because no interface 'JSX.IntrinsicElements' exists.
src/pages/BulkOrganizer.tsx(1546,74): error TS7006: Parameter 'row' implicitly has an 'any' type.
src/pages/BulkOrganizer.tsx(1546,78): error TS7006: Parameter 'idx' implicitly has an 'any' type.
src/pages/BulkOrganizer.tsx(1549,87): error TS7006: Parameter 'rows' implicitly has an 'any' type.
src/pages/BulkOrganizer.tsx(1551,32): error TS7006: Parameter 'r' implicitly has an 'any' type.
src/pages/BulkOrganizer.tsx(1551,34): error TS7006: Parameter 'j' implicitly has an 'any' type.
src/pages/BulkOrganizer.tsx(1553,20): error TS7026: JSX element implicitly has type 'any' because no interface 'JSX.IntrinsicElements' exists.
src/pages/BulkOrganizer.tsx(1554,15): error TS7026: JSX element implicitly has type 'any' because no interface 'JSX.IntrinsicElements' exists.
src/pages/BulkOrganizer.tsx(1554,61): error TS7026: JSX element implicitly has type 'any' because no interface 'JSX.IntrinsicElements' exists.
src/pages/BulkOrganizer.tsx(1554,66): error TS7026: JSX element implicitly has type 'any' because no interface 'JSX.IntrinsicElements' exists.
src/pages/BulkOrganizer.tsx(1554,87): error TS7026: JSX element implicitly has type 'any' because no interface 'JSX.IntrinsicElements' exists.
src/pages/BulkOrganizer.tsx(1554,94): error TS7026: JSX element implicitly has type 'any' because no interface 'JSX.IntrinsicElements' exists.
src/pages/BulkOrganizer.tsx(1554,133): error TS7026: JSX element implicitly has type 'any' because no interface 'JSX.IntrinsicElements' exists.
src/pages/BulkOrganizer.tsx(1554,137): error TS7026: JSX element implicitly has type 'any' because no interface 'JSX.IntrinsicElements' exists.
src/pages/BulkOrganizer.tsx(1554,171): error TS7026: JSX element implicitly has type 'any' because no interface 'JSX.IntrinsicElements' exists.
src/pages/BulkOrganizer.tsx(1554,274): error TS7006: Parameter 'rows' implicitly has an 'any' type.
src/pages/BulkOrganizer.tsx(1554,293): error TS7006: Parameter '_' implicitly has an 'any' type.
src/pages/BulkOrganizer.tsx(1554,295): error TS7006: Parameter 'j' implicitly has an 'any' type.
src/pages/BulkOrganizer.tsx(1554,324): error TS7026: JSX element implicitly has type 'any' because no interface 'JSX.IntrinsicElements' exists.
src/pages/BulkOrganizer.tsx(1554,334): error TS7026: JSX element implicitly has type 'any' because no interface 'JSX.IntrinsicElements' exists.
src/pages/BulkOrganizer.tsx(1555,15): error TS7026: JSX element implicitly has type 'any' because no interface 'JSX.IntrinsicElements' exists.
src/pages/BulkOrganizer.tsx(1555,81): error TS7006: Parameter 'e' implicitly has an 'any' type.
src/pages/BulkOrganizer.tsx(1556,15): error TS7026: JSX element implicitly has type 'any' because no interface 'JSX.IntrinsicElements' exists.
src/pages/BulkOrganizer.tsx(1556,136): error TS7006: Parameter 'e' implicitly has an 'any' type.
src/pages/BulkOrganizer.tsx(1557,67): error TS7006: Parameter 'x' implicitly has an 'any' type.
src/pages/BulkOrganizer.tsx(1557,140): error TS7006: Parameter 'x' implicitly has an 'any' type.
src/pages/BulkOrganizer.tsx(1560,15): error TS7026: JSX element implicitly has type 'any' because no interface 'JSX.IntrinsicElements' exists.
src/pages/BulkOrganizer.tsx(1560,56): error TS7026: JSX element implicitly has type 'any' because no interface 'JSX.IntrinsicElements' exists.
src/pages/BulkOrganizer.tsx(1560,78): error TS7026: JSX element implicitly has type 'any' because no interface 'JSX.IntrinsicElements' exists.
src/pages/BulkOrganizer.tsx(1560,85): error TS7026: JSX element implicitly has type 'any' because no interface 'JSX.IntrinsicElements' exists.
src/pages/BulkOrganizer.tsx(1560,127): error TS7006: Parameter 'e' implicitly has an 'any' type.
src/pages/BulkOrganizer.tsx(1561,84): error TS7006: Parameter 'x' implicitly has an 'any' type.
src/pages/BulkOrganizer.tsx(1561,190): error TS7006: Parameter 'x' implicitly has an 'any' type.
src/pages/BulkOrganizer.tsx(1561,271): error TS7006: Parameter 'x' implicitly has an 'any' type.
src/pages/BulkOrganizer.tsx(1563,18): error TS7026: JSX element implicitly has type 'any' because no interface 'JSX.IntrinsicElements' exists.
src/pages/BulkOrganizer.tsx(1563,50): error TS7026: JSX element implicitly has type 'any' because no interface 'JSX.IntrinsicElements' exists.
src/pages/BulkOrganizer.tsx(1563,85): error TS7006: Parameter 'b' implicitly has an 'any' type.
src/pages/BulkOrganizer.tsx(1563,88): error TS7026: JSX element implicitly has type 'any' because no interface 'JSX.IntrinsicElements' exists.
src/pages/BulkOrganizer.tsx(1563,128): error TS7026: JSX element implicitly has type 'any' because no interface 'JSX.IntrinsicElements' exists.
src/pages/BulkOrganizer.tsx(1563,139): error TS7026: JSX element implicitly has type 'any' because no interface 'JSX.IntrinsicElements' exists.
src/pages/BulkOrganizer.tsx(1563,148): error TS7026: JSX element implicitly has type 'any' because no interface 'JSX.IntrinsicElements' exists.
src/pages/BulkOrganizer.tsx(1564,15): error TS7026: JSX element implicitly has type 'any' because no interface 'JSX.IntrinsicElements' exists.
src/pages/BulkOrganizer.tsx(1564,50): error TS7006: Parameter 'e' implicitly has an 'any' type.
src/pages/BulkOrganizer.tsx(1564,87): error TS7026: JSX element implicitly has type 'any' because no interface 'JSX.IntrinsicElements' exists.
src/pages/BulkOrganizer.tsx(1564,108): error TS7026: JSX element implicitly has type 'any' because no interface 'JSX.IntrinsicElements' exists.
src/pages/BulkOrganizer.tsx(1564,128): error TS7006: Parameter 'a' implicitly has an 'any' type.
src/pages/BulkOrganizer.tsx(1564,131): error TS7026: JSX element implicitly has type 'any' because no interface 'JSX.IntrinsicElements' exists.
src/pages/BulkOrganizer.tsx(1564,184): error TS7026: JSX element implicitly has type 'any' because no interface 'JSX.IntrinsicElements' exists.
src/pages/BulkOrganizer.tsx(1564,195): error TS7026: JSX element implicitly has type 'any' because no interface 'JSX.IntrinsicElements' exists.
src/pages/BulkOrganizer.tsx(1565,15): error TS7026: JSX element implicitly has type 'any' because no interface 'JSX.IntrinsicElements' exists.
src/pages/BulkOrganizer.tsx(1565,54): error TS7006: Parameter 'e' implicitly has an 'any' type.
src/pages/BulkOrganizer.tsx(1565,95): error TS7026: JSX element implicitly has type 'any' because no interface 'JSX.IntrinsicElements' exists.
src/pages/BulkOrganizer.tsx(1565,120): error TS7026: JSX element implicitly has type 'any' because no interface 'JSX.IntrinsicElements' exists.
src/pages/BulkOrganizer.tsx(1565,129): error TS7026: JSX element implicitly has type 'any' because no interface 'JSX.IntrinsicElements' exists.
src/pages/BulkOrganizer.tsx(1565,143): error TS7026: JSX element implicitly has type 'any' because no interface 'JSX.IntrinsicElements' exists.
src/pages/BulkOrganizer.tsx(1565,152): error TS7026: JSX element implicitly has type 'any' because no interface 'JSX.IntrinsicElements' exists.
src/pages/BulkOrganizer.tsx(1565,168): error TS7026: JSX element implicitly has type 'any' because no interface 'JSX.IntrinsicElements' exists.
src/pages/BulkOrganizer.tsx(1565,177): error TS7026: JSX element implicitly has type 'any' because no interface 'JSX.IntrinsicElements' exists.
src/pages/BulkOrganizer.tsx(1566,15): error TS7026: JSX element implicitly has type 'any' because no interface 'JSX.IntrinsicElements' exists.
src/pages/BulkOrganizer.tsx(1566,56): error TS7026: JSX element implicitly has type 'any' because no interface 'JSX.IntrinsicElements' exists.
src/pages/BulkOrganizer.tsx(1566,97): error TS7026: JSX element implicitly has type 'any' because no interface 'JSX.IntrinsicElements' exists.
src/pages/BulkOrganizer.tsx(1566,114): error TS7026: JSX element implicitly has type 'any' because no interface 'JSX.IntrinsicElements' exists.
src/pages/BulkOrganizer.tsx(1566,121): error TS7026: JSX element implicitly has type 'any' because no interface 'JSX.IntrinsicElements' exists.
src/pages/BulkOrganizer.tsx(1566,258): error TS7006: Parameter 'e' implicitly has an 'any' type.
src/pages/BulkOrganizer.tsx(1566,417): error TS7026: JSX element implicitly has type 'any' because no interface 'JSX.IntrinsicElements' exists.
src/pages/BulkOrganizer.tsx(1566,425): error TS7026: JSX element implicitly has type 'any' because no interface 'JSX.IntrinsicElements' exists.
src/pages/BulkOrganizer.tsx(1566,466): error TS7026: JSX element implicitly has type 'any' because no interface 'JSX.IntrinsicElements' exists.
src/pages/BulkOrganizer.tsx(1566,485): error TS7026: JSX element implicitly has type 'any' because no interface 'JSX.IntrinsicElements' exists.
src/pages/BulkOrganizer.tsx(1566,492): error TS7026: JSX element implicitly has type 'any' because no interface 'JSX.IntrinsicElements' exists.
src/pages/BulkOrganizer.tsx(1566,633): error TS7006: Parameter 'e' implicitly has an 'any' type.
src/pages/BulkOrganizer.tsx(1566,792): error TS7026: JSX element implicitly has type 'any' because no interface 'JSX.IntrinsicElements' exists.
src/pages/BulkOrganizer.tsx(1566,800): error TS7026: JSX element implicitly has type 'any' because no interface 'JSX.IntrinsicElements' exists.
src/pages/BulkOrganizer.tsx(1566,965): error TS7026: JSX element implicitly has type 'any' because no interface 'JSX.IntrinsicElements' exists.
src/pages/BulkOrganizer.tsx(1566,972): error TS7026: JSX element implicitly has type 'any' because no interface 'JSX.IntrinsicElements' exists.
src/pages/BulkOrganizer.tsx(1567,15): error TS7026: JSX element implicitly has type 'any' because no interface 'JSX.IntrinsicElements' exists.
src/pages/BulkOrganizer.tsx(1567,56): error TS7026: JSX element implicitly has type 'any' because no interface 'JSX.IntrinsicElements' exists.
src/pages/BulkOrganizer.tsx(1567,74): error TS7026: JSX element implicitly has type 'any' because no interface 'JSX.IntrinsicElements' exists.
src/pages/BulkOrganizer.tsx(1567,81): error TS7026: JSX element implicitly has type 'any' because no interface 'JSX.IntrinsicElements' exists.
src/pages/BulkOrganizer.tsx(1567,135): error TS7006: Parameter 'e' implicitly has an 'any' type.
src/pages/BulkOrganizer.tsx(1567,181): error TS7026: JSX element implicitly has type 'any' because no interface 'JSX.IntrinsicElements' exists.
src/pages/BulkOrganizer.tsx(1568,15): error TS7026: JSX element implicitly has type 'any' because no interface 'JSX.IntrinsicElements' exists.
src/pages/BulkOrganizer.tsx(1568,56): error TS7026: JSX element implicitly has type 'any' because no interface 'JSX.IntrinsicElements' exists.
src/pages/BulkOrganizer.tsx(1568,70): error TS7026: JSX element implicitly has type 'any' because no interface 'JSX.IntrinsicElements' exists.
src/pages/BulkOrganizer.tsx(1568,77): error TS7026: JSX element implicitly has type 'any' because no interface 'JSX.IntrinsicElements' exists.
src/pages/BulkOrganizer.tsx(1568,119): error TS7026: JSX element implicitly has type 'any' because no interface 'JSX.IntrinsicElements' exists.
src/pages/BulkOrganizer.tsx(1568,178): error TS7026: JSX element implicitly has type 'any' because no interface 'JSX.IntrinsicElements' exists.
src/pages/BulkOrganizer.tsx(1568,311): error TS7026: JSX element implicitly has type 'any' because no interface 'JSX.IntrinsicElements' exists.
src/pages/BulkOrganizer.tsx(1568,321): error TS7026: JSX element implicitly has type 'any' because no interface 'JSX.IntrinsicElements' exists.
src/pages/BulkOrganizer.tsx(1568,437): error TS7026: JSX element implicitly has type 'any' because no interface 'JSX.IntrinsicElements' exists.
src/pages/BulkOrganizer.tsx(1568,446): error TS7026: JSX element implicitly has type 'any' because no interface 'JSX.IntrinsicElements' exists.
src/pages/BulkOrganizer.tsx(1568,554): error TS7006: Parameter 'x' implicitly has an 'any' type.
src/pages/BulkOrganizer.tsx(1568,639): error TS7026: JSX element implicitly has type 'any' because no interface 'JSX.IntrinsicElements' exists.
src/pages/BulkOrganizer.tsx(1568,648): error TS7026: JSX element implicitly has type 'any' because no interface 'JSX.IntrinsicElements' exists.
src/pages/BulkOrganizer.tsx(1568,679): error TS7026: JSX element implicitly has type 'any' because no interface 'JSX.IntrinsicElements' exists.
src/pages/BulkOrganizer.tsx(1568,723): error TS7026: JSX element implicitly has type 'any' because no interface 'JSX.IntrinsicElements' exists.
src/pages/BulkOrganizer.tsx(1568,834): error TS7006: Parameter 'e' implicitly has an 'any' type.
src/pages/BulkOrganizer.tsx(1568,881): error TS7026: JSX element implicitly has type 'any' because no interface 'JSX.IntrinsicElements' exists.
src/pages/BulkOrganizer.tsx(1568,961): error TS7026: JSX element implicitly has type 'any' because no interface 'JSX.IntrinsicElements' exists.
src/pages/BulkOrganizer.tsx(1568,968): error TS7026: JSX element implicitly has type 'any' because no interface 'JSX.IntrinsicElements' exists.
src/pages/BulkOrganizer.tsx(1568,975): error TS7026: JSX element implicitly has type 'any' because no interface 'JSX.IntrinsicElements' exists.
src/pages/BulkOrganizer.tsx(1568,981): error TS7026: JSX element implicitly has type 'any' because no interface 'JSX.IntrinsicElements' exists.
src/pages/BulkOrganizer.tsx(1569,13): error TS7026: JSX element implicitly has type 'any' because no interface 'JSX.IntrinsicElements' exists.
src/pages/BulkOrganizer.tsx(1571,11): error TS7026: JSX element implicitly has type 'any' because no interface 'JSX.IntrinsicElements' exists.
src/pages/BulkOrganizer.tsx(1571,55): error TS7026: JSX element implicitly has type 'any' because no interface 'JSX.IntrinsicElements' exists.
src/pages/BulkOrganizer.tsx(1571,144): error TS7006: Parameter 'rows' implicitly has an 'any' type.
src/pages/BulkOrganizer.tsx(1571,297): error TS7026: JSX element implicitly has type 'any' because no interface 'JSX.IntrinsicElements' exists.
src/pages/BulkOrganizer.tsx(1571,404): error TS7026: JSX element implicitly has type 'any' because no interface 'JSX.IntrinsicElements' exists.
src/pages/BulkOrganizer.tsx(1572,9): error TS7026: JSX element implicitly has type 'any' because no interface 'JSX.IntrinsicElements' exists.
src/pages/BulkOrganizer.tsx(1572,18): error TS7026: JSX element implicitly has type 'any' because no interface 'JSX.IntrinsicElements' exists.
src/pages/BulkOrganizer.tsx(1573,11): error TS7026: JSX element implicitly has type 'any' because no interface 'JSX.IntrinsicElements' exists.
src/pages/BulkOrganizer.tsx(1573,85): error TS7006: Parameter 'e' implicitly has an 'any' type.
src/pages/BulkOrganizer.tsx(1573,149): error TS7026: JSX element implicitly has type 'any' because no interface 'JSX.IntrinsicElements' exists.
src/pages/BulkOrganizer.tsx(1573,376): error TS7006: Parameter 'e' implicitly has an 'any' type.
src/pages/BulkOrganizer.tsx(1573,429): error TS7006: Parameter 'x' implicitly has an 'any' type.
src/pages/BulkOrganizer.tsx(1573,501): error TS7006: Parameter 's' implicitly has an 'any' type.
src/pages/BulkOrganizer.tsx(1573,830): error TS7026: JSX element implicitly has type 'any' because no interface 'JSX.IntrinsicElements' exists.
src/pages/BulkOrganizer.tsx(1573,871): error TS7026: JSX element implicitly has type 'any' because no interface 'JSX.IntrinsicElements' exists.
src/pages/BulkOrganizer.tsx(1573,893): error TS7026: JSX element implicitly has type 'any' because no interface 'JSX.IntrinsicElements' exists.
src/pages/BulkOrganizer.tsx(1573,925): error TS7026: JSX element implicitly has type 'any' because no interface 'JSX.IntrinsicElements' exists.
src/pages/BulkOrganizer.tsx(1573,1016): error TS7006: Parameter 'b' implicitly has an 'any' type.
src/pages/BulkOrganizer.tsx(1573,1122): error TS7026: JSX element implicitly has type 'any' because no interface 'JSX.IntrinsicElements' exists.
src/pages/BulkOrganizer.tsx(1573,1131): error TS7026: JSX element implicitly has type 'any' because no interface 'JSX.IntrinsicElements' exists.
src/pages/BulkOrganizer.tsx(1573,1181): error TS7006: Parameter 'e' implicitly has an 'any' type.
src/pages/BulkOrganizer.tsx(1573,1251): error TS7006: Parameter 'x' implicitly has an 'any' type.
src/pages/BulkOrganizer.tsx(1573,1355): error TS7006: Parameter 'x' implicitly has an 'any' type.
src/pages/BulkOrganizer.tsx(1573,1443): error TS7006: Parameter 's' implicitly has an 'any' type.
src/pages/BulkOrganizer.tsx(1573,1530): error TS7006: Parameter 'x' implicitly has an 'any' type.
src/pages/BulkOrganizer.tsx(1573,1938): error TS7026: JSX element implicitly has type 'any' because no interface 'JSX.IntrinsicElements' exists.
src/pages/BulkOrganizer.tsx(1573,1970): error TS7026: JSX element implicitly has type 'any' because no interface 'JSX.IntrinsicElements' exists.
src/pages/BulkOrganizer.tsx(1573,2005): error TS7006: Parameter 'b' implicitly has an 'any' type.
src/pages/BulkOrganizer.tsx(1573,2008): error TS7026: JSX element implicitly has type 'any' because no interface 'JSX.IntrinsicElements' exists.
src/pages/BulkOrganizer.tsx(1573,2048): error TS7026: JSX element implicitly has type 'any' because no interface 'JSX.IntrinsicElements' exists.
src/pages/BulkOrganizer.tsx(1573,2059): error TS7026: JSX element implicitly has type 'any' because no interface 'JSX.IntrinsicElements' exists.
src/pages/BulkOrganizer.tsx(1573,2069): error TS7026: JSX element implicitly has type 'any' because no interface 'JSX.IntrinsicElements' exists.
src/pages/BulkOrganizer.tsx(1573,2077): error TS7026: JSX element implicitly has type 'any' because no interface 'JSX.IntrinsicElements' exists.
src/pages/BulkOrganizer.tsx(1573,2120): error TS7006: Parameter 'e' implicitly has an 'any' type.
src/pages/BulkOrganizer.tsx(1573,2177): error TS7026: JSX element implicitly has type 'any' because no interface 'JSX.IntrinsicElements' exists.
src/pages/BulkOrganizer.tsx(1573,2198): error TS7026: JSX element implicitly has type 'any' because no interface 'JSX.IntrinsicElements' exists.
src/pages/BulkOrganizer.tsx(1573,2218): error TS7006: Parameter 'a' implicitly has an 'any' type.
src/pages/BulkOrganizer.tsx(1573,2221): error TS7026: JSX element implicitly has type 'any' because no interface 'JSX.IntrinsicElements' exists.
src/pages/BulkOrganizer.tsx(1573,2274): error TS7026: JSX element implicitly has type 'any' because no interface 'JSX.IntrinsicElements' exists.
src/pages/BulkOrganizer.tsx(1573,2285): error TS7026: JSX element implicitly has type 'any' because no interface 'JSX.IntrinsicElements' exists.
src/pages/BulkOrganizer.tsx(1573,2294): error TS7026: JSX element implicitly has type 'any' because no interface 'JSX.IntrinsicElements' exists.
src/pages/BulkOrganizer.tsx(1573,2341): error TS7006: Parameter 'e' implicitly has an 'any' type.
src/pages/BulkOrganizer.tsx(1573,2402): error TS7026: JSX element implicitly has type 'any' because no interface 'JSX.IntrinsicElements' exists.
src/pages/BulkOrganizer.tsx(1573,2427): error TS7026: JSX element implicitly has type 'any' because no interface 'JSX.IntrinsicElements' exists.
src/pages/BulkOrganizer.tsx(1573,2436): error TS7026: JSX element implicitly has type 'any' because no interface 'JSX.IntrinsicElements' exists.
src/pages/BulkOrganizer.tsx(1573,2450): error TS7026: JSX element implicitly has type 'any' because no interface 'JSX.IntrinsicElements' exists.
src/pages/BulkOrganizer.tsx(1573,2459): error TS7026: JSX element implicitly has type 'any' because no interface 'JSX.IntrinsicElements' exists.
src/pages/BulkOrganizer.tsx(1573,2475): error TS7026: JSX element implicitly has type 'any' because no interface 'JSX.IntrinsicElements' exists.
src/pages/BulkOrganizer.tsx(1573,2484): error TS7026: JSX element implicitly has type 'any' because no interface 'JSX.IntrinsicElements' exists.
src/pages/BulkOrganizer.tsx(1573,2493): error TS7026: JSX element implicitly has type 'any' because no interface 'JSX.IntrinsicElements' exists.
src/pages/BulkOrganizer.tsx(1573,2534): error TS7026: JSX element implicitly has type 'any' because no interface 'JSX.IntrinsicElements' exists.
src/pages/BulkOrganizer.tsx(1573,2575): error TS7026: JSX element implicitly has type 'any' because no interface 'JSX.IntrinsicElements' exists.
src/pages/BulkOrganizer.tsx(1573,2592): error TS7026: JSX element implicitly has type 'any' because no interface 'JSX.IntrinsicElements' exists.
src/pages/BulkOrganizer.tsx(1573,2599): error TS7026: JSX element implicitly has type 'any' because no interface 'JSX.IntrinsicElements' exists.
src/pages/BulkOrganizer.tsx(1573,2687): error TS7006: Parameter 'e' implicitly has an 'any' type.
src/pages/BulkOrganizer.tsx(1573,2705): error TS7006: Parameter 'x' implicitly has an 'any' type.
src/pages/BulkOrganizer.tsx(1573,2859): error TS7026: JSX element implicitly has type 'any' because no interface 'JSX.IntrinsicElements' exists.
src/pages/BulkOrganizer.tsx(1573,2867): error TS7026: JSX element implicitly has type 'any' because no interface 'JSX.IntrinsicElements' exists.
src/pages/BulkOrganizer.tsx(1573,2908): error TS7026: JSX element implicitly has type 'any' because no interface 'JSX.IntrinsicElements' exists.
src/pages/BulkOrganizer.tsx(1573,2927): error TS7026: JSX element implicitly has type 'any' because no interface 'JSX.IntrinsicElements' exists.
src/pages/BulkOrganizer.tsx(1573,2934): error TS7026: JSX element implicitly has type 'any' because no interface 'JSX.IntrinsicElements' exists.
src/pages/BulkOrganizer.tsx(1573,3024): error TS7006: Parameter 'e' implicitly has an 'any' type.
src/pages/BulkOrganizer.tsx(1573,3042): error TS7006: Parameter 'x' implicitly has an 'any' type.
src/pages/BulkOrganizer.tsx(1573,3196): error TS7026: JSX element implicitly has type 'any' because no interface 'JSX.IntrinsicElements' exists.
src/pages/BulkOrganizer.tsx(1573,3204): error TS7026: JSX element implicitly has type 'any' because no interface 'JSX.IntrinsicElements' exists.
src/pages/BulkOrganizer.tsx(1573,3363): error TS7026: JSX element implicitly has type 'any' because no interface 'JSX.IntrinsicElements' exists.
src/pages/BulkOrganizer.tsx(1573,3370): error TS7026: JSX element implicitly has type 'any' because no interface 'JSX.IntrinsicElements' exists.
src/pages/BulkOrganizer.tsx(1573,3376): error TS7026: JSX element implicitly has type 'any' because no interface 'JSX.IntrinsicElements' exists.
src/pages/BulkOrganizer.tsx(1573,3417): error TS7026: JSX element implicitly has type 'any' because no interface 'JSX.IntrinsicElements' exists.
src/pages/BulkOrganizer.tsx(1573,3435): error TS7026: JSX element implicitly has type 'any' because no interface 'JSX.IntrinsicElements' exists.
src/pages/BulkOrganizer.tsx(1573,3442): error TS7026: JSX element implicitly has type 'any' because no interface 'JSX.IntrinsicElements' exists.
src/pages/BulkOrganizer.tsx(1573,3504): error TS7006: Parameter 'e' implicitly has an 'any' type.
src/pages/BulkOrganizer.tsx(1573,3570): error TS7026: JSX element implicitly has type 'any' because no interface 'JSX.IntrinsicElements' exists.
src/pages/BulkOrganizer.tsx(1573,3578): error TS7026: JSX element implicitly has type 'any' because no interface 'JSX.IntrinsicElements' exists.
src/pages/BulkOrganizer.tsx(1573,3619): error TS7026: JSX element implicitly has type 'any' because no interface 'JSX.IntrinsicElements' exists.
src/pages/BulkOrganizer.tsx(1573,3633): error TS7026: JSX element implicitly has type 'any' because no interface 'JSX.IntrinsicElements' exists.
src/pages/BulkOrganizer.tsx(1573,3640): error TS7026: JSX element implicitly has type 'any' because no interface 'JSX.IntrinsicElements' exists.
src/pages/BulkOrganizer.tsx(1573,3682): error TS7026: JSX element implicitly has type 'any' because no interface 'JSX.IntrinsicElements' exists.
src/pages/BulkOrganizer.tsx(1573,3775): error TS7026: JSX element implicitly has type 'any' because no interface 'JSX.IntrinsicElements' exists.
src/pages/BulkOrganizer.tsx(1573,3898): error TS7006: Parameter 'x' implicitly has an 'any' type.
src/pages/BulkOrganizer.tsx(1573,3948): error TS7026: JSX element implicitly has type 'any' because no interface 'JSX.IntrinsicElements' exists.
src/pages/BulkOrganizer.tsx(1573,3958): error TS7026: JSX element implicitly has type 'any' because no interface 'JSX.IntrinsicElements' exists.
src/pages/BulkOrganizer.tsx(1573,4085): error TS7006: Parameter 'x' implicitly has an 'any' type.
src/pages/BulkOrganizer.tsx(1573,4124): error TS7026: JSX element implicitly has type 'any' because no interface 'JSX.IntrinsicElements' exists.
src/pages/BulkOrganizer.tsx(1573,4133): error TS7026: JSX element implicitly has type 'any' because no interface 'JSX.IntrinsicElements' exists.
src/pages/BulkOrganizer.tsx(1573,4412): error TS7006: Parameter 'x' implicitly has an 'any' type.
src/pages/BulkOrganizer.tsx(1573,4451): error TS7026: JSX element implicitly has type 'any' because no interface 'JSX.IntrinsicElements' exists.
src/pages/BulkOrganizer.tsx(1573,4460): error TS7026: JSX element implicitly has type 'any' because no interface 'JSX.IntrinsicElements' exists.
src/pages/BulkOrganizer.tsx(1573,4494): error TS7026: JSX element implicitly has type 'any' because no interface 'JSX.IntrinsicElements' exists.
src/pages/BulkOrganizer.tsx(1573,4594): error TS7006: Parameter 'e' implicitly has an 'any' type.
src/pages/BulkOrganizer.tsx(1573,4755): error TS7006: Parameter 'x' implicitly has an 'any' type.
src/pages/BulkOrganizer.tsx(1573,4789): error TS7026: JSX element implicitly has type 'any' because no interface 'JSX.IntrinsicElements' exists.
src/pages/BulkOrganizer.tsx(1573,4795): error TS7026: JSX element implicitly has type 'any' because no interface 'JSX.IntrinsicElements' exists.
src/pages/BulkOrganizer.tsx(1573,4803): error TS7026: JSX element implicitly has type 'any' because no interface 'JSX.IntrinsicElements' exists.
src/pages/BulkOrganizer.tsx(1576,11): error TS7026: JSX element implicitly has type 'any' because no interface 'JSX.IntrinsicElements' exists.
src/pages/BulkOrganizer.tsx(1577,9): error TS7026: JSX element implicitly has type 'any' because no interface 'JSX.IntrinsicElements' exists.
src/pages/BulkOrganizer.tsx(1578,7): error TS7026: JSX element implicitly has type 'any' because no interface 'JSX.IntrinsicElements' exists.
src/pages/BulkOrganizer.tsx(1579,17): error TS7026: JSX element implicitly has type 'any' because no interface 'JSX.IntrinsicElements' exists.
src/pages/BulkOrganizer.tsx(1580,5): error TS7026: JSX element implicitly has type 'any' because no interface 'JSX.IntrinsicElements' exists.
src/pages/BulkOrganizer.tsx(1580,59): error TS7006: Parameter 'd' implicitly has an 'any' type.
src/pages/BulkOrganizer.tsx(1580,62): error TS7026: JSX element implicitly has type 'any' because no interface 'JSX.IntrinsicElements' exists.
src/pages/BulkOrganizer.tsx(1580,104): error TS7026: JSX element implicitly has type 'any' because no interface 'JSX.IntrinsicElements' exists.
src/pages/BulkOrganizer.tsx(1580,115): error TS7026: JSX element implicitly has type 'any' because no interface 'JSX.IntrinsicElements' exists.
src/pages/BulkOrganizer.tsx(1580,126): error TS7026: JSX element implicitly has type 'any' because no interface 'JSX.IntrinsicElements' exists.
src/pages/BulkOrganizer.tsx(1580,180): error TS7006: Parameter 'h' implicitly has an 'any' type.
src/pages/BulkOrganizer.tsx(1580,183): error TS7026: JSX element implicitly has type 'any' because no interface 'JSX.IntrinsicElements' exists.
src/pages/BulkOrganizer.tsx(1580,225): error TS7026: JSX element implicitly has type 'any' because no interface 'JSX.IntrinsicElements' exists.
src/pages/BulkOrganizer.tsx(1580,236): error TS7026: JSX element implicitly has type 'any' because no interface 'JSX.IntrinsicElements' exists.
src/pages/BulkOrganizer.tsx(1580,247): error TS7026: JSX element implicitly has type 'any' because no interface 'JSX.IntrinsicElements' exists.
src/pages/BulkOrganizer.tsx(1580,341): error TS7006: Parameter 'c' implicitly has an 'any' type.
src/pages/BulkOrganizer.tsx(1580,362): error TS7026: JSX element implicitly has type 'any' because no interface 'JSX.IntrinsicElements' exists.
src/pages/BulkOrganizer.tsx(1580,391): error TS7026: JSX element implicitly has type 'any' because no interface 'JSX.IntrinsicElements' exists.
src/pages/BulkOrganizer.tsx(1581,3): error TS7026: JSX element implicitly has type 'any' because no interface 'JSX.IntrinsicElements' exists.
src/pages/ControlCenter.tsx(140,65): error TS2307: Cannot find module 'react' or its corresponding type declarations.
src/pages/ControlCenter.tsx(141,43): error TS2307: Cannot find module 'react-grid-layout' or its corresponding type declarations.
src/pages/ControlCenter.tsx(157,50): error TS2307: Cannot find module 'lucide-react' or its corresponding type declarations.
src/pages/ControlCenter.tsx(165,64): error TS2503: Cannot find namespace 'JSX'.
src/pages/ControlCenter.tsx(168,51): error TS2875: This JSX tag requires the module path 'react/jsx-runtime' to exist, but none could be found. Make sure you have types for the appropriate package installed.
src/pages/ControlCenter.tsx(295,16): error TS7006: Parameter 'c' implicitly has an 'any' type.
src/pages/ControlCenter.tsx(307,37): error TS7006: Parameter 'c' implicitly has an 'any' type.
src/pages/ControlCenter.tsx(319,152): error TS7006: Parameter 'payload' implicitly has an 'any' type.
src/pages/ControlCenter.tsx(382,49): error TS7006: Parameter 'p' implicitly has an 'any' type.
src/pages/ControlCenter.tsx(385,50): error TS7006: Parameter 'p' implicitly has an 'any' type.
src/pages/ControlCenter.tsx(390,45): error TS7006: Parameter 'n' implicitly has an 'any' type.
src/pages/ControlCenter.tsx(395,51): error TS7006: Parameter 'k' implicitly has an 'any' type.
src/pages/ControlCenter.tsx(401,47): error TS7006: Parameter 'i' implicitly has an 'any' type.
src/pages/ControlCenter.tsx(440,16): error TS7006: Parameter 'c' implicitly has an 'any' type.
src/pages/ControlCenter.tsx(440,59): error TS7006: Parameter 'p' implicitly has an 'any' type.
src/pages/ControlCenter.tsx(444,16): error TS7006: Parameter 'c' implicitly has an 'any' type.
src/pages/ControlCenter.tsx(448,40): error TS7006: Parameter 'p' implicitly has an 'any' type.
src/pages/ControlCenter.tsx(450,103): error TS7006: Parameter 'c' implicitly has an 'any' type.
src/pages/ControlCenter.tsx(451,16): error TS7006: Parameter 'c' implicitly has an 'any' type.
src/pages/ControlCenter.tsx(456,16): error TS7006: Parameter 'c' implicitly has an 'any' type.
src/pages/ControlCenter.tsx(456,62): error TS7006: Parameter 'p' implicitly has an 'any' type.
src/pages/ControlCenter.tsx(457,79): error TS7006: Parameter 'p' implicitly has an 'any' type.
src/pages/ControlCenter.tsx(463,38): error TS7006: Parameter 'pp' implicitly has an 'any' type.
src/pages/ControlCenter.tsx(466,73): error TS7006: Parameter 'k' implicitly has an 'any' type.
src/pages/ControlCenter.tsx(469,38): error TS7006: Parameter 'pp' implicitly has an 'any' type.
src/pages/ControlCenter.tsx(492,23): error TS7006: Parameter 'n' implicitly has an 'any' type.
src/pages/ControlCenter.tsx(499,23): error TS7006: Parameter 'n' implicitly has an 'any' type.
src/pages/ControlCenter.tsx(506,23): error TS7006: Parameter 'n' implicitly has an 'any' type.
src/pages/ControlCenter.tsx(516,38): error TS7006: Parameter 'pp' implicitly has an 'any' type.
src/pages/ControlCenter.tsx(519,34): error TS7006: Parameter 'm' implicitly has an 'any' type.
src/pages/ControlCenter.tsx(519,37): error TS7006: Parameter 'c' implicitly has an 'any' type.
src/pages/ControlCenter.tsx(529,38): error TS7006: Parameter 'pp' implicitly has an 'any' type.
src/pages/ControlCenter.tsx(531,54): error TS7006: Parameter 'c' implicitly has an 'any' type.
src/pages/ControlCenter.tsx(534,38): error TS7006: Parameter 'pp' implicitly has an 'any' type.
src/pages/ControlCenter.tsx(537,57): error TS7006: Parameter 'c' implicitly has an 'any' type.
src/pages/ControlCenter.tsx(538,24): error TS7006: Parameter 's' implicitly has an 'any' type.
src/pages/ControlCenter.tsx(541,38): error TS7006: Parameter 'pp' implicitly has an 'any' type.
src/pages/ControlCenter.tsx(542,32): error TS7006: Parameter 'c' implicitly has an 'any' type.
src/pages/ControlCenter.tsx(545,107): error TS7006: Parameter 'm' implicitly has an 'any' type.
src/pages/ControlCenter.tsx(545,110): error TS7006: Parameter 'c' implicitly has an 'any' type.
src/pages/ControlCenter.tsx(550,38): error TS7006: Parameter 'pp' implicitly has an 'any' type.
src/pages/ControlCenter.tsx(554,38): error TS7006: Parameter 'pp' implicitly has an 'any' type.
src/pages/ControlCenter.tsx(557,27): error TS7006: Parameter 'c' implicitly has an 'any' type.
src/pages/ControlCenter.tsx(579,38): error TS7006: Parameter 'pp' implicitly has an 'any' type.
src/pages/ControlCenter.tsx(582,54): error TS7006: Parameter 'c' implicitly has an 'any' type.
src/pages/ControlCenter.tsx(585,38): error TS7006: Parameter 'pp' implicitly has an 'any' type.
src/pages/ControlCenter.tsx(588,34): error TS7006: Parameter 'c' implicitly has an 'any' type.
src/pages/ControlCenter.tsx(588,37): error TS7006: Parameter 'i' implicitly has an 'any' type.
src/pages/ControlCenter.tsx(589,29): error TS7006: Parameter 'l' implicitly has an 'any' type.
src/pages/ControlCenter.tsx(591,36): error TS7006: Parameter 'c' implicitly has an 'any' type.
src/pages/ControlCenter.tsx(600,27): error TS7006: Parameter 'c' implicitly has an 'any' type.
src/pages/ControlCenter.tsx(600,30): error TS7006: Parameter 'i' implicitly has an 'any' type.
src/pages/ControlCenter.tsx(629,16): error TS7006: Parameter 'c' implicitly has an 'any' type.
src/pages/ControlCenter.tsx(632,16): error TS7006: Parameter 'c' implicitly has an 'any' type.
src/pages/ControlCenter.tsx(632,57): error TS7006: Parameter 's' implicitly has an 'any' type.
src/pages/ControlCenter.tsx(635,16): error TS7006: Parameter 'c' implicitly has an 'any' type.
src/pages/ControlCenter.tsx(635,60): error TS7006: Parameter 's' implicitly has an 'any' type.
src/pages/ControlCenter.tsx(640,16): error TS7006: Parameter 'c' implicitly has an 'any' type.
src/pages/ControlCenter.tsx(650,16): error TS7006: Parameter 'c' implicitly has an 'any' type.
src/pages/ControlCenter.tsx(653,16): error TS7006: Parameter 'c' implicitly has an 'any' type.
src/pages/ControlCenter.tsx(684,5): error TS7026: JSX element implicitly has type 'any' because no interface 'JSX.IntrinsicElements' exists.
src/pages/ControlCenter.tsx(687,65): error TS2503: Cannot find namespace 'React'.
src/pages/ControlCenter.tsx(690,9): error TS7026: JSX element implicitly has type 'any' because no interface 'JSX.IntrinsicElements' exists.
src/pages/ControlCenter.tsx(691,11): error TS7026: JSX element implicitly has type 'any' because no interface 'JSX.IntrinsicElements' exists.
src/pages/ControlCenter.tsx(692,13): error TS7026: JSX element implicitly has type 'any' because no interface 'JSX.IntrinsicElements' exists.
src/pages/ControlCenter.tsx(694,15): error TS7026: JSX element implicitly has type 'any' because no interface 'JSX.IntrinsicElements' exists.
src/pages/ControlCenter.tsx(696,15): error TS7026: JSX element implicitly has type 'any' because no interface 'JSX.IntrinsicElements' exists.
src/pages/ControlCenter.tsx(697,13): error TS7026: JSX element implicitly has type 'any' because no interface 'JSX.IntrinsicElements' exists.
src/pages/ControlCenter.tsx(698,13): error TS7026: JSX element implicitly has type 'any' because no interface 'JSX.IntrinsicElements' exists.
src/pages/ControlCenter.tsx(700,88): error TS7006: Parameter 'r' implicitly has an 'any' type.
src/pages/ControlCenter.tsx(705,87): error TS7006: Parameter 'e' implicitly has an 'any' type.
src/pages/ControlCenter.tsx(713,13): error TS7026: JSX element implicitly has type 'any' because no interface 'JSX.IntrinsicElements' exists.
src/pages/ControlCenter.tsx(714,11): error TS7026: JSX element implicitly has type 'any' because no interface 'JSX.IntrinsicElements' exists.
src/pages/ControlCenter.tsx(717,13): error TS7026: JSX element implicitly has type 'any' because no interface 'JSX.IntrinsicElements' exists.
src/pages/ControlCenter.tsx(718,15): error TS7026: JSX element implicitly has type 'any' because no interface 'JSX.IntrinsicElements' exists.
src/pages/ControlCenter.tsx(718,104): error TS7026: JSX element implicitly has type 'any' because no interface 'JSX.IntrinsicElements' exists.
src/pages/ControlCenter.tsx(719,93): error TS7006: Parameter 'e' implicitly has an 'any' type.
src/pages/ControlCenter.tsx(720,13): error TS7026: JSX element implicitly has type 'any' because no interface 'JSX.IntrinsicElements' exists.
src/pages/ControlCenter.tsx(721,13): error TS7026: JSX element implicitly has type 'any' because no interface 'JSX.IntrinsicElements' exists.
src/pages/ControlCenter.tsx(722,15): error TS7026: JSX element implicitly has type 'any' because no interface 'JSX.IntrinsicElements' exists.
src/pages/ControlCenter.tsx(722,117): error TS7026: JSX element implicitly has type 'any' because no interface 'JSX.IntrinsicElements' exists.
src/pages/ControlCenter.tsx(723,15): error TS7026: JSX element implicitly has type 'any' because no interface 'JSX.IntrinsicElements' exists.
src/pages/ControlCenter.tsx(723,59): error TS7006: Parameter 'e' implicitly has an 'any' type.
src/pages/ControlCenter.tsx(724,40): error TS7006: Parameter 'p' implicitly has an 'any' type.
src/pages/ControlCenter.tsx(724,46): error TS7026: JSX element implicitly has type 'any' because no interface 'JSX.IntrinsicElements' exists.
src/pages/ControlCenter.tsx(724,97): error TS7026: JSX element implicitly has type 'any' because no interface 'JSX.IntrinsicElements' exists.
src/pages/ControlCenter.tsx(725,15): error TS7026: JSX element implicitly has type 'any' because no interface 'JSX.IntrinsicElements' exists.
src/pages/ControlCenter.tsx(726,13): error TS7026: JSX element implicitly has type 'any' because no interface 'JSX.IntrinsicElements' exists.
src/pages/ControlCenter.tsx(727,13): error TS7026: JSX element implicitly has type 'any' because no interface 'JSX.IntrinsicElements' exists.
src/pages/ControlCenter.tsx(728,15): error TS7026: JSX element implicitly has type 'any' because no interface 'JSX.IntrinsicElements' exists.
src/pages/ControlCenter.tsx(728,134): error TS7026: JSX element implicitly has type 'any' because no interface 'JSX.IntrinsicElements' exists.
src/pages/ControlCenter.tsx(729,116): error TS7006: Parameter 'e' implicitly has an 'any' type.
src/pages/ControlCenter.tsx(730,13): error TS7026: JSX element implicitly has type 'any' because no interface 'JSX.IntrinsicElements' exists.
src/pages/ControlCenter.tsx(746,13): error TS7026: JSX element implicitly has type 'any' because no interface 'JSX.IntrinsicElements' exists.
src/pages/ControlCenter.tsx(747,15): error TS7026: JSX element implicitly has type 'any' because no interface 'JSX.IntrinsicElements' exists.
src/pages/ControlCenter.tsx(748,40): error TS7006: Parameter 'p' implicitly has an 'any' type.
src/pages/ControlCenter.tsx(749,19): error TS7026: JSX element implicitly has type 'any' because no interface 'JSX.IntrinsicElements' exists.
src/pages/ControlCenter.tsx(751,19): error TS7026: JSX element implicitly has type 'any' because no interface 'JSX.IntrinsicElements' exists.
src/pages/ControlCenter.tsx(753,17): error TS7026: JSX element implicitly has type 'any' because no interface 'JSX.IntrinsicElements' exists.
src/pages/ControlCenter.tsx(753,80): error TS7026: JSX element implicitly has type 'any' because no interface 'JSX.IntrinsicElements' exists.
src/pages/ControlCenter.tsx(754,15): error TS7026: JSX element implicitly has type 'any' because no interface 'JSX.IntrinsicElements' exists.
src/pages/ControlCenter.tsx(757,17): error TS7026: JSX element implicitly has type 'any' because no interface 'JSX.IntrinsicElements' exists.
src/pages/ControlCenter.tsx(758,19): error TS7026: JSX element implicitly has type 'any' because no interface 'JSX.IntrinsicElements' exists.
src/pages/ControlCenter.tsx(759,21): error TS7026: JSX element implicitly has type 'any' because no interface 'JSX.IntrinsicElements' exists.
src/pages/ControlCenter.tsx(759,68): error TS7006: Parameter 'e' implicitly has an 'any' type.
src/pages/ControlCenter.tsx(760,21): error TS7026: JSX element implicitly has type 'any' because no interface 'JSX.IntrinsicElements' exists.
src/pages/ControlCenter.tsx(760,69): error TS7006: Parameter 'e' implicitly has an 'any' type.
src/pages/ControlCenter.tsx(761,23): error TS7026: JSX element implicitly has type 'any' because no interface 'JSX.IntrinsicElements' exists.
src/pages/ControlCenter.tsx(761,82): error TS7026: JSX element implicitly has type 'any' because no interface 'JSX.IntrinsicElements' exists.
src/pages/ControlCenter.tsx(762,23): error TS7026: JSX element implicitly has type 'any' because no interface 'JSX.IntrinsicElements' exists.
src/pages/ControlCenter.tsx(762,75): error TS7026: JSX element implicitly has type 'any' because no interface 'JSX.IntrinsicElements' exists.
src/pages/ControlCenter.tsx(763,23): error TS7026: JSX element implicitly has type 'any' because no interface 'JSX.IntrinsicElements' exists.
src/pages/ControlCenter.tsx(763,87): error TS7026: JSX element implicitly has type 'any' because no interface 'JSX.IntrinsicElements' exists.
src/pages/ControlCenter.tsx(764,21): error TS7026: JSX element implicitly has type 'any' because no interface 'JSX.IntrinsicElements' exists.
src/pages/ControlCenter.tsx(766,23): error TS7026: JSX element implicitly has type 'any' because no interface 'JSX.IntrinsicElements' exists.
src/pages/ControlCenter.tsx(766,78): error TS7006: Parameter 'e' implicitly has an 'any' type.
src/pages/ControlCenter.tsx(767,47): error TS7026: JSX element implicitly has type 'any' because no interface 'JSX.IntrinsicElements' exists.
src/pages/ControlCenter.tsx(767,77): error TS7026: JSX element implicitly has type 'any' because no interface 'JSX.IntrinsicElements' exists.
src/pages/ControlCenter.tsx(768,23): error TS7026: JSX element implicitly has type 'any' because no interface 'JSX.IntrinsicElements' exists.
src/pages/ControlCenter.tsx(770,21): error TS7026: JSX element implicitly has type 'any' because no interface 'JSX.IntrinsicElements' exists.
src/pages/ControlCenter.tsx(770,110): error TS7026: JSX element implicitly has type 'any' because no interface 'JSX.IntrinsicElements' exists.
src/pages/ControlCenter.tsx(771,19): error TS7026: JSX element implicitly has type 'any' because no interface 'JSX.IntrinsicElements' exists.
src/pages/ControlCenter.tsx(774,21): error TS7026: JSX element implicitly has type 'any' because no interface 'JSX.IntrinsicElements' exists.
src/pages/ControlCenter.tsx(775,23): error TS7026: JSX element implicitly has type 'any' because no interface 'JSX.IntrinsicElements' exists.
src/pages/ControlCenter.tsx(775,127): error TS7026: JSX element implicitly has type 'any' because no interface 'JSX.IntrinsicElements' exists.
src/pages/ControlCenter.tsx(780,27): error TS7026: JSX element implicitly has type 'any' because no interface 'JSX.IntrinsicElements' exists.
src/pages/ControlCenter.tsx(782,42): error TS7006: Parameter 'e' implicitly has an 'any' type.
src/pages/ControlCenter.tsx(785,29): error TS7026: JSX element implicitly has type 'any' because no interface 'JSX.IntrinsicElements' exists.
src/pages/ControlCenter.tsx(786,29): error TS7026: JSX element implicitly has type 'any' because no interface 'JSX.IntrinsicElements' exists.
src/pages/ControlCenter.tsx(786,64): error TS7026: JSX element implicitly has type 'any' because no interface 'JSX.IntrinsicElements' exists.
src/pages/ControlCenter.tsx(787,40): error TS7026: JSX element implicitly has type 'any' because no interface 'JSX.IntrinsicElements' exists.
src/pages/ControlCenter.tsx(787,104): error TS7026: JSX element implicitly has type 'any' because no interface 'JSX.IntrinsicElements' exists.
src/pages/ControlCenter.tsx(788,27): error TS7026: JSX element implicitly has type 'any' because no interface 'JSX.IntrinsicElements' exists.
src/pages/ControlCenter.tsx(791,21): error TS7026: JSX element implicitly has type 'any' because no interface 'JSX.IntrinsicElements' exists.
src/pages/ControlCenter.tsx(793,21): error TS7026: JSX element implicitly has type 'any' because no interface 'JSX.IntrinsicElements' exists.
src/pages/ControlCenter.tsx(794,23): error TS7026: JSX element implicitly has type 'any' because no interface 'JSX.IntrinsicElements' exists.
src/pages/ControlCenter.tsx(795,124): error TS7006: Parameter 'o' implicitly has an 'any' type.
src/pages/ControlCenter.tsx(799,25): error TS7026: JSX element implicitly has type 'any' because no interface 'JSX.IntrinsicElements' exists.
src/pages/ControlCenter.tsx(804,29): error TS7026: JSX element implicitly has type 'any' because no interface 'JSX.IntrinsicElements' exists.
src/pages/ControlCenter.tsx(805,31): error TS7026: JSX element implicitly has type 'any' because no interface 'JSX.IntrinsicElements' exists.
src/pages/ControlCenter.tsx(805,110): error TS7006: Parameter 'e' implicitly has an 'any' type.
src/pages/ControlCenter.tsx(806,29): error TS7026: JSX element implicitly has type 'any' because no interface 'JSX.IntrinsicElements' exists.
src/pages/ControlCenter.tsx(807,119): error TS7006: Parameter 'z' implicitly has an 'any' type.
src/pages/ControlCenter.tsx(808,29): error TS7026: JSX element implicitly has type 'any' because no interface 'JSX.IntrinsicElements' exists.
src/pages/ControlCenter.tsx(808,149): error TS7026: JSX element implicitly has type 'any' because no interface 'JSX.IntrinsicElements' exists.
src/pages/ControlCenter.tsx(809,118): error TS7006: Parameter 'z' implicitly has an 'any' type.
src/pages/ControlCenter.tsx(813,23): error TS7026: JSX element implicitly has type 'any' because no interface 'JSX.IntrinsicElements' exists.
src/pages/ControlCenter.tsx(816,27): error TS7026: JSX element implicitly has type 'any' because no interface 'JSX.IntrinsicElements' exists.
src/pages/ControlCenter.tsx(817,142): error TS7006: Parameter 'e' implicitly has an 'any' type.
src/pages/ControlCenter.tsx(823,27): error TS7026: JSX element implicitly has type 'any' because no interface 'JSX.IntrinsicElements' exists.
src/pages/ControlCenter.tsx(824,27): error TS7026: JSX element implicitly has type 'any' because no interface 'JSX.IntrinsicElements' exists.
src/pages/ControlCenter.tsx(826,31): error TS7026: JSX element implicitly has type 'any' because no interface 'JSX.IntrinsicElements' exists.
src/pages/ControlCenter.tsx(830,31): error TS7026: JSX element implicitly has type 'any' because no interface 'JSX.IntrinsicElements' exists.
src/pages/ControlCenter.tsx(837,33): error TS7026: JSX element implicitly has type 'any' because no interface 'JSX.IntrinsicElements' exists.
src/pages/ControlCenter.tsx(838,35): error TS7026: JSX element implicitly has type 'any' because no interface 'JSX.IntrinsicElements' exists.
src/pages/ControlCenter.tsx(838,164): error TS7026: JSX element implicitly has type 'any' because no interface 'JSX.IntrinsicElements' exists.
src/pages/ControlCenter.tsx(839,35): error TS7026: JSX element implicitly has type 'any' because no interface 'JSX.IntrinsicElements' exists.
src/pages/ControlCenter.tsx(843,35): error TS7026: JSX element implicitly has type 'any' because no interface 'JSX.IntrinsicElements' exists.
src/pages/ControlCenter.tsx(844,33): error TS7026: JSX element implicitly has type 'any' because no interface 'JSX.IntrinsicElements' exists.
src/pages/ControlCenter.tsx(847,27): error TS7026: JSX element implicitly has type 'any' because no interface 'JSX.IntrinsicElements' exists.
src/pages/ControlCenter.tsx(851,25): error TS7026: JSX element implicitly has type 'any' because no interface 'JSX.IntrinsicElements' exists.
src/pages/ControlCenter.tsx(851,93): error TS7026: JSX element implicitly has type 'any' because no interface 'JSX.IntrinsicElements' exists.
src/pages/ControlCenter.tsx(864,96): error TS7006: Parameter 'x' implicitly has an 'any' type.
src/pages/ControlCenter.tsx(865,95): error TS7006: Parameter 'x' implicitly has an 'any' type.
src/pages/ControlCenter.tsx(866,93): error TS7006: Parameter 'x' implicitly has an 'any' type.
src/pages/ControlCenter.tsx(867,92): error TS7006: Parameter 'x' implicitly has an 'any' type.
src/pages/ControlCenter.tsx(882,55): error TS7006: Parameter 'card' implicitly has an 'any' type.
src/pages/ControlCenter.tsx(883,29): error TS7026: JSX element implicitly has type 'any' because no interface 'JSX.IntrinsicElements' exists.
src/pages/ControlCenter.tsx(885,33): error TS7026: JSX element implicitly has type 'any' because no interface 'JSX.IntrinsicElements' exists.
src/pages/ControlCenter.tsx(886,35): error TS7026: JSX element implicitly has type 'any' because no interface 'JSX.IntrinsicElements' exists.
src/pages/ControlCenter.tsx(886,105): error TS7006: Parameter 'e' implicitly has an 'any' type.
src/pages/ControlCenter.tsx(887,35): error TS7026: JSX element implicitly has type 'any' because no interface 'JSX.IntrinsicElements' exists.
src/pages/ControlCenter.tsx(887,141): error TS7026: JSX element implicitly has type 'any' because no interface 'JSX.IntrinsicElements' exists.
src/pages/ControlCenter.tsx(888,33): error TS7026: JSX element implicitly has type 'any' because no interface 'JSX.IntrinsicElements' exists.
src/pages/ControlCenter.tsx(907,29): error TS7026: JSX element implicitly has type 'any' because no interface 'JSX.IntrinsicElements' exists.
src/pages/ControlCenter.tsx(911,21): error TS7026: JSX element implicitly has type 'any' because no interface 'JSX.IntrinsicElements' exists.
src/pages/ControlCenter.tsx(913,17): error TS7026: JSX element implicitly has type 'any' because no interface 'JSX.IntrinsicElements' exists.
src/pages/ControlCenter.tsx(915,13): error TS7026: JSX element implicitly has type 'any' because no interface 'JSX.IntrinsicElements' exists.
src/pages/ControlCenter.tsx(919,13): error TS7026: JSX element implicitly has type 'any' because no interface 'JSX.IntrinsicElements' exists.
src/pages/ControlCenter.tsx(920,15): error TS7026: JSX element implicitly has type 'any' because no interface 'JSX.IntrinsicElements' exists.
src/pages/ControlCenter.tsx(921,17): error TS7026: JSX element implicitly has type 'any' because no interface 'JSX.IntrinsicElements' exists.
src/pages/ControlCenter.tsx(921,85): error TS7006: Parameter 'e' implicitly has an 'any' type.
src/pages/ControlCenter.tsx(921,102): error TS7006: Parameter 'c' implicitly has an 'any' type.
src/pages/ControlCenter.tsx(923,15): error TS7026: JSX element implicitly has type 'any' because no interface 'JSX.IntrinsicElements' exists.
src/pages/ControlCenter.tsx(924,37): error TS7006: Parameter 'entry' implicitly has an 'any' type.
src/pages/ControlCenter.tsx(925,17): error TS7026: JSX element implicitly has type 'any' because no interface 'JSX.IntrinsicElements' exists.
src/pages/ControlCenter.tsx(926,19): error TS7026: JSX element implicitly has type 'any' because no interface 'JSX.IntrinsicElements' exists.
src/pages/ControlCenter.tsx(926,68): error TS7006: Parameter 'e' implicitly has an 'any' type.
src/pages/ControlCenter.tsx(927,19): error TS7026: JSX element implicitly has type 'any' because no interface 'JSX.IntrinsicElements' exists.
src/pages/ControlCenter.tsx(927,63): error TS7006: Parameter 'e' implicitly has an 'any' type.
src/pages/ControlCenter.tsx(928,44): error TS7006: Parameter 'p' implicitly has an 'any' type.
src/pages/ControlCenter.tsx(928,50): error TS7026: JSX element implicitly has type 'any' because no interface 'JSX.IntrinsicElements' exists.
src/pages/ControlCenter.tsx(928,90): error TS7026: JSX element implicitly has type 'any' because no interface 'JSX.IntrinsicElements' exists.
src/pages/ControlCenter.tsx(929,19): error TS7026: JSX element implicitly has type 'any' because no interface 'JSX.IntrinsicElements' exists.
src/pages/ControlCenter.tsx(930,17): error TS7026: JSX element implicitly has type 'any' because no interface 'JSX.IntrinsicElements' exists.
src/pages/ControlCenter.tsx(932,15): error TS7026: JSX element implicitly has type 'any' because no interface 'JSX.IntrinsicElements' exists.
src/pages/ControlCenter.tsx(932,81): error TS7026: JSX element implicitly has type 'any' because no interface 'JSX.IntrinsicElements' exists.
src/pages/ControlCenter.tsx(933,13): error TS7026: JSX element implicitly has type 'any' because no interface 'JSX.IntrinsicElements' exists.
src/pages/ControlCenter.tsx(937,13): error TS7026: JSX element implicitly has type 'any' because no interface 'JSX.IntrinsicElements' exists.
src/pages/ControlCenter.tsx(938,15): error TS7026: JSX element implicitly has type 'any' because no interface 'JSX.IntrinsicElements' exists.
src/pages/ControlCenter.tsx(939,17): error TS7026: JSX element implicitly has type 'any' because no interface 'JSX.IntrinsicElements' exists.
src/pages/ControlCenter.tsx(939,99): error TS7026: JSX element implicitly has type 'any' because no interface 'JSX.IntrinsicElements' exists.
src/pages/ControlCenter.tsx(940,17): error TS7026: JSX element implicitly has type 'any' because no interface 'JSX.IntrinsicElements' exists.
src/pages/ControlCenter.tsx(940,71): error TS7006: Parameter 'e' implicitly has an 'any' type.
src/pages/ControlCenter.tsx(941,15): error TS7026: JSX element implicitly has type 'any' because no interface 'JSX.IntrinsicElements' exists.
src/pages/ControlCenter.tsx(942,15): error TS7026: JSX element implicitly has type 'any' because no interface 'JSX.IntrinsicElements' exists.
src/pages/ControlCenter.tsx(943,17): error TS7026: JSX element implicitly has type 'any' because no interface 'JSX.IntrinsicElements' exists.
src/pages/ControlCenter.tsx(943,99): error TS7026: JSX element implicitly has type 'any' because no interface 'JSX.IntrinsicElements' exists.
src/pages/ControlCenter.tsx(944,17): error TS7026: JSX element implicitly has type 'any' because no interface 'JSX.IntrinsicElements' exists.
src/pages/ControlCenter.tsx(944,84): error TS7006: Parameter 'e' implicitly has an 'any' type.
src/pages/ControlCenter.tsx(945,15): error TS7026: JSX element implicitly has type 'any' because no interface 'JSX.IntrinsicElements' exists.
src/pages/ControlCenter.tsx(946,15): error TS7026: JSX element implicitly has type 'any' because no interface 'JSX.IntrinsicElements' exists.
src/pages/ControlCenter.tsx(947,17): error TS7026: JSX element implicitly has type 'any' because no interface 'JSX.IntrinsicElements' exists.
src/pages/ControlCenter.tsx(947,91): error TS7026: JSX element implicitly has type 'any' because no interface 'JSX.IntrinsicElements' exists.
src/pages/ControlCenter.tsx(948,17): error TS7026: JSX element implicitly has type 'any' because no interface 'JSX.IntrinsicElements' exists.
src/pages/ControlCenter.tsx(948,64): error TS7006: Parameter 'e' implicitly has an 'any' type.
src/pages/ControlCenter.tsx(949,49): error TS7026: JSX element implicitly has type 'any' because no interface 'JSX.IntrinsicElements' exists.
src/pages/ControlCenter.tsx(950,15): error TS7026: JSX element implicitly has type 'any' because no interface 'JSX.IntrinsicElements' exists.
src/pages/ControlCenter.tsx(951,15): error TS7026: JSX element implicitly has type 'any' because no interface 'JSX.IntrinsicElements' exists.
src/pages/ControlCenter.tsx(953,15): error TS7026: JSX element implicitly has type 'any' because no interface 'JSX.IntrinsicElements' exists.
src/pages/ControlCenter.tsx(954,13): error TS7026: JSX element implicitly has type 'any' because no interface 'JSX.IntrinsicElements' exists.
src/pages/ControlCenter.tsx(958,13): error TS7026: JSX element implicitly has type 'any' because no interface 'JSX.IntrinsicElements' exists.
src/pages/ControlCenter.tsx(959,15): error TS7026: JSX element implicitly has type 'any' because no interface 'JSX.IntrinsicElements' exists.
src/pages/ControlCenter.tsx(962,15): error TS7026: JSX element implicitly has type 'any' because no interface 'JSX.IntrinsicElements' exists.
src/pages/ControlCenter.tsx(964,17): error TS7026: JSX element implicitly has type 'any' because no interface 'JSX.IntrinsicElements' exists.
src/pages/ControlCenter.tsx(965,19): error TS7026: JSX element implicitly has type 'any' because no interface 'JSX.IntrinsicElements' exists.
src/pages/ControlCenter.tsx(965,54): error TS7026: JSX element implicitly has type 'any' because no interface 'JSX.IntrinsicElements' exists.
src/pages/ControlCenter.tsx(966,19): error TS7026: JSX element implicitly has type 'any' because no interface 'JSX.IntrinsicElements' exists.
src/pages/ControlCenter.tsx(966,57): error TS7006: Parameter 'e' implicitly has an 'any' type.
src/pages/ControlCenter.tsx(967,44): error TS7006: Parameter 'p' implicitly has an 'any' type.
src/pages/ControlCenter.tsx(967,50): error TS7026: JSX element implicitly has type 'any' because no interface 'JSX.IntrinsicElements' exists.
src/pages/ControlCenter.tsx(967,90): error TS7026: JSX element implicitly has type 'any' because no interface 'JSX.IntrinsicElements' exists.
src/pages/ControlCenter.tsx(968,19): error TS7026: JSX element implicitly has type 'any' because no interface 'JSX.IntrinsicElements' exists.
src/pages/ControlCenter.tsx(969,17): error TS7026: JSX element implicitly has type 'any' because no interface 'JSX.IntrinsicElements' exists.
src/pages/ControlCenter.tsx(972,13): error TS7026: JSX element implicitly has type 'any' because no interface 'JSX.IntrinsicElements' exists.
src/pages/ControlCenter.tsx(976,13): error TS7026: JSX element implicitly has type 'any' because no interface 'JSX.IntrinsicElements' exists.
src/pages/ControlCenter.tsx(977,15): error TS7026: JSX element implicitly has type 'any' because no interface 'JSX.IntrinsicElements' exists.
src/pages/ControlCenter.tsx(977,82): error TS7026: JSX element implicitly has type 'any' because no interface 'JSX.IntrinsicElements' exists.
src/pages/ControlCenter.tsx(978,15): error TS7026: JSX element implicitly has type 'any' because no interface 'JSX.IntrinsicElements' exists.
src/pages/ControlCenter.tsx(978,105): error TS7026: JSX element implicitly has type 'any' because no interface 'JSX.IntrinsicElements' exists.
src/pages/ControlCenter.tsx(979,15): error TS7026: JSX element implicitly has type 'any' because no interface 'JSX.IntrinsicElements' exists.
src/pages/ControlCenter.tsx(979,118): error TS7006: Parameter 'e' implicitly has an 'any' type.
src/pages/ControlCenter.tsx(980,13): error TS7026: JSX element implicitly has type 'any' because no interface 'JSX.IntrinsicElements' exists.
src/pages/ControlCenter.tsx(982,9): error TS7026: JSX element implicitly has type 'any' because no interface 'JSX.IntrinsicElements' exists.
src/pages/ControlCenter.tsx(988,11): error TS7026: JSX element implicitly has type 'any' because no interface 'JSX.IntrinsicElements' exists.
src/pages/ControlCenter.tsx(990,13): error TS7026: JSX element implicitly has type 'any' because no interface 'JSX.IntrinsicElements' exists.
src/pages/ControlCenter.tsx(990,78): error TS7026: JSX element implicitly has type 'any' because no interface 'JSX.IntrinsicElements' exists.
src/pages/ControlCenter.tsx(992,15): error TS7026: JSX element implicitly has type 'any' because no interface 'JSX.IntrinsicElements' exists.
src/pages/ControlCenter.tsx(992,154): error TS7006: Parameter 'r' implicitly has an 'any' type.
src/pages/ControlCenter.tsx(994,15): error TS7026: JSX element implicitly has type 'any' because no interface 'JSX.IntrinsicElements' exists.
src/pages/ControlCenter.tsx(996,11): error TS7026: JSX element implicitly has type 'any' because no interface 'JSX.IntrinsicElements' exists.
src/pages/ControlCenter.tsx(1000,11): error TS7026: JSX element implicitly has type 'any' because no interface 'JSX.IntrinsicElements' exists.
src/pages/ControlCenter.tsx(1003,42): error TS7006: Parameter 'card' implicitly has an 'any' type.
src/pages/ControlCenter.tsx(1004,17): error TS7026: JSX element implicitly has type 'any' because no interface 'JSX.IntrinsicElements' exists.
src/pages/ControlCenter.tsx(1006,21): error TS7026: JSX element implicitly has type 'any' because no interface 'JSX.IntrinsicElements' exists.
src/pages/ControlCenter.tsx(1006,184): error TS7026: JSX element implicitly has type 'any' because no interface 'JSX.IntrinsicElements' exists.
src/pages/ControlCenter.tsx(1010,17): error TS7026: JSX element implicitly has type 'any' because no interface 'JSX.IntrinsicElements' exists.
src/pages/ControlCenter.tsx(1013,11): error TS7026: JSX element implicitly has type 'any' because no interface 'JSX.IntrinsicElements' exists.
src/pages/ControlCenter.tsx(1018,9): error TS7026: JSX element implicitly has type 'any' because no interface 'JSX.IntrinsicElements' exists.
src/pages/ControlCenter.tsx(1019,11): error TS7026: JSX element implicitly has type 'any' because no interface 'JSX.IntrinsicElements' exists.
src/pages/ControlCenter.tsx(1020,13): error TS7026: JSX element implicitly has type 'any' because no interface 'JSX.IntrinsicElements' exists.
src/pages/ControlCenter.tsx(1020,63): error TS7026: JSX element implicitly has type 'any' because no interface 'JSX.IntrinsicElements' exists.
src/pages/ControlCenter.tsx(1022,15): error TS7026: JSX element implicitly has type 'any' because no interface 'JSX.IntrinsicElements' exists.
src/pages/ControlCenter.tsx(1023,28): error TS7006: Parameter 'e' implicitly has an 'any' type.
src/pages/ControlCenter.tsx(1024,29): error TS7006: Parameter 'e' implicitly has an 'any' type.
src/pages/ControlCenter.tsx(1027,13): error TS7026: JSX element implicitly has type 'any' because no interface 'JSX.IntrinsicElements' exists.
src/pages/ControlCenter.tsx(1028,15): error TS7026: JSX element implicitly has type 'any' because no interface 'JSX.IntrinsicElements' exists.
src/pages/ControlCenter.tsx(1028,70): error TS7026: JSX element implicitly has type 'any' because no interface 'JSX.IntrinsicElements' exists.
src/pages/ControlCenter.tsx(1029,15): error TS7026: JSX element implicitly has type 'any' because no interface 'JSX.IntrinsicElements' exists.
src/pages/ControlCenter.tsx(1029,117): error TS7026: JSX element implicitly has type 'any' because no interface 'JSX.IntrinsicElements' exists.
src/pages/ControlCenter.tsx(1030,13): error TS7026: JSX element implicitly has type 'any' because no interface 'JSX.IntrinsicElements' exists.
src/pages/ControlCenter.tsx(1031,11): error TS7026: JSX element implicitly has type 'any' because no interface 'JSX.IntrinsicElements' exists.
src/pages/ControlCenter.tsx(1032,9): error TS7026: JSX element implicitly has type 'any' because no interface 'JSX.IntrinsicElements' exists.
src/pages/ControlCenter.tsx(1034,5): error TS7026: JSX element implicitly has type 'any' because no interface 'JSX.IntrinsicElements' exists.
src/pages/ControlCenter.tsx(1042,43): error TS7006: Parameter 't' implicitly has an 'any' type.
src/pages/ControlCenter.tsx(1046,5): error TS7026: JSX element implicitly has type 'any' because no interface 'JSX.IntrinsicElements' exists.
src/pages/ControlCenter.tsx(1053,25): error TS7026: JSX element implicitly has type 'any' because no interface 'JSX.IntrinsicElements' exists.
src/pages/ControlCenter.tsx(1053,87): error TS7026: JSX element implicitly has type 'any' because no interface 'JSX.IntrinsicElements' exists.
src/pages/ControlCenter.tsx(1054,7): error TS7026: JSX element implicitly has type 'any' because no interface 'JSX.IntrinsicElements' exists.
src/pages/ControlCenter.tsx(1054,33): error TS7026: JSX element implicitly has type 'any' because no interface 'JSX.IntrinsicElements' exists.
src/pages/ControlCenter.tsx(1055,5): error TS7026: JSX element implicitly has type 'any' because no interface 'JSX.IntrinsicElements' exists.
src/pages/ControlCenter.tsx(1061,5): error TS7026: JSX element implicitly has type 'any' because no interface 'JSX.IntrinsicElements' exists.
src/pages/ControlCenter.tsx(1062,7): error TS7026: JSX element implicitly has type 'any' because no interface 'JSX.IntrinsicElements' exists.
src/pages/ControlCenter.tsx(1063,34): error TS7026: JSX element implicitly has type 'any' because no interface 'JSX.IntrinsicElements' exists.
src/pages/ControlCenter.tsx(1064,9): error TS7026: JSX element implicitly has type 'any' because no interface 'JSX.IntrinsicElements' exists.
src/pages/ControlCenter.tsx(1064,37): error TS7026: JSX element implicitly has type 'any' because no interface 'JSX.IntrinsicElements' exists.
src/pages/ControlCenter.tsx(1065,9): error TS7026: JSX element implicitly has type 'any' because no interface 'JSX.IntrinsicElements' exists.
src/pages/ControlCenter.tsx(1065,41): error TS7026: JSX element implicitly has type 'any' because no interface 'JSX.IntrinsicElements' exists.
src/pages/ControlCenter.tsx(1066,9): error TS7026: JSX element implicitly has type 'any' because no interface 'JSX.IntrinsicElements' exists.
src/pages/ControlCenter.tsx(1066,22): error TS7026: JSX element implicitly has type 'any' because no interface 'JSX.IntrinsicElements' exists.
src/pages/ControlCenter.tsx(1067,7): error TS7026: JSX element implicitly has type 'any' because no interface 'JSX.IntrinsicElements' exists.
src/pages/ControlCenter.tsx(1068,21): error TS7026: JSX element implicitly has type 'any' because no interface 'JSX.IntrinsicElements' exists.
src/pages/ControlCenter.tsx(1068,132): error TS7026: JSX element implicitly has type 'any' because no interface 'JSX.IntrinsicElements' exists.
src/pages/ControlCenter.tsx(1069,5): error TS7026: JSX element implicitly has type 'any' because no interface 'JSX.IntrinsicElements' exists.
src/pages/ControlCenter.tsx(1077,5): error TS7026: JSX element implicitly has type 'any' because no interface 'JSX.IntrinsicElements' exists.
src/pages/ControlCenter.tsx(1078,7): error TS7026: JSX element implicitly has type 'any' because no interface 'JSX.IntrinsicElements' exists.
src/pages/ControlCenter.tsx(1078,75): error TS7006: Parameter 'e' implicitly has an 'any' type.
src/pages/ControlCenter.tsx(1079,7): error TS7026: JSX element implicitly has type 'any' because no interface 'JSX.IntrinsicElements' exists.
src/pages/ControlCenter.tsx(1079,45): error TS7006: Parameter 'e' implicitly has an 'any' type.
src/pages/ControlCenter.tsx(1080,31): error TS7026: JSX element implicitly has type 'any' because no interface 'JSX.IntrinsicElements' exists.
src/pages/ControlCenter.tsx(1080,71): error TS7026: JSX element implicitly has type 'any' because no interface 'JSX.IntrinsicElements' exists.
src/pages/ControlCenter.tsx(1081,7): error TS7026: JSX element implicitly has type 'any' because no interface 'JSX.IntrinsicElements' exists.
src/pages/ControlCenter.tsx(1082,7): error TS7026: JSX element implicitly has type 'any' because no interface 'JSX.IntrinsicElements' exists.
src/pages/ControlCenter.tsx(1082,146): error TS7026: JSX element implicitly has type 'any' because no interface 'JSX.IntrinsicElements' exists.
src/pages/ControlCenter.tsx(1083,5): error TS7026: JSX element implicitly has type 'any' because no interface 'JSX.IntrinsicElements' exists.
src/pages/ControlCenter.tsx(1135,5): error TS7026: JSX element implicitly has type 'any' because no interface 'JSX.IntrinsicElements' exists.
src/pages/ControlCenter.tsx(1136,21): error TS7006: Parameter 'e' implicitly has an 'any' type.
src/pages/ControlCenter.tsx(1137,7): error TS7026: JSX element implicitly has type 'any' because no interface 'JSX.IntrinsicElements' exists.
src/pages/ControlCenter.tsx(1138,9): error TS7026: JSX element implicitly has type 'any' because no interface 'JSX.IntrinsicElements' exists.
src/pages/ControlCenter.tsx(1139,25): error TS7006: Parameter 'e' implicitly has an 'any' type.
src/pages/ControlCenter.tsx(1144,17): error TS2322: Type '{ children: any; key: string; layout: { x: number; y: number; w: number; h: number; z: number; }; zoom: number; locked: boolean; selected: boolean; onSelect: () => void; onDragOrResizeStart: () => void; onCommitLayout: (next: { ...; }) => void; }' is not assignable to type '{ layout: { x: number; y: number; w: number; h: number; z: number; }; zoom: number; locked: boolean; selected: boolean; onSelect: () => void; onDragOrResizeStart: () => void; onCommitLayout: (next: { x: number; y: number; w: number; h: number; z: number; }) => void; children: ReactNode; }'.
  Property 'key' does not exist on type '{ layout: { x: number; y: number; w: number; h: number; z: number; }; zoom: number; locked: boolean; selected: boolean; onSelect: () => void; onDragOrResizeStart: () => void; onCommitLayout: (next: { x: number; y: number; w: number; h: number; z: number; }) => void; children: ReactNode; }'.
src/pages/ControlCenter.tsx(1154,19): error TS7026: JSX element implicitly has type 'any' because no interface 'JSX.IntrinsicElements' exists.
src/pages/ControlCenter.tsx(1155,21): error TS7026: JSX element implicitly has type 'any' because no interface 'JSX.IntrinsicElements' exists.
src/pages/ControlCenter.tsx(1155,58): error TS7006: Parameter 'e' implicitly has an 'any' type.
src/pages/ControlCenter.tsx(1155,120): error TS7006: Parameter 'e' implicitly has an 'any' type.
src/pages/ControlCenter.tsx(1157,21): error TS7026: JSX element implicitly has type 'any' because no interface 'JSX.IntrinsicElements' exists.
src/pages/ControlCenter.tsx(1157,61): error TS7006: Parameter 'e' implicitly has an 'any' type.
src/pages/ControlCenter.tsx(1157,148): error TS7026: JSX element implicitly has type 'any' because no interface 'JSX.IntrinsicElements' exists.
src/pages/ControlCenter.tsx(1158,19): error TS7026: JSX element implicitly has type 'any' because no interface 'JSX.IntrinsicElements' exists.
src/pages/ControlCenter.tsx(1160,19): error TS7026: JSX element implicitly has type 'any' because no interface 'JSX.IntrinsicElements' exists.
src/pages/ControlCenter.tsx(1161,21): error TS7026: JSX element implicitly has type 'any' because no interface 'JSX.IntrinsicElements' exists.
src/pages/ControlCenter.tsx(1162,23): error TS7026: JSX element implicitly has type 'any' because no interface 'JSX.IntrinsicElements' exists.
src/pages/ControlCenter.tsx(1162,99): error TS7006: Parameter 'e' implicitly has an 'any' type.
src/pages/ControlCenter.tsx(1162,214): error TS7026: JSX element implicitly has type 'any' because no interface 'JSX.IntrinsicElements' exists.
src/pages/ControlCenter.tsx(1163,23): error TS7026: JSX element implicitly has type 'any' because no interface 'JSX.IntrinsicElements' exists.
src/pages/ControlCenter.tsx(1163,89): error TS7006: Parameter 'e' implicitly has an 'any' type.
src/pages/ControlCenter.tsx(1163,208): error TS7026: JSX element implicitly has type 'any' because no interface 'JSX.IntrinsicElements' exists.
src/pages/ControlCenter.tsx(1164,23): error TS7026: JSX element implicitly has type 'any' because no interface 'JSX.IntrinsicElements' exists.
src/pages/ControlCenter.tsx(1164,88): error TS7006: Parameter 'e' implicitly has an 'any' type.
src/pages/ControlCenter.tsx(1164,206): error TS7026: JSX element implicitly has type 'any' because no interface 'JSX.IntrinsicElements' exists.
src/pages/ControlCenter.tsx(1165,23): error TS7026: JSX element implicitly has type 'any' because no interface 'JSX.IntrinsicElements' exists.
src/pages/ControlCenter.tsx(1165,101): error TS7006: Parameter 'e' implicitly has an 'any' type.
src/pages/ControlCenter.tsx(1165,217): error TS7026: JSX element implicitly has type 'any' because no interface 'JSX.IntrinsicElements' exists.
src/pages/ControlCenter.tsx(1166,21): error TS7026: JSX element implicitly has type 'any' because no interface 'JSX.IntrinsicElements' exists.
src/pages/ControlCenter.tsx(1167,21): error TS7026: JSX element implicitly has type 'any' because no interface 'JSX.IntrinsicElements' exists.
src/pages/ControlCenter.tsx(1183,21): error TS7026: JSX element implicitly has type 'any' because no interface 'JSX.IntrinsicElements' exists.
src/pages/ControlCenter.tsx(1184,19): error TS7026: JSX element implicitly has type 'any' because no interface 'JSX.IntrinsicElements' exists.
src/pages/ControlCenter.tsx(1189,9): error TS7026: JSX element implicitly has type 'any' because no interface 'JSX.IntrinsicElements' exists.
src/pages/ControlCenter.tsx(1190,7): error TS7026: JSX element implicitly has type 'any' because no interface 'JSX.IntrinsicElements' exists.
src/pages/ControlCenter.tsx(1191,5): error TS7026: JSX element implicitly has type 'any' because no interface 'JSX.IntrinsicElements' exists.
src/pages/ControlCenter.tsx(1210,36): error TS2503: Cannot find namespace 'React'.
src/pages/ControlCenter.tsx(1217,25): error TS2503: Cannot find namespace 'React'.
src/pages/ControlCenter.tsx(1240,27): error TS2503: Cannot find namespace 'React'.
src/pages/ControlCenter.tsx(1266,5): error TS7026: JSX element implicitly has type 'any' because no interface 'JSX.IntrinsicElements' exists.
src/pages/ControlCenter.tsx(1276,9): error TS7026: JSX element implicitly has type 'any' because no interface 'JSX.IntrinsicElements' exists.
src/pages/ControlCenter.tsx(1282,5): error TS7026: JSX element implicitly has type 'any' because no interface 'JSX.IntrinsicElements' exists.
src/pages/CustomerIntelligence.tsx(9,5): error TS7026: JSX element implicitly has type 'any' because no interface 'JSX.IntrinsicElements' exists.
src/pages/CustomerIntelligence.tsx(9,5): error TS2875: This JSX tag requires the module path 'react/jsx-runtime' to exist, but none could be found. Make sure you have types for the appropriate package installed.
src/pages/CustomerIntelligence.tsx(10,7): error TS7026: JSX element implicitly has type 'any' because no interface 'JSX.IntrinsicElements' exists.
src/pages/CustomerIntelligence.tsx(10,32): error TS7026: JSX element implicitly has type 'any' because no interface 'JSX.IntrinsicElements' exists.
src/pages/CustomerIntelligence.tsx(11,7): error TS7026: JSX element implicitly has type 'any' because no interface 'JSX.IntrinsicElements' exists.
src/pages/CustomerIntelligence.tsx(13,7): error TS7026: JSX element implicitly has type 'any' because no interface 'JSX.IntrinsicElements' exists.
src/pages/CustomerIntelligence.tsx(14,7): error TS7026: JSX element implicitly has type 'any' because no interface 'JSX.IntrinsicElements' exists.
src/pages/CustomerIntelligence.tsx(17,7): error TS7026: JSX element implicitly has type 'any' because no interface 'JSX.IntrinsicElements' exists.
src/pages/CustomerIntelligence.tsx(19,5): error TS7026: JSX element implicitly has type 'any' because no interface 'JSX.IntrinsicElements' exists.
src/pages/Dashboard.tsx(1,45): error TS2307: Cannot find module 'react' or its corresponding type declarations.
src/pages/Dashboard.tsx(2,30): error TS2307: Cannot find module 'react-dom' or its corresponding type declarations.
src/pages/Dashboard.tsx(3,165): error TS2307: Cannot find module 'lucide-react' or its corresponding type declarations.
src/pages/Dashboard.tsx(165,52): error TS7006: Parameter 'selected' implicitly has an 'any' type.
src/pages/Dashboard.tsx(166,41): error TS7006: Parameter 'd' implicitly has an 'any' type.
src/pages/Dashboard.tsx(298,20): error TS7006: Parameter 'current' implicitly has an 'any' type.
src/pages/Dashboard.tsx(298,48): error TS7006: Parameter 'd' implicitly has an 'any' type.
src/pages/Dashboard.tsx(337,5): error TS7026: JSX element implicitly has type 'any' because no interface 'JSX.IntrinsicElements' exists.
src/pages/Dashboard.tsx(337,5): error TS2875: This JSX tag requires the module path 'react/jsx-runtime' to exist, but none could be found. Make sure you have types for the appropriate package installed.
src/pages/Dashboard.tsx(342,11): error TS7026: JSX element implicitly has type 'any' because no interface 'JSX.IntrinsicElements' exists.
src/pages/Dashboard.tsx(343,13): error TS7026: JSX element implicitly has type 'any' because no interface 'JSX.IntrinsicElements' exists.
src/pages/Dashboard.tsx(345,36): error TS7006: Parameter 'v' implicitly has an 'any' type.
src/pages/Dashboard.tsx(354,17): error TS7026: JSX element implicitly has type 'any' because no interface 'JSX.IntrinsicElements' exists.
src/pages/Dashboard.tsx(365,28): error TS7026: JSX element implicitly has type 'any' because no interface 'JSX.IntrinsicElements' exists.
src/pages/Dashboard.tsx(367,21): error TS7026: JSX element implicitly has type 'any' because no interface 'JSX.IntrinsicElements' exists.
src/pages/Dashboard.tsx(369,17): error TS7026: JSX element implicitly has type 'any' because no interface 'JSX.IntrinsicElements' exists.
src/pages/Dashboard.tsx(372,13): error TS7026: JSX element implicitly has type 'any' because no interface 'JSX.IntrinsicElements' exists.
src/pages/Dashboard.tsx(374,15): error TS7026: JSX element implicitly has type 'any' because no interface 'JSX.IntrinsicElements' exists.
src/pages/Dashboard.tsx(374,80): error TS7026: JSX element implicitly has type 'any' because no interface 'JSX.IntrinsicElements' exists.
src/pages/Dashboard.tsx(376,11): error TS7026: JSX element implicitly has type 'any' because no interface 'JSX.IntrinsicElements' exists.
src/pages/Dashboard.tsx(379,7): error TS7026: JSX element implicitly has type 'any' because no interface 'JSX.IntrinsicElements' exists.
src/pages/Dashboard.tsx(379,145): error TS7026: JSX element implicitly has type 'any' because no interface 'JSX.IntrinsicElements' exists.
src/pages/Dashboard.tsx(387,9): error TS7026: JSX element implicitly has type 'any' because no interface 'JSX.IntrinsicElements' exists.
src/pages/Dashboard.tsx(389,63): error TS7006: Parameter 'e' implicitly has an 'any' type.
src/pages/Dashboard.tsx(390,61): error TS7006: Parameter 'e' implicitly has an 'any' type.
src/pages/Dashboard.tsx(391,9): error TS7026: JSX element implicitly has type 'any' because no interface 'JSX.IntrinsicElements' exists.
src/pages/Dashboard.tsx(411,7): error TS7026: JSX element implicitly has type 'any' because no interface 'JSX.IntrinsicElements' exists.
src/pages/Dashboard.tsx(425,5): error TS7026: JSX element implicitly has type 'any' because no interface 'JSX.IntrinsicElements' exists.
src/pages/Dashboard.tsx(434,50): error TS7006: Parameter 'v' implicitly has an 'any' type.
src/pages/Dashboard.tsx(447,5): error TS7026: JSX element implicitly has type 'any' because no interface 'JSX.IntrinsicElements' exists.
src/pages/Dashboard.tsx(448,7): error TS7026: JSX element implicitly has type 'any' because no interface 'JSX.IntrinsicElements' exists.
src/pages/Dashboard.tsx(450,7): error TS7026: JSX element implicitly has type 'any' because no interface 'JSX.IntrinsicElements' exists.
src/pages/Dashboard.tsx(451,9): error TS7026: JSX element implicitly has type 'any' because no interface 'JSX.IntrinsicElements' exists.
src/pages/Dashboard.tsx(452,11): error TS7026: JSX element implicitly has type 'any' because no interface 'JSX.IntrinsicElements' exists.
src/pages/Dashboard.tsx(452,51): error TS7026: JSX element implicitly has type 'any' because no interface 'JSX.IntrinsicElements' exists.
src/pages/Dashboard.tsx(452,97): error TS7026: JSX element implicitly has type 'any' because no interface 'JSX.IntrinsicElements' exists.
src/pages/Dashboard.tsx(453,11): error TS7026: JSX element implicitly has type 'any' because no interface 'JSX.IntrinsicElements' exists.
src/pages/Dashboard.tsx(454,13): error TS7026: JSX element implicitly has type 'any' because no interface 'JSX.IntrinsicElements' exists.
src/pages/Dashboard.tsx(454,65): error TS7026: JSX element implicitly has type 'any' because no interface 'JSX.IntrinsicElements' exists.
src/pages/Dashboard.tsx(455,13): error TS7026: JSX element implicitly has type 'any' because no interface 'JSX.IntrinsicElements' exists.
src/pages/Dashboard.tsx(455,66): error TS7026: JSX element implicitly has type 'any' because no interface 'JSX.IntrinsicElements' exists.
src/pages/Dashboard.tsx(456,11): error TS7026: JSX element implicitly has type 'any' because no interface 'JSX.IntrinsicElements' exists.
src/pages/Dashboard.tsx(457,11): error TS7026: JSX element implicitly has type 'any' because no interface 'JSX.IntrinsicElements' exists.
src/pages/Dashboard.tsx(457,51): error TS7026: JSX element implicitly has type 'any' because no interface 'JSX.IntrinsicElements' exists.
src/pages/Dashboard.tsx(457,64): error TS7026: JSX element implicitly has type 'any' because no interface 'JSX.IntrinsicElements' exists.
src/pages/Dashboard.tsx(458,9): error TS7026: JSX element implicitly has type 'any' because no interface 'JSX.IntrinsicElements' exists.
src/pages/Dashboard.tsx(460,9): error TS7026: JSX element implicitly has type 'any' because no interface 'JSX.IntrinsicElements' exists.
src/pages/Dashboard.tsx(461,11): error TS7026: JSX element implicitly has type 'any' because no interface 'JSX.IntrinsicElements' exists.
src/pages/Dashboard.tsx(462,13): error TS7026: JSX element implicitly has type 'any' because no interface 'JSX.IntrinsicElements' exists.
src/pages/Dashboard.tsx(462,28): error TS7026: JSX element implicitly has type 'any' because no interface 'JSX.IntrinsicElements' exists.
src/pages/Dashboard.tsx(463,13): error TS7026: JSX element implicitly has type 'any' because no interface 'JSX.IntrinsicElements' exists.
src/pages/Dashboard.tsx(463,59): error TS7026: JSX element implicitly has type 'any' because no interface 'JSX.IntrinsicElements' exists.
src/pages/Dashboard.tsx(464,11): error TS7026: JSX element implicitly has type 'any' because no interface 'JSX.IntrinsicElements' exists.
src/pages/Dashboard.tsx(465,11): error TS7026: JSX element implicitly has type 'any' because no interface 'JSX.IntrinsicElements' exists.
src/pages/Dashboard.tsx(465,29): error TS7026: JSX element implicitly has type 'any' because no interface 'JSX.IntrinsicElements' exists.
src/pages/Dashboard.tsx(466,9): error TS7026: JSX element implicitly has type 'any' because no interface 'JSX.IntrinsicElements' exists.
src/pages/Dashboard.tsx(468,9): error TS7026: JSX element implicitly has type 'any' because no interface 'JSX.IntrinsicElements' exists.
src/pages/Dashboard.tsx(469,11): error TS7026: JSX element implicitly has type 'any' because no interface 'JSX.IntrinsicElements' exists.
src/pages/Dashboard.tsx(470,13): error TS7026: JSX element implicitly has type 'any' because no interface 'JSX.IntrinsicElements' exists.
src/pages/Dashboard.tsx(471,11): error TS7026: JSX element implicitly has type 'any' because no interface 'JSX.IntrinsicElements' exists.
src/pages/Dashboard.tsx(472,9): error TS7026: JSX element implicitly has type 'any' because no interface 'JSX.IntrinsicElements' exists.
src/pages/Dashboard.tsx(474,9): error TS7026: JSX element implicitly has type 'any' because no interface 'JSX.IntrinsicElements' exists.
src/pages/Dashboard.tsx(475,11): error TS7026: JSX element implicitly has type 'any' because no interface 'JSX.IntrinsicElements' exists.
src/pages/Dashboard.tsx(476,11): error TS7026: JSX element implicitly has type 'any' because no interface 'JSX.IntrinsicElements' exists.
src/pages/Dashboard.tsx(477,11): error TS7026: JSX element implicitly has type 'any' because no interface 'JSX.IntrinsicElements' exists.
src/pages/Dashboard.tsx(478,11): error TS7026: JSX element implicitly has type 'any' because no interface 'JSX.IntrinsicElements' exists.
src/pages/Dashboard.tsx(478,93): error TS7026: JSX element implicitly has type 'any' because no interface 'JSX.IntrinsicElements' exists.
src/pages/Dashboard.tsx(479,9): error TS7026: JSX element implicitly has type 'any' because no interface 'JSX.IntrinsicElements' exists.
src/pages/Dashboard.tsx(481,9): error TS7026: JSX element implicitly has type 'any' because no interface 'JSX.IntrinsicElements' exists.
src/pages/Dashboard.tsx(481,55): error TS7026: JSX element implicitly has type 'any' because no interface 'JSX.IntrinsicElements' exists.
src/pages/Dashboard.tsx(482,7): error TS7026: JSX element implicitly has type 'any' because no interface 'JSX.IntrinsicElements' exists.
src/pages/Dashboard.tsx(483,5): error TS7026: JSX element implicitly has type 'any' because no interface 'JSX.IntrinsicElements' exists.
src/pages/DashboardConfigTab.tsx(1,63): error TS2307: Cannot find module 'react' or its corresponding type declarations.
src/pages/DashboardConfigTab.tsx(7,74): error TS2307: Cannot find module 'lucide-react' or its corresponding type declarations.
src/pages/DashboardConfigTab.tsx(105,12): error TS7026: JSX element implicitly has type 'any' because no interface 'JSX.IntrinsicElements' exists.
src/pages/DashboardConfigTab.tsx(105,12): error TS2875: This JSX tag requires the module path 'react/jsx-runtime' to exist, but none could be found. Make sure you have types for the appropriate package installed.
src/pages/DashboardConfigTab.tsx(105,112): error TS7026: JSX element implicitly has type 'any' because no interface 'JSX.IntrinsicElements' exists.
src/pages/DashboardConfigTab.tsx(109,5): error TS7026: JSX element implicitly has type 'any' because no interface 'JSX.IntrinsicElements' exists.
src/pages/DashboardConfigTab.tsx(110,7): error TS7026: JSX element implicitly has type 'any' because no interface 'JSX.IntrinsicElements' exists.
src/pages/DashboardConfigTab.tsx(116,7): error TS7026: JSX element implicitly has type 'any' because no interface 'JSX.IntrinsicElements' exists.
src/pages/DashboardConfigTab.tsx(118,7): error TS7026: JSX element implicitly has type 'any' because no interface 'JSX.IntrinsicElements' exists.
src/pages/DashboardConfigTab.tsx(119,9): error TS7026: JSX element implicitly has type 'any' because no interface 'JSX.IntrinsicElements' exists.
src/pages/DashboardConfigTab.tsx(121,11): error TS7026: JSX element implicitly has type 'any' because no interface 'JSX.IntrinsicElements' exists.
src/pages/DashboardConfigTab.tsx(121,47): error TS7006: Parameter 'e' implicitly has an 'any' type.
src/pages/DashboardConfigTab.tsx(122,36): error TS7026: JSX element implicitly has type 'any' because no interface 'JSX.IntrinsicElements' exists.
src/pages/DashboardConfigTab.tsx(122,125): error TS7026: JSX element implicitly has type 'any' because no interface 'JSX.IntrinsicElements' exists.
src/pages/DashboardConfigTab.tsx(123,11): error TS7026: JSX element implicitly has type 'any' because no interface 'JSX.IntrinsicElements' exists.
src/pages/DashboardConfigTab.tsx(124,9): error TS7026: JSX element implicitly has type 'any' because no interface 'JSX.IntrinsicElements' exists.
src/pages/DashboardConfigTab.tsx(125,9): error TS7026: JSX element implicitly has type 'any' because no interface 'JSX.IntrinsicElements' exists.
src/pages/DashboardConfigTab.tsx(135,13): error TS7026: JSX element implicitly has type 'any' because no interface 'JSX.IntrinsicElements' exists.
src/pages/DashboardConfigTab.tsx(135,54): error TS7006: Parameter 'e' implicitly has an 'any' type.
src/pages/DashboardConfigTab.tsx(138,9): error TS7026: JSX element implicitly has type 'any' because no interface 'JSX.IntrinsicElements' exists.
src/pages/DashboardConfigTab.tsx(140,11): error TS7026: JSX element implicitly has type 'any' because no interface 'JSX.IntrinsicElements' exists.
src/pages/DashboardConfigTab.tsx(142,13): error TS7026: JSX element implicitly has type 'any' because no interface 'JSX.IntrinsicElements' exists.
src/pages/DashboardConfigTab.tsx(142,49): error TS7006: Parameter 'e' implicitly has an 'any' type.
src/pages/DashboardConfigTab.tsx(143,37): error TS7026: JSX element implicitly has type 'any' because no interface 'JSX.IntrinsicElements' exists.
src/pages/DashboardConfigTab.tsx(143,84): error TS7026: JSX element implicitly has type 'any' because no interface 'JSX.IntrinsicElements' exists.
src/pages/DashboardConfigTab.tsx(144,13): error TS7026: JSX element implicitly has type 'any' because no interface 'JSX.IntrinsicElements' exists.
src/pages/DashboardConfigTab.tsx(145,11): error TS7026: JSX element implicitly has type 'any' because no interface 'JSX.IntrinsicElements' exists.
src/pages/DashboardConfigTab.tsx(147,9): error TS7026: JSX element implicitly has type 'any' because no interface 'JSX.IntrinsicElements' exists.
src/pages/DashboardConfigTab.tsx(149,11): error TS7026: JSX element implicitly has type 'any' because no interface 'JSX.IntrinsicElements' exists.
src/pages/DashboardConfigTab.tsx(149,44): error TS7006: Parameter 'e' implicitly has an 'any' type.
src/pages/DashboardConfigTab.tsx(150,13): error TS7026: JSX element implicitly has type 'any' because no interface 'JSX.IntrinsicElements' exists.
src/pages/DashboardConfigTab.tsx(150,52): error TS7026: JSX element implicitly has type 'any' because no interface 'JSX.IntrinsicElements' exists.
src/pages/DashboardConfigTab.tsx(151,13): error TS7026: JSX element implicitly has type 'any' because no interface 'JSX.IntrinsicElements' exists.
src/pages/DashboardConfigTab.tsx(151,53): error TS7026: JSX element implicitly has type 'any' because no interface 'JSX.IntrinsicElements' exists.
src/pages/DashboardConfigTab.tsx(152,11): error TS7026: JSX element implicitly has type 'any' because no interface 'JSX.IntrinsicElements' exists.
src/pages/DashboardConfigTab.tsx(153,9): error TS7026: JSX element implicitly has type 'any' because no interface 'JSX.IntrinsicElements' exists.
src/pages/DashboardConfigTab.tsx(154,9): error TS7026: JSX element implicitly has type 'any' because no interface 'JSX.IntrinsicElements' exists.
src/pages/DashboardConfigTab.tsx(155,11): error TS7026: JSX element implicitly has type 'any' because no interface 'JSX.IntrinsicElements' exists.
src/pages/DashboardConfigTab.tsx(155,62): error TS7006: Parameter 'e' implicitly has an 'any' type.
src/pages/DashboardConfigTab.tsx(157,9): error TS7026: JSX element implicitly has type 'any' because no interface 'JSX.IntrinsicElements' exists.
src/pages/DashboardConfigTab.tsx(158,9): error TS7026: JSX element implicitly has type 'any' because no interface 'JSX.IntrinsicElements' exists.
src/pages/DashboardConfigTab.tsx(160,11): error TS7026: JSX element implicitly has type 'any' because no interface 'JSX.IntrinsicElements' exists.
src/pages/DashboardConfigTab.tsx(160,42): error TS7006: Parameter 'e' implicitly has an 'any' type.
src/pages/DashboardConfigTab.tsx(161,9): error TS7026: JSX element implicitly has type 'any' because no interface 'JSX.IntrinsicElements' exists.
src/pages/DashboardConfigTab.tsx(162,9): error TS7026: JSX element implicitly has type 'any' because no interface 'JSX.IntrinsicElements' exists.
src/pages/DashboardConfigTab.tsx(162,55): error TS7026: JSX element implicitly has type 'any' because no interface 'JSX.IntrinsicElements' exists.
src/pages/DashboardConfigTab.tsx(163,7): error TS7026: JSX element implicitly has type 'any' because no interface 'JSX.IntrinsicElements' exists.
src/pages/DashboardConfigTab.tsx(165,7): error TS7026: JSX element implicitly has type 'any' because no interface 'JSX.IntrinsicElements' exists.
src/pages/DashboardConfigTab.tsx(166,9): error TS7026: JSX element implicitly has type 'any' because no interface 'JSX.IntrinsicElements' exists.
src/pages/DashboardConfigTab.tsx(166,86): error TS7026: JSX element implicitly has type 'any' because no interface 'JSX.IntrinsicElements' exists.
src/pages/DashboardConfigTab.tsx(168,11): error TS7026: JSX element implicitly has type 'any' because no interface 'JSX.IntrinsicElements' exists.
src/pages/DashboardConfigTab.tsx(169,13): error TS7026: JSX element implicitly has type 'any' because no interface 'JSX.IntrinsicElements' exists.
src/pages/DashboardConfigTab.tsx(172,17): error TS7026: JSX element implicitly has type 'any' because no interface 'JSX.IntrinsicElements' exists.
src/pages/DashboardConfigTab.tsx(174,13): error TS7026: JSX element implicitly has type 'any' because no interface 'JSX.IntrinsicElements' exists.
src/pages/DashboardConfigTab.tsx(174,75): error TS7026: JSX element implicitly has type 'any' because no interface 'JSX.IntrinsicElements' exists.
src/pages/DashboardConfigTab.tsx(175,11): error TS7026: JSX element implicitly has type 'any' because no interface 'JSX.IntrinsicElements' exists.
src/pages/DashboardConfigTab.tsx(177,7): error TS7026: JSX element implicitly has type 'any' because no interface 'JSX.IntrinsicElements' exists.
src/pages/DashboardConfigTab.tsx(179,17): error TS7026: JSX element implicitly has type 'any' because no interface 'JSX.IntrinsicElements' exists.
src/pages/DashboardConfigTab.tsx(179,92): error TS7026: JSX element implicitly has type 'any' because no interface 'JSX.IntrinsicElements' exists.
src/pages/DashboardConfigTab.tsx(186,11): error TS7026: JSX element implicitly has type 'any' because no interface 'JSX.IntrinsicElements' exists.
src/pages/DashboardConfigTab.tsx(187,13): error TS7026: JSX element implicitly has type 'any' because no interface 'JSX.IntrinsicElements' exists.
src/pages/DashboardConfigTab.tsx(188,74): error TS7026: JSX element implicitly has type 'any' because no interface 'JSX.IntrinsicElements' exists.
src/pages/DashboardConfigTab.tsx(188,123): error TS7026: JSX element implicitly has type 'any' because no interface 'JSX.IntrinsicElements' exists.
src/pages/DashboardConfigTab.tsx(189,13): error TS7026: JSX element implicitly has type 'any' because no interface 'JSX.IntrinsicElements' exists.
src/pages/DashboardConfigTab.tsx(190,13): error TS7026: JSX element implicitly has type 'any' because no interface 'JSX.IntrinsicElements' exists.
src/pages/DashboardConfigTab.tsx(191,15): error TS7026: JSX element implicitly has type 'any' because no interface 'JSX.IntrinsicElements' exists.
src/pages/DashboardConfigTab.tsx(191,22): error TS7026: JSX element implicitly has type 'any' because no interface 'JSX.IntrinsicElements' exists.
src/pages/DashboardConfigTab.tsx(191,26): error TS7026: JSX element implicitly has type 'any' because no interface 'JSX.IntrinsicElements' exists.
src/pages/DashboardConfigTab.tsx(191,35): error TS7026: JSX element implicitly has type 'any' because no interface 'JSX.IntrinsicElements' exists.
src/pages/DashboardConfigTab.tsx(191,40): error TS7026: JSX element implicitly has type 'any' because no interface 'JSX.IntrinsicElements' exists.
src/pages/DashboardConfigTab.tsx(191,52): error TS7026: JSX element implicitly has type 'any' because no interface 'JSX.IntrinsicElements' exists.
src/pages/DashboardConfigTab.tsx(191,57): error TS7026: JSX element implicitly has type 'any' because no interface 'JSX.IntrinsicElements' exists.
src/pages/DashboardConfigTab.tsx(191,64): error TS7026: JSX element implicitly has type 'any' because no interface 'JSX.IntrinsicElements' exists.
src/pages/DashboardConfigTab.tsx(191,69): error TS7026: JSX element implicitly has type 'any' because no interface 'JSX.IntrinsicElements' exists.
src/pages/DashboardConfigTab.tsx(191,78): error TS7026: JSX element implicitly has type 'any' because no interface 'JSX.IntrinsicElements' exists.
src/pages/DashboardConfigTab.tsx(191,83): error TS7026: JSX element implicitly has type 'any' because no interface 'JSX.IntrinsicElements' exists.
src/pages/DashboardConfigTab.tsx(191,91): error TS7026: JSX element implicitly has type 'any' because no interface 'JSX.IntrinsicElements' exists.
src/pages/DashboardConfigTab.tsx(191,96): error TS7026: JSX element implicitly has type 'any' because no interface 'JSX.IntrinsicElements' exists.
src/pages/DashboardConfigTab.tsx(191,100): error TS7026: JSX element implicitly has type 'any' because no interface 'JSX.IntrinsicElements' exists.
src/pages/DashboardConfigTab.tsx(191,105): error TS7026: JSX element implicitly has type 'any' because no interface 'JSX.IntrinsicElements' exists.
src/pages/DashboardConfigTab.tsx(191,110): error TS7026: JSX element implicitly has type 'any' because no interface 'JSX.IntrinsicElements' exists.
src/pages/DashboardConfigTab.tsx(192,15): error TS7026: JSX element implicitly has type 'any' because no interface 'JSX.IntrinsicElements' exists.
src/pages/DashboardConfigTab.tsx(193,28): error TS7006: Parameter 'r' implicitly has an 'any' type.
src/pages/DashboardConfigTab.tsx(196,21): error TS7026: JSX element implicitly has type 'any' because no interface 'JSX.IntrinsicElements' exists.
src/pages/DashboardConfigTab.tsx(197,23): error TS7026: JSX element implicitly has type 'any' because no interface 'JSX.IntrinsicElements' exists.
src/pages/DashboardConfigTab.tsx(197,140): error TS7026: JSX element implicitly has type 'any' because no interface 'JSX.IntrinsicElements' exists.
src/pages/DashboardConfigTab.tsx(198,23): error TS7026: JSX element implicitly has type 'any' because no interface 'JSX.IntrinsicElements' exists.
src/pages/DashboardConfigTab.tsx(198,95): error TS7026: JSX element implicitly has type 'any' because no interface 'JSX.IntrinsicElements' exists.
src/pages/DashboardConfigTab.tsx(199,23): error TS7026: JSX element implicitly has type 'any' because no interface 'JSX.IntrinsicElements' exists.
src/pages/DashboardConfigTab.tsx(199,51): error TS7026: JSX element implicitly has type 'any' because no interface 'JSX.IntrinsicElements' exists.
src/pages/DashboardConfigTab.tsx(200,23): error TS7026: JSX element implicitly has type 'any' because no interface 'JSX.IntrinsicElements' exists.
src/pages/DashboardConfigTab.tsx(200,44): error TS7026: JSX element implicitly has type 'any' because no interface 'JSX.IntrinsicElements' exists.
src/pages/DashboardConfigTab.tsx(201,23): error TS7026: JSX element implicitly has type 'any' because no interface 'JSX.IntrinsicElements' exists.
src/pages/DashboardConfigTab.tsx(201,42): error TS7026: JSX element implicitly has type 'any' because no interface 'JSX.IntrinsicElements' exists.
src/pages/DashboardConfigTab.tsx(202,23): error TS7026: JSX element implicitly has type 'any' because no interface 'JSX.IntrinsicElements' exists.
src/pages/DashboardConfigTab.tsx(202,27): error TS7026: JSX element implicitly has type 'any' because no interface 'JSX.IntrinsicElements' exists.
src/pages/DashboardConfigTab.tsx(203,21): error TS7026: JSX element implicitly has type 'any' because no interface 'JSX.IntrinsicElements' exists.
src/pages/DashboardConfigTab.tsx(206,15): error TS7026: JSX element implicitly has type 'any' because no interface 'JSX.IntrinsicElements' exists.
src/pages/DashboardConfigTab.tsx(207,13): error TS7026: JSX element implicitly has type 'any' because no interface 'JSX.IntrinsicElements' exists.
src/pages/DashboardConfigTab.tsx(208,11): error TS7026: JSX element implicitly has type 'any' because no interface 'JSX.IntrinsicElements' exists.
src/pages/DashboardConfigTab.tsx(213,5): error TS7026: JSX element implicitly has type 'any' because no interface 'JSX.IntrinsicElements' exists.
src/pages/DashboardConfigTab.tsx(268,23): error TS7006: Parameter 'h' implicitly has an 'any' type.
src/pages/DashboardConfigTab.tsx(271,23): error TS7006: Parameter 'h' implicitly has an 'any' type.
src/pages/DashboardConfigTab.tsx(282,5): error TS7026: JSX element implicitly has type 'any' because no interface 'JSX.IntrinsicElements' exists.
src/pages/DashboardConfigTab.tsx(283,7): error TS7026: JSX element implicitly has type 'any' because no interface 'JSX.IntrinsicElements' exists.
src/pages/DashboardConfigTab.tsx(283,38): error TS7026: JSX element implicitly has type 'any' because no interface 'JSX.IntrinsicElements' exists.
src/pages/DashboardConfigTab.tsx(284,7): error TS7026: JSX element implicitly has type 'any' because no interface 'JSX.IntrinsicElements' exists.
src/pages/DashboardConfigTab.tsx(288,7): error TS7026: JSX element implicitly has type 'any' because no interface 'JSX.IntrinsicElements' exists.
src/pages/DashboardConfigTab.tsx(289,7): error TS7026: JSX element implicitly has type 'any' because no interface 'JSX.IntrinsicElements' exists.
src/pages/DashboardConfigTab.tsx(290,9): error TS7026: JSX element implicitly has type 'any' because no interface 'JSX.IntrinsicElements' exists.
src/pages/DashboardConfigTab.tsx(291,11): error TS7026: JSX element implicitly has type 'any' because no interface 'JSX.IntrinsicElements' exists.
src/pages/DashboardConfigTab.tsx(294,24): error TS7006: Parameter 'e' implicitly has an 'any' type.
src/pages/DashboardConfigTab.tsx(303,13): error TS7026: JSX element implicitly has type 'any' because no interface 'JSX.IntrinsicElements' exists.
src/pages/DashboardConfigTab.tsx(304,32): error TS7006: Parameter 'c' implicitly has an 'any' type.
src/pages/DashboardConfigTab.tsx(304,35): error TS7006: Parameter 'i' implicitly has an 'any' type.
src/pages/DashboardConfigTab.tsx(305,17): error TS7026: JSX element implicitly has type 'any' because no interface 'JSX.IntrinsicElements' exists.
src/pages/DashboardConfigTab.tsx(313,17): error TS7026: JSX element implicitly has type 'any' because no interface 'JSX.IntrinsicElements' exists.
src/pages/DashboardConfigTab.tsx(315,13): error TS7026: JSX element implicitly has type 'any' because no interface 'JSX.IntrinsicElements' exists.
src/pages/DashboardConfigTab.tsx(317,9): error TS7026: JSX element implicitly has type 'any' because no interface 'JSX.IntrinsicElements' exists.
src/pages/DashboardConfigTab.tsx(328,9): error TS7026: JSX element implicitly has type 'any' because no interface 'JSX.IntrinsicElements' exists.
src/pages/DashboardConfigTab.tsx(339,9): error TS7026: JSX element implicitly has type 'any' because no interface 'JSX.IntrinsicElements' exists.
src/pages/DashboardConfigTab.tsx(340,7): error TS7026: JSX element implicitly has type 'any' because no interface 'JSX.IntrinsicElements' exists.
src/pages/DashboardConfigTab.tsx(342,17): error TS7026: JSX element implicitly has type 'any' because no interface 'JSX.IntrinsicElements' exists.
src/pages/DashboardConfigTab.tsx(342,78): error TS7026: JSX element implicitly has type 'any' because no interface 'JSX.IntrinsicElements' exists.
src/pages/DashboardConfigTab.tsx(344,7): error TS7026: JSX element implicitly has type 'any' because no interface 'JSX.IntrinsicElements' exists.
src/pages/DashboardConfigTab.tsx(345,9): error TS7026: JSX element implicitly has type 'any' because no interface 'JSX.IntrinsicElements' exists.
src/pages/DashboardConfigTab.tsx(345,16): error TS7026: JSX element implicitly has type 'any' because no interface 'JSX.IntrinsicElements' exists.
src/pages/DashboardConfigTab.tsx(345,20): error TS7026: JSX element implicitly has type 'any' because no interface 'JSX.IntrinsicElements' exists.
src/pages/DashboardConfigTab.tsx(345,41): error TS7026: JSX element implicitly has type 'any' because no interface 'JSX.IntrinsicElements' exists.
src/pages/DashboardConfigTab.tsx(345,46): error TS7026: JSX element implicitly has type 'any' because no interface 'JSX.IntrinsicElements' exists.
src/pages/DashboardConfigTab.tsx(345,61): error TS7026: JSX element implicitly has type 'any' because no interface 'JSX.IntrinsicElements' exists.
src/pages/DashboardConfigTab.tsx(345,66): error TS7026: JSX element implicitly has type 'any' because no interface 'JSX.IntrinsicElements' exists.
src/pages/DashboardConfigTab.tsx(345,70): error TS7026: JSX element implicitly has type 'any' because no interface 'JSX.IntrinsicElements' exists.
src/pages/DashboardConfigTab.tsx(345,75): error TS7026: JSX element implicitly has type 'any' because no interface 'JSX.IntrinsicElements' exists.
src/pages/DashboardConfigTab.tsx(345,80): error TS7026: JSX element implicitly has type 'any' because no interface 'JSX.IntrinsicElements' exists.
src/pages/DashboardConfigTab.tsx(346,9): error TS7026: JSX element implicitly has type 'any' because no interface 'JSX.IntrinsicElements' exists.
src/pages/DashboardConfigTab.tsx(347,37): error TS7026: JSX element implicitly has type 'any' because no interface 'JSX.IntrinsicElements' exists.
src/pages/DashboardConfigTab.tsx(347,41): error TS7026: JSX element implicitly has type 'any' because no interface 'JSX.IntrinsicElements' exists.
src/pages/DashboardConfigTab.tsx(347,125): error TS7026: JSX element implicitly has type 'any' because no interface 'JSX.IntrinsicElements' exists.
src/pages/DashboardConfigTab.tsx(347,130): error TS7026: JSX element implicitly has type 'any' because no interface 'JSX.IntrinsicElements' exists.
src/pages/DashboardConfigTab.tsx(348,26): error TS7006: Parameter 'a' implicitly has an 'any' type.
src/pages/DashboardConfigTab.tsx(349,13): error TS7026: JSX element implicitly has type 'any' because no interface 'JSX.IntrinsicElements' exists.
src/pages/DashboardConfigTab.tsx(350,15): error TS7026: JSX element implicitly has type 'any' because no interface 'JSX.IntrinsicElements' exists.
src/pages/DashboardConfigTab.tsx(350,27): error TS7026: JSX element implicitly has type 'any' because no interface 'JSX.IntrinsicElements' exists.
src/pages/DashboardConfigTab.tsx(350,32): error TS7026: JSX element implicitly has type 'any' because no interface 'JSX.IntrinsicElements' exists.
src/pages/DashboardConfigTab.tsx(350,58): error TS7026: JSX element implicitly has type 'any' because no interface 'JSX.IntrinsicElements' exists.
src/pages/DashboardConfigTab.tsx(351,15): error TS7026: JSX element implicitly has type 'any' because no interface 'JSX.IntrinsicElements' exists.
src/pages/DashboardConfigTab.tsx(351,19): error TS7026: JSX element implicitly has type 'any' because no interface 'JSX.IntrinsicElements' exists.
src/pages/DashboardConfigTab.tsx(352,13): error TS7026: JSX element implicitly has type 'any' because no interface 'JSX.IntrinsicElements' exists.
src/pages/DashboardConfigTab.tsx(354,9): error TS7026: JSX element implicitly has type 'any' because no interface 'JSX.IntrinsicElements' exists.
src/pages/DashboardConfigTab.tsx(355,7): error TS7026: JSX element implicitly has type 'any' because no interface 'JSX.IntrinsicElements' exists.
src/pages/DashboardConfigTab.tsx(356,5): error TS7026: JSX element implicitly has type 'any' because no interface 'JSX.IntrinsicElements' exists.
src/pages/DashboardConfigurationPage.tsx(1,37): error TS2307: Cannot find module 'react' or its corresponding type declarations.
src/pages/DashboardConfigurationPage.tsx(2,29): error TS2307: Cannot find module 'lucide-react' or its corresponding type declarations.
src/pages/DashboardConfigurationPage.tsx(29,18): error TS7006: Parameter 'current' implicitly has an 'any' type.
src/pages/DashboardConfigurationPage.tsx(29,60): error TS7006: Parameter 'x' implicitly has an 'any' type.
src/pages/DashboardConfigurationPage.tsx(37,5): error TS7026: JSX element implicitly has type 'any' because no interface 'JSX.IntrinsicElements' exists.
src/pages/DashboardConfigurationPage.tsx(37,5): error TS2875: This JSX tag requires the module path 'react/jsx-runtime' to exist, but none could be found. Make sure you have types for the appropriate package installed.
src/pages/DashboardConfigurationPage.tsx(38,7): error TS7026: JSX element implicitly has type 'any' because no interface 'JSX.IntrinsicElements' exists.
src/pages/DashboardConfigurationPage.tsx(38,34): error TS7026: JSX element implicitly has type 'any' because no interface 'JSX.IntrinsicElements' exists.
src/pages/DashboardConfigurationPage.tsx(39,7): error TS7026: JSX element implicitly has type 'any' because no interface 'JSX.IntrinsicElements' exists.
src/pages/DashboardConfigurationPage.tsx(41,7): error TS7026: JSX element implicitly has type 'any' because no interface 'JSX.IntrinsicElements' exists.
src/pages/DashboardConfigurationPage.tsx(44,9): error TS7026: JSX element implicitly has type 'any' because no interface 'JSX.IntrinsicElements' exists.
src/pages/DashboardConfigurationPage.tsx(45,11): error TS7026: JSX element implicitly has type 'any' because no interface 'JSX.IntrinsicElements' exists.
src/pages/DashboardConfigurationPage.tsx(46,13): error TS7026: JSX element implicitly has type 'any' because no interface 'JSX.IntrinsicElements' exists.
src/pages/DashboardConfigurationPage.tsx(47,15): error TS7026: JSX element implicitly has type 'any' because no interface 'JSX.IntrinsicElements' exists.
src/pages/DashboardConfigurationPage.tsx(47,56): error TS7026: JSX element implicitly has type 'any' because no interface 'JSX.IntrinsicElements' exists.
src/pages/DashboardConfigurationPage.tsx(48,15): error TS7026: JSX element implicitly has type 'any' because no interface 'JSX.IntrinsicElements' exists.
src/pages/DashboardConfigurationPage.tsx(48,150): error TS7026: JSX element implicitly has type 'any' because no interface 'JSX.IntrinsicElements' exists.
src/pages/DashboardConfigurationPage.tsx(49,13): error TS7026: JSX element implicitly has type 'any' because no interface 'JSX.IntrinsicElements' exists.
src/pages/DashboardConfigurationPage.tsx(50,11): error TS7026: JSX element implicitly has type 'any' because no interface 'JSX.IntrinsicElements' exists.
src/pages/DashboardConfigurationPage.tsx(51,11): error TS7026: JSX element implicitly has type 'any' because no interface 'JSX.IntrinsicElements' exists.
src/pages/DashboardConfigurationPage.tsx(55,17): error TS7026: JSX element implicitly has type 'any' because no interface 'JSX.IntrinsicElements' exists.
src/pages/DashboardConfigurationPage.tsx(56,19): error TS7026: JSX element implicitly has type 'any' because no interface 'JSX.IntrinsicElements' exists.
src/pages/DashboardConfigurationPage.tsx(56,24): error TS7026: JSX element implicitly has type 'any' because no interface 'JSX.IntrinsicElements' exists.
src/pages/DashboardConfigurationPage.tsx(56,44): error TS7026: JSX element implicitly has type 'any' because no interface 'JSX.IntrinsicElements' exists.
src/pages/DashboardConfigurationPage.tsx(56,53): error TS7026: JSX element implicitly has type 'any' because no interface 'JSX.IntrinsicElements' exists.
src/pages/DashboardConfigurationPage.tsx(56,117): error TS7026: JSX element implicitly has type 'any' because no interface 'JSX.IntrinsicElements' exists.
src/pages/DashboardConfigurationPage.tsx(56,123): error TS7026: JSX element implicitly has type 'any' because no interface 'JSX.IntrinsicElements' exists.
src/pages/DashboardConfigurationPage.tsx(57,19): error TS7026: JSX element implicitly has type 'any' because no interface 'JSX.IntrinsicElements' exists.
src/pages/DashboardConfigurationPage.tsx(59,19): error TS7026: JSX element implicitly has type 'any' because no interface 'JSX.IntrinsicElements' exists.
src/pages/DashboardConfigurationPage.tsx(60,17): error TS7026: JSX element implicitly has type 'any' because no interface 'JSX.IntrinsicElements' exists.
src/pages/DashboardConfigurationPage.tsx(63,11): error TS7026: JSX element implicitly has type 'any' because no interface 'JSX.IntrinsicElements' exists.
src/pages/DashboardConfigurationPage.tsx(64,23): error TS7026: JSX element implicitly has type 'any' because no interface 'JSX.IntrinsicElements' exists.
src/pages/DashboardConfigurationPage.tsx(64,100): error TS7026: JSX element implicitly has type 'any' because no interface 'JSX.IntrinsicElements' exists.
src/pages/DashboardConfigurationPage.tsx(65,9): error TS7026: JSX element implicitly has type 'any' because no interface 'JSX.IntrinsicElements' exists.
src/pages/DashboardConfigurationPage.tsx(69,5): error TS7026: JSX element implicitly has type 'any' because no interface 'JSX.IntrinsicElements' exists.
src/pages/DataSync.tsx(1,46): error TS2307: Cannot find module 'react' or its corresponding type declarations.
src/pages/DataSync.tsx(2,78): error TS2307: Cannot find module 'lucide-react' or its corresponding type declarations.
src/pages/DataSync.tsx(30,47): error TS7006: Parameter 'p' implicitly has an 'any' type.
src/pages/DataSync.tsx(50,33): error TS7006: Parameter 'p' implicitly has an 'any' type.
src/pages/DataSync.tsx(51,23): error TS7006: Parameter 'p' implicitly has an 'any' type.
src/pages/DataSync.tsx(78,35): error TS7006: Parameter 'p' implicitly has an 'any' type.
src/pages/DataSync.tsx(86,5): error TS7026: JSX element implicitly has type 'any' because no interface 'JSX.IntrinsicElements' exists.
src/pages/DataSync.tsx(86,5): error TS2875: This JSX tag requires the module path 'react/jsx-runtime' to exist, but none could be found. Make sure you have types for the appropriate package installed.
src/pages/DataSync.tsx(89,7): error TS7026: JSX element implicitly has type 'any' because no interface 'JSX.IntrinsicElements' exists.
src/pages/DataSync.tsx(91,11): error TS7026: JSX element implicitly has type 'any' because no interface 'JSX.IntrinsicElements' exists.
src/pages/DataSync.tsx(92,13): error TS7026: JSX element implicitly has type 'any' because no interface 'JSX.IntrinsicElements' exists.
src/pages/DataSync.tsx(93,13): error TS7026: JSX element implicitly has type 'any' because no interface 'JSX.IntrinsicElements' exists.
src/pages/DataSync.tsx(93,135): error TS7026: JSX element implicitly has type 'any' because no interface 'JSX.IntrinsicElements' exists.
src/pages/DataSync.tsx(95,11): error TS7026: JSX element implicitly has type 'any' because no interface 'JSX.IntrinsicElements' exists.
src/pages/DataSync.tsx(97,11): error TS7026: JSX element implicitly has type 'any' because no interface 'JSX.IntrinsicElements' exists.
src/pages/DataSync.tsx(98,28): error TS7006: Parameter 'p' implicitly has an 'any' type.
src/pages/DataSync.tsx(99,15): error TS7026: JSX element implicitly has type 'any' because no interface 'JSX.IntrinsicElements' exists.
src/pages/DataSync.tsx(104,17): error TS7026: JSX element implicitly has type 'any' because no interface 'JSX.IntrinsicElements' exists.
src/pages/DataSync.tsx(106,19): error TS7026: JSX element implicitly has type 'any' because no interface 'JSX.IntrinsicElements' exists.
src/pages/DataSync.tsx(106,69): error TS7026: JSX element implicitly has type 'any' because no interface 'JSX.IntrinsicElements' exists.
src/pages/DataSync.tsx(108,17): error TS7026: JSX element implicitly has type 'any' because no interface 'JSX.IntrinsicElements' exists.
src/pages/DataSync.tsx(109,17): error TS7026: JSX element implicitly has type 'any' because no interface 'JSX.IntrinsicElements' exists.
src/pages/DataSync.tsx(109,137): error TS7026: JSX element implicitly has type 'any' because no interface 'JSX.IntrinsicElements' exists.
src/pages/DataSync.tsx(110,15): error TS7026: JSX element implicitly has type 'any' because no interface 'JSX.IntrinsicElements' exists.
src/pages/DataSync.tsx(112,11): error TS7026: JSX element implicitly has type 'any' because no interface 'JSX.IntrinsicElements' exists.
src/pages/DataSync.tsx(120,11): error TS7026: JSX element implicitly has type 'any' because no interface 'JSX.IntrinsicElements' exists.
src/pages/DataSync.tsx(121,13): error TS7026: JSX element implicitly has type 'any' because no interface 'JSX.IntrinsicElements' exists.
src/pages/DataSync.tsx(121,20): error TS7026: JSX element implicitly has type 'any' because no interface 'JSX.IntrinsicElements' exists.
src/pages/DataSync.tsx(121,86): error TS7026: JSX element implicitly has type 'any' because no interface 'JSX.IntrinsicElements' exists.
src/pages/DataSync.tsx(121,137): error TS7006: Parameter 'e' implicitly has an 'any' type.
src/pages/DataSync.tsx(121,195): error TS7026: JSX element implicitly has type 'any' because no interface 'JSX.IntrinsicElements' exists.
src/pages/DataSync.tsx(122,13): error TS7026: JSX element implicitly has type 'any' because no interface 'JSX.IntrinsicElements' exists.
src/pages/DataSync.tsx(122,20): error TS7026: JSX element implicitly has type 'any' because no interface 'JSX.IntrinsicElements' exists.
src/pages/DataSync.tsx(122,94): error TS7026: JSX element implicitly has type 'any' because no interface 'JSX.IntrinsicElements' exists.
src/pages/DataSync.tsx(122,144): error TS7006: Parameter 'e' implicitly has an 'any' type.
src/pages/DataSync.tsx(122,248): error TS7026: JSX element implicitly has type 'any' because no interface 'JSX.IntrinsicElements' exists.
src/pages/DataSync.tsx(123,13): error TS7026: JSX element implicitly has type 'any' because no interface 'JSX.IntrinsicElements' exists.
src/pages/DataSync.tsx(123,20): error TS7026: JSX element implicitly has type 'any' because no interface 'JSX.IntrinsicElements' exists.
src/pages/DataSync.tsx(123,89): error TS7026: JSX element implicitly has type 'any' because no interface 'JSX.IntrinsicElements' exists.
src/pages/DataSync.tsx(123,150): error TS7006: Parameter 'e' implicitly has an 'any' type.
src/pages/DataSync.tsx(123,249): error TS7026: JSX element implicitly has type 'any' because no interface 'JSX.IntrinsicElements' exists.
src/pages/DataSync.tsx(125,13): error TS7026: JSX element implicitly has type 'any' because no interface 'JSX.IntrinsicElements' exists.
src/pages/DataSync.tsx(128,31): error TS7006: Parameter 'p' implicitly has an 'any' type.
src/pages/DataSync.tsx(129,31): error TS7006: Parameter 'p' implicitly has an 'any' type.
src/pages/DataSync.tsx(130,13): error TS7026: JSX element implicitly has type 'any' because no interface 'JSX.IntrinsicElements' exists.
src/pages/DataSync.tsx(132,25): error TS7026: JSX element implicitly has type 'any' because no interface 'JSX.IntrinsicElements' exists.
src/pages/DataSync.tsx(132,100): error TS7026: JSX element implicitly has type 'any' because no interface 'JSX.IntrinsicElements' exists.
src/pages/DataSync.tsx(134,13): error TS7026: JSX element implicitly has type 'any' because no interface 'JSX.IntrinsicElements' exists.
src/pages/DataSync.tsx(135,15): error TS7026: JSX element implicitly has type 'any' because no interface 'JSX.IntrinsicElements' exists.
src/pages/DataSync.tsx(135,81): error TS7026: JSX element implicitly has type 'any' because no interface 'JSX.IntrinsicElements' exists.
src/pages/DataSync.tsx(135,90): error TS7026: JSX element implicitly has type 'any' because no interface 'JSX.IntrinsicElements' exists.
src/pages/DataSync.tsx(137,13): error TS7026: JSX element implicitly has type 'any' because no interface 'JSX.IntrinsicElements' exists.
src/pages/DataSync.tsx(138,11): error TS7026: JSX element implicitly has type 'any' because no interface 'JSX.IntrinsicElements' exists.
src/pages/DataSync.tsx(140,7): error TS7026: JSX element implicitly has type 'any' because no interface 'JSX.IntrinsicElements' exists.
src/pages/DataSync.tsx(143,9): error TS7026: JSX element implicitly has type 'any' because no interface 'JSX.IntrinsicElements' exists.
src/pages/DataSync.tsx(143,221): error TS7026: JSX element implicitly has type 'any' because no interface 'JSX.IntrinsicElements' exists.
src/pages/DataSync.tsx(144,24): error TS7026: JSX element implicitly has type 'any' because no interface 'JSX.IntrinsicElements' exists.
src/pages/DataSync.tsx(144,104): error TS7026: JSX element implicitly has type 'any' because no interface 'JSX.IntrinsicElements' exists.
src/pages/DataSync.tsx(145,9): error TS7026: JSX element implicitly has type 'any' because no interface 'JSX.IntrinsicElements' exists.
src/pages/DataSync.tsx(146,147): error TS7026: JSX element implicitly has type 'any' because no interface 'JSX.IntrinsicElements' exists.
src/pages/DataSync.tsx(147,13): error TS7026: JSX element implicitly has type 'any' because no interface 'JSX.IntrinsicElements' exists.
src/pages/DataSync.tsx(147,38): error TS7026: JSX element implicitly has type 'any' because no interface 'JSX.IntrinsicElements' exists.
src/pages/DataSync.tsx(148,13): error TS7026: JSX element implicitly has type 'any' because no interface 'JSX.IntrinsicElements' exists.
src/pages/DataSync.tsx(148,123): error TS7026: JSX element implicitly has type 'any' because no interface 'JSX.IntrinsicElements' exists.
src/pages/DataSync.tsx(149,13): error TS7026: JSX element implicitly has type 'any' because no interface 'JSX.IntrinsicElements' exists.
src/pages/DataSync.tsx(149,133): error TS7026: JSX element implicitly has type 'any' because no interface 'JSX.IntrinsicElements' exists.
src/pages/DataSync.tsx(150,13): error TS7026: JSX element implicitly has type 'any' because no interface 'JSX.IntrinsicElements' exists.
src/pages/DataSync.tsx(150,137): error TS7026: JSX element implicitly has type 'any' because no interface 'JSX.IntrinsicElements' exists.
src/pages/DataSync.tsx(151,13): error TS7026: JSX element implicitly has type 'any' because no interface 'JSX.IntrinsicElements' exists.
src/pages/DataSync.tsx(151,111): error TS7026: JSX element implicitly has type 'any' because no interface 'JSX.IntrinsicElements' exists.
src/pages/DataSync.tsx(151,216): error TS7026: JSX element implicitly has type 'any' because no interface 'JSX.IntrinsicElements' exists.
src/pages/DataSync.tsx(152,13): error TS7026: JSX element implicitly has type 'any' because no interface 'JSX.IntrinsicElements' exists.
src/pages/DataSync.tsx(152,140): error TS7026: JSX element implicitly has type 'any' because no interface 'JSX.IntrinsicElements' exists.
src/pages/DataSync.tsx(153,11): error TS7026: JSX element implicitly has type 'any' because no interface 'JSX.IntrinsicElements' exists.
src/pages/DataSync.tsx(154,9): error TS7026: JSX element implicitly has type 'any' because no interface 'JSX.IntrinsicElements' exists.
src/pages/DataSync.tsx(156,5): error TS7026: JSX element implicitly has type 'any' because no interface 'JSX.IntrinsicElements' exists.
src/pages/DiagnosticsPage.tsx(11,5): error TS7026: JSX element implicitly has type 'any' because no interface 'JSX.IntrinsicElements' exists.
src/pages/DiagnosticsPage.tsx(11,5): error TS2875: This JSX tag requires the module path 'react/jsx-runtime' to exist, but none could be found. Make sure you have types for the appropriate package installed.
src/pages/DiagnosticsPage.tsx(12,7): error TS7026: JSX element implicitly has type 'any' because no interface 'JSX.IntrinsicElements' exists.
src/pages/DiagnosticsPage.tsx(12,22): error TS7026: JSX element implicitly has type 'any' because no interface 'JSX.IntrinsicElements' exists.
src/pages/DiagnosticsPage.tsx(13,7): error TS7026: JSX element implicitly has type 'any' because no interface 'JSX.IntrinsicElements' exists.
src/pages/DiagnosticsPage.tsx(15,7): error TS7026: JSX element implicitly has type 'any' because no interface 'JSX.IntrinsicElements' exists.
src/pages/DiagnosticsPage.tsx(17,5): error TS7026: JSX element implicitly has type 'any' because no interface 'JSX.IntrinsicElements' exists.
src/pages/DiagnosticsTab.tsx(1,37): error TS2307: Cannot find module 'react' or its corresponding type declarations.
src/pages/DiagnosticsTab.tsx(18,5): error TS7026: JSX element implicitly has type 'any' because no interface 'JSX.IntrinsicElements' exists.
src/pages/DiagnosticsTab.tsx(18,5): error TS2875: This JSX tag requires the module path 'react/jsx-runtime' to exist, but none could be found. Make sure you have types for the appropriate package installed.
src/pages/DiagnosticsTab.tsx(19,7): error TS7026: JSX element implicitly has type 'any' because no interface 'JSX.IntrinsicElements' exists.
src/pages/DiagnosticsTab.tsx(19,54): error TS7026: JSX element implicitly has type 'any' because no interface 'JSX.IntrinsicElements' exists.
src/pages/DiagnosticsTab.tsx(20,7): error TS7026: JSX element implicitly has type 'any' because no interface 'JSX.IntrinsicElements' exists.
src/pages/DiagnosticsTab.tsx(20,64): error TS7026: JSX element implicitly has type 'any' because no interface 'JSX.IntrinsicElements' exists.
src/pages/DiagnosticsTab.tsx(21,5): error TS7026: JSX element implicitly has type 'any' because no interface 'JSX.IntrinsicElements' exists.
src/pages/DiagnosticsTab.tsx(33,21): error TS7026: JSX element implicitly has type 'any' because no interface 'JSX.IntrinsicElements' exists.
src/pages/DiagnosticsTab.tsx(33,85): error TS7026: JSX element implicitly has type 'any' because no interface 'JSX.IntrinsicElements' exists.
src/pages/DiagnosticsTab.tsx(34,21): error TS7026: JSX element implicitly has type 'any' because no interface 'JSX.IntrinsicElements' exists.
src/pages/DiagnosticsTab.tsx(34,67): error TS7026: JSX element implicitly has type 'any' because no interface 'JSX.IntrinsicElements' exists.
src/pages/DiagnosticsTab.tsx(34,127): error TS7026: JSX element implicitly has type 'any' because no interface 'JSX.IntrinsicElements' exists.
src/pages/DiagnosticsTab.tsx(39,5): error TS7026: JSX element implicitly has type 'any' because no interface 'JSX.IntrinsicElements' exists.
src/pages/DiagnosticsTab.tsx(40,7): error TS7026: JSX element implicitly has type 'any' because no interface 'JSX.IntrinsicElements' exists.
src/pages/DiagnosticsTab.tsx(41,9): error TS7026: JSX element implicitly has type 'any' because no interface 'JSX.IntrinsicElements' exists.
src/pages/DiagnosticsTab.tsx(41,70): error TS7026: JSX element implicitly has type 'any' because no interface 'JSX.IntrinsicElements' exists.
src/pages/DiagnosticsTab.tsx(42,9): error TS7026: JSX element implicitly has type 'any' because no interface 'JSX.IntrinsicElements' exists.
src/pages/DiagnosticsTab.tsx(48,9): error TS7026: JSX element implicitly has type 'any' because no interface 'JSX.IntrinsicElements' exists.
src/pages/DiagnosticsTab.tsx(49,7): error TS7026: JSX element implicitly has type 'any' because no interface 'JSX.IntrinsicElements' exists.
src/pages/DiagnosticsTab.tsx(51,7): error TS7026: JSX element implicitly has type 'any' because no interface 'JSX.IntrinsicElements' exists.
src/pages/DiagnosticsTab.tsx(52,9): error TS7026: JSX element implicitly has type 'any' because no interface 'JSX.IntrinsicElements' exists.
src/pages/DiagnosticsTab.tsx(52,69): error TS7026: JSX element implicitly has type 'any' because no interface 'JSX.IntrinsicElements' exists.
src/pages/DiagnosticsTab.tsx(53,9): error TS7026: JSX element implicitly has type 'any' because no interface 'JSX.IntrinsicElements' exists.
src/pages/DiagnosticsTab.tsx(58,45): error TS7006: Parameter 'md' implicitly has an 'any' type.
src/pages/DiagnosticsTab.tsx(59,19): error TS2322: Type '{ key: any; label: any; value: string; color: string; }' is not assignable to type '{ label: string; value: string | number; color?: string | undefined; }'.
  Property 'key' does not exist on type '{ label: string; value: string | number; color?: string | undefined; }'.
src/pages/DiagnosticsTab.tsx(63,9): error TS7026: JSX element implicitly has type 'any' because no interface 'JSX.IntrinsicElements' exists.
src/pages/DiagnosticsTab.tsx(64,7): error TS7026: JSX element implicitly has type 'any' because no interface 'JSX.IntrinsicElements' exists.
src/pages/DiagnosticsTab.tsx(66,7): error TS7026: JSX element implicitly has type 'any' because no interface 'JSX.IntrinsicElements' exists.
src/pages/DiagnosticsTab.tsx(67,9): error TS7026: JSX element implicitly has type 'any' because no interface 'JSX.IntrinsicElements' exists.
src/pages/DiagnosticsTab.tsx(67,71): error TS7026: JSX element implicitly has type 'any' because no interface 'JSX.IntrinsicElements' exists.
src/pages/DiagnosticsTab.tsx(68,9): error TS7026: JSX element implicitly has type 'any' because no interface 'JSX.IntrinsicElements' exists.
src/pages/DiagnosticsTab.tsx(69,36): error TS7006: Parameter 'v' implicitly has an 'any' type.
src/pages/DiagnosticsTab.tsx(69,39): error TS7006: Parameter 'i' implicitly has an 'any' type.
src/pages/DiagnosticsTab.tsx(69,51): error TS2322: Type '{ key: any; label: any; value: string; color: string; }' is not assignable to type '{ label: string; value: string | number; color?: string | undefined; }'.
  Property 'key' does not exist on type '{ label: string; value: string | number; color?: string | undefined; }'.
src/pages/DiagnosticsTab.tsx(70,9): error TS7026: JSX element implicitly has type 'any' because no interface 'JSX.IntrinsicElements' exists.
src/pages/DiagnosticsTab.tsx(71,7): error TS7026: JSX element implicitly has type 'any' because no interface 'JSX.IntrinsicElements' exists.
src/pages/DiagnosticsTab.tsx(73,7): error TS7026: JSX element implicitly has type 'any' because no interface 'JSX.IntrinsicElements' exists.
src/pages/DiagnosticsTab.tsx(74,9): error TS7026: JSX element implicitly has type 'any' because no interface 'JSX.IntrinsicElements' exists.
src/pages/DiagnosticsTab.tsx(74,82): error TS7026: JSX element implicitly has type 'any' because no interface 'JSX.IntrinsicElements' exists.
src/pages/DiagnosticsTab.tsx(75,9): error TS7026: JSX element implicitly has type 'any' because no interface 'JSX.IntrinsicElements' exists.
src/pages/DiagnosticsTab.tsx(76,36): error TS7006: Parameter 'f' implicitly has an 'any' type.
src/pages/DiagnosticsTab.tsx(76,48): error TS2322: Type '{ key: any; label: string; value: any; }' is not assignable to type '{ label: string; value: string | number; color?: string | undefined; }'.
  Property 'key' does not exist on type '{ label: string; value: string | number; color?: string | undefined; }'.
src/pages/DiagnosticsTab.tsx(77,9): error TS7026: JSX element implicitly has type 'any' because no interface 'JSX.IntrinsicElements' exists.
src/pages/DiagnosticsTab.tsx(78,7): error TS7026: JSX element implicitly has type 'any' because no interface 'JSX.IntrinsicElements' exists.
src/pages/DiagnosticsTab.tsx(80,7): error TS7026: JSX element implicitly has type 'any' because no interface 'JSX.IntrinsicElements' exists.
src/pages/DiagnosticsTab.tsx(81,9): error TS7026: JSX element implicitly has type 'any' because no interface 'JSX.IntrinsicElements' exists.
src/pages/DiagnosticsTab.tsx(81,76): error TS7026: JSX element implicitly has type 'any' because no interface 'JSX.IntrinsicElements' exists.
src/pages/DiagnosticsTab.tsx(82,9): error TS7026: JSX element implicitly has type 'any' because no interface 'JSX.IntrinsicElements' exists.
src/pages/DiagnosticsTab.tsx(83,41): error TS7006: Parameter 'n' implicitly has an 'any' type.
src/pages/DiagnosticsTab.tsx(83,44): error TS7006: Parameter 'i' implicitly has an 'any' type.
src/pages/DiagnosticsTab.tsx(83,56): error TS2322: Type '{ key: any; label: any; value: string; }' is not assignable to type '{ label: string; value: string | number; color?: string | undefined; }'.
  Property 'key' does not exist on type '{ label: string; value: string | number; color?: string | undefined; }'.
src/pages/DiagnosticsTab.tsx(84,9): error TS7026: JSX element implicitly has type 'any' because no interface 'JSX.IntrinsicElements' exists.
src/pages/DiagnosticsTab.tsx(85,7): error TS7026: JSX element implicitly has type 'any' because no interface 'JSX.IntrinsicElements' exists.
src/pages/DiagnosticsTab.tsx(86,5): error TS7026: JSX element implicitly has type 'any' because no interface 'JSX.IntrinsicElements' exists.
src/pages/DriverMappingReviewPage.tsx(11,5): error TS7026: JSX element implicitly has type 'any' because no interface 'JSX.IntrinsicElements' exists.
src/pages/DriverMappingReviewPage.tsx(11,5): error TS2875: This JSX tag requires the module path 'react/jsx-runtime' to exist, but none could be found. Make sure you have types for the appropriate package installed.
src/pages/DriverMappingReviewPage.tsx(12,7): error TS7026: JSX element implicitly has type 'any' because no interface 'JSX.IntrinsicElements' exists.
src/pages/DriverMappingReviewPage.tsx(12,32): error TS7026: JSX element implicitly has type 'any' because no interface 'JSX.IntrinsicElements' exists.
src/pages/DriverMappingReviewPage.tsx(13,7): error TS7026: JSX element implicitly has type 'any' because no interface 'JSX.IntrinsicElements' exists.
src/pages/DriverMappingReviewPage.tsx(15,7): error TS7026: JSX element implicitly has type 'any' because no interface 'JSX.IntrinsicElements' exists.
src/pages/DriverMappingReviewPage.tsx(17,5): error TS7026: JSX element implicitly has type 'any' because no interface 'JSX.IntrinsicElements' exists.
src/pages/DriverMappingReviewTab.tsx(1,37): error TS2307: Cannot find module 'react' or its corresponding type declarations.
src/pages/DriverMappingReviewTab.tsx(34,21): error TS7026: JSX element implicitly has type 'any' because no interface 'JSX.IntrinsicElements' exists.
src/pages/DriverMappingReviewTab.tsx(34,21): error TS2875: This JSX tag requires the module path 'react/jsx-runtime' to exist, but none could be found. Make sure you have types for the appropriate package installed.
src/pages/DriverMappingReviewTab.tsx(34,67): error TS7026: JSX element implicitly has type 'any' because no interface 'JSX.IntrinsicElements' exists.
src/pages/DriverMappingReviewTab.tsx(35,21): error TS7026: JSX element implicitly has type 'any' because no interface 'JSX.IntrinsicElements' exists.
src/pages/DriverMappingReviewTab.tsx(35,36): error TS7026: JSX element implicitly has type 'any' because no interface 'JSX.IntrinsicElements' exists.
src/pages/DriverMappingReviewTab.tsx(38,5): error TS7026: JSX element implicitly has type 'any' because no interface 'JSX.IntrinsicElements' exists.
src/pages/DriverMappingReviewTab.tsx(39,7): error TS7026: JSX element implicitly has type 'any' because no interface 'JSX.IntrinsicElements' exists.
src/pages/DriverMappingReviewTab.tsx(40,9): error TS7026: JSX element implicitly has type 'any' because no interface 'JSX.IntrinsicElements' exists.
src/pages/DriverMappingReviewTab.tsx(42,9): error TS7026: JSX element implicitly has type 'any' because no interface 'JSX.IntrinsicElements' exists.
src/pages/DriverMappingReviewTab.tsx(43,22): error TS7026: JSX element implicitly has type 'any' because no interface 'JSX.IntrinsicElements' exists.
src/pages/DriverMappingReviewTab.tsx(43,121): error TS7026: JSX element implicitly has type 'any' because no interface 'JSX.IntrinsicElements' exists.
src/pages/DriverMappingReviewTab.tsx(44,7): error TS7026: JSX element implicitly has type 'any' because no interface 'JSX.IntrinsicElements' exists.
src/pages/DriverMappingReviewTab.tsx(47,9): error TS7026: JSX element implicitly has type 'any' because no interface 'JSX.IntrinsicElements' exists.
src/pages/DriverMappingReviewTab.tsx(47,95): error TS7026: JSX element implicitly has type 'any' because no interface 'JSX.IntrinsicElements' exists.
src/pages/DriverMappingReviewTab.tsx(49,27): error TS7006: Parameter 'e' implicitly has an 'any' type.
src/pages/DriverMappingReviewTab.tsx(52,13): error TS7026: JSX element implicitly has type 'any' because no interface 'JSX.IntrinsicElements' exists.
src/pages/DriverMappingReviewTab.tsx(53,15): error TS7026: JSX element implicitly has type 'any' because no interface 'JSX.IntrinsicElements' exists.
src/pages/DriverMappingReviewTab.tsx(54,17): error TS7026: JSX element implicitly has type 'any' because no interface 'JSX.IntrinsicElements' exists.
src/pages/DriverMappingReviewTab.tsx(54,113): error TS7026: JSX element implicitly has type 'any' because no interface 'JSX.IntrinsicElements' exists.
src/pages/DriverMappingReviewTab.tsx(55,39): error TS7026: JSX element implicitly has type 'any' because no interface 'JSX.IntrinsicElements' exists.
src/pages/DriverMappingReviewTab.tsx(55,116): error TS7026: JSX element implicitly has type 'any' because no interface 'JSX.IntrinsicElements' exists.
src/pages/DriverMappingReviewTab.tsx(56,15): error TS7026: JSX element implicitly has type 'any' because no interface 'JSX.IntrinsicElements' exists.
src/pages/DriverMappingReviewTab.tsx(57,15): error TS7026: JSX element implicitly has type 'any' because no interface 'JSX.IntrinsicElements' exists.
src/pages/DriverMappingReviewTab.tsx(57,106): error TS7026: JSX element implicitly has type 'any' because no interface 'JSX.IntrinsicElements' exists.
src/pages/DriverMappingReviewTab.tsx(59,17): error TS7026: JSX element implicitly has type 'any' because no interface 'JSX.IntrinsicElements' exists.
src/pages/DriverMappingReviewTab.tsx(59,71): error TS7006: Parameter 'ev' implicitly has an 'any' type.
src/pages/DriverMappingReviewTab.tsx(60,19): error TS7026: JSX element implicitly has type 'any' because no interface 'JSX.IntrinsicElements' exists.
src/pages/DriverMappingReviewTab.tsx(60,44): error TS7026: JSX element implicitly has type 'any' because no interface 'JSX.IntrinsicElements' exists.
src/pages/DriverMappingReviewTab.tsx(61,49): error TS7006: Parameter 'd' implicitly has an 'any' type.
src/pages/DriverMappingReviewTab.tsx(61,55): error TS7026: JSX element implicitly has type 'any' because no interface 'JSX.IntrinsicElements' exists.
src/pages/DriverMappingReviewTab.tsx(61,84): error TS7026: JSX element implicitly has type 'any' because no interface 'JSX.IntrinsicElements' exists.
src/pages/DriverMappingReviewTab.tsx(62,17): error TS7026: JSX element implicitly has type 'any' because no interface 'JSX.IntrinsicElements' exists.
src/pages/DriverMappingReviewTab.tsx(64,15): error TS7026: JSX element implicitly has type 'any' because no interface 'JSX.IntrinsicElements' exists.
src/pages/DriverMappingReviewTab.tsx(64,67): error TS7026: JSX element implicitly has type 'any' because no interface 'JSX.IntrinsicElements' exists.
src/pages/DriverMappingReviewTab.tsx(65,13): error TS7026: JSX element implicitly has type 'any' because no interface 'JSX.IntrinsicElements' exists.
src/pages/DriverMappingReviewTab.tsx(69,5): error TS7026: JSX element implicitly has type 'any' because no interface 'JSX.IntrinsicElements' exists.
src/pages/DriverPerformanceTab.tsx(16,21): error TS7026: JSX element implicitly has type 'any' because no interface 'JSX.IntrinsicElements' exists.
src/pages/DriverPerformanceTab.tsx(16,21): error TS2875: This JSX tag requires the module path 'react/jsx-runtime' to exist, but none could be found. Make sure you have types for the appropriate package installed.
src/pages/DriverPerformanceTab.tsx(16,67): error TS7026: JSX element implicitly has type 'any' because no interface 'JSX.IntrinsicElements' exists.
src/pages/DriverPerformanceTab.tsx(17,21): error TS7026: JSX element implicitly has type 'any' because no interface 'JSX.IntrinsicElements' exists.
src/pages/DriverPerformanceTab.tsx(17,36): error TS7026: JSX element implicitly has type 'any' because no interface 'JSX.IntrinsicElements' exists.
src/pages/DriverPerformanceTab.tsx(20,5): error TS7026: JSX element implicitly has type 'any' because no interface 'JSX.IntrinsicElements' exists.
src/pages/DriverPerformanceTab.tsx(22,9): error TS7026: JSX element implicitly has type 'any' because no interface 'JSX.IntrinsicElements' exists.
src/pages/DriverPerformanceTab.tsx(24,9): error TS7026: JSX element implicitly has type 'any' because no interface 'JSX.IntrinsicElements' exists.
src/pages/DriverPerformanceTab.tsx(27,7): error TS7026: JSX element implicitly has type 'any' because no interface 'JSX.IntrinsicElements' exists.
src/pages/DriverPerformanceTab.tsx(28,46): error TS2322: Type '{ key: string; label: string; value: string | number; }' is not assignable to type '{ label: string; value: string | number; }'.
  Property 'key' does not exist on type '{ label: string; value: string | number; }'.
src/pages/DriverPerformanceTab.tsx(29,7): error TS7026: JSX element implicitly has type 'any' because no interface 'JSX.IntrinsicElements' exists.
src/pages/DriverPerformanceTab.tsx(31,7): error TS7026: JSX element implicitly has type 'any' because no interface 'JSX.IntrinsicElements' exists.
src/pages/DriverPerformanceTab.tsx(34,7): error TS7026: JSX element implicitly has type 'any' because no interface 'JSX.IntrinsicElements' exists.
src/pages/DriverPerformanceTab.tsx(37,5): error TS7026: JSX element implicitly has type 'any' because no interface 'JSX.IntrinsicElements' exists.
src/pages/DriverRoutePlan.tsx(11,10): error TS2875: This JSX tag requires the module path 'react/jsx-runtime' to exist, but none could be found. Make sure you have types for the appropriate package installed.
src/pages/Experience.tsx(1,46): error TS2307: Cannot find module 'react' or its corresponding type declarations.
src/pages/Experience.tsx(89,45): error TS7006: Parameter 's' implicitly has an 'any' type.
src/pages/Experience.tsx(89,96): error TS7006: Parameter 's' implicitly has an 'any' type.
src/pages/Experience.tsx(91,10): error TS7026: JSX element implicitly has type 'any' because no interface 'JSX.IntrinsicElements' exists.
src/pages/Experience.tsx(91,10): error TS2875: This JSX tag requires the module path 'react/jsx-runtime' to exist, but none could be found. Make sure you have types for the appropriate package installed.
src/pages/Experience.tsx(92,5): error TS7026: JSX element implicitly has type 'any' because no interface 'JSX.IntrinsicElements' exists.
src/pages/Experience.tsx(92,19): error TS7026: JSX element implicitly has type 'any' because no interface 'JSX.IntrinsicElements' exists.
src/pages/Experience.tsx(92,24): error TS7026: JSX element implicitly has type 'any' because no interface 'JSX.IntrinsicElements' exists.
src/pages/Experience.tsx(92,296): error TS7026: JSX element implicitly has type 'any' because no interface 'JSX.IntrinsicElements' exists.
src/pages/Experience.tsx(93,5): error TS7026: JSX element implicitly has type 'any' because no interface 'JSX.IntrinsicElements' exists.
src/pages/Experience.tsx(93,59): error TS7026: JSX element implicitly has type 'any' because no interface 'JSX.IntrinsicElements' exists.
src/pages/Experience.tsx(93,132): error TS7026: JSX element implicitly has type 'any' because no interface 'JSX.IntrinsicElements' exists.
src/pages/Experience.tsx(93,167): error TS7026: JSX element implicitly has type 'any' because no interface 'JSX.IntrinsicElements' exists.
src/pages/Experience.tsx(93,190): error TS7026: JSX element implicitly has type 'any' because no interface 'JSX.IntrinsicElements' exists.
src/pages/Experience.tsx(93,199): error TS7026: JSX element implicitly has type 'any' because no interface 'JSX.IntrinsicElements' exists.
src/pages/Experience.tsx(93,485): error TS7026: JSX element implicitly has type 'any' because no interface 'JSX.IntrinsicElements' exists.
src/pages/Experience.tsx(93,491): error TS7026: JSX element implicitly has type 'any' because no interface 'JSX.IntrinsicElements' exists.
src/pages/Experience.tsx(93,497): error TS7026: JSX element implicitly has type 'any' because no interface 'JSX.IntrinsicElements' exists.
src/pages/Experience.tsx(93,640): error TS7026: JSX element implicitly has type 'any' because no interface 'JSX.IntrinsicElements' exists.
src/pages/Experience.tsx(93,659): error TS7026: JSX element implicitly has type 'any' because no interface 'JSX.IntrinsicElements' exists.
src/pages/Experience.tsx(93,798): error TS7026: JSX element implicitly has type 'any' because no interface 'JSX.IntrinsicElements' exists.
src/pages/Experience.tsx(93,808): error TS7026: JSX element implicitly has type 'any' because no interface 'JSX.IntrinsicElements' exists.
src/pages/Experience.tsx(93,824): error TS7026: JSX element implicitly has type 'any' because no interface 'JSX.IntrinsicElements' exists.
src/pages/Experience.tsx(93,910): error TS7026: JSX element implicitly has type 'any' because no interface 'JSX.IntrinsicElements' exists.
src/pages/Experience.tsx(93,968): error TS7006: Parameter 'e' implicitly has an 'any' type.
src/pages/Experience.tsx(93,1020): error TS7026: JSX element implicitly has type 'any' because no interface 'JSX.IntrinsicElements' exists.
src/pages/Experience.tsx(93,1068): error TS7026: JSX element implicitly has type 'any' because no interface 'JSX.IntrinsicElements' exists.
src/pages/Experience.tsx(93,1077): error TS7026: JSX element implicitly has type 'any' because no interface 'JSX.IntrinsicElements' exists.
src/pages/Experience.tsx(93,1133): error TS7026: JSX element implicitly has type 'any' because no interface 'JSX.IntrinsicElements' exists.
src/pages/Experience.tsx(93,1142): error TS7026: JSX element implicitly has type 'any' because no interface 'JSX.IntrinsicElements' exists.
src/pages/Experience.tsx(93,1151): error TS7026: JSX element implicitly has type 'any' because no interface 'JSX.IntrinsicElements' exists.
src/pages/Experience.tsx(93,1237): error TS7006: Parameter 'e' implicitly has an 'any' type.
src/pages/Experience.tsx(93,1330): error TS7026: JSX element implicitly has type 'any' because no interface 'JSX.IntrinsicElements' exists.
src/pages/Experience.tsx(93,1391): error TS7026: JSX element implicitly has type 'any' because no interface 'JSX.IntrinsicElements' exists.
src/pages/Experience.tsx(93,1399): error TS7026: JSX element implicitly has type 'any' because no interface 'JSX.IntrinsicElements' exists.
src/pages/Experience.tsx(93,1406): error TS7026: JSX element implicitly has type 'any' because no interface 'JSX.IntrinsicElements' exists.
src/pages/Experience.tsx(94,73): error TS7026: JSX element implicitly has type 'any' because no interface 'JSX.IntrinsicElements' exists.
src/pages/Experience.tsx(94,127): error TS7026: JSX element implicitly has type 'any' because no interface 'JSX.IntrinsicElements' exists.
src/pages/Experience.tsx(94,164): error TS7026: JSX element implicitly has type 'any' because no interface 'JSX.IntrinsicElements' exists.
src/pages/Experience.tsx(94,173): error TS7026: JSX element implicitly has type 'any' because no interface 'JSX.IntrinsicElements' exists.
src/pages/Experience.tsx(94,270): error TS7026: JSX element implicitly has type 'any' because no interface 'JSX.IntrinsicElements' exists.
src/pages/Experience.tsx(94,365): error TS7026: JSX element implicitly has type 'any' because no interface 'JSX.IntrinsicElements' exists.
src/pages/Experience.tsx(94,371): error TS7026: JSX element implicitly has type 'any' because no interface 'JSX.IntrinsicElements' exists.
src/pages/Experience.tsx(94,518): error TS7026: JSX element implicitly has type 'any' because no interface 'JSX.IntrinsicElements' exists.
src/pages/Experience.tsx(94,524): error TS7026: JSX element implicitly has type 'any' because no interface 'JSX.IntrinsicElements' exists.
src/pages/Experience.tsx(95,5): error TS7026: JSX element implicitly has type 'any' because no interface 'JSX.IntrinsicElements' exists.
src/pages/Experience.tsx(96,7): error TS7026: JSX element implicitly has type 'any' because no interface 'JSX.IntrinsicElements' exists.
src/pages/Experience.tsx(96,44): error TS7006: Parameter 'e' implicitly has an 'any' type.
src/pages/Experience.tsx(96,78): error TS7026: JSX element implicitly has type 'any' because no interface 'JSX.IntrinsicElements' exists.
src/pages/Experience.tsx(96,122): error TS7026: JSX element implicitly has type 'any' because no interface 'JSX.IntrinsicElements' exists.
src/pages/Experience.tsx(96,131): error TS7026: JSX element implicitly has type 'any' because no interface 'JSX.IntrinsicElements' exists.
src/pages/Experience.tsx(96,166): error TS7026: JSX element implicitly has type 'any' because no interface 'JSX.IntrinsicElements' exists.
src/pages/Experience.tsx(96,175): error TS7026: JSX element implicitly has type 'any' because no interface 'JSX.IntrinsicElements' exists.
src/pages/Experience.tsx(96,210): error TS7026: JSX element implicitly has type 'any' because no interface 'JSX.IntrinsicElements' exists.
src/pages/Experience.tsx(96,219): error TS7026: JSX element implicitly has type 'any' because no interface 'JSX.IntrinsicElements' exists.
src/pages/Experience.tsx(97,7): error TS7026: JSX element implicitly has type 'any' because no interface 'JSX.IntrinsicElements' exists.
src/pages/Experience.tsx(97,62): error TS7026: JSX element implicitly has type 'any' because no interface 'JSX.IntrinsicElements' exists.
src/pages/Experience.tsx(97,190): error TS7006: Parameter 'e' implicitly has an 'any' type.
src/pages/Experience.tsx(97,409): error TS7026: JSX element implicitly has type 'any' because no interface 'JSX.IntrinsicElements' exists.
src/pages/Experience.tsx(97,563): error TS7006: Parameter 's' implicitly has an 'any' type.
src/pages/Experience.tsx(97,565): error TS7006: Parameter 'i' implicitly has an 'any' type.
src/pages/Experience.tsx(97,569): error TS7026: JSX element implicitly has type 'any' because no interface 'JSX.IntrinsicElements' exists.
src/pages/Experience.tsx(97,739): error TS7026: JSX element implicitly has type 'any' because no interface 'JSX.IntrinsicElements' exists.
src/pages/Experience.tsx(97,747): error TS7026: JSX element implicitly has type 'any' because no interface 'JSX.IntrinsicElements' exists.
src/pages/Experience.tsx(97,754): error TS7026: JSX element implicitly has type 'any' because no interface 'JSX.IntrinsicElements' exists.
src/pages/Experience.tsx(98,7): error TS7026: JSX element implicitly has type 'any' because no interface 'JSX.IntrinsicElements' exists.
src/pages/Experience.tsx(99,55): error TS7026: JSX element implicitly has type 'any' because no interface 'JSX.IntrinsicElements' exists.
src/pages/Experience.tsx(99,276): error TS7026: JSX element implicitly has type 'any' because no interface 'JSX.IntrinsicElements' exists.
src/pages/Experience.tsx(100,7): error TS7026: JSX element implicitly has type 'any' because no interface 'JSX.IntrinsicElements' exists.
src/pages/Experience.tsx(101,5): error TS7026: JSX element implicitly has type 'any' because no interface 'JSX.IntrinsicElements' exists.
src/pages/Experience.tsx(102,13): error TS7026: JSX element implicitly has type 'any' because no interface 'JSX.IntrinsicElements' exists.
src/pages/Experience.tsx(102,85): error TS7026: JSX element implicitly has type 'any' because no interface 'JSX.IntrinsicElements' exists.
src/pages/Experience.tsx(103,5): error TS7026: JSX element implicitly has type 'any' because no interface 'JSX.IntrinsicElements' exists.
src/pages/Experience.tsx(103,46): error TS7026: JSX element implicitly has type 'any' because no interface 'JSX.IntrinsicElements' exists.
src/pages/Experience.tsx(103,134): error TS7026: JSX element implicitly has type 'any' because no interface 'JSX.IntrinsicElements' exists.
src/pages/Experience.tsx(103,173): error TS7026: JSX element implicitly has type 'any' because no interface 'JSX.IntrinsicElements' exists.
src/pages/Experience.tsx(103,199): error TS7026: JSX element implicitly has type 'any' because no interface 'JSX.IntrinsicElements' exists.
src/pages/Experience.tsx(103,256): error TS7026: JSX element implicitly has type 'any' because no interface 'JSX.IntrinsicElements' exists.
src/pages/Experience.tsx(103,264): error TS7026: JSX element implicitly has type 'any' because no interface 'JSX.IntrinsicElements' exists.
src/pages/Experience.tsx(103,270): error TS7026: JSX element implicitly has type 'any' because no interface 'JSX.IntrinsicElements' exists.
src/pages/Experience.tsx(103,323): error TS7026: JSX element implicitly has type 'any' because no interface 'JSX.IntrinsicElements' exists.
src/pages/Experience.tsx(103,330): error TS7026: JSX element implicitly has type 'any' because no interface 'JSX.IntrinsicElements' exists.
src/pages/Experience.tsx(103,334): error TS7026: JSX element implicitly has type 'any' because no interface 'JSX.IntrinsicElements' exists.
src/pages/Experience.tsx(103,342): error TS7026: JSX element implicitly has type 'any' because no interface 'JSX.IntrinsicElements' exists.
src/pages/Experience.tsx(103,347): error TS7026: JSX element implicitly has type 'any' because no interface 'JSX.IntrinsicElements' exists.
src/pages/Experience.tsx(103,355): error TS7026: JSX element implicitly has type 'any' because no interface 'JSX.IntrinsicElements' exists.
src/pages/Experience.tsx(103,360): error TS7026: JSX element implicitly has type 'any' because no interface 'JSX.IntrinsicElements' exists.
src/pages/Experience.tsx(103,374): error TS7026: JSX element implicitly has type 'any' because no interface 'JSX.IntrinsicElements' exists.
src/pages/Experience.tsx(103,379): error TS7026: JSX element implicitly has type 'any' because no interface 'JSX.IntrinsicElements' exists.
src/pages/Experience.tsx(103,407): error TS7026: JSX element implicitly has type 'any' because no interface 'JSX.IntrinsicElements' exists.
src/pages/Experience.tsx(103,412): error TS7026: JSX element implicitly has type 'any' because no interface 'JSX.IntrinsicElements' exists.
src/pages/Experience.tsx(103,429): error TS7026: JSX element implicitly has type 'any' because no interface 'JSX.IntrinsicElements' exists.
src/pages/Experience.tsx(103,434): error TS7026: JSX element implicitly has type 'any' because no interface 'JSX.IntrinsicElements' exists.
src/pages/Experience.tsx(103,443): error TS7026: JSX element implicitly has type 'any' because no interface 'JSX.IntrinsicElements' exists.
src/pages/Experience.tsx(103,448): error TS7026: JSX element implicitly has type 'any' because no interface 'JSX.IntrinsicElements' exists.
src/pages/Experience.tsx(103,456): error TS7026: JSX element implicitly has type 'any' because no interface 'JSX.IntrinsicElements' exists.
src/pages/Experience.tsx(103,461): error TS7026: JSX element implicitly has type 'any' because no interface 'JSX.IntrinsicElements' exists.
src/pages/Experience.tsx(103,481): error TS7026: JSX element implicitly has type 'any' because no interface 'JSX.IntrinsicElements' exists.
src/pages/Experience.tsx(103,486): error TS7026: JSX element implicitly has type 'any' because no interface 'JSX.IntrinsicElements' exists.
src/pages/Experience.tsx(103,501): error TS7026: JSX element implicitly has type 'any' because no interface 'JSX.IntrinsicElements' exists.
src/pages/Experience.tsx(103,506): error TS7026: JSX element implicitly has type 'any' because no interface 'JSX.IntrinsicElements' exists.
src/pages/Experience.tsx(103,511): error TS7026: JSX element implicitly has type 'any' because no interface 'JSX.IntrinsicElements' exists.
src/pages/Experience.tsx(103,519): error TS7026: JSX element implicitly has type 'any' because no interface 'JSX.IntrinsicElements' exists.
src/pages/Experience.tsx(103,565): error TS7026: JSX element implicitly has type 'any' because no interface 'JSX.IntrinsicElements' exists.
src/pages/Experience.tsx(103,569): error TS7026: JSX element implicitly has type 'any' because no interface 'JSX.IntrinsicElements' exists.
src/pages/Experience.tsx(103,672): error TS7026: JSX element implicitly has type 'any' because no interface 'JSX.IntrinsicElements' exists.
src/pages/Experience.tsx(103,677): error TS7026: JSX element implicitly has type 'any' because no interface 'JSX.IntrinsicElements' exists.
src/pages/Experience.tsx(103,697): error TS7006: Parameter 's' implicitly has an 'any' type.
src/pages/Experience.tsx(103,700): error TS7026: JSX element implicitly has type 'any' because no interface 'JSX.IntrinsicElements' exists.
src/pages/Experience.tsx(103,944): error TS7026: JSX element implicitly has type 'any' because no interface 'JSX.IntrinsicElements' exists.
src/pages/Experience.tsx(103,948): error TS7026: JSX element implicitly has type 'any' because no interface 'JSX.IntrinsicElements' exists.
src/pages/Experience.tsx(103,971): error TS7026: JSX element implicitly has type 'any' because no interface 'JSX.IntrinsicElements' exists.
src/pages/Experience.tsx(103,981): error TS7026: JSX element implicitly has type 'any' because no interface 'JSX.IntrinsicElements' exists.
src/pages/Experience.tsx(103,1047): error TS7026: JSX element implicitly has type 'any' because no interface 'JSX.IntrinsicElements' exists.
src/pages/Experience.tsx(103,1054): error TS7026: JSX element implicitly has type 'any' because no interface 'JSX.IntrinsicElements' exists.
src/pages/Experience.tsx(103,1059): error TS7026: JSX element implicitly has type 'any' because no interface 'JSX.IntrinsicElements' exists.
src/pages/Experience.tsx(103,1078): error TS7026: JSX element implicitly has type 'any' because no interface 'JSX.IntrinsicElements' exists.
src/pages/Experience.tsx(103,1083): error TS7026: JSX element implicitly has type 'any' because no interface 'JSX.IntrinsicElements' exists.
src/pages/Experience.tsx(103,1087): error TS7026: JSX element implicitly has type 'any' because no interface 'JSX.IntrinsicElements' exists.
src/pages/Experience.tsx(103,1256): error TS7026: JSX element implicitly has type 'any' because no interface 'JSX.IntrinsicElements' exists.
src/pages/Experience.tsx(103,1263): error TS7026: JSX element implicitly has type 'any' because no interface 'JSX.IntrinsicElements' exists.
src/pages/Experience.tsx(103,1268): error TS7026: JSX element implicitly has type 'any' because no interface 'JSX.IntrinsicElements' exists.
src/pages/Experience.tsx(103,1327): error TS7026: JSX element implicitly has type 'any' because no interface 'JSX.IntrinsicElements' exists.
src/pages/Experience.tsx(103,1332): error TS7026: JSX element implicitly has type 'any' because no interface 'JSX.IntrinsicElements' exists.
src/pages/Experience.tsx(103,1364): error TS7026: JSX element implicitly has type 'any' because no interface 'JSX.IntrinsicElements' exists.
src/pages/Experience.tsx(103,1369): error TS7026: JSX element implicitly has type 'any' because no interface 'JSX.IntrinsicElements' exists.
src/pages/Experience.tsx(103,1391): error TS7026: JSX element implicitly has type 'any' because no interface 'JSX.IntrinsicElements' exists.
src/pages/Experience.tsx(103,1396): error TS7026: JSX element implicitly has type 'any' because no interface 'JSX.IntrinsicElements' exists.
src/pages/Experience.tsx(103,1414): error TS7026: JSX element implicitly has type 'any' because no interface 'JSX.IntrinsicElements' exists.
src/pages/Experience.tsx(103,1419): error TS7026: JSX element implicitly has type 'any' because no interface 'JSX.IntrinsicElements' exists.
src/pages/Experience.tsx(103,1443): error TS7026: JSX element implicitly has type 'any' because no interface 'JSX.IntrinsicElements' exists.
src/pages/Experience.tsx(103,1448): error TS7026: JSX element implicitly has type 'any' because no interface 'JSX.IntrinsicElements' exists.
src/pages/Experience.tsx(103,1471): error TS7026: JSX element implicitly has type 'any' because no interface 'JSX.IntrinsicElements' exists.
src/pages/Experience.tsx(103,1476): error TS7026: JSX element implicitly has type 'any' because no interface 'JSX.IntrinsicElements' exists.
src/pages/Experience.tsx(103,1483): error TS7026: JSX element implicitly has type 'any' because no interface 'JSX.IntrinsicElements' exists.
src/pages/Experience.tsx(103,1491): error TS7026: JSX element implicitly has type 'any' because no interface 'JSX.IntrinsicElements' exists.
src/pages/Experience.tsx(103,1499): error TS7026: JSX element implicitly has type 'any' because no interface 'JSX.IntrinsicElements' exists.
src/pages/Experience.tsx(104,30): error TS2322: Type '{ key: string; title: string; loading: any; loadingMore: any; truncated: any; totalMatching: any; onLoadMore: () => undefined; columns: { key: string; label: string; }[]; rows: any; onClose: () => any; }' is not assignable to type '{ title: string; columns: DetailColumn[]; rows: Record<string, any>[]; loading?: boolean | undefined; loadingMore?: boolean | undefined; truncated?: boolean | undefined; totalMatching?: number | undefined; onLoadMore?: (() => void) | undefined; onSearch?: ((value: string) => void) | undefined; onClose: () => void; }'.
  Property 'key' does not exist on type '{ title: string; columns: DetailColumn[]; rows: Record<string, any>[]; loading?: boolean | undefined; loadingMore?: boolean | undefined; truncated?: boolean | undefined; totalMatching?: number | undefined; onLoadMore?: (() => void) | undefined; onSearch?: ((value: string) => void) | undefined; onClose: () => void; }'.
src/pages/Experience.tsx(105,3): error TS7026: JSX element implicitly has type 'any' because no interface 'JSX.IntrinsicElements' exists.
src/pages/Fleet.tsx(1,59): error TS2307: Cannot find module 'react' or its corresponding type declarations.
src/pages/Fleet.tsx(78,5): error TS7026: JSX element implicitly has type 'any' because no interface 'JSX.IntrinsicElements' exists.
src/pages/Fleet.tsx(78,5): error TS2875: This JSX tag requires the module path 'react/jsx-runtime' to exist, but none could be found. Make sure you have types for the appropriate package installed.
src/pages/Fleet.tsx(79,7): error TS7026: JSX element implicitly has type 'any' because no interface 'JSX.IntrinsicElements' exists.
src/pages/Fleet.tsx(79,54): error TS7026: JSX element implicitly has type 'any' because no interface 'JSX.IntrinsicElements' exists.
src/pages/Fleet.tsx(86,5): error TS7026: JSX element implicitly has type 'any' because no interface 'JSX.IntrinsicElements' exists.
src/pages/Fleet.tsx(92,5): error TS7026: JSX element implicitly has type 'any' because no interface 'JSX.IntrinsicElements' exists.
src/pages/Fleet.tsx(92,38): error TS7006: Parameter 'e' implicitly has an 'any' type.
src/pages/Fleet.tsx(93,7): error TS7026: JSX element implicitly has type 'any' because no interface 'JSX.IntrinsicElements' exists.
src/pages/Fleet.tsx(93,32): error TS7026: JSX element implicitly has type 'any' because no interface 'JSX.IntrinsicElements' exists.
src/pages/Fleet.tsx(94,7): error TS7026: JSX element implicitly has type 'any' because no interface 'JSX.IntrinsicElements' exists.
src/pages/Fleet.tsx(94,36): error TS7026: JSX element implicitly has type 'any' because no interface 'JSX.IntrinsicElements' exists.
src/pages/Fleet.tsx(95,7): error TS7026: JSX element implicitly has type 'any' because no interface 'JSX.IntrinsicElements' exists.
src/pages/Fleet.tsx(95,40): error TS7026: JSX element implicitly has type 'any' because no interface 'JSX.IntrinsicElements' exists.
src/pages/Fleet.tsx(96,5): error TS7026: JSX element implicitly has type 'any' because no interface 'JSX.IntrinsicElements' exists.
src/pages/Fleet.tsx(166,61): error TS7006: Parameter 'a' implicitly has an 'any' type.
src/pages/Fleet.tsx(167,67): error TS7006: Parameter 'g' implicitly has an 'any' type.
src/pages/Fleet.tsx(174,5): error TS7026: JSX element implicitly has type 'any' because no interface 'JSX.IntrinsicElements' exists.
src/pages/Fleet.tsx(175,7): error TS7026: JSX element implicitly has type 'any' because no interface 'JSX.IntrinsicElements' exists.
src/pages/Fleet.tsx(177,7): error TS7026: JSX element implicitly has type 'any' because no interface 'JSX.IntrinsicElements' exists.
src/pages/Fleet.tsx(179,9): error TS7026: JSX element implicitly has type 'any' because no interface 'JSX.IntrinsicElements' exists.
src/pages/Fleet.tsx(180,31): error TS7026: JSX element implicitly has type 'any' because no interface 'JSX.IntrinsicElements' exists.
src/pages/Fleet.tsx(180,76): error TS7006: Parameter 'e' implicitly has an 'any' type.
src/pages/Fleet.tsx(181,31): error TS7026: JSX element implicitly has type 'any' because no interface 'JSX.IntrinsicElements' exists.
src/pages/Fleet.tsx(181,76): error TS7006: Parameter 'e' implicitly has an 'any' type.
src/pages/Fleet.tsx(183,13): error TS7026: JSX element implicitly has type 'any' because no interface 'JSX.IntrinsicElements' exists.
src/pages/Fleet.tsx(185,17): error TS7026: JSX element implicitly has type 'any' because no interface 'JSX.IntrinsicElements' exists.
src/pages/Fleet.tsx(186,19): error TS7026: JSX element implicitly has type 'any' because no interface 'JSX.IntrinsicElements' exists.
src/pages/Fleet.tsx(189,32): error TS7006: Parameter 'e' implicitly has an 'any' type.
src/pages/Fleet.tsx(189,112): error TS7006: Parameter 'v' implicitly has an 'any' type.
src/pages/Fleet.tsx(192,17): error TS7026: JSX element implicitly has type 'any' because no interface 'JSX.IntrinsicElements' exists.
src/pages/Fleet.tsx(194,13): error TS7026: JSX element implicitly has type 'any' because no interface 'JSX.IntrinsicElements' exists.
src/pages/Fleet.tsx(208,13): error TS7026: JSX element implicitly has type 'any' because no interface 'JSX.IntrinsicElements' exists.
src/pages/Fleet.tsx(208,57): error TS7006: Parameter 'e' implicitly has an 'any' type.
src/pages/Fleet.tsx(209,15): error TS7026: JSX element implicitly has type 'any' because no interface 'JSX.IntrinsicElements' exists.
src/pages/Fleet.tsx(209,25): error TS7026: JSX element implicitly has type 'any' because no interface 'JSX.IntrinsicElements' exists.
src/pages/Fleet.tsx(209,34): error TS7026: JSX element implicitly has type 'any' because no interface 'JSX.IntrinsicElements' exists.
src/pages/Fleet.tsx(209,45): error TS7026: JSX element implicitly has type 'any' because no interface 'JSX.IntrinsicElements' exists.
src/pages/Fleet.tsx(210,13): error TS7026: JSX element implicitly has type 'any' because no interface 'JSX.IntrinsicElements' exists.
src/pages/Fleet.tsx(213,13): error TS7026: JSX element implicitly has type 'any' because no interface 'JSX.IntrinsicElements' exists.
src/pages/Fleet.tsx(213,62): error TS7006: Parameter 'e' implicitly has an 'any' type.
src/pages/Fleet.tsx(214,15): error TS7026: JSX element implicitly has type 'any' because no interface 'JSX.IntrinsicElements' exists.
src/pages/Fleet.tsx(214,40): error TS7026: JSX element implicitly has type 'any' because no interface 'JSX.IntrinsicElements' exists.
src/pages/Fleet.tsx(215,41): error TS7026: JSX element implicitly has type 'any' because no interface 'JSX.IntrinsicElements' exists.
src/pages/Fleet.tsx(215,96): error TS7026: JSX element implicitly has type 'any' because no interface 'JSX.IntrinsicElements' exists.
src/pages/Fleet.tsx(216,13): error TS7026: JSX element implicitly has type 'any' because no interface 'JSX.IntrinsicElements' exists.
src/pages/Fleet.tsx(218,11): error TS7026: JSX element implicitly has type 'any' because no interface 'JSX.IntrinsicElements' exists.
src/pages/Fleet.tsx(218,92): error TS7026: JSX element implicitly has type 'any' because no interface 'JSX.IntrinsicElements' exists.
src/pages/Fleet.tsx(219,25): error TS7026: JSX element implicitly has type 'any' because no interface 'JSX.IntrinsicElements' exists.
src/pages/Fleet.tsx(219,152): error TS7026: JSX element implicitly has type 'any' because no interface 'JSX.IntrinsicElements' exists.
src/pages/Fleet.tsx(220,9): error TS7026: JSX element implicitly has type 'any' because no interface 'JSX.IntrinsicElements' exists.
src/pages/Fleet.tsx(222,17): error TS7026: JSX element implicitly has type 'any' because no interface 'JSX.IntrinsicElements' exists.
src/pages/Fleet.tsx(222,92): error TS7026: JSX element implicitly has type 'any' because no interface 'JSX.IntrinsicElements' exists.
src/pages/Fleet.tsx(223,7): error TS7026: JSX element implicitly has type 'any' because no interface 'JSX.IntrinsicElements' exists.
src/pages/Fleet.tsx(224,9): error TS7026: JSX element implicitly has type 'any' because no interface 'JSX.IntrinsicElements' exists.
src/pages/Fleet.tsx(225,11): error TS7026: JSX element implicitly has type 'any' because no interface 'JSX.IntrinsicElements' exists.
src/pages/Fleet.tsx(225,18): error TS7026: JSX element implicitly has type 'any' because no interface 'JSX.IntrinsicElements' exists.
src/pages/Fleet.tsx(225,22): error TS7026: JSX element implicitly has type 'any' because no interface 'JSX.IntrinsicElements' exists.
src/pages/Fleet.tsx(225,30): error TS7026: JSX element implicitly has type 'any' because no interface 'JSX.IntrinsicElements' exists.
src/pages/Fleet.tsx(225,35): error TS7026: JSX element implicitly has type 'any' because no interface 'JSX.IntrinsicElements' exists.
src/pages/Fleet.tsx(225,43): error TS7026: JSX element implicitly has type 'any' because no interface 'JSX.IntrinsicElements' exists.
src/pages/Fleet.tsx(225,48): error TS7026: JSX element implicitly has type 'any' because no interface 'JSX.IntrinsicElements' exists.
src/pages/Fleet.tsx(225,62): error TS7026: JSX element implicitly has type 'any' because no interface 'JSX.IntrinsicElements' exists.
src/pages/Fleet.tsx(225,67): error TS7026: JSX element implicitly has type 'any' because no interface 'JSX.IntrinsicElements' exists.
src/pages/Fleet.tsx(225,85): error TS7026: JSX element implicitly has type 'any' because no interface 'JSX.IntrinsicElements' exists.
src/pages/Fleet.tsx(225,90): error TS7026: JSX element implicitly has type 'any' because no interface 'JSX.IntrinsicElements' exists.
src/pages/Fleet.tsx(225,102): error TS7026: JSX element implicitly has type 'any' because no interface 'JSX.IntrinsicElements' exists.
src/pages/Fleet.tsx(225,107): error TS7026: JSX element implicitly has type 'any' because no interface 'JSX.IntrinsicElements' exists.
src/pages/Fleet.tsx(225,113): error TS7026: JSX element implicitly has type 'any' because no interface 'JSX.IntrinsicElements' exists.
src/pages/Fleet.tsx(225,118): error TS7026: JSX element implicitly has type 'any' because no interface 'JSX.IntrinsicElements' exists.
src/pages/Fleet.tsx(225,134): error TS7026: JSX element implicitly has type 'any' because no interface 'JSX.IntrinsicElements' exists.
src/pages/Fleet.tsx(225,139): error TS7026: JSX element implicitly has type 'any' because no interface 'JSX.IntrinsicElements' exists.
src/pages/Fleet.tsx(225,149): error TS7026: JSX element implicitly has type 'any' because no interface 'JSX.IntrinsicElements' exists.
src/pages/Fleet.tsx(225,154): error TS7026: JSX element implicitly has type 'any' because no interface 'JSX.IntrinsicElements' exists.
src/pages/Fleet.tsx(225,159): error TS7026: JSX element implicitly has type 'any' because no interface 'JSX.IntrinsicElements' exists.
src/pages/Fleet.tsx(226,11): error TS7026: JSX element implicitly has type 'any' because no interface 'JSX.IntrinsicElements' exists.
src/pages/Fleet.tsx(227,24): error TS7006: Parameter 'd' implicitly has an 'any' type.
src/pages/Fleet.tsx(228,15): error TS7026: JSX element implicitly has type 'any' because no interface 'JSX.IntrinsicElements' exists.
src/pages/Fleet.tsx(229,17): error TS7026: JSX element implicitly has type 'any' because no interface 'JSX.IntrinsicElements' exists.
src/pages/Fleet.tsx(229,29): error TS7026: JSX element implicitly has type 'any' because no interface 'JSX.IntrinsicElements' exists.
src/pages/Fleet.tsx(229,34): error TS7026: JSX element implicitly has type 'any' because no interface 'JSX.IntrinsicElements' exists.
src/pages/Fleet.tsx(229,46): error TS7026: JSX element implicitly has type 'any' because no interface 'JSX.IntrinsicElements' exists.
src/pages/Fleet.tsx(229,51): error TS7026: JSX element implicitly has type 'any' because no interface 'JSX.IntrinsicElements' exists.
src/pages/Fleet.tsx(229,74): error TS7026: JSX element implicitly has type 'any' because no interface 'JSX.IntrinsicElements' exists.
src/pages/Fleet.tsx(230,17): error TS7026: JSX element implicitly has type 'any' because no interface 'JSX.IntrinsicElements' exists.
src/pages/Fleet.tsx(232,58): error TS7006: Parameter 'g' implicitly has an 'any' type.
src/pages/Fleet.tsx(232,114): error TS7006: Parameter 'a' implicitly has an 'any' type.
src/pages/Fleet.tsx(234,17): error TS7026: JSX element implicitly has type 'any' because no interface 'JSX.IntrinsicElements' exists.
src/pages/Fleet.tsx(235,17): error TS7026: JSX element implicitly has type 'any' because no interface 'JSX.IntrinsicElements' exists.
src/pages/Fleet.tsx(235,40): error TS7026: JSX element implicitly has type 'any' because no interface 'JSX.IntrinsicElements' exists.
src/pages/Fleet.tsx(235,45): error TS7026: JSX element implicitly has type 'any' because no interface 'JSX.IntrinsicElements' exists.
src/pages/Fleet.tsx(235,64): error TS7026: JSX element implicitly has type 'any' because no interface 'JSX.IntrinsicElements' exists.
src/pages/Fleet.tsx(236,17): error TS7026: JSX element implicitly has type 'any' because no interface 'JSX.IntrinsicElements' exists.
src/pages/Fleet.tsx(236,48): error TS7026: JSX element implicitly has type 'any' because no interface 'JSX.IntrinsicElements' exists.
src/pages/Fleet.tsx(236,53): error TS7026: JSX element implicitly has type 'any' because no interface 'JSX.IntrinsicElements' exists.
src/pages/Fleet.tsx(236,67): error TS7026: JSX element implicitly has type 'any' because no interface 'JSX.IntrinsicElements' exists.
src/pages/Fleet.tsx(237,30): error TS7026: JSX element implicitly has type 'any' because no interface 'JSX.IntrinsicElements' exists.
src/pages/Fleet.tsx(238,19): error TS7026: JSX element implicitly has type 'any' because no interface 'JSX.IntrinsicElements' exists.
src/pages/Fleet.tsx(238,76): error TS7026: JSX element implicitly has type 'any' because no interface 'JSX.IntrinsicElements' exists.
src/pages/Fleet.tsx(239,33): error TS7026: JSX element implicitly has type 'any' because no interface 'JSX.IntrinsicElements' exists.
src/pages/Fleet.tsx(242,28): error TS7026: JSX element implicitly has type 'any' because no interface 'JSX.IntrinsicElements' exists.
src/pages/Fleet.tsx(243,17): error TS7026: JSX element implicitly has type 'any' because no interface 'JSX.IntrinsicElements' exists.
src/pages/Fleet.tsx(244,15): error TS7026: JSX element implicitly has type 'any' because no interface 'JSX.IntrinsicElements' exists.
src/pages/Fleet.tsx(246,11): error TS7026: JSX element implicitly has type 'any' because no interface 'JSX.IntrinsicElements' exists.
src/pages/Fleet.tsx(247,9): error TS7026: JSX element implicitly has type 'any' because no interface 'JSX.IntrinsicElements' exists.
src/pages/Fleet.tsx(248,7): error TS7026: JSX element implicitly has type 'any' because no interface 'JSX.IntrinsicElements' exists.
src/pages/Fleet.tsx(249,5): error TS7026: JSX element implicitly has type 'any' because no interface 'JSX.IntrinsicElements' exists.
src/pages/Fleet.tsx(264,58): error TS7006: Parameter 'r' implicitly has an 'any' type.
src/pages/Fleet.tsx(282,5): error TS7026: JSX element implicitly has type 'any' because no interface 'JSX.IntrinsicElements' exists.
src/pages/Fleet.tsx(283,7): error TS7026: JSX element implicitly has type 'any' because no interface 'JSX.IntrinsicElements' exists.
src/pages/Fleet.tsx(285,7): error TS7026: JSX element implicitly has type 'any' because no interface 'JSX.IntrinsicElements' exists.
src/pages/Fleet.tsx(287,9): error TS7026: JSX element implicitly has type 'any' because no interface 'JSX.IntrinsicElements' exists.
src/pages/Fleet.tsx(288,31): error TS7026: JSX element implicitly has type 'any' because no interface 'JSX.IntrinsicElements' exists.
src/pages/Fleet.tsx(288,76): error TS7006: Parameter 'e' implicitly has an 'any' type.
src/pages/Fleet.tsx(289,31): error TS7026: JSX element implicitly has type 'any' because no interface 'JSX.IntrinsicElements' exists.
src/pages/Fleet.tsx(289,76): error TS7006: Parameter 'e' implicitly has an 'any' type.
src/pages/Fleet.tsx(291,13): error TS7026: JSX element implicitly has type 'any' because no interface 'JSX.IntrinsicElements' exists.
src/pages/Fleet.tsx(291,83): error TS7006: Parameter 'e' implicitly has an 'any' type.
src/pages/Fleet.tsx(292,13): error TS7026: JSX element implicitly has type 'any' because no interface 'JSX.IntrinsicElements' exists.
src/pages/Fleet.tsx(292,78): error TS7026: JSX element implicitly has type 'any' because no interface 'JSX.IntrinsicElements' exists.
src/pages/Fleet.tsx(292,108): error TS7026: JSX element implicitly has type 'any' because no interface 'JSX.IntrinsicElements' exists.
src/pages/Fleet.tsx(296,13): error TS7026: JSX element implicitly has type 'any' because no interface 'JSX.IntrinsicElements' exists.
src/pages/Fleet.tsx(296,57): error TS7006: Parameter 'e' implicitly has an 'any' type.
src/pages/Fleet.tsx(297,15): error TS7026: JSX element implicitly has type 'any' because no interface 'JSX.IntrinsicElements' exists.
src/pages/Fleet.tsx(297,25): error TS7026: JSX element implicitly has type 'any' because no interface 'JSX.IntrinsicElements' exists.
src/pages/Fleet.tsx(297,34): error TS7026: JSX element implicitly has type 'any' because no interface 'JSX.IntrinsicElements' exists.
src/pages/Fleet.tsx(297,45): error TS7026: JSX element implicitly has type 'any' because no interface 'JSX.IntrinsicElements' exists.
src/pages/Fleet.tsx(298,13): error TS7026: JSX element implicitly has type 'any' because no interface 'JSX.IntrinsicElements' exists.
src/pages/Fleet.tsx(300,11): error TS7026: JSX element implicitly has type 'any' because no interface 'JSX.IntrinsicElements' exists.
src/pages/Fleet.tsx(300,92): error TS7026: JSX element implicitly has type 'any' because no interface 'JSX.IntrinsicElements' exists.
src/pages/Fleet.tsx(301,25): error TS7026: JSX element implicitly has type 'any' because no interface 'JSX.IntrinsicElements' exists.
src/pages/Fleet.tsx(301,152): error TS7026: JSX element implicitly has type 'any' because no interface 'JSX.IntrinsicElements' exists.
src/pages/Fleet.tsx(302,9): error TS7026: JSX element implicitly has type 'any' because no interface 'JSX.IntrinsicElements' exists.
src/pages/Fleet.tsx(304,17): error TS7026: JSX element implicitly has type 'any' because no interface 'JSX.IntrinsicElements' exists.
src/pages/Fleet.tsx(304,92): error TS7026: JSX element implicitly has type 'any' because no interface 'JSX.IntrinsicElements' exists.
src/pages/Fleet.tsx(305,7): error TS7026: JSX element implicitly has type 'any' because no interface 'JSX.IntrinsicElements' exists.
src/pages/Fleet.tsx(306,9): error TS7026: JSX element implicitly has type 'any' because no interface 'JSX.IntrinsicElements' exists.
src/pages/Fleet.tsx(307,11): error TS7026: JSX element implicitly has type 'any' because no interface 'JSX.IntrinsicElements' exists.
src/pages/Fleet.tsx(307,18): error TS7026: JSX element implicitly has type 'any' because no interface 'JSX.IntrinsicElements' exists.
src/pages/Fleet.tsx(307,22): error TS7026: JSX element implicitly has type 'any' because no interface 'JSX.IntrinsicElements' exists.
src/pages/Fleet.tsx(307,30): error TS7026: JSX element implicitly has type 'any' because no interface 'JSX.IntrinsicElements' exists.
src/pages/Fleet.tsx(307,35): error TS7026: JSX element implicitly has type 'any' because no interface 'JSX.IntrinsicElements' exists.
src/pages/Fleet.tsx(307,43): error TS7026: JSX element implicitly has type 'any' because no interface 'JSX.IntrinsicElements' exists.
src/pages/Fleet.tsx(307,48): error TS7026: JSX element implicitly has type 'any' because no interface 'JSX.IntrinsicElements' exists.
src/pages/Fleet.tsx(307,63): error TS7026: JSX element implicitly has type 'any' because no interface 'JSX.IntrinsicElements' exists.
src/pages/Fleet.tsx(307,68): error TS7026: JSX element implicitly has type 'any' because no interface 'JSX.IntrinsicElements' exists.
src/pages/Fleet.tsx(307,80): error TS7026: JSX element implicitly has type 'any' because no interface 'JSX.IntrinsicElements' exists.
src/pages/Fleet.tsx(307,85): error TS7026: JSX element implicitly has type 'any' because no interface 'JSX.IntrinsicElements' exists.
src/pages/Fleet.tsx(307,91): error TS7026: JSX element implicitly has type 'any' because no interface 'JSX.IntrinsicElements' exists.
src/pages/Fleet.tsx(307,96): error TS7026: JSX element implicitly has type 'any' because no interface 'JSX.IntrinsicElements' exists.
src/pages/Fleet.tsx(307,106): error TS7026: JSX element implicitly has type 'any' because no interface 'JSX.IntrinsicElements' exists.
src/pages/Fleet.tsx(307,111): error TS7026: JSX element implicitly has type 'any' because no interface 'JSX.IntrinsicElements' exists.
src/pages/Fleet.tsx(307,116): error TS7026: JSX element implicitly has type 'any' because no interface 'JSX.IntrinsicElements' exists.
src/pages/Fleet.tsx(308,11): error TS7026: JSX element implicitly has type 'any' because no interface 'JSX.IntrinsicElements' exists.
src/pages/Fleet.tsx(309,24): error TS7006: Parameter 'h' implicitly has an 'any' type.
src/pages/Fleet.tsx(310,15): error TS7026: JSX element implicitly has type 'any' because no interface 'JSX.IntrinsicElements' exists.
src/pages/Fleet.tsx(311,17): error TS7026: JSX element implicitly has type 'any' because no interface 'JSX.IntrinsicElements' exists.
src/pages/Fleet.tsx(311,29): error TS7026: JSX element implicitly has type 'any' because no interface 'JSX.IntrinsicElements' exists.
src/pages/Fleet.tsx(311,34): error TS7026: JSX element implicitly has type 'any' because no interface 'JSX.IntrinsicElements' exists.
src/pages/Fleet.tsx(311,46): error TS7026: JSX element implicitly has type 'any' because no interface 'JSX.IntrinsicElements' exists.
src/pages/Fleet.tsx(311,51): error TS7026: JSX element implicitly has type 'any' because no interface 'JSX.IntrinsicElements' exists.
src/pages/Fleet.tsx(311,77): error TS7026: JSX element implicitly has type 'any' because no interface 'JSX.IntrinsicElements' exists.
src/pages/Fleet.tsx(312,17): error TS7026: JSX element implicitly has type 'any' because no interface 'JSX.IntrinsicElements' exists.
src/pages/Fleet.tsx(312,40): error TS7026: JSX element implicitly has type 'any' because no interface 'JSX.IntrinsicElements' exists.
src/pages/Fleet.tsx(312,45): error TS7026: JSX element implicitly has type 'any' because no interface 'JSX.IntrinsicElements' exists.
src/pages/Fleet.tsx(312,64): error TS7026: JSX element implicitly has type 'any' because no interface 'JSX.IntrinsicElements' exists.
src/pages/Fleet.tsx(312,69): error TS7026: JSX element implicitly has type 'any' because no interface 'JSX.IntrinsicElements' exists.
src/pages/Fleet.tsx(312,83): error TS7026: JSX element implicitly has type 'any' because no interface 'JSX.IntrinsicElements' exists.
src/pages/Fleet.tsx(313,30): error TS7026: JSX element implicitly has type 'any' because no interface 'JSX.IntrinsicElements' exists.
src/pages/Fleet.tsx(314,19): error TS7026: JSX element implicitly has type 'any' because no interface 'JSX.IntrinsicElements' exists.
src/pages/Fleet.tsx(314,76): error TS7026: JSX element implicitly has type 'any' because no interface 'JSX.IntrinsicElements' exists.
src/pages/Fleet.tsx(315,33): error TS7026: JSX element implicitly has type 'any' because no interface 'JSX.IntrinsicElements' exists.
src/pages/Fleet.tsx(318,28): error TS7026: JSX element implicitly has type 'any' because no interface 'JSX.IntrinsicElements' exists.
src/pages/Fleet.tsx(319,17): error TS7026: JSX element implicitly has type 'any' because no interface 'JSX.IntrinsicElements' exists.
src/pages/Fleet.tsx(320,15): error TS7026: JSX element implicitly has type 'any' because no interface 'JSX.IntrinsicElements' exists.
src/pages/Fleet.tsx(322,11): error TS7026: JSX element implicitly has type 'any' because no interface 'JSX.IntrinsicElements' exists.
src/pages/Fleet.tsx(323,9): error TS7026: JSX element implicitly has type 'any' because no interface 'JSX.IntrinsicElements' exists.
src/pages/Fleet.tsx(324,7): error TS7026: JSX element implicitly has type 'any' because no interface 'JSX.IntrinsicElements' exists.
src/pages/Fleet.tsx(325,5): error TS7026: JSX element implicitly has type 'any' because no interface 'JSX.IntrinsicElements' exists.
src/pages/Fleet.tsx(344,18): error TS7031: Binding element 'data' implicitly has an 'any' type.
src/pages/Fleet.tsx(344,24): error TS7031: Binding element 'error' implicitly has an 'any' type.
src/pages/Fleet.tsx(356,5): error TS7026: JSX element implicitly has type 'any' because no interface 'JSX.IntrinsicElements' exists.
src/pages/Fleet.tsx(357,7): error TS7026: JSX element implicitly has type 'any' because no interface 'JSX.IntrinsicElements' exists.
src/pages/Fleet.tsx(359,11): error TS7026: JSX element implicitly has type 'any' because no interface 'JSX.IntrinsicElements' exists.
src/pages/Fleet.tsx(361,13): error TS7026: JSX element implicitly has type 'any' because no interface 'JSX.IntrinsicElements' exists.
src/pages/Fleet.tsx(362,129): error TS7026: JSX element implicitly has type 'any' because no interface 'JSX.IntrinsicElements' exists.
src/pages/Fleet.tsx(363,11): error TS7026: JSX element implicitly has type 'any' because no interface 'JSX.IntrinsicElements' exists.
src/pages/Fleet.tsx(365,35): error TS7026: JSX element implicitly has type 'any' because no interface 'JSX.IntrinsicElements' exists.
src/pages/Fleet.tsx(365,124): error TS7026: JSX element implicitly has type 'any' because no interface 'JSX.IntrinsicElements' exists.
src/pages/Fleet.tsx(366,7): error TS7026: JSX element implicitly has type 'any' because no interface 'JSX.IntrinsicElements' exists.
src/pages/Fleet.tsx(367,7): error TS7026: JSX element implicitly has type 'any' because no interface 'JSX.IntrinsicElements' exists.
src/pages/Fleet.tsx(367,79): error TS7006: Parameter 'e' implicitly has an 'any' type.
src/pages/Fleet.tsx(369,9): error TS7026: JSX element implicitly has type 'any' because no interface 'JSX.IntrinsicElements' exists.
src/pages/Fleet.tsx(370,29): error TS7006: Parameter 'a' implicitly has an 'any' type.
src/pages/Fleet.tsx(371,13): error TS7026: JSX element implicitly has type 'any' because no interface 'JSX.IntrinsicElements' exists.
src/pages/Fleet.tsx(373,13): error TS7026: JSX element implicitly has type 'any' because no interface 'JSX.IntrinsicElements' exists.
src/pages/Fleet.tsx(375,9): error TS7026: JSX element implicitly has type 'any' because no interface 'JSX.IntrinsicElements' exists.
src/pages/Fleet.tsx(377,5): error TS7026: JSX element implicitly has type 'any' because no interface 'JSX.IntrinsicElements' exists.
src/pages/Fleet.tsx(461,64): error TS7006: Parameter 'a' implicitly has an 'any' type.
src/pages/Fleet.tsx(462,70): error TS7006: Parameter 'g' implicitly has an 'any' type.
src/pages/Fleet.tsx(469,5): error TS7026: JSX element implicitly has type 'any' because no interface 'JSX.IntrinsicElements' exists.
src/pages/Fleet.tsx(470,7): error TS7026: JSX element implicitly has type 'any' because no interface 'JSX.IntrinsicElements' exists.
src/pages/Fleet.tsx(472,7): error TS7026: JSX element implicitly has type 'any' because no interface 'JSX.IntrinsicElements' exists.
src/pages/Fleet.tsx(474,9): error TS7026: JSX element implicitly has type 'any' because no interface 'JSX.IntrinsicElements' exists.
src/pages/Fleet.tsx(475,41): error TS7026: JSX element implicitly has type 'any' because no interface 'JSX.IntrinsicElements' exists.
src/pages/Fleet.tsx(475,88): error TS7006: Parameter 'e' implicitly has an 'any' type.
src/pages/Fleet.tsx(477,13): error TS7026: JSX element implicitly has type 'any' because no interface 'JSX.IntrinsicElements' exists.
src/pages/Fleet.tsx(477,50): error TS7006: Parameter 'e' implicitly has an 'any' type.
src/pages/Fleet.tsx(478,47): error TS7026: JSX element implicitly has type 'any' because no interface 'JSX.IntrinsicElements' exists.
src/pages/Fleet.tsx(478,68): error TS7026: JSX element implicitly has type 'any' because no interface 'JSX.IntrinsicElements' exists.
src/pages/Fleet.tsx(479,13): error TS7026: JSX element implicitly has type 'any' because no interface 'JSX.IntrinsicElements' exists.
src/pages/Fleet.tsx(482,13): error TS7026: JSX element implicitly has type 'any' because no interface 'JSX.IntrinsicElements' exists.
src/pages/Fleet.tsx(482,54): error TS7006: Parameter 'e' implicitly has an 'any' type.
src/pages/Fleet.tsx(483,54): error TS7026: JSX element implicitly has type 'any' because no interface 'JSX.IntrinsicElements' exists.
src/pages/Fleet.tsx(483,112): error TS7026: JSX element implicitly has type 'any' because no interface 'JSX.IntrinsicElements' exists.
src/pages/Fleet.tsx(484,13): error TS7026: JSX element implicitly has type 'any' because no interface 'JSX.IntrinsicElements' exists.
src/pages/Fleet.tsx(486,42): error TS7026: JSX element implicitly has type 'any' because no interface 'JSX.IntrinsicElements' exists.
src/pages/Fleet.tsx(486,120): error TS7006: Parameter 'e' implicitly has an 'any' type.
src/pages/Fleet.tsx(487,59): error TS7026: JSX element implicitly has type 'any' because no interface 'JSX.IntrinsicElements' exists.
src/pages/Fleet.tsx(487,137): error TS7006: Parameter 'e' implicitly has an 'any' type.
src/pages/Fleet.tsx(489,13): error TS7026: JSX element implicitly has type 'any' because no interface 'JSX.IntrinsicElements' exists.
src/pages/Fleet.tsx(489,52): error TS7006: Parameter 'e' implicitly has an 'any' type.
src/pages/Fleet.tsx(490,15): error TS7026: JSX element implicitly has type 'any' because no interface 'JSX.IntrinsicElements' exists.
src/pages/Fleet.tsx(490,29): error TS7026: JSX element implicitly has type 'any' because no interface 'JSX.IntrinsicElements' exists.
src/pages/Fleet.tsx(490,38): error TS7026: JSX element implicitly has type 'any' because no interface 'JSX.IntrinsicElements' exists.
src/pages/Fleet.tsx(490,59): error TS7026: JSX element implicitly has type 'any' because no interface 'JSX.IntrinsicElements' exists.
src/pages/Fleet.tsx(491,13): error TS7026: JSX element implicitly has type 'any' because no interface 'JSX.IntrinsicElements' exists.
src/pages/Fleet.tsx(500,11): error TS7026: JSX element implicitly has type 'any' because no interface 'JSX.IntrinsicElements' exists.
src/pages/Fleet.tsx(500,93): error TS7026: JSX element implicitly has type 'any' because no interface 'JSX.IntrinsicElements' exists.
src/pages/Fleet.tsx(501,25): error TS7026: JSX element implicitly has type 'any' because no interface 'JSX.IntrinsicElements' exists.
src/pages/Fleet.tsx(501,152): error TS7026: JSX element implicitly has type 'any' because no interface 'JSX.IntrinsicElements' exists.
src/pages/Fleet.tsx(502,9): error TS7026: JSX element implicitly has type 'any' because no interface 'JSX.IntrinsicElements' exists.
src/pages/Fleet.tsx(504,17): error TS7026: JSX element implicitly has type 'any' because no interface 'JSX.IntrinsicElements' exists.
src/pages/Fleet.tsx(504,92): error TS7026: JSX element implicitly has type 'any' because no interface 'JSX.IntrinsicElements' exists.
src/pages/Fleet.tsx(505,7): error TS7026: JSX element implicitly has type 'any' because no interface 'JSX.IntrinsicElements' exists.
src/pages/Fleet.tsx(506,9): error TS7026: JSX element implicitly has type 'any' because no interface 'JSX.IntrinsicElements' exists.
src/pages/Fleet.tsx(507,11): error TS7026: JSX element implicitly has type 'any' because no interface 'JSX.IntrinsicElements' exists.
src/pages/Fleet.tsx(507,18): error TS7026: JSX element implicitly has type 'any' because no interface 'JSX.IntrinsicElements' exists.
src/pages/Fleet.tsx(507,22): error TS7026: JSX element implicitly has type 'any' because no interface 'JSX.IntrinsicElements' exists.
src/pages/Fleet.tsx(507,32): error TS7026: JSX element implicitly has type 'any' because no interface 'JSX.IntrinsicElements' exists.
src/pages/Fleet.tsx(507,37): error TS7026: JSX element implicitly has type 'any' because no interface 'JSX.IntrinsicElements' exists.
src/pages/Fleet.tsx(507,45): error TS7026: JSX element implicitly has type 'any' because no interface 'JSX.IntrinsicElements' exists.
src/pages/Fleet.tsx(507,50): error TS7026: JSX element implicitly has type 'any' because no interface 'JSX.IntrinsicElements' exists.
src/pages/Fleet.tsx(507,62): error TS7026: JSX element implicitly has type 'any' because no interface 'JSX.IntrinsicElements' exists.
src/pages/Fleet.tsx(507,67): error TS7026: JSX element implicitly has type 'any' because no interface 'JSX.IntrinsicElements' exists.
src/pages/Fleet.tsx(507,86): error TS7026: JSX element implicitly has type 'any' because no interface 'JSX.IntrinsicElements' exists.
src/pages/Fleet.tsx(507,91): error TS7026: JSX element implicitly has type 'any' because no interface 'JSX.IntrinsicElements' exists.
src/pages/Fleet.tsx(507,115): error TS7026: JSX element implicitly has type 'any' because no interface 'JSX.IntrinsicElements' exists.
src/pages/Fleet.tsx(507,120): error TS7026: JSX element implicitly has type 'any' because no interface 'JSX.IntrinsicElements' exists.
src/pages/Fleet.tsx(507,130): error TS7026: JSX element implicitly has type 'any' because no interface 'JSX.IntrinsicElements' exists.
src/pages/Fleet.tsx(507,135): error TS7026: JSX element implicitly has type 'any' because no interface 'JSX.IntrinsicElements' exists.
src/pages/Fleet.tsx(507,154): error TS7026: JSX element implicitly has type 'any' because no interface 'JSX.IntrinsicElements' exists.
src/pages/Fleet.tsx(507,159): error TS7026: JSX element implicitly has type 'any' because no interface 'JSX.IntrinsicElements' exists.
src/pages/Fleet.tsx(507,164): error TS7026: JSX element implicitly has type 'any' because no interface 'JSX.IntrinsicElements' exists.
src/pages/Fleet.tsx(508,11): error TS7026: JSX element implicitly has type 'any' because no interface 'JSX.IntrinsicElements' exists.
src/pages/Fleet.tsx(509,24): error TS7006: Parameter 'v' implicitly has an 'any' type.
src/pages/Fleet.tsx(510,15): error TS7026: JSX element implicitly has type 'any' because no interface 'JSX.IntrinsicElements' exists.
src/pages/Fleet.tsx(511,17): error TS7026: JSX element implicitly has type 'any' because no interface 'JSX.IntrinsicElements' exists.
src/pages/Fleet.tsx(511,31): error TS7026: JSX element implicitly has type 'any' because no interface 'JSX.IntrinsicElements' exists.
src/pages/Fleet.tsx(511,36): error TS7026: JSX element implicitly has type 'any' because no interface 'JSX.IntrinsicElements' exists.
src/pages/Fleet.tsx(511,48): error TS7026: JSX element implicitly has type 'any' because no interface 'JSX.IntrinsicElements' exists.
src/pages/Fleet.tsx(511,53): error TS7026: JSX element implicitly has type 'any' because no interface 'JSX.IntrinsicElements' exists.
src/pages/Fleet.tsx(511,107): error TS7026: JSX element implicitly has type 'any' because no interface 'JSX.IntrinsicElements' exists.
src/pages/Fleet.tsx(511,112): error TS7026: JSX element implicitly has type 'any' because no interface 'JSX.IntrinsicElements' exists.
src/pages/Fleet.tsx(511,178): error TS7026: JSX element implicitly has type 'any' because no interface 'JSX.IntrinsicElements' exists.
src/pages/Fleet.tsx(511,183): error TS7026: JSX element implicitly has type 'any' because no interface 'JSX.IntrinsicElements' exists.
src/pages/Fleet.tsx(511,208): error TS7026: JSX element implicitly has type 'any' because no interface 'JSX.IntrinsicElements' exists.
src/pages/Fleet.tsx(511,213): error TS7026: JSX element implicitly has type 'any' because no interface 'JSX.IntrinsicElements' exists.
src/pages/Fleet.tsx(511,227): error TS7026: JSX element implicitly has type 'any' because no interface 'JSX.IntrinsicElements' exists.
src/pages/Fleet.tsx(512,17): error TS7026: JSX element implicitly has type 'any' because no interface 'JSX.IntrinsicElements' exists.
src/pages/Fleet.tsx(514,64): error TS7006: Parameter 'g' implicitly has an 'any' type.
src/pages/Fleet.tsx(514,121): error TS7006: Parameter 'a' implicitly has an 'any' type.
src/pages/Fleet.tsx(516,17): error TS7026: JSX element implicitly has type 'any' because no interface 'JSX.IntrinsicElements' exists.
src/pages/Fleet.tsx(517,30): error TS7026: JSX element implicitly has type 'any' because no interface 'JSX.IntrinsicElements' exists.
src/pages/Fleet.tsx(518,19): error TS7026: JSX element implicitly has type 'any' because no interface 'JSX.IntrinsicElements' exists.
src/pages/Fleet.tsx(518,76): error TS7026: JSX element implicitly has type 'any' because no interface 'JSX.IntrinsicElements' exists.
src/pages/Fleet.tsx(519,33): error TS7026: JSX element implicitly has type 'any' because no interface 'JSX.IntrinsicElements' exists.
src/pages/Fleet.tsx(522,28): error TS7026: JSX element implicitly has type 'any' because no interface 'JSX.IntrinsicElements' exists.
src/pages/Fleet.tsx(523,17): error TS7026: JSX element implicitly has type 'any' because no interface 'JSX.IntrinsicElements' exists.
src/pages/Fleet.tsx(524,15): error TS7026: JSX element implicitly has type 'any' because no interface 'JSX.IntrinsicElements' exists.
src/pages/Fleet.tsx(526,11): error TS7026: JSX element implicitly has type 'any' because no interface 'JSX.IntrinsicElements' exists.
src/pages/Fleet.tsx(527,9): error TS7026: JSX element implicitly has type 'any' because no interface 'JSX.IntrinsicElements' exists.
src/pages/Fleet.tsx(528,7): error TS7026: JSX element implicitly has type 'any' because no interface 'JSX.IntrinsicElements' exists.
src/pages/Fleet.tsx(529,5): error TS7026: JSX element implicitly has type 'any' because no interface 'JSX.IntrinsicElements' exists.
src/pages/Fleet.tsx(550,18): error TS7031: Binding element 'data' implicitly has an 'any' type.
src/pages/Fleet.tsx(550,24): error TS7031: Binding element 'error' implicitly has an 'any' type.
src/pages/Fleet.tsx(565,5): error TS7026: JSX element implicitly has type 'any' because no interface 'JSX.IntrinsicElements' exists.
src/pages/Fleet.tsx(566,7): error TS7026: JSX element implicitly has type 'any' because no interface 'JSX.IntrinsicElements' exists.
src/pages/Fleet.tsx(568,11): error TS7026: JSX element implicitly has type 'any' because no interface 'JSX.IntrinsicElements' exists.
src/pages/Fleet.tsx(570,13): error TS7026: JSX element implicitly has type 'any' because no interface 'JSX.IntrinsicElements' exists.
src/pages/Fleet.tsx(573,13): error TS7026: JSX element implicitly has type 'any' because no interface 'JSX.IntrinsicElements' exists.
src/pages/Fleet.tsx(574,11): error TS7026: JSX element implicitly has type 'any' because no interface 'JSX.IntrinsicElements' exists.
src/pages/Fleet.tsx(576,7): error TS7026: JSX element implicitly has type 'any' because no interface 'JSX.IntrinsicElements' exists.
src/pages/Fleet.tsx(577,7): error TS7026: JSX element implicitly has type 'any' because no interface 'JSX.IntrinsicElements' exists.
src/pages/Fleet.tsx(580,20): error TS7006: Parameter 'e' implicitly has an 'any' type.
src/pages/Fleet.tsx(583,9): error TS7026: JSX element implicitly has type 'any' because no interface 'JSX.IntrinsicElements' exists.
src/pages/Fleet.tsx(584,29): error TS7006: Parameter 'v' implicitly has an 'any' type.
src/pages/Fleet.tsx(585,13): error TS7026: JSX element implicitly has type 'any' because no interface 'JSX.IntrinsicElements' exists.
src/pages/Fleet.tsx(588,13): error TS7026: JSX element implicitly has type 'any' because no interface 'JSX.IntrinsicElements' exists.
src/pages/Fleet.tsx(590,9): error TS7026: JSX element implicitly has type 'any' because no interface 'JSX.IntrinsicElements' exists.
src/pages/Fleet.tsx(592,5): error TS7026: JSX element implicitly has type 'any' because no interface 'JSX.IntrinsicElements' exists.
src/pages/Fleet.tsx(649,65): error TS7006: Parameter 'v' implicitly has an 'any' type.
src/pages/Fleet.tsx(655,5): error TS7026: JSX element implicitly has type 'any' because no interface 'JSX.IntrinsicElements' exists.
src/pages/Fleet.tsx(656,7): error TS7026: JSX element implicitly has type 'any' because no interface 'JSX.IntrinsicElements' exists.
src/pages/Fleet.tsx(658,7): error TS7026: JSX element implicitly has type 'any' because no interface 'JSX.IntrinsicElements' exists.
src/pages/Fleet.tsx(660,9): error TS7026: JSX element implicitly has type 'any' because no interface 'JSX.IntrinsicElements' exists.
src/pages/Fleet.tsx(664,13): error TS7026: JSX element implicitly has type 'any' because no interface 'JSX.IntrinsicElements' exists.
src/pages/Fleet.tsx(664,52): error TS7006: Parameter 'e' implicitly has an 'any' type.
src/pages/Fleet.tsx(665,42): error TS7026: JSX element implicitly has type 'any' because no interface 'JSX.IntrinsicElements' exists.
src/pages/Fleet.tsx(665,61): error TS7026: JSX element implicitly has type 'any' because no interface 'JSX.IntrinsicElements' exists.
src/pages/Fleet.tsx(666,13): error TS7026: JSX element implicitly has type 'any' because no interface 'JSX.IntrinsicElements' exists.
src/pages/Fleet.tsx(669,13): error TS7026: JSX element implicitly has type 'any' because no interface 'JSX.IntrinsicElements' exists.
src/pages/Fleet.tsx(669,58): error TS7006: Parameter 'e' implicitly has an 'any' type.
src/pages/Fleet.tsx(670,51): error TS7026: JSX element implicitly has type 'any' because no interface 'JSX.IntrinsicElements' exists.
src/pages/Fleet.tsx(670,70): error TS7026: JSX element implicitly has type 'any' because no interface 'JSX.IntrinsicElements' exists.
src/pages/Fleet.tsx(671,13): error TS7026: JSX element implicitly has type 'any' because no interface 'JSX.IntrinsicElements' exists.
src/pages/Fleet.tsx(674,13): error TS7026: JSX element implicitly has type 'any' because no interface 'JSX.IntrinsicElements' exists.
src/pages/Fleet.tsx(674,58): error TS7006: Parameter 'e' implicitly has an 'any' type.
src/pages/Fleet.tsx(675,51): error TS7026: JSX element implicitly has type 'any' because no interface 'JSX.IntrinsicElements' exists.
src/pages/Fleet.tsx(675,70): error TS7026: JSX element implicitly has type 'any' because no interface 'JSX.IntrinsicElements' exists.
src/pages/Fleet.tsx(676,13): error TS7026: JSX element implicitly has type 'any' because no interface 'JSX.IntrinsicElements' exists.
src/pages/Fleet.tsx(679,13): error TS7026: JSX element implicitly has type 'any' because no interface 'JSX.IntrinsicElements' exists.
src/pages/Fleet.tsx(679,58): error TS7006: Parameter 'e' implicitly has an 'any' type.
src/pages/Fleet.tsx(680,47): error TS7026: JSX element implicitly has type 'any' because no interface 'JSX.IntrinsicElements' exists.
src/pages/Fleet.tsx(680,68): error TS7026: JSX element implicitly has type 'any' because no interface 'JSX.IntrinsicElements' exists.
src/pages/Fleet.tsx(681,13): error TS7026: JSX element implicitly has type 'any' because no interface 'JSX.IntrinsicElements' exists.
src/pages/Fleet.tsx(684,13): error TS7026: JSX element implicitly has type 'any' because no interface 'JSX.IntrinsicElements' exists.
src/pages/Fleet.tsx(684,56): error TS7006: Parameter 'e' implicitly has an 'any' type.
src/pages/Fleet.tsx(686,45): error TS7026: JSX element implicitly has type 'any' because no interface 'JSX.IntrinsicElements' exists.
src/pages/Fleet.tsx(686,66): error TS7026: JSX element implicitly has type 'any' because no interface 'JSX.IntrinsicElements' exists.
src/pages/Fleet.tsx(687,13): error TS7026: JSX element implicitly has type 'any' because no interface 'JSX.IntrinsicElements' exists.
src/pages/Fleet.tsx(692,11): error TS7026: JSX element implicitly has type 'any' because no interface 'JSX.IntrinsicElements' exists.
src/pages/Fleet.tsx(692,90): error TS7026: JSX element implicitly has type 'any' because no interface 'JSX.IntrinsicElements' exists.
src/pages/Fleet.tsx(693,25): error TS7026: JSX element implicitly has type 'any' because no interface 'JSX.IntrinsicElements' exists.
src/pages/Fleet.tsx(693,152): error TS7026: JSX element implicitly has type 'any' because no interface 'JSX.IntrinsicElements' exists.
src/pages/Fleet.tsx(694,9): error TS7026: JSX element implicitly has type 'any' because no interface 'JSX.IntrinsicElements' exists.
src/pages/Fleet.tsx(696,17): error TS7026: JSX element implicitly has type 'any' because no interface 'JSX.IntrinsicElements' exists.
src/pages/Fleet.tsx(696,92): error TS7026: JSX element implicitly has type 'any' because no interface 'JSX.IntrinsicElements' exists.
src/pages/Fleet.tsx(697,7): error TS7026: JSX element implicitly has type 'any' because no interface 'JSX.IntrinsicElements' exists.
src/pages/Fleet.tsx(698,9): error TS7026: JSX element implicitly has type 'any' because no interface 'JSX.IntrinsicElements' exists.
src/pages/Fleet.tsx(699,11): error TS7026: JSX element implicitly has type 'any' because no interface 'JSX.IntrinsicElements' exists.
src/pages/Fleet.tsx(700,13): error TS7026: JSX element implicitly has type 'any' because no interface 'JSX.IntrinsicElements' exists.
src/pages/Fleet.tsx(701,15): error TS7026: JSX element implicitly has type 'any' because no interface 'JSX.IntrinsicElements' exists.
src/pages/Fleet.tsx(701,23): error TS7026: JSX element implicitly has type 'any' because no interface 'JSX.IntrinsicElements' exists.
src/pages/Fleet.tsx(701,28): error TS7026: JSX element implicitly has type 'any' because no interface 'JSX.IntrinsicElements' exists.
src/pages/Fleet.tsx(701,36): error TS7026: JSX element implicitly has type 'any' because no interface 'JSX.IntrinsicElements' exists.
src/pages/Fleet.tsx(701,41): error TS7026: JSX element implicitly has type 'any' because no interface 'JSX.IntrinsicElements' exists.
src/pages/Fleet.tsx(701,53): error TS7026: JSX element implicitly has type 'any' because no interface 'JSX.IntrinsicElements' exists.
src/pages/Fleet.tsx(701,58): error TS7026: JSX element implicitly has type 'any' because no interface 'JSX.IntrinsicElements' exists.
src/pages/Fleet.tsx(701,73): error TS7026: JSX element implicitly has type 'any' because no interface 'JSX.IntrinsicElements' exists.
src/pages/Fleet.tsx(701,78): error TS7026: JSX element implicitly has type 'any' because no interface 'JSX.IntrinsicElements' exists.
src/pages/Fleet.tsx(701,93): error TS7026: JSX element implicitly has type 'any' because no interface 'JSX.IntrinsicElements' exists.
src/pages/Fleet.tsx(702,15): error TS7026: JSX element implicitly has type 'any' because no interface 'JSX.IntrinsicElements' exists.
src/pages/Fleet.tsx(702,31): error TS7026: JSX element implicitly has type 'any' because no interface 'JSX.IntrinsicElements' exists.
src/pages/Fleet.tsx(702,36): error TS7026: JSX element implicitly has type 'any' because no interface 'JSX.IntrinsicElements' exists.
src/pages/Fleet.tsx(702,59): error TS7026: JSX element implicitly has type 'any' because no interface 'JSX.IntrinsicElements' exists.
src/pages/Fleet.tsx(702,64): error TS7026: JSX element implicitly has type 'any' because no interface 'JSX.IntrinsicElements' exists.
src/pages/Fleet.tsx(702,78): error TS7026: JSX element implicitly has type 'any' because no interface 'JSX.IntrinsicElements' exists.
src/pages/Fleet.tsx(703,13): error TS7026: JSX element implicitly has type 'any' because no interface 'JSX.IntrinsicElements' exists.
src/pages/Fleet.tsx(704,11): error TS7026: JSX element implicitly has type 'any' because no interface 'JSX.IntrinsicElements' exists.
src/pages/Fleet.tsx(705,11): error TS7026: JSX element implicitly has type 'any' because no interface 'JSX.IntrinsicElements' exists.
src/pages/Fleet.tsx(706,24): error TS7006: Parameter 'a' implicitly has an 'any' type.
src/pages/Fleet.tsx(707,15): error TS7026: JSX element implicitly has type 'any' because no interface 'JSX.IntrinsicElements' exists.
src/pages/Fleet.tsx(708,17): error TS7026: JSX element implicitly has type 'any' because no interface 'JSX.IntrinsicElements' exists.
src/pages/Fleet.tsx(708,29): error TS7026: JSX element implicitly has type 'any' because no interface 'JSX.IntrinsicElements' exists.
src/pages/Fleet.tsx(708,34): error TS7026: JSX element implicitly has type 'any' because no interface 'JSX.IntrinsicElements' exists.
src/pages/Fleet.tsx(708,46): error TS7026: JSX element implicitly has type 'any' because no interface 'JSX.IntrinsicElements' exists.
src/pages/Fleet.tsx(708,51): error TS7026: JSX element implicitly has type 'any' because no interface 'JSX.IntrinsicElements' exists.
src/pages/Fleet.tsx(708,65): error TS7026: JSX element implicitly has type 'any' because no interface 'JSX.IntrinsicElements' exists.
src/pages/Fleet.tsx(709,17): error TS7026: JSX element implicitly has type 'any' because no interface 'JSX.IntrinsicElements' exists.
src/pages/Fleet.tsx(709,21): error TS7026: JSX element implicitly has type 'any' because no interface 'JSX.IntrinsicElements' exists.
src/pages/Fleet.tsx(709,111): error TS7026: JSX element implicitly has type 'any' because no interface 'JSX.IntrinsicElements' exists.
src/pages/Fleet.tsx(709,118): error TS7026: JSX element implicitly has type 'any' because no interface 'JSX.IntrinsicElements' exists.
src/pages/Fleet.tsx(710,17): error TS7026: JSX element implicitly has type 'any' because no interface 'JSX.IntrinsicElements' exists.
src/pages/Fleet.tsx(710,21): error TS7026: JSX element implicitly has type 'any' because no interface 'JSX.IntrinsicElements' exists.
src/pages/Fleet.tsx(710,111): error TS7026: JSX element implicitly has type 'any' because no interface 'JSX.IntrinsicElements' exists.
src/pages/Fleet.tsx(710,118): error TS7026: JSX element implicitly has type 'any' because no interface 'JSX.IntrinsicElements' exists.
src/pages/Fleet.tsx(711,17): error TS7026: JSX element implicitly has type 'any' because no interface 'JSX.IntrinsicElements' exists.
src/pages/Fleet.tsx(711,37): error TS7026: JSX element implicitly has type 'any' because no interface 'JSX.IntrinsicElements' exists.
src/pages/Fleet.tsx(712,17): error TS7026: JSX element implicitly has type 'any' because no interface 'JSX.IntrinsicElements' exists.
src/pages/Fleet.tsx(712,77): error TS7006: Parameter 'v' implicitly has an 'any' type.
src/pages/Fleet.tsx(712,110): error TS7026: JSX element implicitly has type 'any' because no interface 'JSX.IntrinsicElements' exists.
src/pages/Fleet.tsx(713,17): error TS7026: JSX element implicitly has type 'any' because no interface 'JSX.IntrinsicElements' exists.
src/pages/Fleet.tsx(713,21): error TS7026: JSX element implicitly has type 'any' because no interface 'JSX.IntrinsicElements' exists.
src/pages/Fleet.tsx(713,108): error TS7026: JSX element implicitly has type 'any' because no interface 'JSX.IntrinsicElements' exists.
src/pages/Fleet.tsx(713,115): error TS7026: JSX element implicitly has type 'any' because no interface 'JSX.IntrinsicElements' exists.
src/pages/Fleet.tsx(714,30): error TS7026: JSX element implicitly has type 'any' because no interface 'JSX.IntrinsicElements' exists.
src/pages/Fleet.tsx(715,19): error TS7026: JSX element implicitly has type 'any' because no interface 'JSX.IntrinsicElements' exists.
src/pages/Fleet.tsx(715,76): error TS7026: JSX element implicitly has type 'any' because no interface 'JSX.IntrinsicElements' exists.
src/pages/Fleet.tsx(716,33): error TS7026: JSX element implicitly has type 'any' because no interface 'JSX.IntrinsicElements' exists.
src/pages/Fleet.tsx(719,28): error TS7026: JSX element implicitly has type 'any' because no interface 'JSX.IntrinsicElements' exists.
src/pages/Fleet.tsx(720,17): error TS7026: JSX element implicitly has type 'any' because no interface 'JSX.IntrinsicElements' exists.
src/pages/Fleet.tsx(721,15): error TS7026: JSX element implicitly has type 'any' because no interface 'JSX.IntrinsicElements' exists.
src/pages/Fleet.tsx(723,11): error TS7026: JSX element implicitly has type 'any' because no interface 'JSX.IntrinsicElements' exists.
src/pages/Fleet.tsx(724,9): error TS7026: JSX element implicitly has type 'any' because no interface 'JSX.IntrinsicElements' exists.
src/pages/Fleet.tsx(725,7): error TS7026: JSX element implicitly has type 'any' because no interface 'JSX.IntrinsicElements' exists.
src/pages/Fleet.tsx(726,5): error TS7026: JSX element implicitly has type 'any' because no interface 'JSX.IntrinsicElements' exists.
src/pages/Fleet.tsx(732,5): error TS7026: JSX element implicitly has type 'any' because no interface 'JSX.IntrinsicElements' exists.
src/pages/Fleet.tsx(733,7): error TS7026: JSX element implicitly has type 'any' because no interface 'JSX.IntrinsicElements' exists.
src/pages/Fleet.tsx(733,87): error TS7026: JSX element implicitly has type 'any' because no interface 'JSX.IntrinsicElements' exists.
src/pages/Fleet.tsx(735,5): error TS7026: JSX element implicitly has type 'any' because no interface 'JSX.IntrinsicElements' exists.
src/pages/Fleet.tsx(779,60): error TS7006: Parameter 'a' implicitly has an 'any' type.
src/pages/Fleet.tsx(785,5): error TS7026: JSX element implicitly has type 'any' because no interface 'JSX.IntrinsicElements' exists.
src/pages/Fleet.tsx(786,7): error TS7026: JSX element implicitly has type 'any' because no interface 'JSX.IntrinsicElements' exists.
src/pages/Fleet.tsx(789,7): error TS7026: JSX element implicitly has type 'any' because no interface 'JSX.IntrinsicElements' exists.
src/pages/Fleet.tsx(791,9): error TS7026: JSX element implicitly has type 'any' because no interface 'JSX.IntrinsicElements' exists.
src/pages/Fleet.tsx(792,37): error TS7026: JSX element implicitly has type 'any' because no interface 'JSX.IntrinsicElements' exists.
src/pages/Fleet.tsx(792,82): error TS7006: Parameter 'e' implicitly has an 'any' type.
src/pages/Fleet.tsx(796,11): error TS7026: JSX element implicitly has type 'any' because no interface 'JSX.IntrinsicElements' exists.
src/pages/Fleet.tsx(796,96): error TS7026: JSX element implicitly has type 'any' because no interface 'JSX.IntrinsicElements' exists.
src/pages/Fleet.tsx(797,25): error TS7026: JSX element implicitly has type 'any' because no interface 'JSX.IntrinsicElements' exists.
src/pages/Fleet.tsx(797,152): error TS7026: JSX element implicitly has type 'any' because no interface 'JSX.IntrinsicElements' exists.
src/pages/Fleet.tsx(798,9): error TS7026: JSX element implicitly has type 'any' because no interface 'JSX.IntrinsicElements' exists.
src/pages/Fleet.tsx(800,17): error TS7026: JSX element implicitly has type 'any' because no interface 'JSX.IntrinsicElements' exists.
src/pages/Fleet.tsx(800,92): error TS7026: JSX element implicitly has type 'any' because no interface 'JSX.IntrinsicElements' exists.
src/pages/Fleet.tsx(801,7): error TS7026: JSX element implicitly has type 'any' because no interface 'JSX.IntrinsicElements' exists.
src/pages/Fleet.tsx(802,9): error TS7026: JSX element implicitly has type 'any' because no interface 'JSX.IntrinsicElements' exists.
src/pages/Fleet.tsx(803,11): error TS7026: JSX element implicitly has type 'any' because no interface 'JSX.IntrinsicElements' exists.
src/pages/Fleet.tsx(803,18): error TS7026: JSX element implicitly has type 'any' because no interface 'JSX.IntrinsicElements' exists.
src/pages/Fleet.tsx(803,22): error TS7026: JSX element implicitly has type 'any' because no interface 'JSX.IntrinsicElements' exists.
src/pages/Fleet.tsx(803,36): error TS7026: JSX element implicitly has type 'any' because no interface 'JSX.IntrinsicElements' exists.
src/pages/Fleet.tsx(803,41): error TS7026: JSX element implicitly has type 'any' because no interface 'JSX.IntrinsicElements' exists.
src/pages/Fleet.tsx(803,50): error TS7026: JSX element implicitly has type 'any' because no interface 'JSX.IntrinsicElements' exists.
src/pages/Fleet.tsx(803,55): error TS7026: JSX element implicitly has type 'any' because no interface 'JSX.IntrinsicElements' exists.
src/pages/Fleet.tsx(803,60): error TS7026: JSX element implicitly has type 'any' because no interface 'JSX.IntrinsicElements' exists.
src/pages/Fleet.tsx(804,11): error TS7026: JSX element implicitly has type 'any' because no interface 'JSX.IntrinsicElements' exists.
src/pages/Fleet.tsx(805,24): error TS7006: Parameter 'g' implicitly has an 'any' type.
src/pages/Fleet.tsx(806,15): error TS7026: JSX element implicitly has type 'any' because no interface 'JSX.IntrinsicElements' exists.
src/pages/Fleet.tsx(807,17): error TS7026: JSX element implicitly has type 'any' because no interface 'JSX.IntrinsicElements' exists.
src/pages/Fleet.tsx(807,29): error TS7026: JSX element implicitly has type 'any' because no interface 'JSX.IntrinsicElements' exists.
src/pages/Fleet.tsx(808,17): error TS7026: JSX element implicitly has type 'any' because no interface 'JSX.IntrinsicElements' exists.
src/pages/Fleet.tsx(808,53): error TS7006: Parameter 'a' implicitly has an 'any' type.
src/pages/Fleet.tsx(808,84): error TS7026: JSX element implicitly has type 'any' because no interface 'JSX.IntrinsicElements' exists.
src/pages/Fleet.tsx(809,30): error TS7026: JSX element implicitly has type 'any' because no interface 'JSX.IntrinsicElements' exists.
src/pages/Fleet.tsx(810,19): error TS7026: JSX element implicitly has type 'any' because no interface 'JSX.IntrinsicElements' exists.
src/pages/Fleet.tsx(810,76): error TS7026: JSX element implicitly has type 'any' because no interface 'JSX.IntrinsicElements' exists.
src/pages/Fleet.tsx(811,33): error TS7026: JSX element implicitly has type 'any' because no interface 'JSX.IntrinsicElements' exists.
src/pages/Fleet.tsx(814,28): error TS7026: JSX element implicitly has type 'any' because no interface 'JSX.IntrinsicElements' exists.
src/pages/Fleet.tsx(815,17): error TS7026: JSX element implicitly has type 'any' because no interface 'JSX.IntrinsicElements' exists.
src/pages/Fleet.tsx(816,15): error TS7026: JSX element implicitly has type 'any' because no interface 'JSX.IntrinsicElements' exists.
src/pages/Fleet.tsx(818,35): error TS7026: JSX element implicitly has type 'any' because no interface 'JSX.IntrinsicElements' exists.
src/pages/Fleet.tsx(818,39): error TS7026: JSX element implicitly has type 'any' because no interface 'JSX.IntrinsicElements' exists.
src/pages/Fleet.tsx(818,108): error TS7026: JSX element implicitly has type 'any' because no interface 'JSX.IntrinsicElements' exists.
src/pages/Fleet.tsx(818,113): error TS7026: JSX element implicitly has type 'any' because no interface 'JSX.IntrinsicElements' exists.
src/pages/Fleet.tsx(819,11): error TS7026: JSX element implicitly has type 'any' because no interface 'JSX.IntrinsicElements' exists.
src/pages/Fleet.tsx(820,9): error TS7026: JSX element implicitly has type 'any' because no interface 'JSX.IntrinsicElements' exists.
src/pages/Fleet.tsx(821,7): error TS7026: JSX element implicitly has type 'any' because no interface 'JSX.IntrinsicElements' exists.
src/pages/Fleet.tsx(822,5): error TS7026: JSX element implicitly has type 'any' because no interface 'JSX.IntrinsicElements' exists.
src/pages/HelperRoutePlan.tsx(11,10): error TS2875: This JSX tag requires the module path 'react/jsx-runtime' to exist, but none could be found. Make sure you have types for the appropriate package installed.
src/pages/HomeTab.tsx(40,5): error TS7026: JSX element implicitly has type 'any' because no interface 'JSX.IntrinsicElements' exists.
src/pages/HomeTab.tsx(40,5): error TS2875: This JSX tag requires the module path 'react/jsx-runtime' to exist, but none could be found. Make sure you have types for the appropriate package installed.
src/pages/HomeTab.tsx(41,7): error TS7026: JSX element implicitly has type 'any' because no interface 'JSX.IntrinsicElements' exists.
src/pages/HomeTab.tsx(42,7): error TS7026: JSX element implicitly has type 'any' because no interface 'JSX.IntrinsicElements' exists.
src/pages/HomeTab.tsx(43,7): error TS7026: JSX element implicitly has type 'any' because no interface 'JSX.IntrinsicElements' exists.
src/pages/HomeTab.tsx(44,5): error TS7026: JSX element implicitly has type 'any' because no interface 'JSX.IntrinsicElements' exists.
src/pages/HomeTab.tsx(52,5): error TS7026: JSX element implicitly has type 'any' because no interface 'JSX.IntrinsicElements' exists.
src/pages/HomeTab.tsx(54,5): error TS7026: JSX element implicitly has type 'any' because no interface 'JSX.IntrinsicElements' exists.
src/pages/HomeTab.tsx(68,5): error TS7026: JSX element implicitly has type 'any' because no interface 'JSX.IntrinsicElements' exists.
src/pages/HomeTab.tsx(83,7): error TS7026: JSX element implicitly has type 'any' because no interface 'JSX.IntrinsicElements' exists.
src/pages/HomeTab.tsx(85,20): error TS2322: Type '{ key: string; icon: string; label: string; value: string | number; onClick: (() => Promise<void>) | undefined; }' is not assignable to type '{ icon: string; label: string; value: string | number; onClick?: (() => void) | undefined; }'.
  Property 'key' does not exist on type '{ icon: string; label: string; value: string | number; onClick?: (() => void) | undefined; }'.
src/pages/HomeTab.tsx(90,7): error TS7026: JSX element implicitly has type 'any' because no interface 'JSX.IntrinsicElements' exists.
src/pages/HomeTab.tsx(115,9): error TS7026: JSX element implicitly has type 'any' because no interface 'JSX.IntrinsicElements' exists.
src/pages/HomeTab.tsx(120,9): error TS7026: JSX element implicitly has type 'any' because no interface 'JSX.IntrinsicElements' exists.
src/pages/HomeTab.tsx(122,9): error TS7026: JSX element implicitly has type 'any' because no interface 'JSX.IntrinsicElements' exists.
src/pages/HomeTab.tsx(127,9): error TS7026: JSX element implicitly has type 'any' because no interface 'JSX.IntrinsicElements' exists.
src/pages/HomeTab.tsx(136,7): error TS7026: JSX element implicitly has type 'any' because no interface 'JSX.IntrinsicElements' exists.
src/pages/HomeTab.tsx(138,7): error TS7026: JSX element implicitly has type 'any' because no interface 'JSX.IntrinsicElements' exists.
src/pages/HomeTab.tsx(139,5): error TS7026: JSX element implicitly has type 'any' because no interface 'JSX.IntrinsicElements' exists.
src/pages/Imports.tsx(1,45): error TS2307: Cannot find module 'react' or its corresponding type declarations.
src/pages/Imports.tsx(47,15): error TS7006: Parameter 'current' implicitly has an 'any' type.
src/pages/Imports.tsx(54,5): error TS7026: JSX element implicitly has type 'any' because no interface 'JSX.IntrinsicElements' exists.
src/pages/Imports.tsx(54,5): error TS2875: This JSX tag requires the module path 'react/jsx-runtime' to exist, but none could be found. Make sure you have types for the appropriate package installed.
src/pages/Imports.tsx(55,7): error TS7026: JSX element implicitly has type 'any' because no interface 'JSX.IntrinsicElements' exists.
src/pages/Imports.tsx(55,33): error TS7026: JSX element implicitly has type 'any' because no interface 'JSX.IntrinsicElements' exists.
src/pages/Imports.tsx(56,7): error TS7026: JSX element implicitly has type 'any' because no interface 'JSX.IntrinsicElements' exists.
src/pages/Imports.tsx(59,7): error TS7026: JSX element implicitly has type 'any' because no interface 'JSX.IntrinsicElements' exists.
src/pages/Imports.tsx(61,7): error TS7026: JSX element implicitly has type 'any' because no interface 'JSX.IntrinsicElements' exists.
src/pages/Imports.tsx(62,9): error TS7026: JSX element implicitly has type 'any' because no interface 'JSX.IntrinsicElements' exists.
src/pages/Imports.tsx(62,47): error TS7006: Parameter 'e' implicitly has an 'any' type.
src/pages/Imports.tsx(63,11): error TS7026: JSX element implicitly has type 'any' because no interface 'JSX.IntrinsicElements' exists.
src/pages/Imports.tsx(63,41): error TS7026: JSX element implicitly has type 'any' because no interface 'JSX.IntrinsicElements' exists.
src/pages/Imports.tsx(64,11): error TS7026: JSX element implicitly has type 'any' because no interface 'JSX.IntrinsicElements' exists.
src/pages/Imports.tsx(64,51): error TS7026: JSX element implicitly has type 'any' because no interface 'JSX.IntrinsicElements' exists.
src/pages/Imports.tsx(65,9): error TS7026: JSX element implicitly has type 'any' because no interface 'JSX.IntrinsicElements' exists.
src/pages/Imports.tsx(66,23): error TS7026: JSX element implicitly has type 'any' because no interface 'JSX.IntrinsicElements' exists.
src/pages/Imports.tsx(67,9): error TS7026: JSX element implicitly has type 'any' because no interface 'JSX.IntrinsicElements' exists.
src/pages/Imports.tsx(69,9): error TS7026: JSX element implicitly has type 'any' because no interface 'JSX.IntrinsicElements' exists.
src/pages/Imports.tsx(70,7): error TS7026: JSX element implicitly has type 'any' because no interface 'JSX.IntrinsicElements' exists.
src/pages/Imports.tsx(72,24): error TS7026: JSX element implicitly has type 'any' because no interface 'JSX.IntrinsicElements' exists.
src/pages/Imports.tsx(72,106): error TS7026: JSX element implicitly has type 'any' because no interface 'JSX.IntrinsicElements' exists.
src/pages/Imports.tsx(74,9): error TS7026: JSX element implicitly has type 'any' because no interface 'JSX.IntrinsicElements' exists.
src/pages/Imports.tsx(75,11): error TS7026: JSX element implicitly has type 'any' because no interface 'JSX.IntrinsicElements' exists.
src/pages/Imports.tsx(75,33): error TS7026: JSX element implicitly has type 'any' because no interface 'JSX.IntrinsicElements' exists.
src/pages/Imports.tsx(76,11): error TS7026: JSX element implicitly has type 'any' because no interface 'JSX.IntrinsicElements' exists.
src/pages/Imports.tsx(78,11): error TS7026: JSX element implicitly has type 'any' because no interface 'JSX.IntrinsicElements' exists.
src/pages/Imports.tsx(79,11): error TS7026: JSX element implicitly has type 'any' because no interface 'JSX.IntrinsicElements' exists.
src/pages/Imports.tsx(80,13): error TS7026: JSX element implicitly has type 'any' because no interface 'JSX.IntrinsicElements' exists.
src/pages/Imports.tsx(80,43): error TS7026: JSX element implicitly has type 'any' because no interface 'JSX.IntrinsicElements' exists.
src/pages/Imports.tsx(80,50): error TS7026: JSX element implicitly has type 'any' because no interface 'JSX.IntrinsicElements' exists.
src/pages/Imports.tsx(80,76): error TS7006: Parameter 'h' implicitly has an 'any' type.
src/pages/Imports.tsx(80,82): error TS7026: JSX element implicitly has type 'any' because no interface 'JSX.IntrinsicElements' exists.
src/pages/Imports.tsx(80,97): error TS7026: JSX element implicitly has type 'any' because no interface 'JSX.IntrinsicElements' exists.
src/pages/Imports.tsx(80,104): error TS7026: JSX element implicitly has type 'any' because no interface 'JSX.IntrinsicElements' exists.
src/pages/Imports.tsx(80,109): error TS7026: JSX element implicitly has type 'any' because no interface 'JSX.IntrinsicElements' exists.
src/pages/Imports.tsx(81,15): error TS7026: JSX element implicitly has type 'any' because no interface 'JSX.IntrinsicElements' exists.
src/pages/Imports.tsx(81,54): error TS7006: Parameter 'row' implicitly has an 'any' type.
src/pages/Imports.tsx(81,59): error TS7006: Parameter 'i' implicitly has an 'any' type.
src/pages/Imports.tsx(81,65): error TS7026: JSX element implicitly has type 'any' because no interface 'JSX.IntrinsicElements' exists.
src/pages/Imports.tsx(81,99): error TS7006: Parameter 'h' implicitly has an 'any' type.
src/pages/Imports.tsx(81,105): error TS7026: JSX element implicitly has type 'any' because no interface 'JSX.IntrinsicElements' exists.
src/pages/Imports.tsx(81,139): error TS7026: JSX element implicitly has type 'any' because no interface 'JSX.IntrinsicElements' exists.
src/pages/Imports.tsx(81,146): error TS7026: JSX element implicitly has type 'any' because no interface 'JSX.IntrinsicElements' exists.
src/pages/Imports.tsx(81,153): error TS7026: JSX element implicitly has type 'any' because no interface 'JSX.IntrinsicElements' exists.
src/pages/Imports.tsx(82,13): error TS7026: JSX element implicitly has type 'any' because no interface 'JSX.IntrinsicElements' exists.
src/pages/Imports.tsx(83,11): error TS7026: JSX element implicitly has type 'any' because no interface 'JSX.IntrinsicElements' exists.
src/pages/Imports.tsx(84,9): error TS7026: JSX element implicitly has type 'any' because no interface 'JSX.IntrinsicElements' exists.
src/pages/Imports.tsx(88,9): error TS7026: JSX element implicitly has type 'any' because no interface 'JSX.IntrinsicElements' exists.
src/pages/Imports.tsx(89,11): error TS7026: JSX element implicitly has type 'any' because no interface 'JSX.IntrinsicElements' exists.
src/pages/Imports.tsx(90,13): error TS7026: JSX element implicitly has type 'any' because no interface 'JSX.IntrinsicElements' exists.
src/pages/Imports.tsx(90,55): error TS7026: JSX element implicitly has type 'any' because no interface 'JSX.IntrinsicElements' exists.
src/pages/Imports.tsx(91,13): error TS7026: JSX element implicitly has type 'any' because no interface 'JSX.IntrinsicElements' exists.
src/pages/Imports.tsx(91,100): error TS7026: JSX element implicitly has type 'any' because no interface 'JSX.IntrinsicElements' exists.
src/pages/Imports.tsx(92,11): error TS7026: JSX element implicitly has type 'any' because no interface 'JSX.IntrinsicElements' exists.
src/pages/Imports.tsx(93,11): error TS7026: JSX element implicitly has type 'any' because no interface 'JSX.IntrinsicElements' exists.
src/pages/Imports.tsx(94,13): error TS7026: JSX element implicitly has type 'any' because no interface 'JSX.IntrinsicElements' exists.
src/pages/Imports.tsx(95,11): error TS7026: JSX element implicitly has type 'any' because no interface 'JSX.IntrinsicElements' exists.
src/pages/Imports.tsx(96,11): error TS7026: JSX element implicitly has type 'any' because no interface 'JSX.IntrinsicElements' exists.
src/pages/Imports.tsx(99,11): error TS7026: JSX element implicitly has type 'any' because no interface 'JSX.IntrinsicElements' exists.
src/pages/Imports.tsx(100,25): error TS7026: JSX element implicitly has type 'any' because no interface 'JSX.IntrinsicElements' exists.
src/pages/Imports.tsx(100,64): error TS7026: JSX element implicitly has type 'any' because no interface 'JSX.IntrinsicElements' exists.
src/pages/Imports.tsx(101,11): error TS7026: JSX element implicitly has type 'any' because no interface 'JSX.IntrinsicElements' exists.
src/pages/Imports.tsx(103,11): error TS7026: JSX element implicitly has type 'any' because no interface 'JSX.IntrinsicElements' exists.
src/pages/Imports.tsx(104,9): error TS7026: JSX element implicitly has type 'any' because no interface 'JSX.IntrinsicElements' exists.
src/pages/Imports.tsx(108,5): error TS7026: JSX element implicitly has type 'any' because no interface 'JSX.IntrinsicElements' exists.
src/pages/Imports.tsx(156,5): error TS7026: JSX element implicitly has type 'any' because no interface 'JSX.IntrinsicElements' exists.
src/pages/Imports.tsx(157,7): error TS7026: JSX element implicitly has type 'any' because no interface 'JSX.IntrinsicElements' exists.
src/pages/Imports.tsx(158,9): error TS7026: JSX element implicitly has type 'any' because no interface 'JSX.IntrinsicElements' exists.
src/pages/Imports.tsx(158,46): error TS7026: JSX element implicitly has type 'any' because no interface 'JSX.IntrinsicElements' exists.
src/pages/Imports.tsx(158,101): error TS7026: JSX element implicitly has type 'any' because no interface 'JSX.IntrinsicElements' exists.
src/pages/Imports.tsx(158,107): error TS7026: JSX element implicitly has type 'any' because no interface 'JSX.IntrinsicElements' exists.
src/pages/Imports.tsx(158,155): error TS7026: JSX element implicitly has type 'any' because no interface 'JSX.IntrinsicElements' exists.
src/pages/Imports.tsx(158,161): error TS7026: JSX element implicitly has type 'any' because no interface 'JSX.IntrinsicElements' exists.
src/pages/Imports.tsx(159,9): error TS7026: JSX element implicitly has type 'any' because no interface 'JSX.IntrinsicElements' exists.
src/pages/Imports.tsx(159,46): error TS7026: JSX element implicitly has type 'any' because no interface 'JSX.IntrinsicElements' exists.
src/pages/Imports.tsx(159,127): error TS7026: JSX element implicitly has type 'any' because no interface 'JSX.IntrinsicElements' exists.
src/pages/Imports.tsx(159,133): error TS7026: JSX element implicitly has type 'any' because no interface 'JSX.IntrinsicElements' exists.
src/pages/Imports.tsx(159,173): error TS7026: JSX element implicitly has type 'any' because no interface 'JSX.IntrinsicElements' exists.
src/pages/Imports.tsx(159,179): error TS7026: JSX element implicitly has type 'any' because no interface 'JSX.IntrinsicElements' exists.
src/pages/Imports.tsx(160,9): error TS7026: JSX element implicitly has type 'any' because no interface 'JSX.IntrinsicElements' exists.
src/pages/Imports.tsx(160,46): error TS7026: JSX element implicitly has type 'any' because no interface 'JSX.IntrinsicElements' exists.
src/pages/Imports.tsx(160,85): error TS7026: JSX element implicitly has type 'any' because no interface 'JSX.IntrinsicElements' exists.
src/pages/Imports.tsx(160,91): error TS7026: JSX element implicitly has type 'any' because no interface 'JSX.IntrinsicElements' exists.
src/pages/Imports.tsx(160,137): error TS7026: JSX element implicitly has type 'any' because no interface 'JSX.IntrinsicElements' exists.
src/pages/Imports.tsx(160,143): error TS7026: JSX element implicitly has type 'any' because no interface 'JSX.IntrinsicElements' exists.
src/pages/Imports.tsx(161,7): error TS7026: JSX element implicitly has type 'any' because no interface 'JSX.IntrinsicElements' exists.
src/pages/Imports.tsx(162,7): error TS7026: JSX element implicitly has type 'any' because no interface 'JSX.IntrinsicElements' exists.
src/pages/Imports.tsx(163,9): error TS7026: JSX element implicitly has type 'any' because no interface 'JSX.IntrinsicElements' exists.
src/pages/Imports.tsx(164,11): error TS7026: JSX element implicitly has type 'any' because no interface 'JSX.IntrinsicElements' exists.
src/pages/Imports.tsx(164,16): error TS7026: JSX element implicitly has type 'any' because no interface 'JSX.IntrinsicElements' exists.
src/pages/Imports.tsx(164,45): error TS7026: JSX element implicitly has type 'any' because no interface 'JSX.IntrinsicElements' exists.
src/pages/Imports.tsx(164,54): error TS7026: JSX element implicitly has type 'any' because no interface 'JSX.IntrinsicElements' exists.
src/pages/Imports.tsx(164,217): error TS7026: JSX element implicitly has type 'any' because no interface 'JSX.IntrinsicElements' exists.
src/pages/Imports.tsx(164,223): error TS7026: JSX element implicitly has type 'any' because no interface 'JSX.IntrinsicElements' exists.
src/pages/Imports.tsx(165,11): error TS7026: JSX element implicitly has type 'any' because no interface 'JSX.IntrinsicElements' exists.
src/pages/Imports.tsx(165,46): error TS7026: JSX element implicitly has type 'any' because no interface 'JSX.IntrinsicElements' exists.
src/pages/Imports.tsx(166,9): error TS7026: JSX element implicitly has type 'any' because no interface 'JSX.IntrinsicElements' exists.
src/pages/Imports.tsx(167,9): error TS7026: JSX element implicitly has type 'any' because no interface 'JSX.IntrinsicElements' exists.
src/pages/Imports.tsx(172,20): error TS7026: JSX element implicitly has type 'any' because no interface 'JSX.IntrinsicElements' exists.
src/pages/Imports.tsx(173,13): error TS7026: JSX element implicitly has type 'any' because no interface 'JSX.IntrinsicElements' exists.
src/pages/Imports.tsx(173,29): error TS7026: JSX element implicitly has type 'any' because no interface 'JSX.IntrinsicElements' exists.
src/pages/Imports.tsx(174,13): error TS7026: JSX element implicitly has type 'any' because no interface 'JSX.IntrinsicElements' exists.
src/pages/Imports.tsx(174,117): error TS7026: JSX element implicitly has type 'any' because no interface 'JSX.IntrinsicElements' exists.
src/pages/Imports.tsx(175,13): error TS7026: JSX element implicitly has type 'any' because no interface 'JSX.IntrinsicElements' exists.
src/pages/Imports.tsx(175,153): error TS7026: JSX element implicitly has type 'any' because no interface 'JSX.IntrinsicElements' exists.
src/pages/Imports.tsx(176,13): error TS7026: JSX element implicitly has type 'any' because no interface 'JSX.IntrinsicElements' exists.
src/pages/Imports.tsx(176,110): error TS7026: JSX element implicitly has type 'any' because no interface 'JSX.IntrinsicElements' exists.
src/pages/Imports.tsx(176,200): error TS7026: JSX element implicitly has type 'any' because no interface 'JSX.IntrinsicElements' exists.
src/pages/Imports.tsx(177,13): error TS7026: JSX element implicitly has type 'any' because no interface 'JSX.IntrinsicElements' exists.
src/pages/Imports.tsx(177,130): error TS7026: JSX element implicitly has type 'any' because no interface 'JSX.IntrinsicElements' exists.
src/pages/Imports.tsx(178,11): error TS7026: JSX element implicitly has type 'any' because no interface 'JSX.IntrinsicElements' exists.
src/pages/Imports.tsx(179,9): error TS7026: JSX element implicitly has type 'any' because no interface 'JSX.IntrinsicElements' exists.
src/pages/Imports.tsx(180,9): error TS7026: JSX element implicitly has type 'any' because no interface 'JSX.IntrinsicElements' exists.
src/pages/Imports.tsx(180,285): error TS7026: JSX element implicitly has type 'any' because no interface 'JSX.IntrinsicElements' exists.
src/pages/Imports.tsx(181,7): error TS7026: JSX element implicitly has type 'any' because no interface 'JSX.IntrinsicElements' exists.
src/pages/Imports.tsx(182,7): error TS7026: JSX element implicitly has type 'any' because no interface 'JSX.IntrinsicElements' exists.
src/pages/Imports.tsx(183,7): error TS7026: JSX element implicitly has type 'any' because no interface 'JSX.IntrinsicElements' exists.
src/pages/Imports.tsx(183,31): error TS7026: JSX element implicitly has type 'any' because no interface 'JSX.IntrinsicElements' exists.
src/pages/Imports.tsx(184,17): error TS7026: JSX element implicitly has type 'any' because no interface 'JSX.IntrinsicElements' exists.
src/pages/Imports.tsx(184,91): error TS7026: JSX element implicitly has type 'any' because no interface 'JSX.IntrinsicElements' exists.
src/pages/Imports.tsx(185,7): error TS7026: JSX element implicitly has type 'any' because no interface 'JSX.IntrinsicElements' exists.
src/pages/Imports.tsx(186,9): error TS7026: JSX element implicitly has type 'any' because no interface 'JSX.IntrinsicElements' exists.
src/pages/Imports.tsx(186,16): error TS7026: JSX element implicitly has type 'any' because no interface 'JSX.IntrinsicElements' exists.
src/pages/Imports.tsx(186,20): error TS7026: JSX element implicitly has type 'any' because no interface 'JSX.IntrinsicElements' exists.
src/pages/Imports.tsx(186,28): error TS7026: JSX element implicitly has type 'any' because no interface 'JSX.IntrinsicElements' exists.
src/pages/Imports.tsx(186,33): error TS7026: JSX element implicitly has type 'any' because no interface 'JSX.IntrinsicElements' exists.
src/pages/Imports.tsx(186,45): error TS7026: JSX element implicitly has type 'any' because no interface 'JSX.IntrinsicElements' exists.
src/pages/Imports.tsx(186,50): error TS7026: JSX element implicitly has type 'any' because no interface 'JSX.IntrinsicElements' exists.
src/pages/Imports.tsx(186,59): error TS7026: JSX element implicitly has type 'any' because no interface 'JSX.IntrinsicElements' exists.
src/pages/Imports.tsx(186,64): error TS7026: JSX element implicitly has type 'any' because no interface 'JSX.IntrinsicElements' exists.
src/pages/Imports.tsx(186,76): error TS7026: JSX element implicitly has type 'any' because no interface 'JSX.IntrinsicElements' exists.
src/pages/Imports.tsx(186,81): error TS7026: JSX element implicitly has type 'any' because no interface 'JSX.IntrinsicElements' exists.
src/pages/Imports.tsx(186,87): error TS7026: JSX element implicitly has type 'any' because no interface 'JSX.IntrinsicElements' exists.
src/pages/Imports.tsx(186,92): error TS7026: JSX element implicitly has type 'any' because no interface 'JSX.IntrinsicElements' exists.
src/pages/Imports.tsx(186,104): error TS7026: JSX element implicitly has type 'any' because no interface 'JSX.IntrinsicElements' exists.
src/pages/Imports.tsx(186,109): error TS7026: JSX element implicitly has type 'any' because no interface 'JSX.IntrinsicElements' exists.
src/pages/Imports.tsx(186,125): error TS7026: JSX element implicitly has type 'any' because no interface 'JSX.IntrinsicElements' exists.
src/pages/Imports.tsx(186,130): error TS7026: JSX element implicitly has type 'any' because no interface 'JSX.IntrinsicElements' exists.
src/pages/Imports.tsx(186,140): error TS7026: JSX element implicitly has type 'any' because no interface 'JSX.IntrinsicElements' exists.
src/pages/Imports.tsx(186,145): error TS7026: JSX element implicitly has type 'any' because no interface 'JSX.IntrinsicElements' exists.
src/pages/Imports.tsx(186,149): error TS7026: JSX element implicitly has type 'any' because no interface 'JSX.IntrinsicElements' exists.
src/pages/Imports.tsx(186,154): error TS7026: JSX element implicitly has type 'any' because no interface 'JSX.IntrinsicElements' exists.
src/pages/Imports.tsx(186,159): error TS7026: JSX element implicitly has type 'any' because no interface 'JSX.IntrinsicElements' exists.
src/pages/Imports.tsx(187,9): error TS7026: JSX element implicitly has type 'any' because no interface 'JSX.IntrinsicElements' exists.
src/pages/Imports.tsx(189,13): error TS7026: JSX element implicitly has type 'any' because no interface 'JSX.IntrinsicElements' exists.
src/pages/Imports.tsx(189,17): error TS7026: JSX element implicitly has type 'any' because no interface 'JSX.IntrinsicElements' exists.
src/pages/Imports.tsx(189,115): error TS7026: JSX element implicitly has type 'any' because no interface 'JSX.IntrinsicElements' exists.
src/pages/Imports.tsx(189,120): error TS7026: JSX element implicitly has type 'any' because no interface 'JSX.IntrinsicElements' exists.
src/pages/Imports.tsx(191,25): error TS7006: Parameter 'b' implicitly has an 'any' type.
src/pages/Imports.tsx(192,13): error TS7026: JSX element implicitly has type 'any' because no interface 'JSX.IntrinsicElements' exists.
src/pages/Imports.tsx(193,15): error TS7026: JSX element implicitly has type 'any' because no interface 'JSX.IntrinsicElements' exists.
src/pages/Imports.tsx(193,19): error TS7026: JSX element implicitly has type 'any' because no interface 'JSX.IntrinsicElements' exists.
src/pages/Imports.tsx(193,61): error TS7026: JSX element implicitly has type 'any' because no interface 'JSX.IntrinsicElements' exists.
src/pages/Imports.tsx(193,68): error TS7026: JSX element implicitly has type 'any' because no interface 'JSX.IntrinsicElements' exists.
src/pages/Imports.tsx(194,15): error TS7026: JSX element implicitly has type 'any' because no interface 'JSX.IntrinsicElements' exists.
src/pages/Imports.tsx(194,52): error TS7026: JSX element implicitly has type 'any' because no interface 'JSX.IntrinsicElements' exists.
src/pages/Imports.tsx(195,15): error TS7026: JSX element implicitly has type 'any' because no interface 'JSX.IntrinsicElements' exists.
src/pages/Imports.tsx(197,19): error TS7026: JSX element implicitly has type 'any' because no interface 'JSX.IntrinsicElements' exists.
src/pages/Imports.tsx(198,21): error TS7026: JSX element implicitly has type 'any' because no interface 'JSX.IntrinsicElements' exists.
src/pages/Imports.tsx(198,58): error TS7006: Parameter 'e' implicitly has an 'any' type.
src/pages/Imports.tsx(199,21): error TS7026: JSX element implicitly has type 'any' because no interface 'JSX.IntrinsicElements' exists.
src/pages/Imports.tsx(199,115): error TS7026: JSX element implicitly has type 'any' because no interface 'JSX.IntrinsicElements' exists.
src/pages/Imports.tsx(200,19): error TS7026: JSX element implicitly has type 'any' because no interface 'JSX.IntrinsicElements' exists.
src/pages/Imports.tsx(202,19): error TS7026: JSX element implicitly has type 'any' because no interface 'JSX.IntrinsicElements' exists.
src/pages/Imports.tsx(203,33): error TS7026: JSX element implicitly has type 'any' because no interface 'JSX.IntrinsicElements' exists.
src/pages/Imports.tsx(203,84): error TS7026: JSX element implicitly has type 'any' because no interface 'JSX.IntrinsicElements' exists.
src/pages/Imports.tsx(204,19): error TS7026: JSX element implicitly has type 'any' because no interface 'JSX.IntrinsicElements' exists.
src/pages/Imports.tsx(206,15): error TS7026: JSX element implicitly has type 'any' because no interface 'JSX.IntrinsicElements' exists.
src/pages/Imports.tsx(207,15): error TS7026: JSX element implicitly has type 'any' because no interface 'JSX.IntrinsicElements' exists.
src/pages/Imports.tsx(207,61): error TS7026: JSX element implicitly has type 'any' because no interface 'JSX.IntrinsicElements' exists.
src/pages/Imports.tsx(208,15): error TS7026: JSX element implicitly has type 'any' because no interface 'JSX.IntrinsicElements' exists.
src/pages/Imports.tsx(208,34): error TS7026: JSX element implicitly has type 'any' because no interface 'JSX.IntrinsicElements' exists.
src/pages/Imports.tsx(209,15): error TS7026: JSX element implicitly has type 'any' because no interface 'JSX.IntrinsicElements' exists.
src/pages/Imports.tsx(209,36): error TS7026: JSX element implicitly has type 'any' because no interface 'JSX.IntrinsicElements' exists.
src/pages/Imports.tsx(210,15): error TS7026: JSX element implicitly has type 'any' because no interface 'JSX.IntrinsicElements' exists.
src/pages/Imports.tsx(210,40): error TS7026: JSX element implicitly has type 'any' because no interface 'JSX.IntrinsicElements' exists.
src/pages/Imports.tsx(211,15): error TS7026: JSX element implicitly has type 'any' because no interface 'JSX.IntrinsicElements' exists.
src/pages/Imports.tsx(211,19): error TS7026: JSX element implicitly has type 'any' because no interface 'JSX.IntrinsicElements' exists.
src/pages/Imports.tsx(211,150): error TS7026: JSX element implicitly has type 'any' because no interface 'JSX.IntrinsicElements' exists.
src/pages/Imports.tsx(211,177): error TS7026: JSX element implicitly has type 'any' because no interface 'JSX.IntrinsicElements' exists.
src/pages/Imports.tsx(211,269): error TS7026: JSX element implicitly has type 'any' because no interface 'JSX.IntrinsicElements' exists.
src/pages/Imports.tsx(211,276): error TS7026: JSX element implicitly has type 'any' because no interface 'JSX.IntrinsicElements' exists.
src/pages/Imports.tsx(212,15): error TS7026: JSX element implicitly has type 'any' because no interface 'JSX.IntrinsicElements' exists.
src/pages/Imports.tsx(213,17): error TS7026: JSX element implicitly has type 'any' because no interface 'JSX.IntrinsicElements' exists.
src/pages/Imports.tsx(213,107): error TS7026: JSX element implicitly has type 'any' because no interface 'JSX.IntrinsicElements' exists.
src/pages/Imports.tsx(214,29): error TS7026: JSX element implicitly has type 'any' because no interface 'JSX.IntrinsicElements' exists.
src/pages/Imports.tsx(214,138): error TS7026: JSX element implicitly has type 'any' because no interface 'JSX.IntrinsicElements' exists.
src/pages/Imports.tsx(215,15): error TS7026: JSX element implicitly has type 'any' because no interface 'JSX.IntrinsicElements' exists.
src/pages/Imports.tsx(216,13): error TS7026: JSX element implicitly has type 'any' because no interface 'JSX.IntrinsicElements' exists.
src/pages/Imports.tsx(218,9): error TS7026: JSX element implicitly has type 'any' because no interface 'JSX.IntrinsicElements' exists.
src/pages/Imports.tsx(219,7): error TS7026: JSX element implicitly has type 'any' because no interface 'JSX.IntrinsicElements' exists.
src/pages/Imports.tsx(223,11): error TS7026: JSX element implicitly has type 'any' because no interface 'JSX.IntrinsicElements' exists.
src/pages/Imports.tsx(224,24): error TS7006: Parameter 'r' implicitly has an 'any' type.
src/pages/Imports.tsx(225,15): error TS7026: JSX element implicitly has type 'any' because no interface 'JSX.IntrinsicElements' exists.
src/pages/Imports.tsx(227,15): error TS7026: JSX element implicitly has type 'any' because no interface 'JSX.IntrinsicElements' exists.
src/pages/Imports.tsx(229,11): error TS7026: JSX element implicitly has type 'any' because no interface 'JSX.IntrinsicElements' exists.
src/pages/Imports.tsx(232,7): error TS7026: JSX element implicitly has type 'any' because no interface 'JSX.IntrinsicElements' exists.
src/pages/Imports.tsx(233,5): error TS7026: JSX element implicitly has type 'any' because no interface 'JSX.IntrinsicElements' exists.
src/pages/LeadTimeTab.tsx(30,21): error TS7026: JSX element implicitly has type 'any' because no interface 'JSX.IntrinsicElements' exists.
src/pages/LeadTimeTab.tsx(30,21): error TS2875: This JSX tag requires the module path 'react/jsx-runtime' to exist, but none could be found. Make sure you have types for the appropriate package installed.
src/pages/LeadTimeTab.tsx(30,67): error TS7026: JSX element implicitly has type 'any' because no interface 'JSX.IntrinsicElements' exists.
src/pages/LeadTimeTab.tsx(31,21): error TS7026: JSX element implicitly has type 'any' because no interface 'JSX.IntrinsicElements' exists.
src/pages/LeadTimeTab.tsx(31,36): error TS7026: JSX element implicitly has type 'any' because no interface 'JSX.IntrinsicElements' exists.
src/pages/LeadTimeTab.tsx(34,5): error TS7026: JSX element implicitly has type 'any' because no interface 'JSX.IntrinsicElements' exists.
src/pages/LeadTimeTab.tsx(41,7): error TS7026: JSX element implicitly has type 'any' because no interface 'JSX.IntrinsicElements' exists.
src/pages/LeadTimeTab.tsx(46,7): error TS7026: JSX element implicitly has type 'any' because no interface 'JSX.IntrinsicElements' exists.
src/pages/LeadTimeTab.tsx(48,7): error TS7026: JSX element implicitly has type 'any' because no interface 'JSX.IntrinsicElements' exists.
src/pages/LeadTimeTab.tsx(51,7): error TS7026: JSX element implicitly has type 'any' because no interface 'JSX.IntrinsicElements' exists.
src/pages/LeadTimeTab.tsx(53,7): error TS7026: JSX element implicitly has type 'any' because no interface 'JSX.IntrinsicElements' exists.
src/pages/LeadTimeTab.tsx(55,7): error TS7026: JSX element implicitly has type 'any' because no interface 'JSX.IntrinsicElements' exists.
src/pages/LeadTimeTab.tsx(58,5): error TS7026: JSX element implicitly has type 'any' because no interface 'JSX.IntrinsicElements' exists.
src/pages/LocationKnowledge.tsx(1,45): error TS2307: Cannot find module 'react' or its corresponding type declarations.
src/pages/LocationKnowledge.tsx(30,56): error TS7006: Parameter 'x' implicitly has an 'any' type.
src/pages/LocationKnowledge.tsx(30,82): error TS7006: Parameter 'f' implicitly has an 'any' type.
src/pages/LocationKnowledge.tsx(31,10): error TS7026: JSX element implicitly has type 'any' because no interface 'JSX.IntrinsicElements' exists.
src/pages/LocationKnowledge.tsx(31,10): error TS2875: This JSX tag requires the module path 'react/jsx-runtime' to exist, but none could be found. Make sure you have types for the appropriate package installed.
src/pages/LocationKnowledge.tsx(32,5): error TS7026: JSX element implicitly has type 'any' because no interface 'JSX.IntrinsicElements' exists.
src/pages/LocationKnowledge.tsx(32,35): error TS7026: JSX element implicitly has type 'any' because no interface 'JSX.IntrinsicElements' exists.
src/pages/LocationKnowledge.tsx(33,5): error TS7026: JSX element implicitly has type 'any' because no interface 'JSX.IntrinsicElements' exists.
src/pages/LocationKnowledge.tsx(33,255): error TS7026: JSX element implicitly has type 'any' because no interface 'JSX.IntrinsicElements' exists.
src/pages/LocationKnowledge.tsx(34,5): error TS7026: JSX element implicitly has type 'any' because no interface 'JSX.IntrinsicElements' exists.
src/pages/LocationKnowledge.tsx(35,7): error TS7026: JSX element implicitly has type 'any' because no interface 'JSX.IntrinsicElements' exists.
src/pages/LocationKnowledge.tsx(35,44): error TS7026: JSX element implicitly has type 'any' because no interface 'JSX.IntrinsicElements' exists.
src/pages/LocationKnowledge.tsx(36,7): error TS7026: JSX element implicitly has type 'any' because no interface 'JSX.IntrinsicElements' exists.
src/pages/LocationKnowledge.tsx(36,235): error TS7026: JSX element implicitly has type 'any' because no interface 'JSX.IntrinsicElements' exists.
src/pages/LocationKnowledge.tsx(37,7): error TS7026: JSX element implicitly has type 'any' because no interface 'JSX.IntrinsicElements' exists.
src/pages/LocationKnowledge.tsx(38,21): error TS7026: JSX element implicitly has type 'any' because no interface 'JSX.IntrinsicElements' exists.
src/pages/LocationKnowledge.tsx(38,87): error TS7026: JSX element implicitly has type 'any' because no interface 'JSX.IntrinsicElements' exists.
src/pages/LocationKnowledge.tsx(39,21): error TS7026: JSX element implicitly has type 'any' because no interface 'JSX.IntrinsicElements' exists.
src/pages/LocationKnowledge.tsx(39,128): error TS7026: JSX element implicitly has type 'any' because no interface 'JSX.IntrinsicElements' exists.
src/pages/LocationKnowledge.tsx(40,9): error TS7026: JSX element implicitly has type 'any' because no interface 'JSX.IntrinsicElements' exists.
src/pages/LocationKnowledge.tsx(40,296): error TS7026: JSX element implicitly has type 'any' because no interface 'JSX.IntrinsicElements' exists.
src/pages/LocationKnowledge.tsx(41,9): error TS7026: JSX element implicitly has type 'any' because no interface 'JSX.IntrinsicElements' exists.
src/pages/LocationKnowledge.tsx(42,21): error TS7026: JSX element implicitly has type 'any' because no interface 'JSX.IntrinsicElements' exists.
src/pages/LocationKnowledge.tsx(42,84): error TS7026: JSX element implicitly has type 'any' because no interface 'JSX.IntrinsicElements' exists.
src/pages/LocationKnowledge.tsx(42,184): error TS7026: JSX element implicitly has type 'any' because no interface 'JSX.IntrinsicElements' exists.
src/pages/LocationKnowledge.tsx(43,23): error TS7026: JSX element implicitly has type 'any' because no interface 'JSX.IntrinsicElements' exists.
src/pages/LocationKnowledge.tsx(43,98): error TS7026: JSX element implicitly has type 'any' because no interface 'JSX.IntrinsicElements' exists.
src/pages/LocationKnowledge.tsx(43,209): error TS7026: JSX element implicitly has type 'any' because no interface 'JSX.IntrinsicElements' exists.
src/pages/LocationKnowledge.tsx(45,7): error TS7026: JSX element implicitly has type 'any' because no interface 'JSX.IntrinsicElements' exists.
src/pages/LocationKnowledge.tsx(46,16): error TS7026: JSX element implicitly has type 'any' because no interface 'JSX.IntrinsicElements' exists.
src/pages/LocationKnowledge.tsx(46,81): error TS7026: JSX element implicitly has type 'any' because no interface 'JSX.IntrinsicElements' exists.
src/pages/LocationKnowledge.tsx(46,153): error TS7026: JSX element implicitly has type 'any' because no interface 'JSX.IntrinsicElements' exists.
src/pages/LocationKnowledge.tsx(46,160): error TS7026: JSX element implicitly has type 'any' because no interface 'JSX.IntrinsicElements' exists.
src/pages/LocationKnowledge.tsx(46,215): error TS7026: JSX element implicitly has type 'any' because no interface 'JSX.IntrinsicElements' exists.
src/pages/LocationKnowledge.tsx(46,222): error TS7026: JSX element implicitly has type 'any' because no interface 'JSX.IntrinsicElements' exists.
src/pages/LocationKnowledge.tsx(46,292): error TS7026: JSX element implicitly has type 'any' because no interface 'JSX.IntrinsicElements' exists.
src/pages/LocationKnowledge.tsx(46,299): error TS7026: JSX element implicitly has type 'any' because no interface 'JSX.IntrinsicElements' exists.
src/pages/LocationKnowledge.tsx(46,371): error TS7026: JSX element implicitly has type 'any' because no interface 'JSX.IntrinsicElements' exists.
src/pages/LocationKnowledge.tsx(46,378): error TS7026: JSX element implicitly has type 'any' because no interface 'JSX.IntrinsicElements' exists.
src/pages/LocationKnowledge.tsx(47,17): error TS7026: JSX element implicitly has type 'any' because no interface 'JSX.IntrinsicElements' exists.
src/pages/LocationKnowledge.tsx(47,95): error TS7026: JSX element implicitly has type 'any' because no interface 'JSX.IntrinsicElements' exists.
src/pages/LocationKnowledge.tsx(47,110): error TS7026: JSX element implicitly has type 'any' because no interface 'JSX.IntrinsicElements' exists.
src/pages/LocationKnowledge.tsx(47,176): error TS7026: JSX element implicitly has type 'any' because no interface 'JSX.IntrinsicElements' exists.
src/pages/LocationKnowledge.tsx(48,5): error TS7026: JSX element implicitly has type 'any' because no interface 'JSX.IntrinsicElements' exists.
src/pages/LocationKnowledge.tsx(49,5): error TS7026: JSX element implicitly has type 'any' because no interface 'JSX.IntrinsicElements' exists.
src/pages/LocationKnowledge.tsx(50,7): error TS7026: JSX element implicitly has type 'any' because no interface 'JSX.IntrinsicElements' exists.
src/pages/LocationKnowledge.tsx(50,80): error TS7026: JSX element implicitly has type 'any' because no interface 'JSX.IntrinsicElements' exists.
src/pages/LocationKnowledge.tsx(50,146): error TS7026: JSX element implicitly has type 'any' because no interface 'JSX.IntrinsicElements' exists.
src/pages/LocationKnowledge.tsx(50,155): error TS7026: JSX element implicitly has type 'any' because no interface 'JSX.IntrinsicElements' exists.
src/pages/LocationKnowledge.tsx(50,187): error TS7006: Parameter 'e' implicitly has an 'any' type.
src/pages/LocationKnowledge.tsx(50,228): error TS7006: Parameter 'e' implicitly has an 'any' type.
src/pages/LocationKnowledge.tsx(50,344): error TS7026: JSX element implicitly has type 'any' because no interface 'JSX.IntrinsicElements' exists.
src/pages/LocationKnowledge.tsx(50,403): error TS7026: JSX element implicitly has type 'any' because no interface 'JSX.IntrinsicElements' exists.
src/pages/LocationKnowledge.tsx(50,412): error TS7026: JSX element implicitly has type 'any' because no interface 'JSX.IntrinsicElements' exists.
src/pages/LocationKnowledge.tsx(51,7): error TS7026: JSX element implicitly has type 'any' because no interface 'JSX.IntrinsicElements' exists.
src/pages/LocationKnowledge.tsx(51,37): error TS7026: JSX element implicitly has type 'any' because no interface 'JSX.IntrinsicElements' exists.
src/pages/LocationKnowledge.tsx(51,44): error TS7026: JSX element implicitly has type 'any' because no interface 'JSX.IntrinsicElements' exists.
src/pages/LocationKnowledge.tsx(51,48): error TS7026: JSX element implicitly has type 'any' because no interface 'JSX.IntrinsicElements' exists.
src/pages/LocationKnowledge.tsx(51,60): error TS7026: JSX element implicitly has type 'any' because no interface 'JSX.IntrinsicElements' exists.
src/pages/LocationKnowledge.tsx(51,65): error TS7026: JSX element implicitly has type 'any' because no interface 'JSX.IntrinsicElements' exists.
src/pages/LocationKnowledge.tsx(51,80): error TS7026: JSX element implicitly has type 'any' because no interface 'JSX.IntrinsicElements' exists.
src/pages/LocationKnowledge.tsx(51,85): error TS7026: JSX element implicitly has type 'any' because no interface 'JSX.IntrinsicElements' exists.
src/pages/LocationKnowledge.tsx(51,111): error TS7026: JSX element implicitly has type 'any' because no interface 'JSX.IntrinsicElements' exists.
src/pages/LocationKnowledge.tsx(51,116): error TS7026: JSX element implicitly has type 'any' because no interface 'JSX.IntrinsicElements' exists.
src/pages/LocationKnowledge.tsx(51,129): error TS7026: JSX element implicitly has type 'any' because no interface 'JSX.IntrinsicElements' exists.
src/pages/LocationKnowledge.tsx(51,134): error TS7026: JSX element implicitly has type 'any' because no interface 'JSX.IntrinsicElements' exists.
src/pages/LocationKnowledge.tsx(51,147): error TS7026: JSX element implicitly has type 'any' because no interface 'JSX.IntrinsicElements' exists.
src/pages/LocationKnowledge.tsx(51,152): error TS7026: JSX element implicitly has type 'any' because no interface 'JSX.IntrinsicElements' exists.
src/pages/LocationKnowledge.tsx(51,160): error TS7026: JSX element implicitly has type 'any' because no interface 'JSX.IntrinsicElements' exists.
src/pages/LocationKnowledge.tsx(51,165): error TS7026: JSX element implicitly has type 'any' because no interface 'JSX.IntrinsicElements' exists.
src/pages/LocationKnowledge.tsx(51,183): error TS7026: JSX element implicitly has type 'any' because no interface 'JSX.IntrinsicElements' exists.
src/pages/LocationKnowledge.tsx(51,188): error TS7026: JSX element implicitly has type 'any' because no interface 'JSX.IntrinsicElements' exists.
src/pages/LocationKnowledge.tsx(51,202): error TS7026: JSX element implicitly has type 'any' because no interface 'JSX.IntrinsicElements' exists.
src/pages/LocationKnowledge.tsx(51,207): error TS7026: JSX element implicitly has type 'any' because no interface 'JSX.IntrinsicElements' exists.
src/pages/LocationKnowledge.tsx(51,220): error TS7026: JSX element implicitly has type 'any' because no interface 'JSX.IntrinsicElements' exists.
src/pages/LocationKnowledge.tsx(51,225): error TS7026: JSX element implicitly has type 'any' because no interface 'JSX.IntrinsicElements' exists.
src/pages/LocationKnowledge.tsx(51,240): error TS7026: JSX element implicitly has type 'any' because no interface 'JSX.IntrinsicElements' exists.
src/pages/LocationKnowledge.tsx(51,245): error TS7026: JSX element implicitly has type 'any' because no interface 'JSX.IntrinsicElements' exists.
src/pages/LocationKnowledge.tsx(51,255): error TS7026: JSX element implicitly has type 'any' because no interface 'JSX.IntrinsicElements' exists.
src/pages/LocationKnowledge.tsx(51,260): error TS7026: JSX element implicitly has type 'any' because no interface 'JSX.IntrinsicElements' exists.
src/pages/LocationKnowledge.tsx(51,270): error TS7026: JSX element implicitly has type 'any' because no interface 'JSX.IntrinsicElements' exists.
src/pages/LocationKnowledge.tsx(51,275): error TS7026: JSX element implicitly has type 'any' because no interface 'JSX.IntrinsicElements' exists.
src/pages/LocationKnowledge.tsx(51,287): error TS7026: JSX element implicitly has type 'any' because no interface 'JSX.IntrinsicElements' exists.
src/pages/LocationKnowledge.tsx(51,292): error TS7026: JSX element implicitly has type 'any' because no interface 'JSX.IntrinsicElements' exists.
src/pages/LocationKnowledge.tsx(51,302): error TS7026: JSX element implicitly has type 'any' because no interface 'JSX.IntrinsicElements' exists.
src/pages/LocationKnowledge.tsx(51,307): error TS7026: JSX element implicitly has type 'any' because no interface 'JSX.IntrinsicElements' exists.
src/pages/LocationKnowledge.tsx(51,318): error TS7026: JSX element implicitly has type 'any' because no interface 'JSX.IntrinsicElements' exists.
src/pages/LocationKnowledge.tsx(51,323): error TS7026: JSX element implicitly has type 'any' because no interface 'JSX.IntrinsicElements' exists.
src/pages/LocationKnowledge.tsx(51,328): error TS7026: JSX element implicitly has type 'any' because no interface 'JSX.IntrinsicElements' exists.
src/pages/LocationKnowledge.tsx(52,7): error TS7026: JSX element implicitly has type 'any' because no interface 'JSX.IntrinsicElements' exists.
src/pages/LocationKnowledge.tsx(52,32): error TS7026: JSX element implicitly has type 'any' because no interface 'JSX.IntrinsicElements' exists.
src/pages/LocationKnowledge.tsx(52,36): error TS7026: JSX element implicitly has type 'any' because no interface 'JSX.IntrinsicElements' exists.
src/pages/LocationKnowledge.tsx(52,140): error TS7026: JSX element implicitly has type 'any' because no interface 'JSX.IntrinsicElements' exists.
src/pages/LocationKnowledge.tsx(52,145): error TS7026: JSX element implicitly has type 'any' because no interface 'JSX.IntrinsicElements' exists.
src/pages/LocationKnowledge.tsx(52,161): error TS7006: Parameter 'r' implicitly has an 'any' type.
src/pages/LocationKnowledge.tsx(52,164): error TS7026: JSX element implicitly has type 'any' because no interface 'JSX.IntrinsicElements' exists.
src/pages/LocationKnowledge.tsx(52,179): error TS7026: JSX element implicitly has type 'any' because no interface 'JSX.IntrinsicElements' exists.
src/pages/LocationKnowledge.tsx(52,183): error TS7026: JSX element implicitly has type 'any' because no interface 'JSX.IntrinsicElements' exists.
src/pages/LocationKnowledge.tsx(52,208): error TS7026: JSX element implicitly has type 'any' because no interface 'JSX.IntrinsicElements' exists.
src/pages/LocationKnowledge.tsx(52,217): error TS7026: JSX element implicitly has type 'any' because no interface 'JSX.IntrinsicElements' exists.
src/pages/LocationKnowledge.tsx(52,222): error TS7026: JSX element implicitly has type 'any' because no interface 'JSX.IntrinsicElements' exists.
src/pages/LocationKnowledge.tsx(52,289): error TS7026: JSX element implicitly has type 'any' because no interface 'JSX.IntrinsicElements' exists.
src/pages/LocationKnowledge.tsx(52,294): error TS7026: JSX element implicitly has type 'any' because no interface 'JSX.IntrinsicElements' exists.
src/pages/LocationKnowledge.tsx(52,357): error TS7026: JSX element implicitly has type 'any' because no interface 'JSX.IntrinsicElements' exists.
src/pages/LocationKnowledge.tsx(52,362): error TS7026: JSX element implicitly has type 'any' because no interface 'JSX.IntrinsicElements' exists.
src/pages/LocationKnowledge.tsx(52,366): error TS7026: JSX element implicitly has type 'any' because no interface 'JSX.IntrinsicElements' exists.
src/pages/LocationKnowledge.tsx(52,406): error TS7026: JSX element implicitly has type 'any' because no interface 'JSX.IntrinsicElements' exists.
src/pages/LocationKnowledge.tsx(52,413): error TS7026: JSX element implicitly has type 'any' because no interface 'JSX.IntrinsicElements' exists.
src/pages/LocationKnowledge.tsx(52,418): error TS7026: JSX element implicitly has type 'any' because no interface 'JSX.IntrinsicElements' exists.
src/pages/LocationKnowledge.tsx(52,435): error TS7026: JSX element implicitly has type 'any' because no interface 'JSX.IntrinsicElements' exists.
src/pages/LocationKnowledge.tsx(52,440): error TS7026: JSX element implicitly has type 'any' because no interface 'JSX.IntrinsicElements' exists.
src/pages/LocationKnowledge.tsx(52,458): error TS7026: JSX element implicitly has type 'any' because no interface 'JSX.IntrinsicElements' exists.
src/pages/LocationKnowledge.tsx(52,463): error TS7026: JSX element implicitly has type 'any' because no interface 'JSX.IntrinsicElements' exists.
src/pages/LocationKnowledge.tsx(52,490): error TS7026: JSX element implicitly has type 'any' because no interface 'JSX.IntrinsicElements' exists.
src/pages/LocationKnowledge.tsx(52,495): error TS7026: JSX element implicitly has type 'any' because no interface 'JSX.IntrinsicElements' exists.
src/pages/LocationKnowledge.tsx(52,523): error TS7026: JSX element implicitly has type 'any' because no interface 'JSX.IntrinsicElements' exists.
src/pages/LocationKnowledge.tsx(52,528): error TS7026: JSX element implicitly has type 'any' because no interface 'JSX.IntrinsicElements' exists.
src/pages/LocationKnowledge.tsx(52,555): error TS7026: JSX element implicitly has type 'any' because no interface 'JSX.IntrinsicElements' exists.
src/pages/LocationKnowledge.tsx(52,560): error TS7026: JSX element implicitly has type 'any' because no interface 'JSX.IntrinsicElements' exists.
src/pages/LocationKnowledge.tsx(52,584): error TS7026: JSX element implicitly has type 'any' because no interface 'JSX.IntrinsicElements' exists.
src/pages/LocationKnowledge.tsx(52,589): error TS7026: JSX element implicitly has type 'any' because no interface 'JSX.IntrinsicElements' exists.
src/pages/LocationKnowledge.tsx(52,649): error TS7026: JSX element implicitly has type 'any' because no interface 'JSX.IntrinsicElements' exists.
src/pages/LocationKnowledge.tsx(52,654): error TS7026: JSX element implicitly has type 'any' because no interface 'JSX.IntrinsicElements' exists.
src/pages/LocationKnowledge.tsx(52,731): error TS7026: JSX element implicitly has type 'any' because no interface 'JSX.IntrinsicElements' exists.
src/pages/LocationKnowledge.tsx(52,736): error TS7026: JSX element implicitly has type 'any' because no interface 'JSX.IntrinsicElements' exists.
src/pages/LocationKnowledge.tsx(52,813): error TS7026: JSX element implicitly has type 'any' because no interface 'JSX.IntrinsicElements' exists.
src/pages/LocationKnowledge.tsx(52,818): error TS7026: JSX element implicitly has type 'any' because no interface 'JSX.IntrinsicElements' exists.
src/pages/LocationKnowledge.tsx(52,854): error TS7026: JSX element implicitly has type 'any' because no interface 'JSX.IntrinsicElements' exists.
src/pages/LocationKnowledge.tsx(52,859): error TS7026: JSX element implicitly has type 'any' because no interface 'JSX.IntrinsicElements' exists.
src/pages/LocationKnowledge.tsx(52,903): error TS7026: JSX element implicitly has type 'any' because no interface 'JSX.IntrinsicElements' exists.
src/pages/LocationKnowledge.tsx(52,958): error TS7026: JSX element implicitly has type 'any' because no interface 'JSX.IntrinsicElements' exists.
src/pages/LocationKnowledge.tsx(52,978): error TS7026: JSX element implicitly has type 'any' because no interface 'JSX.IntrinsicElements' exists.
src/pages/LocationKnowledge.tsx(52,1071): error TS7026: JSX element implicitly has type 'any' because no interface 'JSX.IntrinsicElements' exists.
src/pages/LocationKnowledge.tsx(52,1081): error TS7026: JSX element implicitly has type 'any' because no interface 'JSX.IntrinsicElements' exists.
src/pages/LocationKnowledge.tsx(52,1086): error TS7026: JSX element implicitly has type 'any' because no interface 'JSX.IntrinsicElements' exists.
src/pages/LocationKnowledge.tsx(52,1093): error TS7026: JSX element implicitly has type 'any' because no interface 'JSX.IntrinsicElements' exists.
src/pages/LocationKnowledge.tsx(52,1101): error TS7026: JSX element implicitly has type 'any' because no interface 'JSX.IntrinsicElements' exists.
src/pages/LocationKnowledge.tsx(53,5): error TS7026: JSX element implicitly has type 'any' because no interface 'JSX.IntrinsicElements' exists.
src/pages/LocationKnowledge.tsx(54,15): error TS7026: JSX element implicitly has type 'any' because no interface 'JSX.IntrinsicElements' exists.
src/pages/LocationKnowledge.tsx(54,192): error TS7026: JSX element implicitly has type 'any' because no interface 'JSX.IntrinsicElements' exists.
src/pages/LocationKnowledge.tsx(54,287): error TS7026: JSX element implicitly has type 'any' because no interface 'JSX.IntrinsicElements' exists.
src/pages/LocationKnowledge.tsx(54,349): error TS7026: JSX element implicitly has type 'any' because no interface 'JSX.IntrinsicElements' exists.
src/pages/LocationKnowledge.tsx(54,354): error TS7026: JSX element implicitly has type 'any' because no interface 'JSX.IntrinsicElements' exists.
src/pages/LocationKnowledge.tsx(55,7): error TS7026: JSX element implicitly has type 'any' because no interface 'JSX.IntrinsicElements' exists.
src/pages/LocationKnowledge.tsx(55,22): error TS7026: JSX element implicitly has type 'any' because no interface 'JSX.IntrinsicElements' exists.
src/pages/LocationKnowledge.tsx(55,66): error TS7006: Parameter 'e' implicitly has an 'any' type.
src/pages/LocationKnowledge.tsx(55,119): error TS7026: JSX element implicitly has type 'any' because no interface 'JSX.IntrinsicElements' exists.
src/pages/LocationKnowledge.tsx(56,7): error TS7026: JSX element implicitly has type 'any' because no interface 'JSX.IntrinsicElements' exists.
src/pages/LocationKnowledge.tsx(56,23): error TS7026: JSX element implicitly has type 'any' because no interface 'JSX.IntrinsicElements' exists.
src/pages/LocationKnowledge.tsx(56,64): error TS7006: Parameter 'e' implicitly has an 'any' type.
src/pages/LocationKnowledge.tsx(56,96): error TS7026: JSX element implicitly has type 'any' because no interface 'JSX.IntrinsicElements' exists.
src/pages/LocationKnowledge.tsx(56,130): error TS7026: JSX element implicitly has type 'any' because no interface 'JSX.IntrinsicElements' exists.
src/pages/LocationKnowledge.tsx(56,150): error TS7006: Parameter 'a' implicitly has an 'any' type.
src/pages/LocationKnowledge.tsx(56,153): error TS7026: JSX element implicitly has type 'any' because no interface 'JSX.IntrinsicElements' exists.
src/pages/LocationKnowledge.tsx(56,206): error TS7026: JSX element implicitly has type 'any' because no interface 'JSX.IntrinsicElements' exists.
src/pages/LocationKnowledge.tsx(56,217): error TS7026: JSX element implicitly has type 'any' because no interface 'JSX.IntrinsicElements' exists.
src/pages/LocationKnowledge.tsx(56,226): error TS7026: JSX element implicitly has type 'any' because no interface 'JSX.IntrinsicElements' exists.
src/pages/LocationKnowledge.tsx(57,7): error TS7026: JSX element implicitly has type 'any' because no interface 'JSX.IntrinsicElements' exists.
src/pages/LocationKnowledge.tsx(57,63): error TS7026: JSX element implicitly has type 'any' because no interface 'JSX.IntrinsicElements' exists.
src/pages/LocationKnowledge.tsx(57,108): error TS7006: Parameter 'e' implicitly has an 'any' type.
src/pages/LocationKnowledge.tsx(57,159): error TS7026: JSX element implicitly has type 'any' because no interface 'JSX.IntrinsicElements' exists.
src/pages/LocationKnowledge.tsx(58,7): error TS7026: JSX element implicitly has type 'any' because no interface 'JSX.IntrinsicElements' exists.
src/pages/LocationKnowledge.tsx(58,64): error TS7026: JSX element implicitly has type 'any' because no interface 'JSX.IntrinsicElements' exists.
src/pages/LocationKnowledge.tsx(58,105): error TS7006: Parameter 'e' implicitly has an 'any' type.
src/pages/LocationKnowledge.tsx(58,152): error TS7026: JSX element implicitly has type 'any' because no interface 'JSX.IntrinsicElements' exists.
src/pages/LocationKnowledge.tsx(59,7): error TS7026: JSX element implicitly has type 'any' because no interface 'JSX.IntrinsicElements' exists.
src/pages/LocationKnowledge.tsx(59,23): error TS7026: JSX element implicitly has type 'any' because no interface 'JSX.IntrinsicElements' exists.
src/pages/LocationKnowledge.tsx(59,63): error TS7026: JSX element implicitly has type 'any' because no interface 'JSX.IntrinsicElements' exists.
src/pages/LocationKnowledge.tsx(59,71): error TS7026: JSX element implicitly has type 'any' because no interface 'JSX.IntrinsicElements' exists.
src/pages/LocationKnowledge.tsx(59,92): error TS7026: JSX element implicitly has type 'any' because no interface 'JSX.IntrinsicElements' exists.
src/pages/LocationKnowledge.tsx(59,137): error TS7006: Parameter 'e' implicitly has an 'any' type.
src/pages/LocationKnowledge.tsx(59,191): error TS7026: JSX element implicitly has type 'any' because no interface 'JSX.IntrinsicElements' exists.
src/pages/LocationKnowledge.tsx(60,7): error TS7026: JSX element implicitly has type 'any' because no interface 'JSX.IntrinsicElements' exists.
src/pages/LocationKnowledge.tsx(60,29): error TS7026: JSX element implicitly has type 'any' because no interface 'JSX.IntrinsicElements' exists.
src/pages/LocationKnowledge.tsx(60,87): error TS7006: Parameter 'e' implicitly has an 'any' type.
src/pages/LocationKnowledge.tsx(60,142): error TS7026: JSX element implicitly has type 'any' because no interface 'JSX.IntrinsicElements' exists.
src/pages/LocationKnowledge.tsx(60,150): error TS7026: JSX element implicitly has type 'any' because no interface 'JSX.IntrinsicElements' exists.
src/pages/LocationKnowledge.tsx(60,171): error TS7026: JSX element implicitly has type 'any' because no interface 'JSX.IntrinsicElements' exists.
src/pages/LocationKnowledge.tsx(60,228): error TS7006: Parameter 'e' implicitly has an 'any' type.
src/pages/LocationKnowledge.tsx(60,282): error TS7026: JSX element implicitly has type 'any' because no interface 'JSX.IntrinsicElements' exists.
src/pages/LocationKnowledge.tsx(61,7): error TS7026: JSX element implicitly has type 'any' because no interface 'JSX.IntrinsicElements' exists.
src/pages/LocationKnowledge.tsx(61,24): error TS7026: JSX element implicitly has type 'any' because no interface 'JSX.IntrinsicElements' exists.
src/pages/LocationKnowledge.tsx(61,87): error TS7006: Parameter 'e' implicitly has an 'any' type.
src/pages/LocationKnowledge.tsx(61,145): error TS7026: JSX element implicitly has type 'any' because no interface 'JSX.IntrinsicElements' exists.
src/pages/LocationKnowledge.tsx(61,153): error TS7026: JSX element implicitly has type 'any' because no interface 'JSX.IntrinsicElements' exists.
src/pages/LocationKnowledge.tsx(61,177): error TS7026: JSX element implicitly has type 'any' because no interface 'JSX.IntrinsicElements' exists.
src/pages/LocationKnowledge.tsx(61,219): error TS7006: Parameter 'e' implicitly has an 'any' type.
src/pages/LocationKnowledge.tsx(61,303): error TS7026: JSX element implicitly has type 'any' because no interface 'JSX.IntrinsicElements' exists.
src/pages/LocationKnowledge.tsx(62,7): error TS7026: JSX element implicitly has type 'any' because no interface 'JSX.IntrinsicElements' exists.
src/pages/LocationKnowledge.tsx(62,26): error TS7026: JSX element implicitly has type 'any' because no interface 'JSX.IntrinsicElements' exists.
src/pages/LocationKnowledge.tsx(62,74): error TS7006: Parameter 'e' implicitly has an 'any' type.
src/pages/LocationKnowledge.tsx(62,119): error TS7026: JSX element implicitly has type 'any' because no interface 'JSX.IntrinsicElements' exists.
src/pages/LocationKnowledge.tsx(62,127): error TS7026: JSX element implicitly has type 'any' because no interface 'JSX.IntrinsicElements' exists.
src/pages/LocationKnowledge.tsx(62,144): error TS7026: JSX element implicitly has type 'any' because no interface 'JSX.IntrinsicElements' exists.
src/pages/LocationKnowledge.tsx(62,192): error TS7006: Parameter 'e' implicitly has an 'any' type.
src/pages/LocationKnowledge.tsx(62,237): error TS7026: JSX element implicitly has type 'any' because no interface 'JSX.IntrinsicElements' exists.
src/pages/LocationKnowledge.tsx(63,7): error TS7026: JSX element implicitly has type 'any' because no interface 'JSX.IntrinsicElements' exists.
src/pages/LocationKnowledge.tsx(63,28): error TS7026: JSX element implicitly has type 'any' because no interface 'JSX.IntrinsicElements' exists.
src/pages/LocationKnowledge.tsx(63,76): error TS7006: Parameter 'e' implicitly has an 'any' type.
src/pages/LocationKnowledge.tsx(63,121): error TS7026: JSX element implicitly has type 'any' because no interface 'JSX.IntrinsicElements' exists.
src/pages/LocationKnowledge.tsx(63,129): error TS7026: JSX element implicitly has type 'any' because no interface 'JSX.IntrinsicElements' exists.
src/pages/LocationKnowledge.tsx(63,148): error TS7026: JSX element implicitly has type 'any' because no interface 'JSX.IntrinsicElements' exists.
src/pages/LocationKnowledge.tsx(63,196): error TS7006: Parameter 'e' implicitly has an 'any' type.
src/pages/LocationKnowledge.tsx(63,241): error TS7026: JSX element implicitly has type 'any' because no interface 'JSX.IntrinsicElements' exists.
src/pages/LocationKnowledge.tsx(64,7): error TS7026: JSX element implicitly has type 'any' because no interface 'JSX.IntrinsicElements' exists.
src/pages/LocationKnowledge.tsx(64,26): error TS7026: JSX element implicitly has type 'any' because no interface 'JSX.IntrinsicElements' exists.
src/pages/LocationKnowledge.tsx(64,73): error TS7006: Parameter 'e' implicitly has an 'any' type.
src/pages/LocationKnowledge.tsx(64,117): error TS7026: JSX element implicitly has type 'any' because no interface 'JSX.IntrinsicElements' exists.
src/pages/LocationKnowledge.tsx(64,125): error TS7026: JSX element implicitly has type 'any' because no interface 'JSX.IntrinsicElements' exists.
src/pages/LocationKnowledge.tsx(64,142): error TS7026: JSX element implicitly has type 'any' because no interface 'JSX.IntrinsicElements' exists.
src/pages/LocationKnowledge.tsx(64,189): error TS7006: Parameter 'e' implicitly has an 'any' type.
src/pages/LocationKnowledge.tsx(64,233): error TS7026: JSX element implicitly has type 'any' because no interface 'JSX.IntrinsicElements' exists.
src/pages/LocationKnowledge.tsx(65,7): error TS7026: JSX element implicitly has type 'any' because no interface 'JSX.IntrinsicElements' exists.
src/pages/LocationKnowledge.tsx(65,28): error TS7026: JSX element implicitly has type 'any' because no interface 'JSX.IntrinsicElements' exists.
src/pages/LocationKnowledge.tsx(65,75): error TS7006: Parameter 'e' implicitly has an 'any' type.
src/pages/LocationKnowledge.tsx(65,119): error TS7026: JSX element implicitly has type 'any' because no interface 'JSX.IntrinsicElements' exists.
src/pages/LocationKnowledge.tsx(65,127): error TS7026: JSX element implicitly has type 'any' because no interface 'JSX.IntrinsicElements' exists.
src/pages/LocationKnowledge.tsx(65,146): error TS7026: JSX element implicitly has type 'any' because no interface 'JSX.IntrinsicElements' exists.
src/pages/LocationKnowledge.tsx(65,193): error TS7006: Parameter 'e' implicitly has an 'any' type.
src/pages/LocationKnowledge.tsx(65,237): error TS7026: JSX element implicitly has type 'any' because no interface 'JSX.IntrinsicElements' exists.
src/pages/LocationKnowledge.tsx(66,7): error TS7026: JSX element implicitly has type 'any' because no interface 'JSX.IntrinsicElements' exists.
src/pages/LocationKnowledge.tsx(66,65): error TS7026: JSX element implicitly has type 'any' because no interface 'JSX.IntrinsicElements' exists.
src/pages/LocationKnowledge.tsx(66,121): error TS7006: Parameter 'e' implicitly has an 'any' type.
src/pages/LocationKnowledge.tsx(66,184): error TS7026: JSX element implicitly has type 'any' because no interface 'JSX.IntrinsicElements' exists.
src/pages/LocationKnowledge.tsx(66,192): error TS7026: JSX element implicitly has type 'any' because no interface 'JSX.IntrinsicElements' exists.
src/pages/LocationKnowledge.tsx(66,250): error TS7026: JSX element implicitly has type 'any' because no interface 'JSX.IntrinsicElements' exists.
src/pages/LocationKnowledge.tsx(66,306): error TS7006: Parameter 'e' implicitly has an 'any' type.
src/pages/LocationKnowledge.tsx(66,371): error TS7026: JSX element implicitly has type 'any' because no interface 'JSX.IntrinsicElements' exists.
src/pages/LocationKnowledge.tsx(67,7): error TS7026: JSX element implicitly has type 'any' because no interface 'JSX.IntrinsicElements' exists.
src/pages/LocationKnowledge.tsx(67,58): error TS7026: JSX element implicitly has type 'any' because no interface 'JSX.IntrinsicElements' exists.
src/pages/LocationKnowledge.tsx(67,100): error TS7006: Parameter 'e' implicitly has an 'any' type.
src/pages/LocationKnowledge.tsx(67,205): error TS7026: JSX element implicitly has type 'any' because no interface 'JSX.IntrinsicElements' exists.
src/pages/LocationKnowledge.tsx(67,213): error TS7026: JSX element implicitly has type 'any' because no interface 'JSX.IntrinsicElements' exists.
src/pages/LocationKnowledge.tsx(67,271): error TS7026: JSX element implicitly has type 'any' because no interface 'JSX.IntrinsicElements' exists.
src/pages/LocationKnowledge.tsx(67,329): error TS7006: Parameter 'e' implicitly has an 'any' type.
src/pages/LocationKnowledge.tsx(67,387): error TS7026: JSX element implicitly has type 'any' because no interface 'JSX.IntrinsicElements' exists.
src/pages/LocationKnowledge.tsx(68,5): error TS7026: JSX element implicitly has type 'any' because no interface 'JSX.IntrinsicElements' exists.
src/pages/LocationKnowledge.tsx(68,11): error TS7026: JSX element implicitly has type 'any' because no interface 'JSX.IntrinsicElements' exists.
src/pages/LocationKnowledge.tsx(68,86): error TS7026: JSX element implicitly has type 'any' because no interface 'JSX.IntrinsicElements' exists.
src/pages/LocationKnowledge.tsx(68,148): error TS7026: JSX element implicitly has type 'any' because no interface 'JSX.IntrinsicElements' exists.
src/pages/LocationKnowledge.tsx(68,157): error TS7026: JSX element implicitly has type 'any' because no interface 'JSX.IntrinsicElements' exists.
src/pages/LocationKnowledge.tsx(68,246): error TS7026: JSX element implicitly has type 'any' because no interface 'JSX.IntrinsicElements' exists.
src/pages/LocationKnowledge.tsx(68,255): error TS7026: JSX element implicitly has type 'any' because no interface 'JSX.IntrinsicElements' exists.
src/pages/LocationKnowledge.tsx(68,261): error TS7026: JSX element implicitly has type 'any' because no interface 'JSX.IntrinsicElements' exists.
src/pages/LocationKnowledge.tsx(68,267): error TS7026: JSX element implicitly has type 'any' because no interface 'JSX.IntrinsicElements' exists.
src/pages/LocationKnowledge.tsx(69,17): error TS7026: JSX element implicitly has type 'any' because no interface 'JSX.IntrinsicElements' exists.
src/pages/LocationKnowledge.tsx(69,194): error TS7026: JSX element implicitly has type 'any' because no interface 'JSX.IntrinsicElements' exists.
src/pages/LocationKnowledge.tsx(69,256): error TS7026: JSX element implicitly has type 'any' because no interface 'JSX.IntrinsicElements' exists.
src/pages/LocationKnowledge.tsx(69,317): error TS7026: JSX element implicitly has type 'any' because no interface 'JSX.IntrinsicElements' exists.
src/pages/LocationKnowledge.tsx(69,322): error TS7026: JSX element implicitly has type 'any' because no interface 'JSX.IntrinsicElements' exists.
src/pages/LocationKnowledge.tsx(69,505): error TS7026: JSX element implicitly has type 'any' because no interface 'JSX.IntrinsicElements' exists.
src/pages/LocationKnowledge.tsx(69,509): error TS7026: JSX element implicitly has type 'any' because no interface 'JSX.IntrinsicElements' exists.
src/pages/LocationKnowledge.tsx(69,604): error TS7006: Parameter 'e' implicitly has an 'any' type.
src/pages/LocationKnowledge.tsx(69,647): error TS7006: Parameter 'e' implicitly has an 'any' type.
src/pages/LocationKnowledge.tsx(69,687): error TS7026: JSX element implicitly has type 'any' because no interface 'JSX.IntrinsicElements' exists.
src/pages/LocationKnowledge.tsx(69,762): error TS7026: JSX element implicitly has type 'any' because no interface 'JSX.IntrinsicElements' exists.
src/pages/LocationKnowledge.tsx(69,844): error TS7026: JSX element implicitly has type 'any' because no interface 'JSX.IntrinsicElements' exists.
src/pages/LocationKnowledge.tsx(69,853): error TS7026: JSX element implicitly has type 'any' because no interface 'JSX.IntrinsicElements' exists.
src/pages/LocationKnowledge.tsx(69,968): error TS7026: JSX element implicitly has type 'any' because no interface 'JSX.IntrinsicElements' exists.
src/pages/LocationKnowledge.tsx(69,977): error TS7026: JSX element implicitly has type 'any' because no interface 'JSX.IntrinsicElements' exists.
src/pages/LocationKnowledge.tsx(69,983): error TS7026: JSX element implicitly has type 'any' because no interface 'JSX.IntrinsicElements' exists.
src/pages/LocationKnowledge.tsx(69,989): error TS7026: JSX element implicitly has type 'any' because no interface 'JSX.IntrinsicElements' exists.
src/pages/LocationKnowledge.tsx(70,3): error TS7026: JSX element implicitly has type 'any' because no interface 'JSX.IntrinsicElements' exists.
src/pages/NotSuppliedTab.tsx(10,21): error TS7026: JSX element implicitly has type 'any' because no interface 'JSX.IntrinsicElements' exists.
src/pages/NotSuppliedTab.tsx(10,21): error TS2875: This JSX tag requires the module path 'react/jsx-runtime' to exist, but none could be found. Make sure you have types for the appropriate package installed.
src/pages/NotSuppliedTab.tsx(10,67): error TS7026: JSX element implicitly has type 'any' because no interface 'JSX.IntrinsicElements' exists.
src/pages/NotSuppliedTab.tsx(11,21): error TS7026: JSX element implicitly has type 'any' because no interface 'JSX.IntrinsicElements' exists.
src/pages/NotSuppliedTab.tsx(11,36): error TS7026: JSX element implicitly has type 'any' because no interface 'JSX.IntrinsicElements' exists.
src/pages/NotSuppliedTab.tsx(13,5): error TS7026: JSX element implicitly has type 'any' because no interface 'JSX.IntrinsicElements' exists.
src/pages/NotSuppliedTab.tsx(15,5): error TS7026: JSX element implicitly has type 'any' because no interface 'JSX.IntrinsicElements' exists.
src/pages/OrderSummaryTab.tsx(10,21): error TS7026: JSX element implicitly has type 'any' because no interface 'JSX.IntrinsicElements' exists.
src/pages/OrderSummaryTab.tsx(10,21): error TS2875: This JSX tag requires the module path 'react/jsx-runtime' to exist, but none could be found. Make sure you have types for the appropriate package installed.
src/pages/OrderSummaryTab.tsx(10,67): error TS7026: JSX element implicitly has type 'any' because no interface 'JSX.IntrinsicElements' exists.
src/pages/OrderSummaryTab.tsx(11,21): error TS7026: JSX element implicitly has type 'any' because no interface 'JSX.IntrinsicElements' exists.
src/pages/OrderSummaryTab.tsx(11,36): error TS7026: JSX element implicitly has type 'any' because no interface 'JSX.IntrinsicElements' exists.
src/pages/PriceChangeManager.tsx(1,42): error TS2307: Cannot find module 'react' or its corresponding type declarations.
src/pages/PriceChangeManager.tsx(2,28): error TS2307: Cannot find module 'react-dom' or its corresponding type declarations.
src/pages/PriceChangeManager.tsx(3,30): error TS2307: Cannot find module 'react' or its corresponding type declarations.
src/pages/PriceChangeManager.tsx(4,128): error TS2307: Cannot find module 'lucide-react' or its corresponding type declarations.
src/pages/PriceChangeManager.tsx(14,179): error TS7026: JSX element implicitly has type 'any' because no interface 'JSX.IntrinsicElements' exists.
src/pages/PriceChangeManager.tsx(14,179): error TS2875: This JSX tag requires the module path 'react/jsx-runtime' to exist, but none could be found. Make sure you have types for the appropriate package installed.
src/pages/PriceChangeManager.tsx(14,207): error TS7026: JSX element implicitly has type 'any' because no interface 'JSX.IntrinsicElements' exists.
src/pages/PriceChangeManager.tsx(14,365): error TS7026: JSX element implicitly has type 'any' because no interface 'JSX.IntrinsicElements' exists.
src/pages/PriceChangeManager.tsx(14,453): error TS7026: JSX element implicitly has type 'any' because no interface 'JSX.IntrinsicElements' exists.
src/pages/PriceChangeManager.tsx(14,458): error TS7026: JSX element implicitly has type 'any' because no interface 'JSX.IntrinsicElements' exists.
src/pages/PriceChangeManager.tsx(14,495): error TS7026: JSX element implicitly has type 'any' because no interface 'JSX.IntrinsicElements' exists.
src/pages/PriceChangeManager.tsx(14,515): error TS7026: JSX element implicitly has type 'any' because no interface 'JSX.IntrinsicElements' exists.
src/pages/PriceChangeManager.tsx(14,570): error TS7026: JSX element implicitly has type 'any' because no interface 'JSX.IntrinsicElements' exists.
src/pages/PriceChangeManager.tsx(14,577): error TS7026: JSX element implicitly has type 'any' because no interface 'JSX.IntrinsicElements' exists.
src/pages/PriceChangeManager.tsx(14,583): error TS7026: JSX element implicitly has type 'any' because no interface 'JSX.IntrinsicElements' exists.
src/pages/PriceChangeManager.tsx(14,659): error TS7026: JSX element implicitly has type 'any' because no interface 'JSX.IntrinsicElements' exists.
src/pages/PriceChangeManager.tsx(14,690): error TS7026: JSX element implicitly has type 'any' because no interface 'JSX.IntrinsicElements' exists.
src/pages/PriceChangeManager.tsx(14,799): error TS7026: JSX element implicitly has type 'any' because no interface 'JSX.IntrinsicElements' exists.
src/pages/PriceChangeManager.tsx(14,805): error TS7026: JSX element implicitly has type 'any' because no interface 'JSX.IntrinsicElements' exists.
src/pages/PriceChangeManager.tsx(14,811): error TS7026: JSX element implicitly has type 'any' because no interface 'JSX.IntrinsicElements' exists.
src/pages/PriceChangeManager.tsx(14,827): error TS7026: JSX element implicitly has type 'any' because no interface 'JSX.IntrinsicElements' exists.
src/pages/PriceChangeManager.tsx(14,865): error TS7026: JSX element implicitly has type 'any' because no interface 'JSX.IntrinsicElements' exists.
src/pages/PriceChangeManager.tsx(14,872): error TS7026: JSX element implicitly has type 'any' because no interface 'JSX.IntrinsicElements' exists.
src/pages/PriceChangeManager.tsx(23,313): error TS7006: Parameter 'x' implicitly has an 'any' type.
src/pages/PriceChangeManager.tsx(67,9): error TS7026: JSX element implicitly has type 'any' because no interface 'JSX.IntrinsicElements' exists.
src/pages/PriceChangeManager.tsx(68,3): error TS7026: JSX element implicitly has type 'any' because no interface 'JSX.IntrinsicElements' exists.
src/pages/PriceChangeManager.tsx(69,4): error TS7026: JSX element implicitly has type 'any' because no interface 'JSX.IntrinsicElements' exists.
src/pages/PriceChangeManager.tsx(70,5): error TS7026: JSX element implicitly has type 'any' because no interface 'JSX.IntrinsicElements' exists.
src/pages/PriceChangeManager.tsx(70,62): error TS7026: JSX element implicitly has type 'any' because no interface 'JSX.IntrinsicElements' exists.
src/pages/PriceChangeManager.tsx(70,67): error TS7026: JSX element implicitly has type 'any' because no interface 'JSX.IntrinsicElements' exists.
src/pages/PriceChangeManager.tsx(70,167): error TS7026: JSX element implicitly has type 'any' because no interface 'JSX.IntrinsicElements' exists.
src/pages/PriceChangeManager.tsx(70,173): error TS7026: JSX element implicitly has type 'any' because no interface 'JSX.IntrinsicElements' exists.
src/pages/PriceChangeManager.tsx(70,233): error TS7026: JSX element implicitly has type 'any' because no interface 'JSX.IntrinsicElements' exists.
src/pages/PriceChangeManager.tsx(70,238): error TS7026: JSX element implicitly has type 'any' because no interface 'JSX.IntrinsicElements' exists.
src/pages/PriceChangeManager.tsx(70,411): error TS7026: JSX element implicitly has type 'any' because no interface 'JSX.IntrinsicElements' exists.
src/pages/PriceChangeManager.tsx(70,417): error TS7026: JSX element implicitly has type 'any' because no interface 'JSX.IntrinsicElements' exists.
src/pages/PriceChangeManager.tsx(70,423): error TS7026: JSX element implicitly has type 'any' because no interface 'JSX.IntrinsicElements' exists.
src/pages/PriceChangeManager.tsx(71,5): error TS7026: JSX element implicitly has type 'any' because no interface 'JSX.IntrinsicElements' exists.
src/pages/PriceChangeManager.tsx(71,1100): error TS7026: JSX element implicitly has type 'any' because no interface 'JSX.IntrinsicElements' exists.
src/pages/PriceChangeManager.tsx(72,4): error TS7026: JSX element implicitly has type 'any' because no interface 'JSX.IntrinsicElements' exists.
src/pages/PriceChangeManager.tsx(73,21): error TS7026: JSX element implicitly has type 'any' because no interface 'JSX.IntrinsicElements' exists.
src/pages/PriceChangeManager.tsx(73,125): error TS7026: JSX element implicitly has type 'any' because no interface 'JSX.IntrinsicElements' exists.
src/pages/PriceChangeManager.tsx(74,3): error TS7026: JSX element implicitly has type 'any' because no interface 'JSX.IntrinsicElements' exists.
src/pages/PriceChangeManager.tsx(75,3): error TS7026: JSX element implicitly has type 'any' because no interface 'JSX.IntrinsicElements' exists.
src/pages/PriceChangeManager.tsx(76,4): error TS7026: JSX element implicitly has type 'any' because no interface 'JSX.IntrinsicElements' exists.
src/pages/PriceChangeManager.tsx(76,88): error TS7026: JSX element implicitly has type 'any' because no interface 'JSX.IntrinsicElements' exists.
src/pages/PriceChangeManager.tsx(76,169): error TS7026: JSX element implicitly has type 'any' because no interface 'JSX.IntrinsicElements' exists.
src/pages/PriceChangeManager.tsx(76,195): error TS7026: JSX element implicitly has type 'any' because no interface 'JSX.IntrinsicElements' exists.
src/pages/PriceChangeManager.tsx(76,204): error TS7026: JSX element implicitly has type 'any' because no interface 'JSX.IntrinsicElements' exists.
src/pages/PriceChangeManager.tsx(76,257): error TS7026: JSX element implicitly has type 'any' because no interface 'JSX.IntrinsicElements' exists.
src/pages/PriceChangeManager.tsx(76,264): error TS7026: JSX element implicitly has type 'any' because no interface 'JSX.IntrinsicElements' exists.
src/pages/PriceChangeManager.tsx(76,310): error TS7026: JSX element implicitly has type 'any' because no interface 'JSX.IntrinsicElements' exists.
src/pages/PriceChangeManager.tsx(76,390): error TS7026: JSX element implicitly has type 'any' because no interface 'JSX.IntrinsicElements' exists.
src/pages/PriceChangeManager.tsx(76,714): error TS7026: JSX element implicitly has type 'any' because no interface 'JSX.IntrinsicElements' exists.
src/pages/PriceChangeManager.tsx(76,817): error TS7026: JSX element implicitly has type 'any' because no interface 'JSX.IntrinsicElements' exists.
src/pages/PriceChangeManager.tsx(76,824): error TS7026: JSX element implicitly has type 'any' because no interface 'JSX.IntrinsicElements' exists.
src/pages/PriceChangeManager.tsx(76,833): error TS7026: JSX element implicitly has type 'any' because no interface 'JSX.IntrinsicElements' exists.
src/pages/PriceChangeManager.tsx(76,1098): error TS7006: Parameter 'e' implicitly has an 'any' type.
src/pages/PriceChangeManager.tsx(76,1571): error TS7026: JSX element implicitly has type 'any' because no interface 'JSX.IntrinsicElements' exists.
src/pages/PriceChangeManager.tsx(76,1580): error TS7026: JSX element implicitly has type 'any' because no interface 'JSX.IntrinsicElements' exists.
src/pages/PriceChangeManager.tsx(76,1588): error TS7026: JSX element implicitly has type 'any' because no interface 'JSX.IntrinsicElements' exists.
src/pages/PriceChangeManager.tsx(77,4): error TS7026: JSX element implicitly has type 'any' because no interface 'JSX.IntrinsicElements' exists.
src/pages/PriceChangeManager.tsx(78,5): error TS7026: JSX element implicitly has type 'any' because no interface 'JSX.IntrinsicElements' exists.
src/pages/PriceChangeManager.tsx(78,33): error TS7026: JSX element implicitly has type 'any' because no interface 'JSX.IntrinsicElements' exists.
src/pages/PriceChangeManager.tsx(78,134): error TS7026: JSX element implicitly has type 'any' because no interface 'JSX.IntrinsicElements' exists.
src/pages/PriceChangeManager.tsx(78,168): error TS7026: JSX element implicitly has type 'any' because no interface 'JSX.IntrinsicElements' exists.
src/pages/PriceChangeManager.tsx(78,185): error TS7026: JSX element implicitly has type 'any' because no interface 'JSX.IntrinsicElements' exists.
src/pages/PriceChangeManager.tsx(78,194): error TS7026: JSX element implicitly has type 'any' because no interface 'JSX.IntrinsicElements' exists.
src/pages/PriceChangeManager.tsx(78,234): error TS7006: Parameter 'e' implicitly has an 'any' type.
src/pages/PriceChangeManager.tsx(78,330): error TS7026: JSX element implicitly has type 'any' because no interface 'JSX.IntrinsicElements' exists.
src/pages/PriceChangeManager.tsx(78,338): error TS7026: JSX element implicitly has type 'any' because no interface 'JSX.IntrinsicElements' exists.
src/pages/PriceChangeManager.tsx(78,540): error TS7026: JSX element implicitly has type 'any' because no interface 'JSX.IntrinsicElements' exists.
src/pages/PriceChangeManager.tsx(78,546): error TS7026: JSX element implicitly has type 'any' because no interface 'JSX.IntrinsicElements' exists.
src/pages/PriceChangeManager.tsx(78,552): error TS7026: JSX element implicitly has type 'any' because no interface 'JSX.IntrinsicElements' exists.
src/pages/PriceChangeManager.tsx(78,635): error TS7026: JSX element implicitly has type 'any' because no interface 'JSX.IntrinsicElements' exists.
src/pages/PriceChangeManager.tsx(78,728): error TS7026: JSX element implicitly has type 'any' because no interface 'JSX.IntrinsicElements' exists.
src/pages/PriceChangeManager.tsx(78,738): error TS7026: JSX element implicitly has type 'any' because no interface 'JSX.IntrinsicElements' exists.
src/pages/PriceChangeManager.tsx(78,827): error TS7026: JSX element implicitly has type 'any' because no interface 'JSX.IntrinsicElements' exists.
src/pages/PriceChangeManager.tsx(78,955): error TS7026: JSX element implicitly has type 'any' because no interface 'JSX.IntrinsicElements' exists.
src/pages/PriceChangeManager.tsx(78,967): error TS7026: JSX element implicitly has type 'any' because no interface 'JSX.IntrinsicElements' exists.
src/pages/PriceChangeManager.tsx(78,1036): error TS7026: JSX element implicitly has type 'any' because no interface 'JSX.IntrinsicElements' exists.
src/pages/PriceChangeManager.tsx(78,1043): error TS7026: JSX element implicitly has type 'any' because no interface 'JSX.IntrinsicElements' exists.
src/pages/PriceChangeManager.tsx(79,191): error TS7026: JSX element implicitly has type 'any' because no interface 'JSX.IntrinsicElements' exists.
src/pages/PriceChangeManager.tsx(79,221): error TS7026: JSX element implicitly has type 'any' because no interface 'JSX.IntrinsicElements' exists.
src/pages/PriceChangeManager.tsx(79,251): error TS7026: JSX element implicitly has type 'any' because no interface 'JSX.IntrinsicElements' exists.
src/pages/PriceChangeManager.tsx(79,258): error TS7026: JSX element implicitly has type 'any' because no interface 'JSX.IntrinsicElements' exists.
src/pages/PriceChangeManager.tsx(79,262): error TS7026: JSX element implicitly has type 'any' because no interface 'JSX.IntrinsicElements' exists.
src/pages/PriceChangeManager.tsx(79,267): error TS7026: JSX element implicitly has type 'any' because no interface 'JSX.IntrinsicElements' exists.
src/pages/PriceChangeManager.tsx(79,272): error TS7026: JSX element implicitly has type 'any' because no interface 'JSX.IntrinsicElements' exists.
src/pages/PriceChangeManager.tsx(79,299): error TS7026: JSX element implicitly has type 'any' because no interface 'JSX.IntrinsicElements' exists.
src/pages/PriceChangeManager.tsx(79,304): error TS7026: JSX element implicitly has type 'any' because no interface 'JSX.IntrinsicElements' exists.
src/pages/PriceChangeManager.tsx(79,317): error TS7026: JSX element implicitly has type 'any' because no interface 'JSX.IntrinsicElements' exists.
src/pages/PriceChangeManager.tsx(79,322): error TS7026: JSX element implicitly has type 'any' because no interface 'JSX.IntrinsicElements' exists.
src/pages/PriceChangeManager.tsx(79,326): error TS7026: JSX element implicitly has type 'any' because no interface 'JSX.IntrinsicElements' exists.
src/pages/PriceChangeManager.tsx(79,331): error TS7026: JSX element implicitly has type 'any' because no interface 'JSX.IntrinsicElements' exists.
src/pages/PriceChangeManager.tsx(79,336): error TS7026: JSX element implicitly has type 'any' because no interface 'JSX.IntrinsicElements' exists.
src/pages/PriceChangeManager.tsx(79,344): error TS7026: JSX element implicitly has type 'any' because no interface 'JSX.IntrinsicElements' exists.
src/pages/PriceChangeManager.tsx(79,385): error TS7026: JSX element implicitly has type 'any' because no interface 'JSX.IntrinsicElements' exists.
src/pages/PriceChangeManager.tsx(79,400): error TS7026: JSX element implicitly has type 'any' because no interface 'JSX.IntrinsicElements' exists.
src/pages/PriceChangeManager.tsx(79,404): error TS7026: JSX element implicitly has type 'any' because no interface 'JSX.IntrinsicElements' exists.
src/pages/PriceChangeManager.tsx(79,423): error TS7026: JSX element implicitly has type 'any' because no interface 'JSX.IntrinsicElements' exists.
src/pages/PriceChangeManager.tsx(79,432): error TS7026: JSX element implicitly has type 'any' because no interface 'JSX.IntrinsicElements' exists.
src/pages/PriceChangeManager.tsx(79,437): error TS7026: JSX element implicitly has type 'any' because no interface 'JSX.IntrinsicElements' exists.
src/pages/PriceChangeManager.tsx(79,441): error TS7026: JSX element implicitly has type 'any' because no interface 'JSX.IntrinsicElements' exists.
src/pages/PriceChangeManager.tsx(79,508): error TS7006: Parameter 'e' implicitly has an 'any' type.
src/pages/PriceChangeManager.tsx(79,595): error TS7026: JSX element implicitly has type 'any' because no interface 'JSX.IntrinsicElements' exists.
src/pages/PriceChangeManager.tsx(79,600): error TS7026: JSX element implicitly has type 'any' because no interface 'JSX.IntrinsicElements' exists.
src/pages/PriceChangeManager.tsx(79,604): error TS7026: JSX element implicitly has type 'any' because no interface 'JSX.IntrinsicElements' exists.
src/pages/PriceChangeManager.tsx(79,699): error TS7006: Parameter 'e' implicitly has an 'any' type.
src/pages/PriceChangeManager.tsx(79,861): error TS7026: JSX element implicitly has type 'any' because no interface 'JSX.IntrinsicElements' exists.
src/pages/PriceChangeManager.tsx(79,866): error TS7026: JSX element implicitly has type 'any' because no interface 'JSX.IntrinsicElements' exists.
src/pages/PriceChangeManager.tsx(79,870): error TS7026: JSX element implicitly has type 'any' because no interface 'JSX.IntrinsicElements' exists.
src/pages/PriceChangeManager.tsx(79,906): error TS7026: JSX element implicitly has type 'any' because no interface 'JSX.IntrinsicElements' exists.
src/pages/PriceChangeManager.tsx(79,1113): error TS7026: JSX element implicitly has type 'any' because no interface 'JSX.IntrinsicElements' exists.
src/pages/PriceChangeManager.tsx(79,1122): error TS7026: JSX element implicitly has type 'any' because no interface 'JSX.IntrinsicElements' exists.
src/pages/PriceChangeManager.tsx(79,1293): error TS7026: JSX element implicitly has type 'any' because no interface 'JSX.IntrinsicElements' exists.
src/pages/PriceChangeManager.tsx(79,1302): error TS7026: JSX element implicitly has type 'any' because no interface 'JSX.IntrinsicElements' exists.
src/pages/PriceChangeManager.tsx(79,1308): error TS7026: JSX element implicitly has type 'any' because no interface 'JSX.IntrinsicElements' exists.
src/pages/PriceChangeManager.tsx(79,1313): error TS7026: JSX element implicitly has type 'any' because no interface 'JSX.IntrinsicElements' exists.
src/pages/PriceChangeManager.tsx(79,1320): error TS7026: JSX element implicitly has type 'any' because no interface 'JSX.IntrinsicElements' exists.
src/pages/PriceChangeManager.tsx(79,1324): error TS7026: JSX element implicitly has type 'any' because no interface 'JSX.IntrinsicElements' exists.
src/pages/PriceChangeManager.tsx(79,1380): error TS7026: JSX element implicitly has type 'any' because no interface 'JSX.IntrinsicElements' exists.
src/pages/PriceChangeManager.tsx(79,1433): error TS7026: JSX element implicitly has type 'any' because no interface 'JSX.IntrinsicElements' exists.
src/pages/PriceChangeManager.tsx(79,1440): error TS7026: JSX element implicitly has type 'any' because no interface 'JSX.IntrinsicElements' exists.
src/pages/PriceChangeManager.tsx(79,1445): error TS7026: JSX element implicitly has type 'any' because no interface 'JSX.IntrinsicElements' exists.
src/pages/PriceChangeManager.tsx(79,1451): error TS7026: JSX element implicitly has type 'any' because no interface 'JSX.IntrinsicElements' exists.
src/pages/PriceChangeManager.tsx(79,1459): error TS7026: JSX element implicitly has type 'any' because no interface 'JSX.IntrinsicElements' exists.
src/pages/PriceChangeManager.tsx(79,1467): error TS7026: JSX element implicitly has type 'any' because no interface 'JSX.IntrinsicElements' exists.
src/pages/PriceChangeManager.tsx(80,312): error TS7026: JSX element implicitly has type 'any' because no interface 'JSX.IntrinsicElements' exists.
src/pages/PriceChangeManager.tsx(80,384): error TS7026: JSX element implicitly has type 'any' because no interface 'JSX.IntrinsicElements' exists.
src/pages/PriceChangeManager.tsx(80,493): error TS7026: JSX element implicitly has type 'any' because no interface 'JSX.IntrinsicElements' exists.
src/pages/PriceChangeManager.tsx(80,526): error TS7006: Parameter 'e' implicitly has an 'any' type.
src/pages/PriceChangeManager.tsx(80,568): error TS7006: Parameter 'e' implicitly has an 'any' type.
src/pages/PriceChangeManager.tsx(80,816): error TS7026: JSX element implicitly has type 'any' because no interface 'JSX.IntrinsicElements' exists.
src/pages/PriceChangeManager.tsx(80,822): error TS7026: JSX element implicitly has type 'any' because no interface 'JSX.IntrinsicElements' exists.
src/pages/PriceChangeManager.tsx(80,828): error TS7026: JSX element implicitly has type 'any' because no interface 'JSX.IntrinsicElements' exists.
src/pages/PriceChangeManager.tsx(80,943): error TS7026: JSX element implicitly has type 'any' because no interface 'JSX.IntrinsicElements' exists.
src/pages/PriceChangeManager.tsx(80,1055): error TS7026: JSX element implicitly has type 'any' because no interface 'JSX.IntrinsicElements' exists.
src/pages/PriceChangeManager.tsx(80,1075): error TS7026: JSX element implicitly has type 'any' because no interface 'JSX.IntrinsicElements' exists.
src/pages/PriceChangeManager.tsx(80,1082): error TS7026: JSX element implicitly has type 'any' because no interface 'JSX.IntrinsicElements' exists.
src/pages/PriceChangeManager.tsx(80,1207): error TS7026: JSX element implicitly has type 'any' because no interface 'JSX.IntrinsicElements' exists.
src/pages/PriceChangeManager.tsx(80,1216): error TS7026: JSX element implicitly has type 'any' because no interface 'JSX.IntrinsicElements' exists.
src/pages/PriceChangeManager.tsx(80,1224): error TS7026: JSX element implicitly has type 'any' because no interface 'JSX.IntrinsicElements' exists.
src/pages/PriceChangeManager.tsx(80,1299): error TS7026: JSX element implicitly has type 'any' because no interface 'JSX.IntrinsicElements' exists.
src/pages/PriceChangeManager.tsx(80,1307): error TS7026: JSX element implicitly has type 'any' because no interface 'JSX.IntrinsicElements' exists.
src/pages/PriceChangeManager.tsx(81,276): error TS7026: JSX element implicitly has type 'any' because no interface 'JSX.IntrinsicElements' exists.
src/pages/PriceChangeManager.tsx(81,306): error TS7026: JSX element implicitly has type 'any' because no interface 'JSX.IntrinsicElements' exists.
src/pages/PriceChangeManager.tsx(81,424): error TS7026: JSX element implicitly has type 'any' because no interface 'JSX.IntrinsicElements' exists.
src/pages/PriceChangeManager.tsx(81,429): error TS7026: JSX element implicitly has type 'any' because no interface 'JSX.IntrinsicElements' exists.
src/pages/PriceChangeManager.tsx(81,456): error TS7026: JSX element implicitly has type 'any' because no interface 'JSX.IntrinsicElements' exists.
src/pages/PriceChangeManager.tsx(81,465): error TS7026: JSX element implicitly has type 'any' because no interface 'JSX.IntrinsicElements' exists.
src/pages/PriceChangeManager.tsx(81,471): error TS7026: JSX element implicitly has type 'any' because no interface 'JSX.IntrinsicElements' exists.
src/pages/PriceChangeManager.tsx(81,543): error TS7026: JSX element implicitly has type 'any' because no interface 'JSX.IntrinsicElements' exists.
src/pages/PriceChangeManager.tsx(81,653): error TS7026: JSX element implicitly has type 'any' because no interface 'JSX.IntrinsicElements' exists.
src/pages/PriceChangeManager.tsx(81,724): error TS7006: Parameter 'e' implicitly has an 'any' type.
src/pages/PriceChangeManager.tsx(81,793): error TS7026: JSX element implicitly has type 'any' because no interface 'JSX.IntrinsicElements' exists.
src/pages/PriceChangeManager.tsx(81,1508): error TS7026: JSX element implicitly has type 'any' because no interface 'JSX.IntrinsicElements' exists.
src/pages/PriceChangeManager.tsx(81,1514): error TS7026: JSX element implicitly has type 'any' because no interface 'JSX.IntrinsicElements' exists.
src/pages/PriceChangeManager.tsx(81,1520): error TS7026: JSX element implicitly has type 'any' because no interface 'JSX.IntrinsicElements' exists.
src/pages/PriceChangeManager.tsx(81,1550): error TS7026: JSX element implicitly has type 'any' because no interface 'JSX.IntrinsicElements' exists.
src/pages/PriceChangeManager.tsx(81,1557): error TS7026: JSX element implicitly has type 'any' because no interface 'JSX.IntrinsicElements' exists.
src/pages/PriceChangeManager.tsx(81,1561): error TS7026: JSX element implicitly has type 'any' because no interface 'JSX.IntrinsicElements' exists.
src/pages/PriceChangeManager.tsx(81,1571): error TS7026: JSX element implicitly has type 'any' because no interface 'JSX.IntrinsicElements' exists.
src/pages/PriceChangeManager.tsx(81,1576): error TS7026: JSX element implicitly has type 'any' because no interface 'JSX.IntrinsicElements' exists.
src/pages/PriceChangeManager.tsx(81,1593): error TS7026: JSX element implicitly has type 'any' because no interface 'JSX.IntrinsicElements' exists.
src/pages/PriceChangeManager.tsx(81,1598): error TS7026: JSX element implicitly has type 'any' because no interface 'JSX.IntrinsicElements' exists.
src/pages/PriceChangeManager.tsx(81,1610): error TS7026: JSX element implicitly has type 'any' because no interface 'JSX.IntrinsicElements' exists.
src/pages/PriceChangeManager.tsx(81,1615): error TS7026: JSX element implicitly has type 'any' because no interface 'JSX.IntrinsicElements' exists.
src/pages/PriceChangeManager.tsx(81,1628): error TS7026: JSX element implicitly has type 'any' because no interface 'JSX.IntrinsicElements' exists.
src/pages/PriceChangeManager.tsx(81,1633): error TS7026: JSX element implicitly has type 'any' because no interface 'JSX.IntrinsicElements' exists.
src/pages/PriceChangeManager.tsx(81,1642): error TS7026: JSX element implicitly has type 'any' because no interface 'JSX.IntrinsicElements' exists.
src/pages/PriceChangeManager.tsx(81,1647): error TS7026: JSX element implicitly has type 'any' because no interface 'JSX.IntrinsicElements' exists.
src/pages/PriceChangeManager.tsx(81,1651): error TS7026: JSX element implicitly has type 'any' because no interface 'JSX.IntrinsicElements' exists.
src/pages/PriceChangeManager.tsx(81,1656): error TS7026: JSX element implicitly has type 'any' because no interface 'JSX.IntrinsicElements' exists.
src/pages/PriceChangeManager.tsx(81,1661): error TS7026: JSX element implicitly has type 'any' because no interface 'JSX.IntrinsicElements' exists.
src/pages/PriceChangeManager.tsx(81,1669): error TS7026: JSX element implicitly has type 'any' because no interface 'JSX.IntrinsicElements' exists.
src/pages/PriceChangeManager.tsx(81,1802): error TS7026: JSX element implicitly has type 'any' because no interface 'JSX.IntrinsicElements' exists.
src/pages/PriceChangeManager.tsx(81,1817): error TS7026: JSX element implicitly has type 'any' because no interface 'JSX.IntrinsicElements' exists.
src/pages/PriceChangeManager.tsx(81,1821): error TS7026: JSX element implicitly has type 'any' because no interface 'JSX.IntrinsicElements' exists.
src/pages/PriceChangeManager.tsx(81,1859): error TS7006: Parameter 'e' implicitly has an 'any' type.
src/pages/PriceChangeManager.tsx(81,1939): error TS7026: JSX element implicitly has type 'any' because no interface 'JSX.IntrinsicElements' exists.
src/pages/PriceChangeManager.tsx(81,1990): error TS7026: JSX element implicitly has type 'any' because no interface 'JSX.IntrinsicElements' exists.
src/pages/PriceChangeManager.tsx(81,2001): error TS7026: JSX element implicitly has type 'any' because no interface 'JSX.IntrinsicElements' exists.
src/pages/PriceChangeManager.tsx(81,2010): error TS7026: JSX element implicitly has type 'any' because no interface 'JSX.IntrinsicElements' exists.
src/pages/PriceChangeManager.tsx(81,2015): error TS7026: JSX element implicitly has type 'any' because no interface 'JSX.IntrinsicElements' exists.
src/pages/PriceChangeManager.tsx(81,2019): error TS7026: JSX element implicitly has type 'any' because no interface 'JSX.IntrinsicElements' exists.
src/pages/PriceChangeManager.tsx(81,2060): error TS7006: Parameter 'e' implicitly has an 'any' type.
src/pages/PriceChangeManager.tsx(81,2157): error TS7026: JSX element implicitly has type 'any' because no interface 'JSX.IntrinsicElements' exists.
src/pages/PriceChangeManager.tsx(81,2162): error TS7026: JSX element implicitly has type 'any' because no interface 'JSX.IntrinsicElements' exists.
src/pages/PriceChangeManager.tsx(81,2166): error TS7026: JSX element implicitly has type 'any' because no interface 'JSX.IntrinsicElements' exists.
src/pages/PriceChangeManager.tsx(81,2207): error TS7006: Parameter 'e' implicitly has an 'any' type.
src/pages/PriceChangeManager.tsx(81,2294): error TS7026: JSX element implicitly has type 'any' because no interface 'JSX.IntrinsicElements' exists.
src/pages/PriceChangeManager.tsx(81,2322): error TS7026: JSX element implicitly has type 'any' because no interface 'JSX.IntrinsicElements' exists.
src/pages/PriceChangeManager.tsx(81,2360): error TS7026: JSX element implicitly has type 'any' because no interface 'JSX.IntrinsicElements' exists.
src/pages/PriceChangeManager.tsx(81,2415): error TS7026: JSX element implicitly has type 'any' because no interface 'JSX.IntrinsicElements' exists.
src/pages/PriceChangeManager.tsx(81,2426): error TS7026: JSX element implicitly has type 'any' because no interface 'JSX.IntrinsicElements' exists.
src/pages/PriceChangeManager.tsx(81,2435): error TS7026: JSX element implicitly has type 'any' because no interface 'JSX.IntrinsicElements' exists.
src/pages/PriceChangeManager.tsx(81,2440): error TS7026: JSX element implicitly has type 'any' because no interface 'JSX.IntrinsicElements' exists.
src/pages/PriceChangeManager.tsx(81,2444): error TS7026: JSX element implicitly has type 'any' because no interface 'JSX.IntrinsicElements' exists.
src/pages/PriceChangeManager.tsx(81,2481): error TS7006: Parameter 'e' implicitly has an 'any' type.
src/pages/PriceChangeManager.tsx(81,2560): error TS7026: JSX element implicitly has type 'any' because no interface 'JSX.IntrinsicElements' exists.
src/pages/PriceChangeManager.tsx(81,2565): error TS7026: JSX element implicitly has type 'any' because no interface 'JSX.IntrinsicElements' exists.
src/pages/PriceChangeManager.tsx(81,2569): error TS7026: JSX element implicitly has type 'any' because no interface 'JSX.IntrinsicElements' exists.
src/pages/PriceChangeManager.tsx(81,2655): error TS7006: Parameter 'e' implicitly has an 'any' type.
src/pages/PriceChangeManager.tsx(81,2760): error TS7026: JSX element implicitly has type 'any' because no interface 'JSX.IntrinsicElements' exists.
src/pages/PriceChangeManager.tsx(81,2841): error TS7026: JSX element implicitly has type 'any' because no interface 'JSX.IntrinsicElements' exists.
src/pages/PriceChangeManager.tsx(81,2852): error TS7026: JSX element implicitly has type 'any' because no interface 'JSX.IntrinsicElements' exists.
src/pages/PriceChangeManager.tsx(81,2861): error TS7026: JSX element implicitly has type 'any' because no interface 'JSX.IntrinsicElements' exists.
src/pages/PriceChangeManager.tsx(81,2866): error TS7026: JSX element implicitly has type 'any' because no interface 'JSX.IntrinsicElements' exists.
src/pages/PriceChangeManager.tsx(81,2870): error TS7026: JSX element implicitly has type 'any' because no interface 'JSX.IntrinsicElements' exists.
src/pages/PriceChangeManager.tsx(81,2906): error TS7026: JSX element implicitly has type 'any' because no interface 'JSX.IntrinsicElements' exists.
src/pages/PriceChangeManager.tsx(81,3070): error TS7026: JSX element implicitly has type 'any' because no interface 'JSX.IntrinsicElements' exists.
src/pages/PriceChangeManager.tsx(81,3079): error TS7026: JSX element implicitly has type 'any' because no interface 'JSX.IntrinsicElements' exists.
src/pages/PriceChangeManager.tsx(81,3275): error TS7026: JSX element implicitly has type 'any' because no interface 'JSX.IntrinsicElements' exists.
src/pages/PriceChangeManager.tsx(81,3284): error TS7026: JSX element implicitly has type 'any' because no interface 'JSX.IntrinsicElements' exists.
src/pages/PriceChangeManager.tsx(81,3290): error TS7026: JSX element implicitly has type 'any' because no interface 'JSX.IntrinsicElements' exists.
src/pages/PriceChangeManager.tsx(81,3295): error TS7026: JSX element implicitly has type 'any' because no interface 'JSX.IntrinsicElements' exists.
src/pages/PriceChangeManager.tsx(81,3305): error TS7026: JSX element implicitly has type 'any' because no interface 'JSX.IntrinsicElements' exists.
src/pages/PriceChangeManager.tsx(81,3309): error TS7026: JSX element implicitly has type 'any' because no interface 'JSX.IntrinsicElements' exists.
src/pages/PriceChangeManager.tsx(81,3365): error TS7026: JSX element implicitly has type 'any' because no interface 'JSX.IntrinsicElements' exists.
src/pages/PriceChangeManager.tsx(81,3426): error TS7026: JSX element implicitly has type 'any' because no interface 'JSX.IntrinsicElements' exists.
src/pages/PriceChangeManager.tsx(81,3433): error TS7026: JSX element implicitly has type 'any' because no interface 'JSX.IntrinsicElements' exists.
src/pages/PriceChangeManager.tsx(81,3438): error TS7026: JSX element implicitly has type 'any' because no interface 'JSX.IntrinsicElements' exists.
src/pages/PriceChangeManager.tsx(81,3444): error TS7026: JSX element implicitly has type 'any' because no interface 'JSX.IntrinsicElements' exists.
src/pages/PriceChangeManager.tsx(81,3452): error TS7026: JSX element implicitly has type 'any' because no interface 'JSX.IntrinsicElements' exists.
src/pages/PriceChangeManager.tsx(81,3460): error TS7026: JSX element implicitly has type 'any' because no interface 'JSX.IntrinsicElements' exists.
src/pages/PriceChangeManager.tsx(82,274): error TS7026: JSX element implicitly has type 'any' because no interface 'JSX.IntrinsicElements' exists.
src/pages/PriceChangeManager.tsx(82,372): error TS7026: JSX element implicitly has type 'any' because no interface 'JSX.IntrinsicElements' exists.
src/pages/PriceChangeManager.tsx(82,377): error TS7026: JSX element implicitly has type 'any' because no interface 'JSX.IntrinsicElements' exists.
src/pages/PriceChangeManager.tsx(82,464): error TS7026: JSX element implicitly has type 'any' because no interface 'JSX.IntrinsicElements' exists.
src/pages/PriceChangeManager.tsx(82,594): error TS7026: JSX element implicitly has type 'any' because no interface 'JSX.IntrinsicElements' exists.
src/pages/PriceChangeManager.tsx(82,715): error TS7006: Parameter 'e' implicitly has an 'any' type.
src/pages/PriceChangeManager.tsx(82,779): error TS7026: JSX element implicitly has type 'any' because no interface 'JSX.IntrinsicElements' exists.
src/pages/PriceChangeManager.tsx(82,851): error TS7026: JSX element implicitly has type 'any' because no interface 'JSX.IntrinsicElements' exists.
src/pages/PriceChangeManager.tsx(82,905): error TS7026: JSX element implicitly has type 'any' because no interface 'JSX.IntrinsicElements' exists.
src/pages/PriceChangeManager.tsx(82,916): error TS7026: JSX element implicitly has type 'any' because no interface 'JSX.IntrinsicElements' exists.
src/pages/PriceChangeManager.tsx(82,922): error TS7026: JSX element implicitly has type 'any' because no interface 'JSX.IntrinsicElements' exists.
src/pages/PriceChangeManager.tsx(82,1038): error TS7026: JSX element implicitly has type 'any' because no interface 'JSX.IntrinsicElements' exists.
src/pages/PriceChangeManager.tsx(82,1047): error TS7026: JSX element implicitly has type 'any' because no interface 'JSX.IntrinsicElements' exists.
src/pages/PriceChangeManager.tsx(82,1053): error TS7026: JSX element implicitly has type 'any' because no interface 'JSX.IntrinsicElements' exists.
src/pages/PriceChangeManager.tsx(82,1328): error TS7026: JSX element implicitly has type 'any' because no interface 'JSX.IntrinsicElements' exists.
src/pages/PriceChangeManager.tsx(82,1603): error TS7026: JSX element implicitly has type 'any' because no interface 'JSX.IntrinsicElements' exists.
src/pages/PriceChangeManager.tsx(82,1664): error TS7026: JSX element implicitly has type 'any' because no interface 'JSX.IntrinsicElements' exists.
src/pages/PriceChangeManager.tsx(82,1670): error TS7026: JSX element implicitly has type 'any' because no interface 'JSX.IntrinsicElements' exists.
src/pages/PriceChangeManager.tsx(82,1824): error TS7026: JSX element implicitly has type 'any' because no interface 'JSX.IntrinsicElements' exists.
src/pages/PriceChangeManager.tsx(82,1830): error TS7026: JSX element implicitly has type 'any' because no interface 'JSX.IntrinsicElements' exists.
src/pages/PriceChangeManager.tsx(82,1842): error TS7026: JSX element implicitly has type 'any' because no interface 'JSX.IntrinsicElements' exists.
src/pages/PriceChangeManager.tsx(82,1848): error TS7026: JSX element implicitly has type 'any' because no interface 'JSX.IntrinsicElements' exists.
src/pages/PriceChangeManager.tsx(82,1854): error TS7026: JSX element implicitly has type 'any' because no interface 'JSX.IntrinsicElements' exists.
src/pages/PriceChangeManager.tsx(82,1901): error TS7026: JSX element implicitly has type 'any' because no interface 'JSX.IntrinsicElements' exists.
src/pages/PriceChangeManager.tsx(82,2008): error TS7026: JSX element implicitly has type 'any' because no interface 'JSX.IntrinsicElements' exists.
src/pages/PriceChangeManager.tsx(82,2065): error TS7026: JSX element implicitly has type 'any' because no interface 'JSX.IntrinsicElements' exists.
src/pages/PriceChangeManager.tsx(82,2153): error TS7026: JSX element implicitly has type 'any' because no interface 'JSX.IntrinsicElements' exists.
src/pages/PriceChangeManager.tsx(82,2192): error TS7026: JSX element implicitly has type 'any' because no interface 'JSX.IntrinsicElements' exists.
src/pages/PriceChangeManager.tsx(82,2198): error TS7026: JSX element implicitly has type 'any' because no interface 'JSX.IntrinsicElements' exists.
src/pages/PriceChangeManager.tsx(82,2273): error TS7026: JSX element implicitly has type 'any' because no interface 'JSX.IntrinsicElements' exists.
src/pages/PriceChangeManager.tsx(82,2279): error TS7026: JSX element implicitly has type 'any' because no interface 'JSX.IntrinsicElements' exists.
src/pages/PriceChangeManager.tsx(82,2287): error TS7026: JSX element implicitly has type 'any' because no interface 'JSX.IntrinsicElements' exists.
src/pages/PriceChangeManager.tsx(82,2355): error TS7026: JSX element implicitly has type 'any' because no interface 'JSX.IntrinsicElements' exists.
src/pages/PriceChangeManager.tsx(82,2362): error TS7026: JSX element implicitly has type 'any' because no interface 'JSX.IntrinsicElements' exists.
src/pages/PriceChangeManager.tsx(82,2368): error TS7026: JSX element implicitly has type 'any' because no interface 'JSX.IntrinsicElements' exists.
src/pages/PriceChangeManager.tsx(83,207): error TS7026: JSX element implicitly has type 'any' because no interface 'JSX.IntrinsicElements' exists.
src/pages/PriceChangeManager.tsx(83,237): error TS7026: JSX element implicitly has type 'any' because no interface 'JSX.IntrinsicElements' exists.
src/pages/PriceChangeManager.tsx(83,318): error TS7026: JSX element implicitly has type 'any' because no interface 'JSX.IntrinsicElements' exists.
src/pages/PriceChangeManager.tsx(83,323): error TS7026: JSX element implicitly has type 'any' because no interface 'JSX.IntrinsicElements' exists.
src/pages/PriceChangeManager.tsx(83,351): error TS7026: JSX element implicitly has type 'any' because no interface 'JSX.IntrinsicElements' exists.
src/pages/PriceChangeManager.tsx(83,360): error TS7026: JSX element implicitly has type 'any' because no interface 'JSX.IntrinsicElements' exists.
src/pages/PriceChangeManager.tsx(83,413): error TS7026: JSX element implicitly has type 'any' because no interface 'JSX.IntrinsicElements' exists.
src/pages/PriceChangeManager.tsx(83,419): error TS7026: JSX element implicitly has type 'any' because no interface 'JSX.IntrinsicElements' exists.
src/pages/PriceChangeManager.tsx(83,425): error TS7026: JSX element implicitly has type 'any' because no interface 'JSX.IntrinsicElements' exists.
src/pages/PriceChangeManager.tsx(83,504): error TS7026: JSX element implicitly has type 'any' because no interface 'JSX.IntrinsicElements' exists.
src/pages/PriceChangeManager.tsx(83,511): error TS7026: JSX element implicitly has type 'any' because no interface 'JSX.IntrinsicElements' exists.
src/pages/PriceChangeManager.tsx(83,517): error TS7026: JSX element implicitly has type 'any' because no interface 'JSX.IntrinsicElements' exists.
src/pages/PriceChangeManager.tsx(83,547): error TS7026: JSX element implicitly has type 'any' because no interface 'JSX.IntrinsicElements' exists.
src/pages/PriceChangeManager.tsx(83,554): error TS7026: JSX element implicitly has type 'any' because no interface 'JSX.IntrinsicElements' exists.
src/pages/PriceChangeManager.tsx(83,558): error TS7026: JSX element implicitly has type 'any' because no interface 'JSX.IntrinsicElements' exists.
src/pages/PriceChangeManager.tsx(83,573): error TS7026: JSX element implicitly has type 'any' because no interface 'JSX.IntrinsicElements' exists.
src/pages/PriceChangeManager.tsx(83,578): error TS7026: JSX element implicitly has type 'any' because no interface 'JSX.IntrinsicElements' exists.
src/pages/PriceChangeManager.tsx(83,588): error TS7026: JSX element implicitly has type 'any' because no interface 'JSX.IntrinsicElements' exists.
src/pages/PriceChangeManager.tsx(83,593): error TS7026: JSX element implicitly has type 'any' because no interface 'JSX.IntrinsicElements' exists.
src/pages/PriceChangeManager.tsx(83,605): error TS7026: JSX element implicitly has type 'any' because no interface 'JSX.IntrinsicElements' exists.
src/pages/PriceChangeManager.tsx(83,610): error TS7026: JSX element implicitly has type 'any' because no interface 'JSX.IntrinsicElements' exists.
src/pages/PriceChangeManager.tsx(83,622): error TS7026: JSX element implicitly has type 'any' because no interface 'JSX.IntrinsicElements' exists.
src/pages/PriceChangeManager.tsx(83,627): error TS7026: JSX element implicitly has type 'any' because no interface 'JSX.IntrinsicElements' exists.
src/pages/PriceChangeManager.tsx(83,641): error TS7026: JSX element implicitly has type 'any' because no interface 'JSX.IntrinsicElements' exists.
src/pages/PriceChangeManager.tsx(83,646): error TS7026: JSX element implicitly has type 'any' because no interface 'JSX.IntrinsicElements' exists.
src/pages/PriceChangeManager.tsx(83,659): error TS7026: JSX element implicitly has type 'any' because no interface 'JSX.IntrinsicElements' exists.
src/pages/PriceChangeManager.tsx(83,664): error TS7026: JSX element implicitly has type 'any' because no interface 'JSX.IntrinsicElements' exists.
src/pages/PriceChangeManager.tsx(83,674): error TS7026: JSX element implicitly has type 'any' because no interface 'JSX.IntrinsicElements' exists.
src/pages/PriceChangeManager.tsx(83,679): error TS7026: JSX element implicitly has type 'any' because no interface 'JSX.IntrinsicElements' exists.
src/pages/PriceChangeManager.tsx(83,683): error TS7026: JSX element implicitly has type 'any' because no interface 'JSX.IntrinsicElements' exists.
src/pages/PriceChangeManager.tsx(83,688): error TS7026: JSX element implicitly has type 'any' because no interface 'JSX.IntrinsicElements' exists.
src/pages/PriceChangeManager.tsx(83,693): error TS7026: JSX element implicitly has type 'any' because no interface 'JSX.IntrinsicElements' exists.
src/pages/PriceChangeManager.tsx(83,701): error TS7026: JSX element implicitly has type 'any' because no interface 'JSX.IntrinsicElements' exists.
src/pages/PriceChangeManager.tsx(83,788): error TS7026: JSX element implicitly has type 'any' because no interface 'JSX.IntrinsicElements' exists.
src/pages/PriceChangeManager.tsx(83,803): error TS7026: JSX element implicitly has type 'any' because no interface 'JSX.IntrinsicElements' exists.
src/pages/PriceChangeManager.tsx(83,865): error TS7026: JSX element implicitly has type 'any' because no interface 'JSX.IntrinsicElements' exists.
src/pages/PriceChangeManager.tsx(83,870): error TS7026: JSX element implicitly has type 'any' because no interface 'JSX.IntrinsicElements' exists.
src/pages/PriceChangeManager.tsx(83,921): error TS7026: JSX element implicitly has type 'any' because no interface 'JSX.IntrinsicElements' exists.
src/pages/PriceChangeManager.tsx(83,926): error TS7026: JSX element implicitly has type 'any' because no interface 'JSX.IntrinsicElements' exists.
src/pages/PriceChangeManager.tsx(83,947): error TS7026: JSX element implicitly has type 'any' because no interface 'JSX.IntrinsicElements' exists.
src/pages/PriceChangeManager.tsx(83,952): error TS7026: JSX element implicitly has type 'any' because no interface 'JSX.IntrinsicElements' exists.
src/pages/PriceChangeManager.tsx(83,968): error TS7026: JSX element implicitly has type 'any' because no interface 'JSX.IntrinsicElements' exists.
src/pages/PriceChangeManager.tsx(83,973): error TS7026: JSX element implicitly has type 'any' because no interface 'JSX.IntrinsicElements' exists.
src/pages/PriceChangeManager.tsx(83,996): error TS7026: JSX element implicitly has type 'any' because no interface 'JSX.IntrinsicElements' exists.
src/pages/PriceChangeManager.tsx(83,1001): error TS7026: JSX element implicitly has type 'any' because no interface 'JSX.IntrinsicElements' exists.
src/pages/PriceChangeManager.tsx(83,1023): error TS7026: JSX element implicitly has type 'any' because no interface 'JSX.IntrinsicElements' exists.
src/pages/PriceChangeManager.tsx(83,1028): error TS7026: JSX element implicitly has type 'any' because no interface 'JSX.IntrinsicElements' exists.
src/pages/PriceChangeManager.tsx(83,1042): error TS7026: JSX element implicitly has type 'any' because no interface 'JSX.IntrinsicElements' exists.
src/pages/PriceChangeManager.tsx(83,1047): error TS7026: JSX element implicitly has type 'any' because no interface 'JSX.IntrinsicElements' exists.
src/pages/PriceChangeManager.tsx(83,1051): error TS7026: JSX element implicitly has type 'any' because no interface 'JSX.IntrinsicElements' exists.
src/pages/PriceChangeManager.tsx(83,1087): error TS7026: JSX element implicitly has type 'any' because no interface 'JSX.IntrinsicElements' exists.
src/pages/PriceChangeManager.tsx(83,1157): error TS7026: JSX element implicitly has type 'any' because no interface 'JSX.IntrinsicElements' exists.
src/pages/PriceChangeManager.tsx(83,1166): error TS7026: JSX element implicitly has type 'any' because no interface 'JSX.IntrinsicElements' exists.
src/pages/PriceChangeManager.tsx(83,1324): error TS7026: JSX element implicitly has type 'any' because no interface 'JSX.IntrinsicElements' exists.
src/pages/PriceChangeManager.tsx(83,1333): error TS7026: JSX element implicitly has type 'any' because no interface 'JSX.IntrinsicElements' exists.
src/pages/PriceChangeManager.tsx(83,1339): error TS7026: JSX element implicitly has type 'any' because no interface 'JSX.IntrinsicElements' exists.
src/pages/PriceChangeManager.tsx(83,1344): error TS7026: JSX element implicitly has type 'any' because no interface 'JSX.IntrinsicElements' exists.
src/pages/PriceChangeManager.tsx(83,1351): error TS7026: JSX element implicitly has type 'any' because no interface 'JSX.IntrinsicElements' exists.
src/pages/PriceChangeManager.tsx(83,1359): error TS7026: JSX element implicitly has type 'any' because no interface 'JSX.IntrinsicElements' exists.
src/pages/PriceChangeManager.tsx(83,1367): error TS7026: JSX element implicitly has type 'any' because no interface 'JSX.IntrinsicElements' exists.
src/pages/PriceChangeManager.tsx(85,7): error TS7026: JSX element implicitly has type 'any' because no interface 'JSX.IntrinsicElements' exists.
src/pages/PriceChangeManager.tsx(86,9): error TS7026: JSX element implicitly has type 'any' because no interface 'JSX.IntrinsicElements' exists.
src/pages/PriceChangeManager.tsx(87,11): error TS7026: JSX element implicitly has type 'any' because no interface 'JSX.IntrinsicElements' exists.
src/pages/PriceChangeManager.tsx(87,16): error TS7026: JSX element implicitly has type 'any' because no interface 'JSX.IntrinsicElements' exists.
src/pages/PriceChangeManager.tsx(87,42): error TS7026: JSX element implicitly has type 'any' because no interface 'JSX.IntrinsicElements' exists.
src/pages/PriceChangeManager.tsx(87,51): error TS7026: JSX element implicitly has type 'any' because no interface 'JSX.IntrinsicElements' exists.
src/pages/PriceChangeManager.tsx(87,112): error TS7026: JSX element implicitly has type 'any' because no interface 'JSX.IntrinsicElements' exists.
src/pages/PriceChangeManager.tsx(87,118): error TS7026: JSX element implicitly has type 'any' because no interface 'JSX.IntrinsicElements' exists.
src/pages/PriceChangeManager.tsx(88,11): error TS7026: JSX element implicitly has type 'any' because no interface 'JSX.IntrinsicElements' exists.
src/pages/PriceChangeManager.tsx(88,77): error TS7026: JSX element implicitly has type 'any' because no interface 'JSX.IntrinsicElements' exists.
src/pages/PriceChangeManager.tsx(89,9): error TS7026: JSX element implicitly has type 'any' because no interface 'JSX.IntrinsicElements' exists.
src/pages/PriceChangeManager.tsx(90,9): error TS7026: JSX element implicitly has type 'any' because no interface 'JSX.IntrinsicElements' exists.
src/pages/PriceChangeManager.tsx(92,13): error TS7026: JSX element implicitly has type 'any' because no interface 'JSX.IntrinsicElements' exists.
src/pages/PriceChangeManager.tsx(92,102): error TS7026: JSX element implicitly has type 'any' because no interface 'JSX.IntrinsicElements' exists.
src/pages/PriceChangeManager.tsx(92,134): error TS7026: JSX element implicitly has type 'any' because no interface 'JSX.IntrinsicElements' exists.
src/pages/PriceChangeManager.tsx(92,140): error TS7026: JSX element implicitly has type 'any' because no interface 'JSX.IntrinsicElements' exists.
src/pages/PriceChangeManager.tsx(92,161): error TS7026: JSX element implicitly has type 'any' because no interface 'JSX.IntrinsicElements' exists.
src/pages/PriceChangeManager.tsx(92,170): error TS7026: JSX element implicitly has type 'any' because no interface 'JSX.IntrinsicElements' exists.
src/pages/PriceChangeManager.tsx(94,9): error TS7026: JSX element implicitly has type 'any' because no interface 'JSX.IntrinsicElements' exists.
src/pages/PriceChangeManager.tsx(95,9): error TS7026: JSX element implicitly has type 'any' because no interface 'JSX.IntrinsicElements' exists.
src/pages/PriceChangeManager.tsx(96,11): error TS7026: JSX element implicitly has type 'any' because no interface 'JSX.IntrinsicElements' exists.
src/pages/PriceChangeManager.tsx(96,33): error TS7026: JSX element implicitly has type 'any' because no interface 'JSX.IntrinsicElements' exists.
src/pages/PriceChangeManager.tsx(98,13): error TS7026: JSX element implicitly has type 'any' because no interface 'JSX.IntrinsicElements' exists.
src/pages/PriceChangeManager.tsx(99,65): error TS7006: Parameter 'vi' implicitly has an 'any' type.
src/pages/PriceChangeManager.tsx(101,24): error TS7026: JSX element implicitly has type 'any' because no interface 'JSX.IntrinsicElements' exists.
src/pages/PriceChangeManager.tsx(101,167): error TS7026: JSX element implicitly has type 'any' because no interface 'JSX.IntrinsicElements' exists.
src/pages/PriceChangeManager.tsx(101,209): error TS7026: JSX element implicitly has type 'any' because no interface 'JSX.IntrinsicElements' exists.
src/pages/PriceChangeManager.tsx(101,216): error TS7026: JSX element implicitly has type 'any' because no interface 'JSX.IntrinsicElements' exists.
src/pages/PriceChangeManager.tsx(101,242): error TS7026: JSX element implicitly has type 'any' because no interface 'JSX.IntrinsicElements' exists.
src/pages/PriceChangeManager.tsx(101,251): error TS7026: JSX element implicitly has type 'any' because no interface 'JSX.IntrinsicElements' exists.
src/pages/PriceChangeManager.tsx(103,13): error TS7026: JSX element implicitly has type 'any' because no interface 'JSX.IntrinsicElements' exists.
src/pages/PriceChangeManager.tsx(104,15): error TS7026: JSX element implicitly has type 'any' because no interface 'JSX.IntrinsicElements' exists.
src/pages/PriceChangeManager.tsx(104,116): error TS7026: JSX element implicitly has type 'any' because no interface 'JSX.IntrinsicElements' exists.
src/pages/PriceChangeManager.tsx(105,9): error TS7026: JSX element implicitly has type 'any' because no interface 'JSX.IntrinsicElements' exists.
src/pages/PriceChangeManager.tsx(106,9): error TS7026: JSX element implicitly has type 'any' because no interface 'JSX.IntrinsicElements' exists.
src/pages/PriceChangeManager.tsx(108,13): error TS7026: JSX element implicitly has type 'any' because no interface 'JSX.IntrinsicElements' exists.
src/pages/PriceChangeManager.tsx(115,74): error TS7006: Parameter 'x' implicitly has an 'any' type.
src/pages/PriceChangeManager.tsx(116,77): error TS7006: Parameter 'x' implicitly has an 'any' type.
src/pages/PriceChangeManager.tsx(123,75): error TS7026: JSX element implicitly has type 'any' because no interface 'JSX.IntrinsicElements' exists.
src/pages/PriceChangeManager.tsx(125,9): error TS7026: JSX element implicitly has type 'any' because no interface 'JSX.IntrinsicElements' exists.
src/pages/PriceChangeManager.tsx(126,7): error TS7026: JSX element implicitly has type 'any' because no interface 'JSX.IntrinsicElements' exists.
src/pages/PriceChangeManager.tsx(129,7): error TS7026: JSX element implicitly has type 'any' because no interface 'JSX.IntrinsicElements' exists.
src/pages/PriceChangeManager.tsx(129,149): error TS7006: Parameter 'e' implicitly has an 'any' type.
src/pages/PriceChangeManager.tsx(130,9): error TS7026: JSX element implicitly has type 'any' because no interface 'JSX.IntrinsicElements' exists.
src/pages/PriceChangeManager.tsx(130,119): error TS7006: Parameter 'e' implicitly has an 'any' type.
src/pages/PriceChangeManager.tsx(131,11): error TS7026: JSX element implicitly has type 'any' because no interface 'JSX.IntrinsicElements' exists.
src/pages/PriceChangeManager.tsx(132,13): error TS7026: JSX element implicitly has type 'any' because no interface 'JSX.IntrinsicElements' exists.
src/pages/PriceChangeManager.tsx(132,18): error TS7026: JSX element implicitly has type 'any' because no interface 'JSX.IntrinsicElements' exists.
src/pages/PriceChangeManager.tsx(132,36): error TS7026: JSX element implicitly has type 'any' because no interface 'JSX.IntrinsicElements' exists.
src/pages/PriceChangeManager.tsx(132,41): error TS7026: JSX element implicitly has type 'any' because no interface 'JSX.IntrinsicElements' exists.
src/pages/PriceChangeManager.tsx(132,106): error TS7026: JSX element implicitly has type 'any' because no interface 'JSX.IntrinsicElements' exists.
src/pages/PriceChangeManager.tsx(132,112): error TS7026: JSX element implicitly has type 'any' because no interface 'JSX.IntrinsicElements' exists.
src/pages/PriceChangeManager.tsx(133,13): error TS7026: JSX element implicitly has type 'any' because no interface 'JSX.IntrinsicElements' exists.
src/pages/PriceChangeManager.tsx(133,101): error TS7026: JSX element implicitly has type 'any' because no interface 'JSX.IntrinsicElements' exists.
src/pages/PriceChangeManager.tsx(134,11): error TS7026: JSX element implicitly has type 'any' because no interface 'JSX.IntrinsicElements' exists.
src/pages/PriceChangeManager.tsx(135,11): error TS7026: JSX element implicitly has type 'any' because no interface 'JSX.IntrinsicElements' exists.
src/pages/PriceChangeManager.tsx(137,15): error TS7026: JSX element implicitly has type 'any' because no interface 'JSX.IntrinsicElements' exists.
src/pages/PriceChangeManager.tsx(138,17): error TS7026: JSX element implicitly has type 'any' because no interface 'JSX.IntrinsicElements' exists.
src/pages/PriceChangeManager.tsx(138,76): error TS7026: JSX element implicitly has type 'any' because no interface 'JSX.IntrinsicElements' exists.
src/pages/PriceChangeManager.tsx(139,17): error TS7026: JSX element implicitly has type 'any' because no interface 'JSX.IntrinsicElements' exists.
src/pages/PriceChangeManager.tsx(140,19): error TS7026: JSX element implicitly has type 'any' because no interface 'JSX.IntrinsicElements' exists.
src/pages/PriceChangeManager.tsx(141,17): error TS7026: JSX element implicitly has type 'any' because no interface 'JSX.IntrinsicElements' exists.
src/pages/PriceChangeManager.tsx(142,15): error TS7026: JSX element implicitly has type 'any' because no interface 'JSX.IntrinsicElements' exists.
src/pages/PriceChangeManager.tsx(145,15): error TS7026: JSX element implicitly has type 'any' because no interface 'JSX.IntrinsicElements' exists.
src/pages/PriceChangeManager.tsx(146,17): error TS7026: JSX element implicitly has type 'any' because no interface 'JSX.IntrinsicElements' exists.
src/pages/PriceChangeManager.tsx(146,79): error TS7026: JSX element implicitly has type 'any' because no interface 'JSX.IntrinsicElements' exists.
src/pages/PriceChangeManager.tsx(147,17): error TS7026: JSX element implicitly has type 'any' because no interface 'JSX.IntrinsicElements' exists.
src/pages/PriceChangeManager.tsx(148,19): error TS7026: JSX element implicitly has type 'any' because no interface 'JSX.IntrinsicElements' exists.
src/pages/PriceChangeManager.tsx(149,17): error TS7026: JSX element implicitly has type 'any' because no interface 'JSX.IntrinsicElements' exists.
src/pages/PriceChangeManager.tsx(150,15): error TS7026: JSX element implicitly has type 'any' because no interface 'JSX.IntrinsicElements' exists.
src/pages/PriceChangeManager.tsx(152,11): error TS7026: JSX element implicitly has type 'any' because no interface 'JSX.IntrinsicElements' exists.
src/pages/PriceChangeManager.tsx(153,9): error TS7026: JSX element implicitly has type 'any' because no interface 'JSX.IntrinsicElements' exists.
src/pages/PriceChangeManager.tsx(154,7): error TS7026: JSX element implicitly has type 'any' because no interface 'JSX.IntrinsicElements' exists.
src/pages/PriceChangeManager.tsx(156,186): error TS7026: JSX element implicitly has type 'any' because no interface 'JSX.IntrinsicElements' exists.
src/pages/PriceChangeManager.tsx(156,238): error TS7026: JSX element implicitly has type 'any' because no interface 'JSX.IntrinsicElements' exists.
src/pages/PriceChangeManager.tsx(156,429): error TS7026: JSX element implicitly has type 'any' because no interface 'JSX.IntrinsicElements' exists.
src/pages/PriceChangeManager.tsx(156,438): error TS7026: JSX element implicitly has type 'any' because no interface 'JSX.IntrinsicElements' exists.
src/pages/PriceChangeManager.tsx(156,464): error TS7026: JSX element implicitly has type 'any' because no interface 'JSX.IntrinsicElements' exists.
src/pages/PriceChangeManager.tsx(156,494): error TS7026: JSX element implicitly has type 'any' because no interface 'JSX.IntrinsicElements' exists.
src/pages/PriceChangeManager.tsx(156,528): error TS7026: JSX element implicitly has type 'any' because no interface 'JSX.IntrinsicElements' exists.
src/pages/PriceChangeManager.tsx(156,579): error TS7026: JSX element implicitly has type 'any' because no interface 'JSX.IntrinsicElements' exists.
src/pages/PriceChangeManager.tsx(156,590): error TS7026: JSX element implicitly has type 'any' because no interface 'JSX.IntrinsicElements' exists.
src/pages/PriceChangeManager.tsx(156,599): error TS7026: JSX element implicitly has type 'any' because no interface 'JSX.IntrinsicElements' exists.
src/pages/PriceChangeManager.tsx(156,877): error TS7026: JSX element implicitly has type 'any' because no interface 'JSX.IntrinsicElements' exists.
src/pages/PriceChangeManager.tsx(156,886): error TS7026: JSX element implicitly has type 'any' because no interface 'JSX.IntrinsicElements' exists.
src/pages/PriceChangeManager.tsx(157,4): error TS7026: JSX element implicitly has type 'any' because no interface 'JSX.IntrinsicElements' exists.
src/pages/PriceChangeManager.tsx(158,3): error TS7026: JSX element implicitly has type 'any' because no interface 'JSX.IntrinsicElements' exists.
src/pages/PriceChangeManager.tsx(159,2): error TS7026: JSX element implicitly has type 'any' because no interface 'JSX.IntrinsicElements' exists.
src/pages/Replacements.tsx(1,37): error TS2307: Cannot find module 'react' or its corresponding type declarations.
src/pages/Replacements.tsx(30,5): error TS7026: JSX element implicitly has type 'any' because no interface 'JSX.IntrinsicElements' exists.
src/pages/Replacements.tsx(30,5): error TS2875: This JSX tag requires the module path 'react/jsx-runtime' to exist, but none could be found. Make sure you have types for the appropriate package installed.
src/pages/Replacements.tsx(31,7): error TS7026: JSX element implicitly has type 'any' because no interface 'JSX.IntrinsicElements' exists.
src/pages/Replacements.tsx(31,31): error TS7026: JSX element implicitly has type 'any' because no interface 'JSX.IntrinsicElements' exists.
src/pages/Replacements.tsx(32,7): error TS7026: JSX element implicitly has type 'any' because no interface 'JSX.IntrinsicElements' exists.
src/pages/Replacements.tsx(36,7): error TS7026: JSX element implicitly has type 'any' because no interface 'JSX.IntrinsicElements' exists.
src/pages/Replacements.tsx(38,17): error TS7026: JSX element implicitly has type 'any' because no interface 'JSX.IntrinsicElements' exists.
src/pages/Replacements.tsx(38,92): error TS7026: JSX element implicitly has type 'any' because no interface 'JSX.IntrinsicElements' exists.
src/pages/Replacements.tsx(39,19): error TS7026: JSX element implicitly has type 'any' because no interface 'JSX.IntrinsicElements' exists.
src/pages/Replacements.tsx(39,57): error TS7026: JSX element implicitly has type 'any' because no interface 'JSX.IntrinsicElements' exists.
src/pages/Replacements.tsx(42,9): error TS7026: JSX element implicitly has type 'any' because no interface 'JSX.IntrinsicElements' exists.
src/pages/Replacements.tsx(44,9): error TS7026: JSX element implicitly has type 'any' because no interface 'JSX.IntrinsicElements' exists.
src/pages/Replacements.tsx(47,7): error TS7026: JSX element implicitly has type 'any' because no interface 'JSX.IntrinsicElements' exists.
src/pages/Replacements.tsx(48,9): error TS7026: JSX element implicitly has type 'any' because no interface 'JSX.IntrinsicElements' exists.
src/pages/Replacements.tsx(49,11): error TS7026: JSX element implicitly has type 'any' because no interface 'JSX.IntrinsicElements' exists.
src/pages/Replacements.tsx(50,13): error TS7026: JSX element implicitly has type 'any' because no interface 'JSX.IntrinsicElements' exists.
src/pages/Replacements.tsx(51,15): error TS7026: JSX element implicitly has type 'any' because no interface 'JSX.IntrinsicElements' exists.
src/pages/Replacements.tsx(51,23): error TS7026: JSX element implicitly has type 'any' because no interface 'JSX.IntrinsicElements' exists.
src/pages/Replacements.tsx(51,28): error TS7026: JSX element implicitly has type 'any' because no interface 'JSX.IntrinsicElements' exists.
src/pages/Replacements.tsx(51,36): error TS7026: JSX element implicitly has type 'any' because no interface 'JSX.IntrinsicElements' exists.
src/pages/Replacements.tsx(51,41): error TS7026: JSX element implicitly has type 'any' because no interface 'JSX.IntrinsicElements' exists.
src/pages/Replacements.tsx(51,63): error TS7026: JSX element implicitly has type 'any' because no interface 'JSX.IntrinsicElements' exists.
src/pages/Replacements.tsx(51,68): error TS7026: JSX element implicitly has type 'any' because no interface 'JSX.IntrinsicElements' exists.
src/pages/Replacements.tsx(51,87): error TS7026: JSX element implicitly has type 'any' because no interface 'JSX.IntrinsicElements' exists.
src/pages/Replacements.tsx(52,15): error TS7026: JSX element implicitly has type 'any' because no interface 'JSX.IntrinsicElements' exists.
src/pages/Replacements.tsx(52,29): error TS7026: JSX element implicitly has type 'any' because no interface 'JSX.IntrinsicElements' exists.
src/pages/Replacements.tsx(52,34): error TS7026: JSX element implicitly has type 'any' because no interface 'JSX.IntrinsicElements' exists.
src/pages/Replacements.tsx(52,49): error TS7026: JSX element implicitly has type 'any' because no interface 'JSX.IntrinsicElements' exists.
src/pages/Replacements.tsx(52,54): error TS7026: JSX element implicitly has type 'any' because no interface 'JSX.IntrinsicElements' exists.
src/pages/Replacements.tsx(52,75): error TS7026: JSX element implicitly has type 'any' because no interface 'JSX.IntrinsicElements' exists.
src/pages/Replacements.tsx(53,13): error TS7026: JSX element implicitly has type 'any' because no interface 'JSX.IntrinsicElements' exists.
src/pages/Replacements.tsx(54,11): error TS7026: JSX element implicitly has type 'any' because no interface 'JSX.IntrinsicElements' exists.
src/pages/Replacements.tsx(55,11): error TS7026: JSX element implicitly has type 'any' because no interface 'JSX.IntrinsicElements' exists.
src/pages/Replacements.tsx(56,24): error TS7006: Parameter 'r' implicitly has an 'any' type.
src/pages/Replacements.tsx(56,27): error TS7006: Parameter 'i' implicitly has an 'any' type.
src/pages/Replacements.tsx(57,15): error TS7026: JSX element implicitly has type 'any' because no interface 'JSX.IntrinsicElements' exists.
src/pages/Replacements.tsx(58,17): error TS7026: JSX element implicitly has type 'any' because no interface 'JSX.IntrinsicElements' exists.
src/pages/Replacements.tsx(58,50): error TS7026: JSX element implicitly has type 'any' because no interface 'JSX.IntrinsicElements' exists.
src/pages/Replacements.tsx(59,17): error TS7026: JSX element implicitly has type 'any' because no interface 'JSX.IntrinsicElements' exists.
src/pages/Replacements.tsx(59,29): error TS7026: JSX element implicitly has type 'any' because no interface 'JSX.IntrinsicElements' exists.
src/pages/Replacements.tsx(60,17): error TS7026: JSX element implicitly has type 'any' because no interface 'JSX.IntrinsicElements' exists.
src/pages/Replacements.tsx(60,70): error TS7026: JSX element implicitly has type 'any' because no interface 'JSX.IntrinsicElements' exists.
src/pages/Replacements.tsx(61,17): error TS7026: JSX element implicitly has type 'any' because no interface 'JSX.IntrinsicElements' exists.
src/pages/Replacements.tsx(61,44): error TS7026: JSX element implicitly has type 'any' because no interface 'JSX.IntrinsicElements' exists.
src/pages/Replacements.tsx(62,17): error TS7026: JSX element implicitly has type 'any' because no interface 'JSX.IntrinsicElements' exists.
src/pages/Replacements.tsx(63,19): error TS7026: JSX element implicitly has type 'any' because no interface 'JSX.IntrinsicElements' exists.
src/pages/Replacements.tsx(65,19): error TS7026: JSX element implicitly has type 'any' because no interface 'JSX.IntrinsicElements' exists.
src/pages/Replacements.tsx(66,17): error TS7026: JSX element implicitly has type 'any' because no interface 'JSX.IntrinsicElements' exists.
src/pages/Replacements.tsx(67,17): error TS7026: JSX element implicitly has type 'any' because no interface 'JSX.IntrinsicElements' exists.
src/pages/Replacements.tsx(69,21): error TS7026: JSX element implicitly has type 'any' because no interface 'JSX.IntrinsicElements' exists.
src/pages/Replacements.tsx(69,78): error TS7026: JSX element implicitly has type 'any' because no interface 'JSX.IntrinsicElements' exists.
src/pages/Replacements.tsx(73,17): error TS7026: JSX element implicitly has type 'any' because no interface 'JSX.IntrinsicElements' exists.
src/pages/Replacements.tsx(74,17): error TS7026: JSX element implicitly has type 'any' because no interface 'JSX.IntrinsicElements' exists.
src/pages/Replacements.tsx(74,49): error TS7026: JSX element implicitly has type 'any' because no interface 'JSX.IntrinsicElements' exists.
src/pages/Replacements.tsx(75,15): error TS7026: JSX element implicitly has type 'any' because no interface 'JSX.IntrinsicElements' exists.
src/pages/Replacements.tsx(77,11): error TS7026: JSX element implicitly has type 'any' because no interface 'JSX.IntrinsicElements' exists.
src/pages/Replacements.tsx(78,9): error TS7026: JSX element implicitly has type 'any' because no interface 'JSX.IntrinsicElements' exists.
src/pages/Replacements.tsx(79,7): error TS7026: JSX element implicitly has type 'any' because no interface 'JSX.IntrinsicElements' exists.
src/pages/Replacements.tsx(80,5): error TS7026: JSX element implicitly has type 'any' because no interface 'JSX.IntrinsicElements' exists.
src/pages/RouteIntelligence.tsx(1,37): error TS2307: Cannot find module 'react' or its corresponding type declarations.
src/pages/RouteIntelligence.tsx(37,5): error TS7026: JSX element implicitly has type 'any' because no interface 'JSX.IntrinsicElements' exists.
src/pages/RouteIntelligence.tsx(37,5): error TS2875: This JSX tag requires the module path 'react/jsx-runtime' to exist, but none could be found. Make sure you have types for the appropriate package installed.
src/pages/RouteIntelligence.tsx(38,7): error TS7026: JSX element implicitly has type 'any' because no interface 'JSX.IntrinsicElements' exists.
src/pages/RouteIntelligence.tsx(38,29): error TS7026: JSX element implicitly has type 'any' because no interface 'JSX.IntrinsicElements' exists.
src/pages/RouteIntelligence.tsx(39,7): error TS7026: JSX element implicitly has type 'any' because no interface 'JSX.IntrinsicElements' exists.
src/pages/RouteIntelligence.tsx(44,7): error TS7026: JSX element implicitly has type 'any' because no interface 'JSX.IntrinsicElements' exists.
src/pages/RouteIntelligence.tsx(46,7): error TS7026: JSX element implicitly has type 'any' because no interface 'JSX.IntrinsicElements' exists.
src/pages/RouteIntelligence.tsx(48,11): error TS7026: JSX element implicitly has type 'any' because no interface 'JSX.IntrinsicElements' exists.
src/pages/RouteIntelligence.tsx(48,104): error TS7026: JSX element implicitly has type 'any' because no interface 'JSX.IntrinsicElements' exists.
src/pages/RouteIntelligence.tsx(50,11): error TS7026: JSX element implicitly has type 'any' because no interface 'JSX.IntrinsicElements' exists.
src/pages/RouteIntelligence.tsx(50,47): error TS7006: Parameter 'e' implicitly has an 'any' type.
src/pages/RouteIntelligence.tsx(51,13): error TS7026: JSX element implicitly has type 'any' because no interface 'JSX.IntrinsicElements' exists.
src/pages/RouteIntelligence.tsx(51,55): error TS7026: JSX element implicitly has type 'any' because no interface 'JSX.IntrinsicElements' exists.
src/pages/RouteIntelligence.tsx(52,27): error TS7006: Parameter 'o' implicitly has an 'any' type.
src/pages/RouteIntelligence.tsx(53,15): error TS7026: JSX element implicitly has type 'any' because no interface 'JSX.IntrinsicElements' exists.
src/pages/RouteIntelligence.tsx(55,15): error TS7026: JSX element implicitly has type 'any' because no interface 'JSX.IntrinsicElements' exists.
src/pages/RouteIntelligence.tsx(57,11): error TS7026: JSX element implicitly has type 'any' because no interface 'JSX.IntrinsicElements' exists.
src/pages/RouteIntelligence.tsx(59,7): error TS7026: JSX element implicitly has type 'any' because no interface 'JSX.IntrinsicElements' exists.
src/pages/RouteIntelligence.tsx(61,17): error TS7026: JSX element implicitly has type 'any' because no interface 'JSX.IntrinsicElements' exists.
src/pages/RouteIntelligence.tsx(61,92): error TS7026: JSX element implicitly has type 'any' because no interface 'JSX.IntrinsicElements' exists.
src/pages/RouteIntelligence.tsx(64,9): error TS7026: JSX element implicitly has type 'any' because no interface 'JSX.IntrinsicElements' exists.
src/pages/RouteIntelligence.tsx(65,11): error TS7026: JSX element implicitly has type 'any' because no interface 'JSX.IntrinsicElements' exists.
src/pages/RouteIntelligence.tsx(66,13): error TS7026: JSX element implicitly has type 'any' because no interface 'JSX.IntrinsicElements' exists.
src/pages/RouteIntelligence.tsx(66,30): error TS7026: JSX element implicitly has type 'any' because no interface 'JSX.IntrinsicElements' exists.
src/pages/RouteIntelligence.tsx(67,13): error TS7026: JSX element implicitly has type 'any' because no interface 'JSX.IntrinsicElements' exists.
src/pages/RouteIntelligence.tsx(69,13): error TS7026: JSX element implicitly has type 'any' because no interface 'JSX.IntrinsicElements' exists.
src/pages/RouteIntelligence.tsx(70,13): error TS7026: JSX element implicitly has type 'any' because no interface 'JSX.IntrinsicElements' exists.
src/pages/RouteIntelligence.tsx(71,15): error TS7026: JSX element implicitly has type 'any' because no interface 'JSX.IntrinsicElements' exists.
src/pages/RouteIntelligence.tsx(71,22): error TS7026: JSX element implicitly has type 'any' because no interface 'JSX.IntrinsicElements' exists.
src/pages/RouteIntelligence.tsx(71,26): error TS7026: JSX element implicitly has type 'any' because no interface 'JSX.IntrinsicElements' exists.
src/pages/RouteIntelligence.tsx(71,31): error TS7026: JSX element implicitly has type 'any' because no interface 'JSX.IntrinsicElements' exists.
src/pages/RouteIntelligence.tsx(71,36): error TS7026: JSX element implicitly has type 'any' because no interface 'JSX.IntrinsicElements' exists.
src/pages/RouteIntelligence.tsx(71,48): error TS7026: JSX element implicitly has type 'any' because no interface 'JSX.IntrinsicElements' exists.
src/pages/RouteIntelligence.tsx(71,53): error TS7026: JSX element implicitly has type 'any' because no interface 'JSX.IntrinsicElements' exists.
src/pages/RouteIntelligence.tsx(71,61): error TS7026: JSX element implicitly has type 'any' because no interface 'JSX.IntrinsicElements' exists.
src/pages/RouteIntelligence.tsx(71,66): error TS7026: JSX element implicitly has type 'any' because no interface 'JSX.IntrinsicElements' exists.
src/pages/RouteIntelligence.tsx(71,75): error TS7026: JSX element implicitly has type 'any' because no interface 'JSX.IntrinsicElements' exists.
src/pages/RouteIntelligence.tsx(71,80): error TS7026: JSX element implicitly has type 'any' because no interface 'JSX.IntrinsicElements' exists.
src/pages/RouteIntelligence.tsx(71,85): error TS7026: JSX element implicitly has type 'any' because no interface 'JSX.IntrinsicElements' exists.
src/pages/RouteIntelligence.tsx(72,15): error TS7026: JSX element implicitly has type 'any' because no interface 'JSX.IntrinsicElements' exists.
src/pages/RouteIntelligence.tsx(73,46): error TS7006: Parameter 's' implicitly has an 'any' type.
src/pages/RouteIntelligence.tsx(73,49): error TS7006: Parameter 'i' implicitly has an 'any' type.
src/pages/RouteIntelligence.tsx(74,19): error TS7026: JSX element implicitly has type 'any' because no interface 'JSX.IntrinsicElements' exists.
src/pages/RouteIntelligence.tsx(75,21): error TS7026: JSX element implicitly has type 'any' because no interface 'JSX.IntrinsicElements' exists.
src/pages/RouteIntelligence.tsx(75,32): error TS7026: JSX element implicitly has type 'any' because no interface 'JSX.IntrinsicElements' exists.
src/pages/RouteIntelligence.tsx(76,21): error TS7026: JSX element implicitly has type 'any' because no interface 'JSX.IntrinsicElements' exists.
src/pages/RouteIntelligence.tsx(76,116): error TS7026: JSX element implicitly has type 'any' because no interface 'JSX.IntrinsicElements' exists.
src/pages/RouteIntelligence.tsx(76,199): error TS7026: JSX element implicitly has type 'any' because no interface 'JSX.IntrinsicElements' exists.
src/pages/RouteIntelligence.tsx(76,207): error TS7026: JSX element implicitly has type 'any' because no interface 'JSX.IntrinsicElements' exists.
src/pages/RouteIntelligence.tsx(77,21): error TS7026: JSX element implicitly has type 'any' because no interface 'JSX.IntrinsicElements' exists.
src/pages/RouteIntelligence.tsx(77,50): error TS7026: JSX element implicitly has type 'any' because no interface 'JSX.IntrinsicElements' exists.
src/pages/RouteIntelligence.tsx(78,21): error TS7026: JSX element implicitly has type 'any' because no interface 'JSX.IntrinsicElements' exists.
src/pages/RouteIntelligence.tsx(78,34): error TS7026: JSX element implicitly has type 'any' because no interface 'JSX.IntrinsicElements' exists.
src/pages/RouteIntelligence.tsx(79,19): error TS7026: JSX element implicitly has type 'any' because no interface 'JSX.IntrinsicElements' exists.
src/pages/RouteIntelligence.tsx(81,15): error TS7026: JSX element implicitly has type 'any' because no interface 'JSX.IntrinsicElements' exists.
src/pages/RouteIntelligence.tsx(82,13): error TS7026: JSX element implicitly has type 'any' because no interface 'JSX.IntrinsicElements' exists.
src/pages/RouteIntelligence.tsx(83,11): error TS7026: JSX element implicitly has type 'any' because no interface 'JSX.IntrinsicElements' exists.
src/pages/RouteIntelligence.tsx(85,11): error TS7026: JSX element implicitly has type 'any' because no interface 'JSX.IntrinsicElements' exists.
src/pages/RouteIntelligence.tsx(86,13): error TS7026: JSX element implicitly has type 'any' because no interface 'JSX.IntrinsicElements' exists.
src/pages/RouteIntelligence.tsx(86,35): error TS7026: JSX element implicitly has type 'any' because no interface 'JSX.IntrinsicElements' exists.
src/pages/RouteIntelligence.tsx(87,13): error TS7026: JSX element implicitly has type 'any' because no interface 'JSX.IntrinsicElements' exists.
src/pages/RouteIntelligence.tsx(89,13): error TS7026: JSX element implicitly has type 'any' because no interface 'JSX.IntrinsicElements' exists.
src/pages/RouteIntelligence.tsx(90,13): error TS7026: JSX element implicitly has type 'any' because no interface 'JSX.IntrinsicElements' exists.
src/pages/RouteIntelligence.tsx(91,15): error TS7026: JSX element implicitly has type 'any' because no interface 'JSX.IntrinsicElements' exists.
src/pages/RouteIntelligence.tsx(91,22): error TS7026: JSX element implicitly has type 'any' because no interface 'JSX.IntrinsicElements' exists.
src/pages/RouteIntelligence.tsx(91,26): error TS7026: JSX element implicitly has type 'any' because no interface 'JSX.IntrinsicElements' exists.
src/pages/RouteIntelligence.tsx(91,31): error TS7026: JSX element implicitly has type 'any' because no interface 'JSX.IntrinsicElements' exists.
src/pages/RouteIntelligence.tsx(91,36): error TS7026: JSX element implicitly has type 'any' because no interface 'JSX.IntrinsicElements' exists.
src/pages/RouteIntelligence.tsx(91,48): error TS7026: JSX element implicitly has type 'any' because no interface 'JSX.IntrinsicElements' exists.
src/pages/RouteIntelligence.tsx(91,53): error TS7026: JSX element implicitly has type 'any' because no interface 'JSX.IntrinsicElements' exists.
src/pages/RouteIntelligence.tsx(91,64): error TS7026: JSX element implicitly has type 'any' because no interface 'JSX.IntrinsicElements' exists.
src/pages/RouteIntelligence.tsx(91,69): error TS7026: JSX element implicitly has type 'any' because no interface 'JSX.IntrinsicElements' exists.
src/pages/RouteIntelligence.tsx(91,77): error TS7026: JSX element implicitly has type 'any' because no interface 'JSX.IntrinsicElements' exists.
src/pages/RouteIntelligence.tsx(91,82): error TS7026: JSX element implicitly has type 'any' because no interface 'JSX.IntrinsicElements' exists.
src/pages/RouteIntelligence.tsx(91,87): error TS7026: JSX element implicitly has type 'any' because no interface 'JSX.IntrinsicElements' exists.
src/pages/RouteIntelligence.tsx(92,15): error TS7026: JSX element implicitly has type 'any' because no interface 'JSX.IntrinsicElements' exists.
src/pages/RouteIntelligence.tsx(93,60): error TS7006: Parameter 's' implicitly has an 'any' type.
src/pages/RouteIntelligence.tsx(93,63): error TS7006: Parameter 'i' implicitly has an 'any' type.
src/pages/RouteIntelligence.tsx(94,19): error TS7026: JSX element implicitly has type 'any' because no interface 'JSX.IntrinsicElements' exists.
src/pages/RouteIntelligence.tsx(95,21): error TS7026: JSX element implicitly has type 'any' because no interface 'JSX.IntrinsicElements' exists.
src/pages/RouteIntelligence.tsx(95,32): error TS7026: JSX element implicitly has type 'any' because no interface 'JSX.IntrinsicElements' exists.
src/pages/RouteIntelligence.tsx(95,37): error TS7026: JSX element implicitly has type 'any' because no interface 'JSX.IntrinsicElements' exists.
src/pages/RouteIntelligence.tsx(95,58): error TS7026: JSX element implicitly has type 'any' because no interface 'JSX.IntrinsicElements' exists.
src/pages/RouteIntelligence.tsx(95,63): error TS7026: JSX element implicitly has type 'any' because no interface 'JSX.IntrinsicElements' exists.
src/pages/RouteIntelligence.tsx(95,78): error TS7026: JSX element implicitly has type 'any' because no interface 'JSX.IntrinsicElements' exists.
src/pages/RouteIntelligence.tsx(95,83): error TS7026: JSX element implicitly has type 'any' because no interface 'JSX.IntrinsicElements' exists.
src/pages/RouteIntelligence.tsx(95,107): error TS7026: JSX element implicitly has type 'any' because no interface 'JSX.IntrinsicElements' exists.
src/pages/RouteIntelligence.tsx(96,19): error TS7026: JSX element implicitly has type 'any' because no interface 'JSX.IntrinsicElements' exists.
src/pages/RouteIntelligence.tsx(98,15): error TS7026: JSX element implicitly has type 'any' because no interface 'JSX.IntrinsicElements' exists.
src/pages/RouteIntelligence.tsx(99,13): error TS7026: JSX element implicitly has type 'any' because no interface 'JSX.IntrinsicElements' exists.
src/pages/RouteIntelligence.tsx(100,11): error TS7026: JSX element implicitly has type 'any' because no interface 'JSX.IntrinsicElements' exists.
src/pages/RouteIntelligence.tsx(101,9): error TS7026: JSX element implicitly has type 'any' because no interface 'JSX.IntrinsicElements' exists.
src/pages/RouteIntelligence.tsx(103,5): error TS7026: JSX element implicitly has type 'any' because no interface 'JSX.IntrinsicElements' exists.
src/pages/RoutePlanSheet.tsx(13,10): error TS2875: This JSX tag requires the module path 'react/jsx-runtime' to exist, but none could be found. Make sure you have types for the appropriate package installed.
src/pages/RoutePlanner.tsx(1,59): error TS2307: Cannot find module 'react' or its corresponding type declarations.
src/pages/RoutePlanner.tsx(18,5): error TS7026: JSX element implicitly has type 'any' because no interface 'JSX.IntrinsicElements' exists.
src/pages/RoutePlanner.tsx(18,5): error TS2875: This JSX tag requires the module path 'react/jsx-runtime' to exist, but none could be found. Make sure you have types for the appropriate package installed.
src/pages/RoutePlanner.tsx(19,7): error TS7026: JSX element implicitly has type 'any' because no interface 'JSX.IntrinsicElements' exists.
src/pages/RoutePlanner.tsx(19,84): error TS7026: JSX element implicitly has type 'any' because no interface 'JSX.IntrinsicElements' exists.
src/pages/RoutePlanner.tsx(20,7): error TS7026: JSX element implicitly has type 'any' because no interface 'JSX.IntrinsicElements' exists.
src/pages/RoutePlanner.tsx(21,9): error TS7026: JSX element implicitly has type 'any' because no interface 'JSX.IntrinsicElements' exists.
src/pages/RoutePlanner.tsx(21,16): error TS7026: JSX element implicitly has type 'any' because no interface 'JSX.IntrinsicElements' exists.
src/pages/RoutePlanner.tsx(21,20): error TS7026: JSX element implicitly has type 'any' because no interface 'JSX.IntrinsicElements' exists.
src/pages/RoutePlanner.tsx(21,33): error TS7026: JSX element implicitly has type 'any' because no interface 'JSX.IntrinsicElements' exists.
src/pages/RoutePlanner.tsx(21,38): error TS7026: JSX element implicitly has type 'any' because no interface 'JSX.IntrinsicElements' exists.
src/pages/RoutePlanner.tsx(21,47): error TS7026: JSX element implicitly has type 'any' because no interface 'JSX.IntrinsicElements' exists.
src/pages/RoutePlanner.tsx(21,52): error TS7026: JSX element implicitly has type 'any' because no interface 'JSX.IntrinsicElements' exists.
src/pages/RoutePlanner.tsx(21,62): error TS7026: JSX element implicitly has type 'any' because no interface 'JSX.IntrinsicElements' exists.
src/pages/RoutePlanner.tsx(21,67): error TS7026: JSX element implicitly has type 'any' because no interface 'JSX.IntrinsicElements' exists.
src/pages/RoutePlanner.tsx(21,79): error TS7026: JSX element implicitly has type 'any' because no interface 'JSX.IntrinsicElements' exists.
src/pages/RoutePlanner.tsx(21,84): error TS7026: JSX element implicitly has type 'any' because no interface 'JSX.IntrinsicElements' exists.
src/pages/RoutePlanner.tsx(21,89): error TS7026: JSX element implicitly has type 'any' because no interface 'JSX.IntrinsicElements' exists.
src/pages/RoutePlanner.tsx(22,9): error TS7026: JSX element implicitly has type 'any' because no interface 'JSX.IntrinsicElements' exists.
src/pages/RoutePlanner.tsx(24,13): error TS7026: JSX element implicitly has type 'any' because no interface 'JSX.IntrinsicElements' exists.
src/pages/RoutePlanner.tsx(25,15): error TS7026: JSX element implicitly has type 'any' because no interface 'JSX.IntrinsicElements' exists.
src/pages/RoutePlanner.tsx(25,38): error TS7026: JSX element implicitly has type 'any' because no interface 'JSX.IntrinsicElements' exists.
src/pages/RoutePlanner.tsx(26,15): error TS7026: JSX element implicitly has type 'any' because no interface 'JSX.IntrinsicElements' exists.
src/pages/RoutePlanner.tsx(26,28): error TS7026: JSX element implicitly has type 'any' because no interface 'JSX.IntrinsicElements' exists.
src/pages/RoutePlanner.tsx(27,15): error TS7026: JSX element implicitly has type 'any' because no interface 'JSX.IntrinsicElements' exists.
src/pages/RoutePlanner.tsx(27,77): error TS7026: JSX element implicitly has type 'any' because no interface 'JSX.IntrinsicElements' exists.
src/pages/RoutePlanner.tsx(28,15): error TS7026: JSX element implicitly has type 'any' because no interface 'JSX.IntrinsicElements' exists.
src/pages/RoutePlanner.tsx(30,19): error TS7026: JSX element implicitly has type 'any' because no interface 'JSX.IntrinsicElements' exists.
src/pages/RoutePlanner.tsx(30,118): error TS7026: JSX element implicitly has type 'any' because no interface 'JSX.IntrinsicElements' exists.
src/pages/RoutePlanner.tsx(32,15): error TS7026: JSX element implicitly has type 'any' because no interface 'JSX.IntrinsicElements' exists.
src/pages/RoutePlanner.tsx(33,13): error TS7026: JSX element implicitly has type 'any' because no interface 'JSX.IntrinsicElements' exists.
src/pages/RoutePlanner.tsx(35,9): error TS7026: JSX element implicitly has type 'any' because no interface 'JSX.IntrinsicElements' exists.
src/pages/RoutePlanner.tsx(36,7): error TS7026: JSX element implicitly has type 'any' because no interface 'JSX.IntrinsicElements' exists.
src/pages/RoutePlanner.tsx(37,5): error TS7026: JSX element implicitly has type 'any' because no interface 'JSX.IntrinsicElements' exists.
src/pages/RoutePlanner.tsx(44,5): error TS7026: JSX element implicitly has type 'any' because no interface 'JSX.IntrinsicElements' exists.
src/pages/RoutePlanner.tsx(45,7): error TS7026: JSX element implicitly has type 'any' because no interface 'JSX.IntrinsicElements' exists.
src/pages/RoutePlanner.tsx(45,88): error TS7026: JSX element implicitly has type 'any' because no interface 'JSX.IntrinsicElements' exists.
src/pages/RoutePlanner.tsx(46,7): error TS7026: JSX element implicitly has type 'any' because no interface 'JSX.IntrinsicElements' exists.
src/pages/RoutePlanner.tsx(47,9): error TS7026: JSX element implicitly has type 'any' because no interface 'JSX.IntrinsicElements' exists.
src/pages/RoutePlanner.tsx(47,16): error TS7026: JSX element implicitly has type 'any' because no interface 'JSX.IntrinsicElements' exists.
src/pages/RoutePlanner.tsx(47,20): error TS7026: JSX element implicitly has type 'any' because no interface 'JSX.IntrinsicElements' exists.
src/pages/RoutePlanner.tsx(47,30): error TS7026: JSX element implicitly has type 'any' because no interface 'JSX.IntrinsicElements' exists.
src/pages/RoutePlanner.tsx(47,35): error TS7026: JSX element implicitly has type 'any' because no interface 'JSX.IntrinsicElements' exists.
src/pages/RoutePlanner.tsx(47,45): error TS7026: JSX element implicitly has type 'any' because no interface 'JSX.IntrinsicElements' exists.
src/pages/RoutePlanner.tsx(47,50): error TS7026: JSX element implicitly has type 'any' because no interface 'JSX.IntrinsicElements' exists.
src/pages/RoutePlanner.tsx(47,55): error TS7026: JSX element implicitly has type 'any' because no interface 'JSX.IntrinsicElements' exists.
src/pages/RoutePlanner.tsx(48,9): error TS7026: JSX element implicitly has type 'any' because no interface 'JSX.IntrinsicElements' exists.
src/pages/RoutePlanner.tsx(50,13): error TS7026: JSX element implicitly has type 'any' because no interface 'JSX.IntrinsicElements' exists.
src/pages/RoutePlanner.tsx(51,15): error TS7026: JSX element implicitly has type 'any' because no interface 'JSX.IntrinsicElements' exists.
src/pages/RoutePlanner.tsx(51,54): error TS7026: JSX element implicitly has type 'any' because no interface 'JSX.IntrinsicElements' exists.
src/pages/RoutePlanner.tsx(52,15): error TS7026: JSX element implicitly has type 'any' because no interface 'JSX.IntrinsicElements' exists.
src/pages/RoutePlanner.tsx(54,15): error TS7026: JSX element implicitly has type 'any' because no interface 'JSX.IntrinsicElements' exists.
src/pages/RoutePlanner.tsx(55,13): error TS7026: JSX element implicitly has type 'any' because no interface 'JSX.IntrinsicElements' exists.
src/pages/RoutePlanner.tsx(57,9): error TS7026: JSX element implicitly has type 'any' because no interface 'JSX.IntrinsicElements' exists.
src/pages/RoutePlanner.tsx(58,7): error TS7026: JSX element implicitly has type 'any' because no interface 'JSX.IntrinsicElements' exists.
src/pages/RoutePlanner.tsx(59,5): error TS7026: JSX element implicitly has type 'any' because no interface 'JSX.IntrinsicElements' exists.
src/pages/RoutePlanner.tsx(115,5): error TS7026: JSX element implicitly has type 'any' because no interface 'JSX.IntrinsicElements' exists.
src/pages/RoutePlanner.tsx(116,7): error TS7026: JSX element implicitly has type 'any' because no interface 'JSX.IntrinsicElements' exists.
src/pages/RoutePlanner.tsx(116,24): error TS7026: JSX element implicitly has type 'any' because no interface 'JSX.IntrinsicElements' exists.
src/pages/RoutePlanner.tsx(117,7): error TS7026: JSX element implicitly has type 'any' because no interface 'JSX.IntrinsicElements' exists.
src/pages/RoutePlanner.tsx(123,7): error TS7026: JSX element implicitly has type 'any' because no interface 'JSX.IntrinsicElements' exists.
src/pages/RoutePlanner.tsx(125,7): error TS7026: JSX element implicitly has type 'any' because no interface 'JSX.IntrinsicElements' exists.
src/pages/RoutePlanner.tsx(126,9): error TS7026: JSX element implicitly has type 'any' because no interface 'JSX.IntrinsicElements' exists.
src/pages/RoutePlanner.tsx(127,11): error TS7026: JSX element implicitly has type 'any' because no interface 'JSX.IntrinsicElements' exists.
src/pages/RoutePlanner.tsx(129,11): error TS7026: JSX element implicitly has type 'any' because no interface 'JSX.IntrinsicElements' exists.
src/pages/RoutePlanner.tsx(130,11): error TS7026: JSX element implicitly has type 'any' because no interface 'JSX.IntrinsicElements' exists.
src/pages/RoutePlanner.tsx(130,60): error TS7006: Parameter 'e' implicitly has an 'any' type.
src/pages/RoutePlanner.tsx(131,9): error TS7026: JSX element implicitly has type 'any' because no interface 'JSX.IntrinsicElements' exists.
src/pages/RoutePlanner.tsx(132,9): error TS7026: JSX element implicitly has type 'any' because no interface 'JSX.IntrinsicElements' exists.
src/pages/RoutePlanner.tsx(134,9): error TS7026: JSX element implicitly has type 'any' because no interface 'JSX.IntrinsicElements' exists.
src/pages/RoutePlanner.tsx(135,7): error TS7026: JSX element implicitly has type 'any' because no interface 'JSX.IntrinsicElements' exists.
src/pages/RoutePlanner.tsx(137,17): error TS7026: JSX element implicitly has type 'any' because no interface 'JSX.IntrinsicElements' exists.
src/pages/RoutePlanner.tsx(137,63): error TS7026: JSX element implicitly has type 'any' because no interface 'JSX.IntrinsicElements' exists.
src/pages/RoutePlanner.tsx(142,13): error TS7026: JSX element implicitly has type 'any' because no interface 'JSX.IntrinsicElements' exists.
src/pages/RoutePlanner.tsx(143,15): error TS7026: JSX element implicitly has type 'any' because no interface 'JSX.IntrinsicElements' exists.
src/pages/RoutePlanner.tsx(143,79): error TS7026: JSX element implicitly has type 'any' because no interface 'JSX.IntrinsicElements' exists.
src/pages/RoutePlanner.tsx(144,15): error TS7026: JSX element implicitly has type 'any' because no interface 'JSX.IntrinsicElements' exists.
src/pages/RoutePlanner.tsx(145,43): error TS7006: Parameter 'e' implicitly has an 'any' type.
src/pages/RoutePlanner.tsx(145,46): error TS7006: Parameter 'i' implicitly has an 'any' type.
src/pages/RoutePlanner.tsx(145,52): error TS7026: JSX element implicitly has type 'any' because no interface 'JSX.IntrinsicElements' exists.
src/pages/RoutePlanner.tsx(145,67): error TS7026: JSX element implicitly has type 'any' because no interface 'JSX.IntrinsicElements' exists.
src/pages/RoutePlanner.tsx(146,15): error TS7026: JSX element implicitly has type 'any' because no interface 'JSX.IntrinsicElements' exists.
src/pages/RoutePlanner.tsx(147,13): error TS7026: JSX element implicitly has type 'any' because no interface 'JSX.IntrinsicElements' exists.
src/pages/RoutePlanner.tsx(150,30): error TS7006: Parameter 'area' implicitly has an 'any' type.
src/pages/RoutePlanner.tsx(162,13): error TS7026: JSX element implicitly has type 'any' because no interface 'JSX.IntrinsicElements' exists.
src/pages/RoutePlanner.tsx(163,15): error TS7026: JSX element implicitly has type 'any' because no interface 'JSX.IntrinsicElements' exists.
src/pages/RoutePlanner.tsx(164,17): error TS7026: JSX element implicitly has type 'any' because no interface 'JSX.IntrinsicElements' exists.
src/pages/RoutePlanner.tsx(165,50): error TS7026: JSX element implicitly has type 'any' because no interface 'JSX.IntrinsicElements' exists.
src/pages/RoutePlanner.tsx(165,91): error TS7026: JSX element implicitly has type 'any' because no interface 'JSX.IntrinsicElements' exists.
src/pages/RoutePlanner.tsx(167,17): error TS7026: JSX element implicitly has type 'any' because no interface 'JSX.IntrinsicElements' exists.
src/pages/RoutePlanner.tsx(168,17): error TS7026: JSX element implicitly has type 'any' because no interface 'JSX.IntrinsicElements' exists.
src/pages/RoutePlanner.tsx(169,19): error TS7026: JSX element implicitly has type 'any' because no interface 'JSX.IntrinsicElements' exists.
src/pages/RoutePlanner.tsx(169,114): error TS7026: JSX element implicitly has type 'any' because no interface 'JSX.IntrinsicElements' exists.
src/pages/RoutePlanner.tsx(170,19): error TS7026: JSX element implicitly has type 'any' because no interface 'JSX.IntrinsicElements' exists.
src/pages/RoutePlanner.tsx(170,85): error TS7026: JSX element implicitly has type 'any' because no interface 'JSX.IntrinsicElements' exists.
src/pages/RoutePlanner.tsx(171,17): error TS7026: JSX element implicitly has type 'any' because no interface 'JSX.IntrinsicElements' exists.
src/pages/RoutePlanner.tsx(172,15): error TS7026: JSX element implicitly has type 'any' because no interface 'JSX.IntrinsicElements' exists.
src/pages/RoutePlanner.tsx(177,17): error TS7026: JSX element implicitly has type 'any' because no interface 'JSX.IntrinsicElements' exists.
src/pages/RoutePlanner.tsx(177,92): error TS7026: JSX element implicitly has type 'any' because no interface 'JSX.IntrinsicElements' exists.
src/pages/RoutePlanner.tsx(182,13): error TS7026: JSX element implicitly has type 'any' because no interface 'JSX.IntrinsicElements' exists.
src/pages/RoutePlanner.tsx(186,5): error TS7026: JSX element implicitly has type 'any' because no interface 'JSX.IntrinsicElements' exists.
src/pages/RoutePlanner.tsx(230,5): error TS7026: JSX element implicitly has type 'any' because no interface 'JSX.IntrinsicElements' exists.
src/pages/RoutePlanner.tsx(231,7): error TS7026: JSX element implicitly has type 'any' because no interface 'JSX.IntrinsicElements' exists.
src/pages/RoutePlanner.tsx(231,62): error TS7006: Parameter 'e' implicitly has an 'any' type.
src/pages/RoutePlanner.tsx(233,9): error TS7026: JSX element implicitly has type 'any' because no interface 'JSX.IntrinsicElements' exists.
src/pages/RoutePlanner.tsx(233,55): error TS7026: JSX element implicitly has type 'any' because no interface 'JSX.IntrinsicElements' exists.
src/pages/RoutePlanner.tsx(234,9): error TS7026: JSX element implicitly has type 'any' because no interface 'JSX.IntrinsicElements' exists.
src/pages/RoutePlanner.tsx(236,38): error TS7026: JSX element implicitly has type 'any' because no interface 'JSX.IntrinsicElements' exists.
src/pages/RoutePlanner.tsx(236,81): error TS7006: Parameter 'e' implicitly has an 'any' type.
src/pages/RoutePlanner.tsx(238,38): error TS7026: JSX element implicitly has type 'any' because no interface 'JSX.IntrinsicElements' exists.
src/pages/RoutePlanner.tsx(238,81): error TS7006: Parameter 'e' implicitly has an 'any' type.
src/pages/RoutePlanner.tsx(243,45): error TS7026: JSX element implicitly has type 'any' because no interface 'JSX.IntrinsicElements' exists.
src/pages/RoutePlanner.tsx(243,95): error TS7006: Parameter 'e' implicitly has an 'any' type.
src/pages/RoutePlanner.tsx(244,45): error TS7026: JSX element implicitly has type 'any' because no interface 'JSX.IntrinsicElements' exists.
src/pages/RoutePlanner.tsx(244,95): error TS7006: Parameter 'e' implicitly has an 'any' type.
src/pages/RoutePlanner.tsx(245,37): error TS7026: JSX element implicitly has type 'any' because no interface 'JSX.IntrinsicElements' exists.
src/pages/RoutePlanner.tsx(245,91): error TS7006: Parameter 'e' implicitly has an 'any' type.
src/pages/RoutePlanner.tsx(246,35): error TS7026: JSX element implicitly has type 'any' because no interface 'JSX.IntrinsicElements' exists.
src/pages/RoutePlanner.tsx(246,87): error TS7006: Parameter 'e' implicitly has an 'any' type.
src/pages/RoutePlanner.tsx(247,9): error TS7026: JSX element implicitly has type 'any' because no interface 'JSX.IntrinsicElements' exists.
src/pages/RoutePlanner.tsx(248,19): error TS7026: JSX element implicitly has type 'any' because no interface 'JSX.IntrinsicElements' exists.
src/pages/RoutePlanner.tsx(248,54): error TS7026: JSX element implicitly has type 'any' because no interface 'JSX.IntrinsicElements' exists.
src/pages/RoutePlanner.tsx(249,9): error TS7026: JSX element implicitly has type 'any' because no interface 'JSX.IntrinsicElements' exists.
src/pages/RoutePlanner.tsx(250,11): error TS7026: JSX element implicitly has type 'any' because no interface 'JSX.IntrinsicElements' exists.
src/pages/RoutePlanner.tsx(250,61): error TS7026: JSX element implicitly has type 'any' because no interface 'JSX.IntrinsicElements' exists.
src/pages/RoutePlanner.tsx(251,11): error TS7026: JSX element implicitly has type 'any' because no interface 'JSX.IntrinsicElements' exists.
src/pages/RoutePlanner.tsx(251,135): error TS7026: JSX element implicitly has type 'any' because no interface 'JSX.IntrinsicElements' exists.
src/pages/RoutePlanner.tsx(252,9): error TS7026: JSX element implicitly has type 'any' because no interface 'JSX.IntrinsicElements' exists.
src/pages/RoutePlanner.tsx(253,7): error TS7026: JSX element implicitly has type 'any' because no interface 'JSX.IntrinsicElements' exists.
src/pages/RoutePlanner.tsx(254,5): error TS7026: JSX element implicitly has type 'any' because no interface 'JSX.IntrinsicElements' exists.
src/pages/RoutePlanner.tsx(258,64): error TS2503: Cannot find namespace 'React'.
src/pages/RoutePlanner.tsx(260,5): error TS7026: JSX element implicitly has type 'any' because no interface 'JSX.IntrinsicElements' exists.
src/pages/RoutePlanner.tsx(263,5): error TS7026: JSX element implicitly has type 'any' because no interface 'JSX.IntrinsicElements' exists.
src/pages/RoutePlanner.tsx(306,5): error TS7026: JSX element implicitly has type 'any' because no interface 'JSX.IntrinsicElements' exists.
src/pages/RoutePlanner.tsx(307,7): error TS7026: JSX element implicitly has type 'any' because no interface 'JSX.IntrinsicElements' exists.
src/pages/RoutePlanner.tsx(308,9): error TS7026: JSX element implicitly has type 'any' because no interface 'JSX.IntrinsicElements' exists.
src/pages/RoutePlanner.tsx(309,11): error TS7026: JSX element implicitly has type 'any' because no interface 'JSX.IntrinsicElements' exists.
src/pages/RoutePlanner.tsx(309,116): error TS7026: JSX element implicitly has type 'any' because no interface 'JSX.IntrinsicElements' exists.
src/pages/RoutePlanner.tsx(310,11): error TS7026: JSX element implicitly has type 'any' because no interface 'JSX.IntrinsicElements' exists.
src/pages/RoutePlanner.tsx(310,60): error TS7006: Parameter 'e' implicitly has an 'any' type.
src/pages/RoutePlanner.tsx(311,9): error TS7026: JSX element implicitly has type 'any' because no interface 'JSX.IntrinsicElements' exists.
src/pages/RoutePlanner.tsx(312,9): error TS7026: JSX element implicitly has type 'any' because no interface 'JSX.IntrinsicElements' exists.
src/pages/RoutePlanner.tsx(314,9): error TS7026: JSX element implicitly has type 'any' because no interface 'JSX.IntrinsicElements' exists.
src/pages/RoutePlanner.tsx(315,9): error TS7026: JSX element implicitly has type 'any' because no interface 'JSX.IntrinsicElements' exists.
src/pages/RoutePlanner.tsx(315,117): error TS7026: JSX element implicitly has type 'any' because no interface 'JSX.IntrinsicElements' exists.
src/pages/RoutePlanner.tsx(316,9): error TS7026: JSX element implicitly has type 'any' because no interface 'JSX.IntrinsicElements' exists.
src/pages/RoutePlanner.tsx(316,109): error TS7026: JSX element implicitly has type 'any' because no interface 'JSX.IntrinsicElements' exists.
src/pages/RoutePlanner.tsx(317,9): error TS7026: JSX element implicitly has type 'any' because no interface 'JSX.IntrinsicElements' exists.
src/pages/RoutePlanner.tsx(317,131): error TS7026: JSX element implicitly has type 'any' because no interface 'JSX.IntrinsicElements' exists.
src/pages/RoutePlanner.tsx(318,7): error TS7026: JSX element implicitly has type 'any' because no interface 'JSX.IntrinsicElements' exists.
src/pages/RoutePlanner.tsx(320,17): error TS7026: JSX element implicitly has type 'any' because no interface 'JSX.IntrinsicElements' exists.
src/pages/RoutePlanner.tsx(320,92): error TS7026: JSX element implicitly has type 'any' because no interface 'JSX.IntrinsicElements' exists.
src/pages/RoutePlanner.tsx(323,9): error TS7026: JSX element implicitly has type 'any' because no interface 'JSX.IntrinsicElements' exists.
src/pages/RoutePlanner.tsx(326,13): error TS7026: JSX element implicitly has type 'any' because no interface 'JSX.IntrinsicElements' exists.
src/pages/RoutePlanner.tsx(329,13): error TS7026: JSX element implicitly has type 'any' because no interface 'JSX.IntrinsicElements' exists.
src/pages/RoutePlanner.tsx(331,9): error TS7026: JSX element implicitly has type 'any' because no interface 'JSX.IntrinsicElements' exists.
src/pages/RoutePlanner.tsx(333,9): error TS7026: JSX element implicitly has type 'any' because no interface 'JSX.IntrinsicElements' exists.
src/pages/RoutePlanner.tsx(334,11): error TS7026: JSX element implicitly has type 'any' because no interface 'JSX.IntrinsicElements' exists.
src/pages/RoutePlanner.tsx(335,13): error TS7026: JSX element implicitly has type 'any' because no interface 'JSX.IntrinsicElements' exists.
src/pages/RoutePlanner.tsx(336,15): error TS7026: JSX element implicitly has type 'any' because no interface 'JSX.IntrinsicElements' exists.
src/pages/RoutePlanner.tsx(337,17): error TS7026: JSX element implicitly has type 'any' because no interface 'JSX.IntrinsicElements' exists.
src/pages/RoutePlanner.tsx(337,30): error TS7026: JSX element implicitly has type 'any' because no interface 'JSX.IntrinsicElements' exists.
src/pages/RoutePlanner.tsx(337,35): error TS7026: JSX element implicitly has type 'any' because no interface 'JSX.IntrinsicElements' exists.
src/pages/RoutePlanner.tsx(337,48): error TS7026: JSX element implicitly has type 'any' because no interface 'JSX.IntrinsicElements' exists.
src/pages/RoutePlanner.tsx(337,53): error TS7026: JSX element implicitly has type 'any' because no interface 'JSX.IntrinsicElements' exists.
src/pages/RoutePlanner.tsx(337,65): error TS7026: JSX element implicitly has type 'any' because no interface 'JSX.IntrinsicElements' exists.
src/pages/RoutePlanner.tsx(337,70): error TS7026: JSX element implicitly has type 'any' because no interface 'JSX.IntrinsicElements' exists.
src/pages/RoutePlanner.tsx(337,84): error TS7026: JSX element implicitly has type 'any' because no interface 'JSX.IntrinsicElements' exists.
src/pages/RoutePlanner.tsx(338,17): error TS7026: JSX element implicitly has type 'any' because no interface 'JSX.IntrinsicElements' exists.
src/pages/RoutePlanner.tsx(338,33): error TS7026: JSX element implicitly has type 'any' because no interface 'JSX.IntrinsicElements' exists.
src/pages/RoutePlanner.tsx(338,38): error TS7026: JSX element implicitly has type 'any' because no interface 'JSX.IntrinsicElements' exists.
src/pages/RoutePlanner.tsx(338,55): error TS7026: JSX element implicitly has type 'any' because no interface 'JSX.IntrinsicElements' exists.
src/pages/RoutePlanner.tsx(338,60): error TS7026: JSX element implicitly has type 'any' because no interface 'JSX.IntrinsicElements' exists.
src/pages/RoutePlanner.tsx(338,77): error TS7026: JSX element implicitly has type 'any' because no interface 'JSX.IntrinsicElements' exists.
src/pages/RoutePlanner.tsx(339,17): error TS7026: JSX element implicitly has type 'any' because no interface 'JSX.IntrinsicElements' exists.
src/pages/RoutePlanner.tsx(339,32): error TS7026: JSX element implicitly has type 'any' because no interface 'JSX.IntrinsicElements' exists.
src/pages/RoutePlanner.tsx(339,37): error TS7026: JSX element implicitly has type 'any' because no interface 'JSX.IntrinsicElements' exists.
src/pages/RoutePlanner.tsx(339,52): error TS7026: JSX element implicitly has type 'any' because no interface 'JSX.IntrinsicElements' exists.
src/pages/RoutePlanner.tsx(339,57): error TS7026: JSX element implicitly has type 'any' because no interface 'JSX.IntrinsicElements' exists.
src/pages/RoutePlanner.tsx(339,67): error TS7026: JSX element implicitly has type 'any' because no interface 'JSX.IntrinsicElements' exists.
src/pages/RoutePlanner.tsx(339,72): error TS7026: JSX element implicitly has type 'any' because no interface 'JSX.IntrinsicElements' exists.
src/pages/RoutePlanner.tsx(339,82): error TS7026: JSX element implicitly has type 'any' because no interface 'JSX.IntrinsicElements' exists.
src/pages/RoutePlanner.tsx(340,17): error TS7026: JSX element implicitly has type 'any' because no interface 'JSX.IntrinsicElements' exists.
src/pages/RoutePlanner.tsx(340,26): error TS7026: JSX element implicitly has type 'any' because no interface 'JSX.IntrinsicElements' exists.
src/pages/RoutePlanner.tsx(340,31): error TS7026: JSX element implicitly has type 'any' because no interface 'JSX.IntrinsicElements' exists.
src/pages/RoutePlanner.tsx(340,41): error TS7026: JSX element implicitly has type 'any' because no interface 'JSX.IntrinsicElements' exists.
src/pages/RoutePlanner.tsx(340,46): error TS7026: JSX element implicitly has type 'any' because no interface 'JSX.IntrinsicElements' exists.
src/pages/RoutePlanner.tsx(340,55): error TS7026: JSX element implicitly has type 'any' because no interface 'JSX.IntrinsicElements' exists.
src/pages/RoutePlanner.tsx(340,60): error TS7026: JSX element implicitly has type 'any' because no interface 'JSX.IntrinsicElements' exists.
src/pages/RoutePlanner.tsx(340,77): error TS7026: JSX element implicitly has type 'any' because no interface 'JSX.IntrinsicElements' exists.
src/pages/RoutePlanner.tsx(340,82): error TS7026: JSX element implicitly has type 'any' because no interface 'JSX.IntrinsicElements' exists.
src/pages/RoutePlanner.tsx(340,92): error TS7026: JSX element implicitly has type 'any' because no interface 'JSX.IntrinsicElements' exists.
src/pages/RoutePlanner.tsx(340,97): error TS7026: JSX element implicitly has type 'any' because no interface 'JSX.IntrinsicElements' exists.
src/pages/RoutePlanner.tsx(340,101): error TS7026: JSX element implicitly has type 'any' because no interface 'JSX.IntrinsicElements' exists.
src/pages/RoutePlanner.tsx(341,15): error TS7026: JSX element implicitly has type 'any' because no interface 'JSX.IntrinsicElements' exists.
src/pages/RoutePlanner.tsx(342,13): error TS7026: JSX element implicitly has type 'any' because no interface 'JSX.IntrinsicElements' exists.
src/pages/RoutePlanner.tsx(343,13): error TS7026: JSX element implicitly has type 'any' because no interface 'JSX.IntrinsicElements' exists.
src/pages/RoutePlanner.tsx(344,26): error TS7006: Parameter 'r' implicitly has an 'any' type.
src/pages/RoutePlanner.tsx(345,17): error TS7026: JSX element implicitly has type 'any' because no interface 'JSX.IntrinsicElements' exists.
src/pages/RoutePlanner.tsx(346,19): error TS7026: JSX element implicitly has type 'any' because no interface 'JSX.IntrinsicElements' exists.
src/pages/RoutePlanner.tsx(346,36): error TS7026: JSX element implicitly has type 'any' because no interface 'JSX.IntrinsicElements' exists.
src/pages/RoutePlanner.tsx(346,41): error TS7026: JSX element implicitly has type 'any' because no interface 'JSX.IntrinsicElements' exists.
src/pages/RoutePlanner.tsx(346,58): error TS7026: JSX element implicitly has type 'any' because no interface 'JSX.IntrinsicElements' exists.
src/pages/RoutePlanner.tsx(346,63): error TS7026: JSX element implicitly has type 'any' because no interface 'JSX.IntrinsicElements' exists.
src/pages/RoutePlanner.tsx(346,77): error TS7026: JSX element implicitly has type 'any' because no interface 'JSX.IntrinsicElements' exists.
src/pages/RoutePlanner.tsx(346,82): error TS7026: JSX element implicitly has type 'any' because no interface 'JSX.IntrinsicElements' exists.
src/pages/RoutePlanner.tsx(346,100): error TS7026: JSX element implicitly has type 'any' because no interface 'JSX.IntrinsicElements' exists.
src/pages/RoutePlanner.tsx(347,19): error TS7026: JSX element implicitly has type 'any' because no interface 'JSX.IntrinsicElements' exists.
src/pages/RoutePlanner.tsx(347,39): error TS7026: JSX element implicitly has type 'any' because no interface 'JSX.IntrinsicElements' exists.
src/pages/RoutePlanner.tsx(347,44): error TS7026: JSX element implicitly has type 'any' because no interface 'JSX.IntrinsicElements' exists.
src/pages/RoutePlanner.tsx(347,82): error TS7026: JSX element implicitly has type 'any' because no interface 'JSX.IntrinsicElements' exists.
src/pages/RoutePlanner.tsx(348,19): error TS7026: JSX element implicitly has type 'any' because no interface 'JSX.IntrinsicElements' exists.
src/pages/RoutePlanner.tsx(348,80): error TS7026: JSX element implicitly has type 'any' because no interface 'JSX.IntrinsicElements' exists.
src/pages/RoutePlanner.tsx(348,121): error TS7026: JSX element implicitly has type 'any' because no interface 'JSX.IntrinsicElements' exists.
src/pages/RoutePlanner.tsx(348,129): error TS7026: JSX element implicitly has type 'any' because no interface 'JSX.IntrinsicElements' exists.
src/pages/RoutePlanner.tsx(349,19): error TS7026: JSX element implicitly has type 'any' because no interface 'JSX.IntrinsicElements' exists.
src/pages/RoutePlanner.tsx(349,23): error TS7026: JSX element implicitly has type 'any' because no interface 'JSX.IntrinsicElements' exists.
src/pages/RoutePlanner.tsx(349,125): error TS7026: JSX element implicitly has type 'any' because no interface 'JSX.IntrinsicElements' exists.
src/pages/RoutePlanner.tsx(349,132): error TS7026: JSX element implicitly has type 'any' because no interface 'JSX.IntrinsicElements' exists.
src/pages/RoutePlanner.tsx(350,19): error TS7026: JSX element implicitly has type 'any' because no interface 'JSX.IntrinsicElements' exists.
src/pages/RoutePlanner.tsx(350,23): error TS7026: JSX element implicitly has type 'any' because no interface 'JSX.IntrinsicElements' exists.
src/pages/RoutePlanner.tsx(350,125): error TS7026: JSX element implicitly has type 'any' because no interface 'JSX.IntrinsicElements' exists.
src/pages/RoutePlanner.tsx(350,132): error TS7026: JSX element implicitly has type 'any' because no interface 'JSX.IntrinsicElements' exists.
src/pages/RoutePlanner.tsx(351,19): error TS7026: JSX element implicitly has type 'any' because no interface 'JSX.IntrinsicElements' exists.
src/pages/RoutePlanner.tsx(351,84): error TS7026: JSX element implicitly has type 'any' because no interface 'JSX.IntrinsicElements' exists.
src/pages/RoutePlanner.tsx(352,19): error TS7026: JSX element implicitly has type 'any' because no interface 'JSX.IntrinsicElements' exists.
src/pages/RoutePlanner.tsx(352,84): error TS7026: JSX element implicitly has type 'any' because no interface 'JSX.IntrinsicElements' exists.
src/pages/RoutePlanner.tsx(353,19): error TS7026: JSX element implicitly has type 'any' because no interface 'JSX.IntrinsicElements' exists.
src/pages/RoutePlanner.tsx(353,77): error TS7026: JSX element implicitly has type 'any' because no interface 'JSX.IntrinsicElements' exists.
src/pages/RoutePlanner.tsx(354,19): error TS7026: JSX element implicitly has type 'any' because no interface 'JSX.IntrinsicElements' exists.
src/pages/RoutePlanner.tsx(356,46): error TS7026: JSX element implicitly has type 'any' because no interface 'JSX.IntrinsicElements' exists.
src/pages/RoutePlanner.tsx(356,102): error TS7026: JSX element implicitly has type 'any' because no interface 'JSX.IntrinsicElements' exists.
src/pages/RoutePlanner.tsx(357,19): error TS7026: JSX element implicitly has type 'any' because no interface 'JSX.IntrinsicElements' exists.
src/pages/RoutePlanner.tsx(358,19): error TS7026: JSX element implicitly has type 'any' because no interface 'JSX.IntrinsicElements' exists.
src/pages/RoutePlanner.tsx(358,76): error TS7026: JSX element implicitly has type 'any' because no interface 'JSX.IntrinsicElements' exists.
src/pages/RoutePlanner.tsx(359,19): error TS7026: JSX element implicitly has type 'any' because no interface 'JSX.IntrinsicElements' exists.
src/pages/RoutePlanner.tsx(361,19): error TS7026: JSX element implicitly has type 'any' because no interface 'JSX.IntrinsicElements' exists.
src/pages/RoutePlanner.tsx(362,19): error TS7026: JSX element implicitly has type 'any' because no interface 'JSX.IntrinsicElements' exists.
src/pages/RoutePlanner.tsx(362,23): error TS7026: JSX element implicitly has type 'any' because no interface 'JSX.IntrinsicElements' exists.
src/pages/RoutePlanner.tsx(362,140): error TS7026: JSX element implicitly has type 'any' because no interface 'JSX.IntrinsicElements' exists.
src/pages/RoutePlanner.tsx(362,147): error TS7026: JSX element implicitly has type 'any' because no interface 'JSX.IntrinsicElements' exists.
src/pages/RoutePlanner.tsx(363,19): error TS7026: JSX element implicitly has type 'any' because no interface 'JSX.IntrinsicElements' exists.
src/pages/RoutePlanner.tsx(363,23): error TS7026: JSX element implicitly has type 'any' because no interface 'JSX.IntrinsicElements' exists.
src/pages/RoutePlanner.tsx(363,81): error TS7026: JSX element implicitly has type 'any' because no interface 'JSX.IntrinsicElements' exists.
src/pages/RoutePlanner.tsx(363,90): error TS7026: JSX element implicitly has type 'any' because no interface 'JSX.IntrinsicElements' exists.
src/pages/RoutePlanner.tsx(364,17): error TS7026: JSX element implicitly has type 'any' because no interface 'JSX.IntrinsicElements' exists.
src/pages/RoutePlanner.tsx(366,13): error TS7026: JSX element implicitly has type 'any' because no interface 'JSX.IntrinsicElements' exists.
src/pages/RoutePlanner.tsx(367,11): error TS7026: JSX element implicitly has type 'any' because no interface 'JSX.IntrinsicElements' exists.
src/pages/RoutePlanner.tsx(368,9): error TS7026: JSX element implicitly has type 'any' because no interface 'JSX.IntrinsicElements' exists.
src/pages/RoutePlanner.tsx(374,5): error TS7026: JSX element implicitly has type 'any' because no interface 'JSX.IntrinsicElements' exists.
src/pages/RoutePlanner.tsx(404,63): error TS2503: Cannot find namespace 'React'.
src/pages/RoutePlanner.tsx(411,63): error TS2503: Cannot find namespace 'React'.
src/pages/RoutePlanner.tsx(420,46): error TS7026: JSX element implicitly has type 'any' because no interface 'JSX.IntrinsicElements' exists.
src/pages/RoutePlanner.tsx(420,87): error TS7026: JSX element implicitly has type 'any' because no interface 'JSX.IntrinsicElements' exists.
src/pages/RoutePlanner.tsx(463,42): error TS7006: Parameter 'c' implicitly has an 'any' type.
src/pages/RoutePlanner.tsx(488,45): error TS7006: Parameter 'c' implicitly has an 'any' type.
src/pages/RoutePlanner.tsx(495,40): error TS7006: Parameter 'c' implicitly has an 'any' type.
src/pages/RoutePlanner.tsx(495,70): error TS7006: Parameter 'c' implicitly has an 'any' type.
src/pages/RoutePlanner.tsx(496,51): error TS7006: Parameter 'c' implicitly has an 'any' type.
src/pages/RoutePlanner.tsx(503,33): error TS2503: Cannot find namespace 'React'.
src/pages/RoutePlanner.tsx(506,31): error TS7006: Parameter 'c' implicitly has an 'any' type.
src/pages/RoutePlanner.tsx(516,17): error TS7006: Parameter 'cur' implicitly has an 'any' type.
src/pages/RoutePlanner.tsx(516,34): error TS7006: Parameter 'c' implicitly has an 'any' type.
src/pages/RoutePlanner.tsx(523,17): error TS7006: Parameter 'cur' implicitly has an 'any' type.
src/pages/RoutePlanner.tsx(531,28): error TS2345: Argument of type 'Set<unknown>' is not assignable to parameter of type 'Set<string>'.
  Type 'unknown' is not assignable to type 'string'.
src/pages/RoutePlanner.tsx(548,5): error TS7026: JSX element implicitly has type 'any' because no interface 'JSX.IntrinsicElements' exists.
src/pages/RoutePlanner.tsx(549,7): error TS7026: JSX element implicitly has type 'any' because no interface 'JSX.IntrinsicElements' exists.
src/pages/RoutePlanner.tsx(550,9): error TS7026: JSX element implicitly has type 'any' because no interface 'JSX.IntrinsicElements' exists.
src/pages/RoutePlanner.tsx(550,33): error TS7026: JSX element implicitly has type 'any' because no interface 'JSX.IntrinsicElements' exists.
src/pages/RoutePlanner.tsx(551,9): error TS7026: JSX element implicitly has type 'any' because no interface 'JSX.IntrinsicElements' exists.
src/pages/RoutePlanner.tsx(554,9): error TS7026: JSX element implicitly has type 'any' because no interface 'JSX.IntrinsicElements' exists.
src/pages/RoutePlanner.tsx(555,9): error TS7026: JSX element implicitly has type 'any' because no interface 'JSX.IntrinsicElements' exists.
src/pages/RoutePlanner.tsx(555,103): error TS7026: JSX element implicitly has type 'any' because no interface 'JSX.IntrinsicElements' exists.
src/pages/RoutePlanner.tsx(556,9): error TS7026: JSX element implicitly has type 'any' because no interface 'JSX.IntrinsicElements' exists.
src/pages/RoutePlanner.tsx(557,11): error TS7026: JSX element implicitly has type 'any' because no interface 'JSX.IntrinsicElements' exists.
src/pages/RoutePlanner.tsx(557,132): error TS7006: Parameter 's' implicitly has an 'any' type.
src/pages/RoutePlanner.tsx(559,11): error TS7026: JSX element implicitly has type 'any' because no interface 'JSX.IntrinsicElements' exists.
src/pages/RoutePlanner.tsx(561,13): error TS7026: JSX element implicitly has type 'any' because no interface 'JSX.IntrinsicElements' exists.
src/pages/RoutePlanner.tsx(569,15): error TS7026: JSX element implicitly has type 'any' because no interface 'JSX.IntrinsicElements' exists.
src/pages/RoutePlanner.tsx(569,104): error TS7026: JSX element implicitly has type 'any' because no interface 'JSX.IntrinsicElements' exists.
src/pages/RoutePlanner.tsx(570,29): error TS7006: Parameter 'c' implicitly has an 'any' type.
src/pages/RoutePlanner.tsx(571,17): error TS7026: JSX element implicitly has type 'any' because no interface 'JSX.IntrinsicElements' exists.
src/pages/RoutePlanner.tsx(572,19): error TS7026: JSX element implicitly has type 'any' because no interface 'JSX.IntrinsicElements' exists.
src/pages/RoutePlanner.tsx(574,17): error TS7026: JSX element implicitly has type 'any' because no interface 'JSX.IntrinsicElements' exists.
src/pages/RoutePlanner.tsx(576,15): error TS7026: JSX element implicitly has type 'any' because no interface 'JSX.IntrinsicElements' exists.
src/pages/RoutePlanner.tsx(578,15): error TS7026: JSX element implicitly has type 'any' because no interface 'JSX.IntrinsicElements' exists.
src/pages/RoutePlanner.tsx(579,13): error TS7026: JSX element implicitly has type 'any' because no interface 'JSX.IntrinsicElements' exists.
src/pages/RoutePlanner.tsx(581,9): error TS7026: JSX element implicitly has type 'any' because no interface 'JSX.IntrinsicElements' exists.
src/pages/RoutePlanner.tsx(582,9): error TS7026: JSX element implicitly has type 'any' because no interface 'JSX.IntrinsicElements' exists.
src/pages/RoutePlanner.tsx(582,109): error TS7026: JSX element implicitly has type 'any' because no interface 'JSX.IntrinsicElements' exists.
src/pages/RoutePlanner.tsx(583,9): error TS7026: JSX element implicitly has type 'any' because no interface 'JSX.IntrinsicElements' exists.
src/pages/RoutePlanner.tsx(583,131): error TS7026: JSX element implicitly has type 'any' because no interface 'JSX.IntrinsicElements' exists.
src/pages/RoutePlanner.tsx(584,7): error TS7026: JSX element implicitly has type 'any' because no interface 'JSX.IntrinsicElements' exists.
src/pages/RoutePlanner.tsx(586,17): error TS7026: JSX element implicitly has type 'any' because no interface 'JSX.IntrinsicElements' exists.
src/pages/RoutePlanner.tsx(586,92): error TS7026: JSX element implicitly has type 'any' because no interface 'JSX.IntrinsicElements' exists.
src/pages/RoutePlanner.tsx(589,9): error TS7026: JSX element implicitly has type 'any' because no interface 'JSX.IntrinsicElements' exists.
src/pages/RoutePlanner.tsx(591,9): error TS7026: JSX element implicitly has type 'any' because no interface 'JSX.IntrinsicElements' exists.
src/pages/RoutePlanner.tsx(593,9): error TS7026: JSX element implicitly has type 'any' because no interface 'JSX.IntrinsicElements' exists.
src/pages/RoutePlanner.tsx(594,11): error TS7026: JSX element implicitly has type 'any' because no interface 'JSX.IntrinsicElements' exists.
src/pages/RoutePlanner.tsx(595,13): error TS7026: JSX element implicitly has type 'any' because no interface 'JSX.IntrinsicElements' exists.
src/pages/RoutePlanner.tsx(596,15): error TS7026: JSX element implicitly has type 'any' because no interface 'JSX.IntrinsicElements' exists.
src/pages/RoutePlanner.tsx(597,36): error TS7006: Parameter 'c' implicitly has an 'any' type.
src/pages/RoutePlanner.tsx(597,42): error TS7026: JSX element implicitly has type 'any' because no interface 'JSX.IntrinsicElements' exists.
src/pages/RoutePlanner.tsx(598,13): error TS7026: JSX element implicitly has type 'any' because no interface 'JSX.IntrinsicElements' exists.
src/pages/RoutePlanner.tsx(599,13): error TS7026: JSX element implicitly has type 'any' because no interface 'JSX.IntrinsicElements' exists.
src/pages/RoutePlanner.tsx(600,15): error TS7026: JSX element implicitly has type 'any' because no interface 'JSX.IntrinsicElements' exists.
src/pages/RoutePlanner.tsx(601,17): error TS7026: JSX element implicitly has type 'any' because no interface 'JSX.IntrinsicElements' exists.
src/pages/RoutePlanner.tsx(601,21): error TS7026: JSX element implicitly has type 'any' because no interface 'JSX.IntrinsicElements' exists.
src/pages/RoutePlanner.tsx(602,38): error TS7006: Parameter 'c' implicitly has an 'any' type.
src/pages/RoutePlanner.tsx(603,19): error TS7026: JSX element implicitly has type 'any' because no interface 'JSX.IntrinsicElements' exists.
src/pages/RoutePlanner.tsx(610,21): error TS7026: JSX element implicitly has type 'any' because no interface 'JSX.IntrinsicElements' exists.
src/pages/RoutePlanner.tsx(611,37): error TS7006: Parameter 'e' implicitly has an 'any' type.
src/pages/RoutePlanner.tsx(612,33): error TS7006: Parameter 'e' implicitly has an 'any' type.
src/pages/RoutePlanner.tsx(615,19): error TS7026: JSX element implicitly has type 'any' because no interface 'JSX.IntrinsicElements' exists.
src/pages/RoutePlanner.tsx(617,15): error TS7026: JSX element implicitly has type 'any' because no interface 'JSX.IntrinsicElements' exists.
src/pages/RoutePlanner.tsx(618,13): error TS7026: JSX element implicitly has type 'any' because no interface 'JSX.IntrinsicElements' exists.
src/pages/RoutePlanner.tsx(619,13): error TS7026: JSX element implicitly has type 'any' because no interface 'JSX.IntrinsicElements' exists.
src/pages/RoutePlanner.tsx(620,26): error TS7006: Parameter 'r' implicitly has an 'any' type.
src/pages/RoutePlanner.tsx(620,29): error TS7006: Parameter 'i' implicitly has an 'any' type.
src/pages/RoutePlanner.tsx(623,17): error TS7026: JSX element implicitly has type 'any' because no interface 'JSX.IntrinsicElements' exists.
src/pages/RoutePlanner.tsx(624,19): error TS7026: JSX element implicitly has type 'any' because no interface 'JSX.IntrinsicElements' exists.
src/pages/RoutePlanner.tsx(624,95): error TS7026: JSX element implicitly has type 'any' because no interface 'JSX.IntrinsicElements' exists.
src/pages/RoutePlanner.tsx(625,40): error TS7006: Parameter 'c' implicitly has an 'any' type.
src/pages/RoutePlanner.tsx(626,21): error TS7026: JSX element implicitly has type 'any' because no interface 'JSX.IntrinsicElements' exists.
src/pages/RoutePlanner.tsx(630,21): error TS7026: JSX element implicitly has type 'any' because no interface 'JSX.IntrinsicElements' exists.
src/pages/RoutePlanner.tsx(632,17): error TS7026: JSX element implicitly has type 'any' because no interface 'JSX.IntrinsicElements' exists.
src/pages/RoutePlanner.tsx(634,13): error TS7026: JSX element implicitly has type 'any' because no interface 'JSX.IntrinsicElements' exists.
src/pages/RoutePlanner.tsx(635,11): error TS7026: JSX element implicitly has type 'any' because no interface 'JSX.IntrinsicElements' exists.
src/pages/RoutePlanner.tsx(636,9): error TS7026: JSX element implicitly has type 'any' because no interface 'JSX.IntrinsicElements' exists.
src/pages/RoutePlanner.tsx(638,5): error TS7026: JSX element implicitly has type 'any' because no interface 'JSX.IntrinsicElements' exists.
src/pages/RoutePlanner.tsx(646,49): error TS7006: Parameter 't' implicitly has an 'any' type.
src/pages/RoutePlanner.tsx(661,5): error TS7026: JSX element implicitly has type 'any' because no interface 'JSX.IntrinsicElements' exists.
src/pages/RoutePlanner.tsx(666,5): error TS7026: JSX element implicitly has type 'any' because no interface 'JSX.IntrinsicElements' exists.
src/pages/Vacations.tsx(1,71): error TS2307: Cannot find module 'react' or its corresponding type declarations.
src/pages/Vacations.tsx(2,30): error TS2307: Cannot find module 'react-dom' or its corresponding type declarations.
src/pages/Vacations.tsx(90,5): error TS7026: JSX element implicitly has type 'any' because no interface 'JSX.IntrinsicElements' exists.
src/pages/Vacations.tsx(90,5): error TS2875: This JSX tag requires the module path 'react/jsx-runtime' to exist, but none could be found. Make sure you have types for the appropriate package installed.
src/pages/Vacations.tsx(91,7): error TS7026: JSX element implicitly has type 'any' because no interface 'JSX.IntrinsicElements' exists.
src/pages/Vacations.tsx(93,20): error TS7006: Parameter 'e' implicitly has an 'any' type.
src/pages/Vacations.tsx(102,9): error TS7026: JSX element implicitly has type 'any' because no interface 'JSX.IntrinsicElements' exists.
src/pages/Vacations.tsx(110,25): error TS7006: Parameter 'e' implicitly has an 'any' type.
src/pages/Vacations.tsx(112,23): error TS7006: Parameter 'item' implicitly has an 'any' type.
src/pages/Vacations.tsx(113,13): error TS7026: JSX element implicitly has type 'any' because no interface 'JSX.IntrinsicElements' exists.
src/pages/Vacations.tsx(117,30): error TS7006: Parameter 'e' implicitly has an 'any' type.
src/pages/Vacations.tsx(118,30): error TS7006: Parameter 'e' implicitly has an 'any' type.
src/pages/Vacations.tsx(121,13): error TS7026: JSX element implicitly has type 'any' because no interface 'JSX.IntrinsicElements' exists.
src/pages/Vacations.tsx(123,9): error TS7026: JSX element implicitly has type 'any' because no interface 'JSX.IntrinsicElements' exists.
src/pages/Vacations.tsx(126,5): error TS7026: JSX element implicitly has type 'any' because no interface 'JSX.IntrinsicElements' exists.
src/pages/Vacations.tsx(219,5): error TS7026: JSX element implicitly has type 'any' because no interface 'JSX.IntrinsicElements' exists.
src/pages/Vacations.tsx(220,7): error TS7026: JSX element implicitly has type 'any' because no interface 'JSX.IntrinsicElements' exists.
src/pages/Vacations.tsx(220,20): error TS7026: JSX element implicitly has type 'any' because no interface 'JSX.IntrinsicElements' exists.
src/pages/Vacations.tsx(221,7): error TS7026: JSX element implicitly has type 'any' because no interface 'JSX.IntrinsicElements' exists.
src/pages/Vacations.tsx(223,7): error TS7026: JSX element implicitly has type 'any' because no interface 'JSX.IntrinsicElements' exists.
src/pages/Vacations.tsx(225,9): error TS7026: JSX element implicitly has type 'any' because no interface 'JSX.IntrinsicElements' exists.
src/pages/Vacations.tsx(226,11): error TS7026: JSX element implicitly has type 'any' because no interface 'JSX.IntrinsicElements' exists.
src/pages/Vacations.tsx(226,16): error TS7026: JSX element implicitly has type 'any' because no interface 'JSX.IntrinsicElements' exists.
src/pages/Vacations.tsx(226,93): error TS7026: JSX element implicitly has type 'any' because no interface 'JSX.IntrinsicElements' exists.
src/pages/Vacations.tsx(227,13): error TS7026: JSX element implicitly has type 'any' because no interface 'JSX.IntrinsicElements' exists.
src/pages/Vacations.tsx(229,26): error TS7006: Parameter 'e' implicitly has an 'any' type.
src/pages/Vacations.tsx(231,15): error TS7026: JSX element implicitly has type 'any' because no interface 'JSX.IntrinsicElements' exists.
src/pages/Vacations.tsx(231,44): error TS7026: JSX element implicitly has type 'any' because no interface 'JSX.IntrinsicElements' exists.
src/pages/Vacations.tsx(232,15): error TS7026: JSX element implicitly has type 'any' because no interface 'JSX.IntrinsicElements' exists.
src/pages/Vacations.tsx(232,44): error TS7026: JSX element implicitly has type 'any' because no interface 'JSX.IntrinsicElements' exists.
src/pages/Vacations.tsx(233,13): error TS7026: JSX element implicitly has type 'any' because no interface 'JSX.IntrinsicElements' exists.
src/pages/Vacations.tsx(234,11): error TS7026: JSX element implicitly has type 'any' because no interface 'JSX.IntrinsicElements' exists.
src/pages/Vacations.tsx(235,11): error TS7026: JSX element implicitly has type 'any' because no interface 'JSX.IntrinsicElements' exists.
src/pages/Vacations.tsx(236,13): error TS7026: JSX element implicitly has type 'any' because no interface 'JSX.IntrinsicElements' exists.
src/pages/Vacations.tsx(236,106): error TS7026: JSX element implicitly has type 'any' because no interface 'JSX.IntrinsicElements' exists.
src/pages/Vacations.tsx(241,50): error TS7006: Parameter 'f' implicitly has an 'any' type.
src/pages/Vacations.tsx(243,11): error TS7026: JSX element implicitly has type 'any' because no interface 'JSX.IntrinsicElements' exists.
src/pages/Vacations.tsx(244,11): error TS7026: JSX element implicitly has type 'any' because no interface 'JSX.IntrinsicElements' exists.
src/pages/Vacations.tsx(244,16): error TS7026: JSX element implicitly has type 'any' because no interface 'JSX.IntrinsicElements' exists.
src/pages/Vacations.tsx(244,94): error TS7026: JSX element implicitly has type 'any' because no interface 'JSX.IntrinsicElements' exists.
src/pages/Vacations.tsx(245,13): error TS7026: JSX element implicitly has type 'any' because no interface 'JSX.IntrinsicElements' exists.
src/pages/Vacations.tsx(245,76): error TS7006: Parameter 'e' implicitly has an 'any' type.
src/pages/Vacations.tsx(245,134): error TS7026: JSX element implicitly has type 'any' because no interface 'JSX.IntrinsicElements' exists.
src/pages/Vacations.tsx(246,11): error TS7026: JSX element implicitly has type 'any' because no interface 'JSX.IntrinsicElements' exists.
src/pages/Vacations.tsx(246,16): error TS7026: JSX element implicitly has type 'any' because no interface 'JSX.IntrinsicElements' exists.
src/pages/Vacations.tsx(246,92): error TS7026: JSX element implicitly has type 'any' because no interface 'JSX.IntrinsicElements' exists.
src/pages/Vacations.tsx(247,13): error TS7026: JSX element implicitly has type 'any' because no interface 'JSX.IntrinsicElements' exists.
src/pages/Vacations.tsx(247,74): error TS7006: Parameter 'e' implicitly has an 'any' type.
src/pages/Vacations.tsx(247,130): error TS7026: JSX element implicitly has type 'any' because no interface 'JSX.IntrinsicElements' exists.
src/pages/Vacations.tsx(248,11): error TS7026: JSX element implicitly has type 'any' because no interface 'JSX.IntrinsicElements' exists.
src/pages/Vacations.tsx(248,95): error TS7026: JSX element implicitly has type 'any' because no interface 'JSX.IntrinsicElements' exists.
src/pages/Vacations.tsx(248,118): error TS7026: JSX element implicitly has type 'any' because no interface 'JSX.IntrinsicElements' exists.
src/pages/Vacations.tsx(248,218): error TS7026: JSX element implicitly has type 'any' because no interface 'JSX.IntrinsicElements' exists.
src/pages/Vacations.tsx(249,9): error TS7026: JSX element implicitly has type 'any' because no interface 'JSX.IntrinsicElements' exists.
src/pages/Vacations.tsx(251,17): error TS7026: JSX element implicitly has type 'any' because no interface 'JSX.IntrinsicElements' exists.
src/pages/Vacations.tsx(251,92): error TS7026: JSX element implicitly has type 'any' because no interface 'JSX.IntrinsicElements' exists.
src/pages/Vacations.tsx(252,7): error TS7026: JSX element implicitly has type 'any' because no interface 'JSX.IntrinsicElements' exists.
src/pages/Vacations.tsx(253,9): error TS7026: JSX element implicitly has type 'any' because no interface 'JSX.IntrinsicElements' exists.
src/pages/Vacations.tsx(254,11): error TS7026: JSX element implicitly has type 'any' because no interface 'JSX.IntrinsicElements' exists.
src/pages/Vacations.tsx(254,18): error TS7026: JSX element implicitly has type 'any' because no interface 'JSX.IntrinsicElements' exists.
src/pages/Vacations.tsx(254,22): error TS7026: JSX element implicitly has type 'any' because no interface 'JSX.IntrinsicElements' exists.
src/pages/Vacations.tsx(254,30): error TS7026: JSX element implicitly has type 'any' because no interface 'JSX.IntrinsicElements' exists.
src/pages/Vacations.tsx(254,35): error TS7026: JSX element implicitly has type 'any' because no interface 'JSX.IntrinsicElements' exists.
src/pages/Vacations.tsx(254,43): error TS7026: JSX element implicitly has type 'any' because no interface 'JSX.IntrinsicElements' exists.
src/pages/Vacations.tsx(254,48): error TS7026: JSX element implicitly has type 'any' because no interface 'JSX.IntrinsicElements' exists.
src/pages/Vacations.tsx(254,56): error TS7026: JSX element implicitly has type 'any' because no interface 'JSX.IntrinsicElements' exists.
src/pages/Vacations.tsx(254,61): error TS7026: JSX element implicitly has type 'any' because no interface 'JSX.IntrinsicElements' exists.
src/pages/Vacations.tsx(254,70): error TS7026: JSX element implicitly has type 'any' because no interface 'JSX.IntrinsicElements' exists.
src/pages/Vacations.tsx(254,75): error TS7026: JSX element implicitly has type 'any' because no interface 'JSX.IntrinsicElements' exists.
src/pages/Vacations.tsx(254,82): error TS7026: JSX element implicitly has type 'any' because no interface 'JSX.IntrinsicElements' exists.
src/pages/Vacations.tsx(254,87): error TS7026: JSX element implicitly has type 'any' because no interface 'JSX.IntrinsicElements' exists.
src/pages/Vacations.tsx(254,97): error TS7026: JSX element implicitly has type 'any' because no interface 'JSX.IntrinsicElements' exists.
src/pages/Vacations.tsx(254,102): error TS7026: JSX element implicitly has type 'any' because no interface 'JSX.IntrinsicElements' exists.
src/pages/Vacations.tsx(254,112): error TS7026: JSX element implicitly has type 'any' because no interface 'JSX.IntrinsicElements' exists.
src/pages/Vacations.tsx(254,117): error TS7026: JSX element implicitly has type 'any' because no interface 'JSX.IntrinsicElements' exists.
src/pages/Vacations.tsx(254,122): error TS7026: JSX element implicitly has type 'any' because no interface 'JSX.IntrinsicElements' exists.
src/pages/Vacations.tsx(255,11): error TS7026: JSX element implicitly has type 'any' because no interface 'JSX.IntrinsicElements' exists.
src/pages/Vacations.tsx(256,24): error TS7006: Parameter 'r' implicitly has an 'any' type.
src/pages/Vacations.tsx(257,15): error TS7026: JSX element implicitly has type 'any' because no interface 'JSX.IntrinsicElements' exists.
src/pages/Vacations.tsx(258,17): error TS7026: JSX element implicitly has type 'any' because no interface 'JSX.IntrinsicElements' exists.
src/pages/Vacations.tsx(258,36): error TS7026: JSX element implicitly has type 'any' because no interface 'JSX.IntrinsicElements' exists.
src/pages/Vacations.tsx(258,41): error TS7026: JSX element implicitly has type 'any' because no interface 'JSX.IntrinsicElements' exists.
src/pages/Vacations.tsx(258,60): error TS7026: JSX element implicitly has type 'any' because no interface 'JSX.IntrinsicElements' exists.
src/pages/Vacations.tsx(258,65): error TS7026: JSX element implicitly has type 'any' because no interface 'JSX.IntrinsicElements' exists.
src/pages/Vacations.tsx(258,96): error TS7026: JSX element implicitly has type 'any' because no interface 'JSX.IntrinsicElements' exists.
src/pages/Vacations.tsx(258,101): error TS7026: JSX element implicitly has type 'any' because no interface 'JSX.IntrinsicElements' exists.
src/pages/Vacations.tsx(258,119): error TS7026: JSX element implicitly has type 'any' because no interface 'JSX.IntrinsicElements' exists.
src/pages/Vacations.tsx(258,124): error TS7026: JSX element implicitly has type 'any' because no interface 'JSX.IntrinsicElements' exists.
src/pages/Vacations.tsx(258,140): error TS7026: JSX element implicitly has type 'any' because no interface 'JSX.IntrinsicElements' exists.
src/pages/Vacations.tsx(259,17): error TS7026: JSX element implicitly has type 'any' because no interface 'JSX.IntrinsicElements' exists.
src/pages/Vacations.tsx(259,33): error TS7026: JSX element implicitly has type 'any' because no interface 'JSX.IntrinsicElements' exists.
src/pages/Vacations.tsx(259,99): error TS7026: JSX element implicitly has type 'any' because no interface 'JSX.IntrinsicElements' exists.
src/pages/Vacations.tsx(259,113): error TS7026: JSX element implicitly has type 'any' because no interface 'JSX.IntrinsicElements' exists.
src/pages/Vacations.tsx(260,17): error TS7026: JSX element implicitly has type 'any' because no interface 'JSX.IntrinsicElements' exists.
src/pages/Vacations.tsx(261,19): error TS7026: JSX element implicitly has type 'any' because no interface 'JSX.IntrinsicElements' exists.
src/pages/Vacations.tsx(262,21): error TS7026: JSX element implicitly has type 'any' because no interface 'JSX.IntrinsicElements' exists.
src/pages/Vacations.tsx(262,92): error TS7026: JSX element implicitly has type 'any' because no interface 'JSX.IntrinsicElements' exists.
src/pages/Vacations.tsx(264,23): error TS7026: JSX element implicitly has type 'any' because no interface 'JSX.IntrinsicElements' exists.
src/pages/Vacations.tsx(264,101): error TS7026: JSX element implicitly has type 'any' because no interface 'JSX.IntrinsicElements' exists.
src/pages/Vacations.tsx(266,19): error TS7026: JSX element implicitly has type 'any' because no interface 'JSX.IntrinsicElements' exists.
src/pages/Vacations.tsx(267,17): error TS7026: JSX element implicitly has type 'any' because no interface 'JSX.IntrinsicElements' exists.
src/pages/Vacations.tsx(269,15): error TS7026: JSX element implicitly has type 'any' because no interface 'JSX.IntrinsicElements' exists.
src/pages/Vacations.tsx(271,11): error TS7026: JSX element implicitly has type 'any' because no interface 'JSX.IntrinsicElements' exists.
src/pages/Vacations.tsx(272,9): error TS7026: JSX element implicitly has type 'any' because no interface 'JSX.IntrinsicElements' exists.
src/pages/Vacations.tsx(273,7): error TS7026: JSX element implicitly has type 'any' because no interface 'JSX.IntrinsicElements' exists.
src/pages/Vacations.tsx(274,5): error TS7026: JSX element implicitly has type 'any' because no interface 'JSX.IntrinsicElements' exists.
src/services/crud.ts(15,37): error TS2307: Cannot find module '@supabase/supabase-js' or its corresponding type declarations.
src/services/dashboardAnalytics.ts(2,23): error TS2307: Cannot find module 'xlsx' or its corresponding type declarations.
src/services/desktopExport.ts(1,23): error TS2307: Cannot find module 'xlsx' or its corresponding type declarations.
src/services/desktopExport.ts(2,24): error TS2307: Cannot find module '@tauri-apps/api/core' or its corresponding type declarations.
src/services/desktopExport.ts(113,45): error TS2307: Cannot find module 'jszip' or its corresponding type declarations.
src/services/desktopExport.ts(120,126): error TS7006: Parameter 'meta' implicitly has an 'any' type.
src/services/importEngine.ts(1,23): error TS2307: Cannot find module 'xlsx' or its corresponding type declarations.
src/services/importEngine.ts(328,45): error TS7006: Parameter 'm' implicitly has an 'any' type.
src/services/importEngine.ts(532,29): error TS2307: Cannot find module 'xlsx' or its corresponding type declarations.
src/services/importEngine.ts(683,73): error TS7006: Parameter 'r' implicitly has an 'any' type.
src/services/imports.ts(101,117): error TS2307: Cannot find module '@supabase/supabase-js' or its corresponding type declarations.
src/services/locationKnowledge.ts(1,23): error TS2307: Cannot find module 'xlsx' or its corresponding type declarations.
src/services/locationKnowledge.ts(86,94): error TS7006: Parameter 'a' implicitly has an 'any' type.
src/services/operational.ts(20,46): error TS7006: Parameter 'x' implicitly has an 'any' type.
src/services/operational.ts(21,46): error TS7006: Parameter 'x' implicitly has an 'any' type.
src/services/operational.ts(23,13): error TS7006: Parameter 'x' implicitly has an 'any' type.
src/services/operational.ts(24,10): error TS7006: Parameter 'x' implicitly has an 'any' type.
src/services/operational.ts(26,50): error TS7006: Parameter 'x' implicitly has an 'any' type.
src/services/operational.ts(27,50): error TS7006: Parameter 'x' implicitly has an 'any' type.
src/services/operational.ts(28,51): error TS7006: Parameter 'x' implicitly has an 'any' type.
src/services/operational.ts(29,51): error TS7006: Parameter 'x' implicitly has an 'any' type.
src/services/operational.ts(34,127): error TS7006: Parameter 'x' implicitly has an 'any' type.
src/services/operational.ts(34,180): error TS7006: Parameter 'x' implicitly has an 'any' type.
src/services/operational.ts(34,233): error TS7006: Parameter 'x' implicitly has an 'any' type.
src/services/operational.ts(35,127): error TS7006: Parameter 'x' implicitly has an 'any' type.
src/services/operational.ts(35,180): error TS7006: Parameter 'x' implicitly has an 'any' type.
src/services/operational.ts(35,233): error TS7006: Parameter 'x' implicitly has an 'any' type.
src/services/operational.ts(36,140): error TS7006: Parameter 'x' implicitly has an 'any' type.
src/services/operational.ts(37,140): error TS7006: Parameter 'x' implicitly has an 'any' type.
src/services/operational.ts(42,281): error TS7006: Parameter 'x' implicitly has an 'any' type.
src/services/operational.ts(46,464): error TS7006: Parameter 'x' implicitly has an 'any' type.
src/services/operational.ts(46,675): error TS7006: Parameter 'x' implicitly has an 'any' type.
src/services/operational.ts(46,769): error TS7006: Parameter 'x' implicitly has an 'any' type.
src/services/operational.ts(46,834): error TS2345: Argument of type 'unknown' is not assignable to parameter of type 'string'.
src/services/operational.ts(46,1020): error TS2345: Argument of type 'unknown' is not assignable to parameter of type 'string'.
src/services/operational.ts(46,1090): error TS7006: Parameter 'x' implicitly has an 'any' type.
src/services/operational.ts(56,27): error TS7006: Parameter 'r' implicitly has an 'any' type.
src/services/operational.ts(73,27): error TS7006: Parameter 'r' implicitly has an 'any' type.
src/services/operational.ts(78,27): error TS7006: Parameter 'r' implicitly has an 'any' type.
src/services/operational.ts(88,223): error TS7006: Parameter 'x' implicitly has an 'any' type.
src/services/operational.ts(88,299): error TS7006: Parameter 'x' implicitly has an 'any' type.
src/services/operational.ts(93,546): error TS7006: Parameter 'x' implicitly has an 'any' type.
src/services/operational.ts(93,647): error TS7006: Parameter 'x' implicitly has an 'any' type.
src/services/operational.ts(93,760): error TS7006: Parameter 'x' implicitly has an 'any' type.
src/services/operational.ts(254,40): error TS7006: Parameter 'x' implicitly has an 'any' type.
src/services/operational.ts(254,125): error TS7006: Parameter 'x' implicitly has an 'any' type.
src/services/operational.ts(311,245): error TS7006: Parameter 'x' implicitly has an 'any' type.
src/services/priceChange.ts(1,23): error TS2307: Cannot find module 'xlsx' or its corresponding type declarations.
src/services/priceChange.ts(47,34): error TS2339: Property 'VITE_SUPABASE_SECONDARY_URL' does not exist on type 'ImportMetaEnv'.
src/services/priceChange.ts(48,41): error TS2551: Property 'VITE_SUPABASE_SECONDARY_PUBLISHABLE_KEY' does not exist on type 'ImportMetaEnv'. Did you mean 'VITE_SUPABASE_PUBLISHABLE_KEY'?
src/services/routePlanner.ts(1,23): error TS2307: Cannot find module 'xlsx' or its corresponding type declarations.
src/services/routePlanner.ts(77,29): error TS7006: Parameter 'v' implicitly has an 'any' type.
src/services/routePlanner.ts(77,70): error TS7006: Parameter 'a' implicitly has an 'any' type.
src/services/routePlanner.ts(77,73): error TS7006: Parameter 'b' implicitly has an 'any' type.
src/services/routePlanner.ts(79,31): error TS7006: Parameter 'v' implicitly has an 'any' type.
src/services/routePlanner.ts(79,74): error TS7006: Parameter 'a' implicitly has an 'any' type.
src/services/routePlanner.ts(79,77): error TS7006: Parameter 'b' implicitly has an 'any' type.
src/services/routePlanner.ts(234,375): error TS7031: Binding element 'error' implicitly has an 'any' type.
src/services/routePlanner.ts(249,32): error TS7006: Parameter 'r' implicitly has an 'any' type.
src/services/wallpaper.ts(53,41): error TS7006: Parameter 'r' implicitly has an 'any' type.
src/theme/ThemeProvider.tsx(1,83): error TS2307: Cannot find module 'react' or its corresponding type declarations.
src/theme/ThemeProvider.tsx(201,10): error TS2875: This JSX tag requires the module path 'react/jsx-runtime' to exist, but none could be found. Make sure you have types for the appropriate package installed.
src/widgets/areaAnalyticsWidgets.tsx(5,90): error TS2307: Cannot find module 'recharts' or its corresponding type declarations.
src/widgets/areaAnalyticsWidgets.tsx(9,27): error TS2307: Cannot find module 'lucide-react' or its corresponding type declarations.
src/widgets/areaAnalyticsWidgets.tsx(25,5): error TS2875: This JSX tag requires the module path 'react/jsx-runtime' to exist, but none could be found. Make sure you have types for the appropriate package installed.
src/widgets/areaAnalyticsWidgets.tsx(44,5): error TS7026: JSX element implicitly has type 'any' because no interface 'JSX.IntrinsicElements' exists.
src/widgets/areaAnalyticsWidgets.tsx(45,7): error TS7026: JSX element implicitly has type 'any' because no interface 'JSX.IntrinsicElements' exists.
src/widgets/areaAnalyticsWidgets.tsx(45,22): error TS7026: JSX element implicitly has type 'any' because no interface 'JSX.IntrinsicElements' exists.
src/widgets/areaAnalyticsWidgets.tsx(46,7): error TS7026: JSX element implicitly has type 'any' because no interface 'JSX.IntrinsicElements' exists.
src/widgets/areaAnalyticsWidgets.tsx(47,9): error TS7026: JSX element implicitly has type 'any' because no interface 'JSX.IntrinsicElements' exists.
src/widgets/areaAnalyticsWidgets.tsx(47,16): error TS7026: JSX element implicitly has type 'any' because no interface 'JSX.IntrinsicElements' exists.
src/widgets/areaAnalyticsWidgets.tsx(47,20): error TS7026: JSX element implicitly has type 'any' because no interface 'JSX.IntrinsicElements' exists.
src/widgets/areaAnalyticsWidgets.tsx(47,28): error TS7026: JSX element implicitly has type 'any' because no interface 'JSX.IntrinsicElements' exists.
src/widgets/areaAnalyticsWidgets.tsx(47,33): error TS7026: JSX element implicitly has type 'any' because no interface 'JSX.IntrinsicElements' exists.
src/widgets/areaAnalyticsWidgets.tsx(47,43): error TS7026: JSX element implicitly has type 'any' because no interface 'JSX.IntrinsicElements' exists.
src/widgets/areaAnalyticsWidgets.tsx(47,48): error TS7026: JSX element implicitly has type 'any' because no interface 'JSX.IntrinsicElements' exists.
src/widgets/areaAnalyticsWidgets.tsx(47,57): error TS7026: JSX element implicitly has type 'any' because no interface 'JSX.IntrinsicElements' exists.
src/widgets/areaAnalyticsWidgets.tsx(47,62): error TS7026: JSX element implicitly has type 'any' because no interface 'JSX.IntrinsicElements' exists.
src/widgets/areaAnalyticsWidgets.tsx(47,73): error TS7026: JSX element implicitly has type 'any' because no interface 'JSX.IntrinsicElements' exists.
src/widgets/areaAnalyticsWidgets.tsx(47,78): error TS7026: JSX element implicitly has type 'any' because no interface 'JSX.IntrinsicElements' exists.
src/widgets/areaAnalyticsWidgets.tsx(47,89): error TS7026: JSX element implicitly has type 'any' because no interface 'JSX.IntrinsicElements' exists.
src/widgets/areaAnalyticsWidgets.tsx(47,94): error TS7026: JSX element implicitly has type 'any' because no interface 'JSX.IntrinsicElements' exists.
src/widgets/areaAnalyticsWidgets.tsx(47,105): error TS7026: JSX element implicitly has type 'any' because no interface 'JSX.IntrinsicElements' exists.
src/widgets/areaAnalyticsWidgets.tsx(47,110): error TS7026: JSX element implicitly has type 'any' because no interface 'JSX.IntrinsicElements' exists.
src/widgets/areaAnalyticsWidgets.tsx(47,123): error TS7026: JSX element implicitly has type 'any' because no interface 'JSX.IntrinsicElements' exists.
src/widgets/areaAnalyticsWidgets.tsx(47,128): error TS7026: JSX element implicitly has type 'any' because no interface 'JSX.IntrinsicElements' exists.
src/widgets/areaAnalyticsWidgets.tsx(47,133): error TS7026: JSX element implicitly has type 'any' because no interface 'JSX.IntrinsicElements' exists.
src/widgets/areaAnalyticsWidgets.tsx(48,9): error TS7026: JSX element implicitly has type 'any' because no interface 'JSX.IntrinsicElements' exists.
src/widgets/areaAnalyticsWidgets.tsx(50,13): error TS7026: JSX element implicitly has type 'any' because no interface 'JSX.IntrinsicElements' exists.
src/widgets/areaAnalyticsWidgets.tsx(50,30): error TS7026: JSX element implicitly has type 'any' because no interface 'JSX.IntrinsicElements' exists.
src/widgets/areaAnalyticsWidgets.tsx(50,42): error TS7026: JSX element implicitly has type 'any' because no interface 'JSX.IntrinsicElements' exists.
src/widgets/areaAnalyticsWidgets.tsx(50,47): error TS7026: JSX element implicitly has type 'any' because no interface 'JSX.IntrinsicElements' exists.
src/widgets/areaAnalyticsWidgets.tsx(50,61): error TS7026: JSX element implicitly has type 'any' because no interface 'JSX.IntrinsicElements' exists.
src/widgets/areaAnalyticsWidgets.tsx(50,66): error TS7026: JSX element implicitly has type 'any' because no interface 'JSX.IntrinsicElements' exists.
src/widgets/areaAnalyticsWidgets.tsx(50,79): error TS7026: JSX element implicitly has type 'any' because no interface 'JSX.IntrinsicElements' exists.
src/widgets/areaAnalyticsWidgets.tsx(50,84): error TS7026: JSX element implicitly has type 'any' because no interface 'JSX.IntrinsicElements' exists.
src/widgets/areaAnalyticsWidgets.tsx(50,99): error TS7026: JSX element implicitly has type 'any' because no interface 'JSX.IntrinsicElements' exists.
src/widgets/areaAnalyticsWidgets.tsx(50,104): error TS7026: JSX element implicitly has type 'any' because no interface 'JSX.IntrinsicElements' exists.
src/widgets/areaAnalyticsWidgets.tsx(50,119): error TS7026: JSX element implicitly has type 'any' because no interface 'JSX.IntrinsicElements' exists.
src/widgets/areaAnalyticsWidgets.tsx(50,124): error TS7026: JSX element implicitly has type 'any' because no interface 'JSX.IntrinsicElements' exists.
src/widgets/areaAnalyticsWidgets.tsx(50,139): error TS7026: JSX element implicitly has type 'any' because no interface 'JSX.IntrinsicElements' exists.
src/widgets/areaAnalyticsWidgets.tsx(50,144): error TS7026: JSX element implicitly has type 'any' because no interface 'JSX.IntrinsicElements' exists.
src/widgets/areaAnalyticsWidgets.tsx(50,164): error TS7026: JSX element implicitly has type 'any' because no interface 'JSX.IntrinsicElements' exists.
src/widgets/areaAnalyticsWidgets.tsx(50,169): error TS7026: JSX element implicitly has type 'any' because no interface 'JSX.IntrinsicElements' exists.
src/widgets/areaAnalyticsWidgets.tsx(52,9): error TS7026: JSX element implicitly has type 'any' because no interface 'JSX.IntrinsicElements' exists.
src/widgets/areaAnalyticsWidgets.tsx(53,9): error TS7026: JSX element implicitly has type 'any' because no interface 'JSX.IntrinsicElements' exists.
src/widgets/areaAnalyticsWidgets.tsx(54,11): error TS7026: JSX element implicitly has type 'any' because no interface 'JSX.IntrinsicElements' exists.
src/widgets/areaAnalyticsWidgets.tsx(55,13): error TS7026: JSX element implicitly has type 'any' because no interface 'JSX.IntrinsicElements' exists.
src/widgets/areaAnalyticsWidgets.tsx(55,17): error TS7026: JSX element implicitly has type 'any' because no interface 'JSX.IntrinsicElements' exists.
src/widgets/areaAnalyticsWidgets.tsx(55,30): error TS7026: JSX element implicitly has type 'any' because no interface 'JSX.IntrinsicElements' exists.
src/widgets/areaAnalyticsWidgets.tsx(55,39): error TS7026: JSX element implicitly has type 'any' because no interface 'JSX.IntrinsicElements' exists.
src/widgets/areaAnalyticsWidgets.tsx(55,44): error TS7026: JSX element implicitly has type 'any' because no interface 'JSX.IntrinsicElements' exists.
src/widgets/areaAnalyticsWidgets.tsx(55,68): error TS7026: JSX element implicitly has type 'any' because no interface 'JSX.IntrinsicElements' exists.
src/widgets/areaAnalyticsWidgets.tsx(55,73): error TS7026: JSX element implicitly has type 'any' because no interface 'JSX.IntrinsicElements' exists.
src/widgets/areaAnalyticsWidgets.tsx(55,96): error TS7026: JSX element implicitly has type 'any' because no interface 'JSX.IntrinsicElements' exists.
src/widgets/areaAnalyticsWidgets.tsx(56,13): error TS7026: JSX element implicitly has type 'any' because no interface 'JSX.IntrinsicElements' exists.
src/widgets/areaAnalyticsWidgets.tsx(56,38): error TS7026: JSX element implicitly has type 'any' because no interface 'JSX.IntrinsicElements' exists.
src/widgets/areaAnalyticsWidgets.tsx(56,43): error TS7026: JSX element implicitly has type 'any' because no interface 'JSX.IntrinsicElements' exists.
src/widgets/areaAnalyticsWidgets.tsx(56,68): error TS7026: JSX element implicitly has type 'any' because no interface 'JSX.IntrinsicElements' exists.
src/widgets/areaAnalyticsWidgets.tsx(56,73): error TS7026: JSX element implicitly has type 'any' because no interface 'JSX.IntrinsicElements' exists.
src/widgets/areaAnalyticsWidgets.tsx(56,98): error TS7026: JSX element implicitly has type 'any' because no interface 'JSX.IntrinsicElements' exists.
src/widgets/areaAnalyticsWidgets.tsx(57,13): error TS7026: JSX element implicitly has type 'any' because no interface 'JSX.IntrinsicElements' exists.
src/widgets/areaAnalyticsWidgets.tsx(57,43): error TS7026: JSX element implicitly has type 'any' because no interface 'JSX.IntrinsicElements' exists.
src/widgets/areaAnalyticsWidgets.tsx(58,11): error TS7026: JSX element implicitly has type 'any' because no interface 'JSX.IntrinsicElements' exists.
src/widgets/areaAnalyticsWidgets.tsx(59,9): error TS7026: JSX element implicitly has type 'any' because no interface 'JSX.IntrinsicElements' exists.
src/widgets/areaAnalyticsWidgets.tsx(60,7): error TS7026: JSX element implicitly has type 'any' because no interface 'JSX.IntrinsicElements' exists.
src/widgets/areaAnalyticsWidgets.tsx(61,5): error TS7026: JSX element implicitly has type 'any' because no interface 'JSX.IntrinsicElements' exists.
src/widgets/areaAnalyticsWidgets.tsx(67,5): error TS7026: JSX element implicitly has type 'any' because no interface 'JSX.IntrinsicElements' exists.
src/widgets/areaAnalyticsWidgets.tsx(68,7): error TS7026: JSX element implicitly has type 'any' because no interface 'JSX.IntrinsicElements' exists.
src/widgets/areaAnalyticsWidgets.tsx(68,29): error TS7026: JSX element implicitly has type 'any' because no interface 'JSX.IntrinsicElements' exists.
src/widgets/areaAnalyticsWidgets.tsx(69,7): error TS7026: JSX element implicitly has type 'any' because no interface 'JSX.IntrinsicElements' exists.
src/widgets/areaAnalyticsWidgets.tsx(70,9): error TS7026: JSX element implicitly has type 'any' because no interface 'JSX.IntrinsicElements' exists.
src/widgets/areaAnalyticsWidgets.tsx(70,16): error TS7026: JSX element implicitly has type 'any' because no interface 'JSX.IntrinsicElements' exists.
src/widgets/areaAnalyticsWidgets.tsx(70,20): error TS7026: JSX element implicitly has type 'any' because no interface 'JSX.IntrinsicElements' exists.
src/widgets/areaAnalyticsWidgets.tsx(70,28): error TS7026: JSX element implicitly has type 'any' because no interface 'JSX.IntrinsicElements' exists.
src/widgets/areaAnalyticsWidgets.tsx(70,61): error TS7026: JSX element implicitly has type 'any' because no interface 'JSX.IntrinsicElements' exists.
src/widgets/areaAnalyticsWidgets.tsx(70,76): error TS7026: JSX element implicitly has type 'any' because no interface 'JSX.IntrinsicElements' exists.
src/widgets/areaAnalyticsWidgets.tsx(70,83): error TS7026: JSX element implicitly has type 'any' because no interface 'JSX.IntrinsicElements' exists.
src/widgets/areaAnalyticsWidgets.tsx(70,88): error TS7026: JSX element implicitly has type 'any' because no interface 'JSX.IntrinsicElements' exists.
src/widgets/areaAnalyticsWidgets.tsx(71,9): error TS7026: JSX element implicitly has type 'any' because no interface 'JSX.IntrinsicElements' exists.
src/widgets/areaAnalyticsWidgets.tsx(73,13): error TS7026: JSX element implicitly has type 'any' because no interface 'JSX.IntrinsicElements' exists.
src/widgets/areaAnalyticsWidgets.tsx(73,30): error TS7026: JSX element implicitly has type 'any' because no interface 'JSX.IntrinsicElements' exists.
src/widgets/areaAnalyticsWidgets.tsx(73,42): error TS7026: JSX element implicitly has type 'any' because no interface 'JSX.IntrinsicElements' exists.
src/widgets/areaAnalyticsWidgets.tsx(73,72): error TS7026: JSX element implicitly has type 'any' because no interface 'JSX.IntrinsicElements' exists.
src/widgets/areaAnalyticsWidgets.tsx(73,87): error TS7026: JSX element implicitly has type 'any' because no interface 'JSX.IntrinsicElements' exists.
src/widgets/areaAnalyticsWidgets.tsx(73,94): error TS7026: JSX element implicitly has type 'any' because no interface 'JSX.IntrinsicElements' exists.
src/widgets/areaAnalyticsWidgets.tsx(75,9): error TS7026: JSX element implicitly has type 'any' because no interface 'JSX.IntrinsicElements' exists.
src/widgets/areaAnalyticsWidgets.tsx(76,7): error TS7026: JSX element implicitly has type 'any' because no interface 'JSX.IntrinsicElements' exists.
src/widgets/areaAnalyticsWidgets.tsx(77,5): error TS7026: JSX element implicitly has type 'any' because no interface 'JSX.IntrinsicElements' exists.
src/widgets/areaAnalyticsWidgets.tsx(80,69): error TS2503: Cannot find namespace 'JSX'.
src/widgets/areaAnalyticsWidgets.tsx(83,23): error TS7026: JSX element implicitly has type 'any' because no interface 'JSX.IntrinsicElements' exists.
src/widgets/areaAnalyticsWidgets.tsx(83,69): error TS7026: JSX element implicitly has type 'any' because no interface 'JSX.IntrinsicElements' exists.
src/widgets/areaAnalyticsWidgets.tsx(84,23): error TS7026: JSX element implicitly has type 'any' because no interface 'JSX.IntrinsicElements' exists.
src/widgets/areaAnalyticsWidgets.tsx(84,38): error TS7026: JSX element implicitly has type 'any' because no interface 'JSX.IntrinsicElements' exists.
src/widgets/customerIntelligenceWidgets.tsx(24,45): error TS2307: Cannot find module 'react' or its corresponding type declarations.
src/widgets/customerIntelligenceWidgets.tsx(28,23): error TS2307: Cannot find module 'xlsx' or its corresponding type declarations.
src/widgets/customerIntelligenceWidgets.tsx(47,21): error TS7026: JSX element implicitly has type 'any' because no interface 'JSX.IntrinsicElements' exists.
src/widgets/customerIntelligenceWidgets.tsx(47,21): error TS2875: This JSX tag requires the module path 'react/jsx-runtime' to exist, but none could be found. Make sure you have types for the appropriate package installed.
src/widgets/customerIntelligenceWidgets.tsx(47,67): error TS7026: JSX element implicitly has type 'any' because no interface 'JSX.IntrinsicElements' exists.
src/widgets/customerIntelligenceWidgets.tsx(48,22): error TS7026: JSX element implicitly has type 'any' because no interface 'JSX.IntrinsicElements' exists.
src/widgets/customerIntelligenceWidgets.tsx(48,37): error TS7026: JSX element implicitly has type 'any' because no interface 'JSX.IntrinsicElements' exists.
src/widgets/customerIntelligenceWidgets.tsx(49,10): error TS7026: JSX element implicitly has type 'any' because no interface 'JSX.IntrinsicElements' exists.
src/widgets/customerIntelligenceWidgets.tsx(49,47): error TS7026: JSX element implicitly has type 'any' because no interface 'JSX.IntrinsicElements' exists.
src/widgets/customerIntelligenceWidgets.tsx(49,99): error TS7026: JSX element implicitly has type 'any' because no interface 'JSX.IntrinsicElements' exists.
src/widgets/customerIntelligenceWidgets.tsx(49,105): error TS7026: JSX element implicitly has type 'any' because no interface 'JSX.IntrinsicElements' exists.
src/widgets/customerIntelligenceWidgets.tsx(49,149): error TS7026: JSX element implicitly has type 'any' because no interface 'JSX.IntrinsicElements' exists.
src/widgets/customerIntelligenceWidgets.tsx(49,155): error TS7026: JSX element implicitly has type 'any' because no interface 'JSX.IntrinsicElements' exists.
src/widgets/customerIntelligenceWidgets.tsx(53,21): error TS7026: JSX element implicitly has type 'any' because no interface 'JSX.IntrinsicElements' exists.
src/widgets/customerIntelligenceWidgets.tsx(53,67): error TS7026: JSX element implicitly has type 'any' because no interface 'JSX.IntrinsicElements' exists.
src/widgets/customerIntelligenceWidgets.tsx(54,22): error TS7026: JSX element implicitly has type 'any' because no interface 'JSX.IntrinsicElements' exists.
src/widgets/customerIntelligenceWidgets.tsx(54,37): error TS7026: JSX element implicitly has type 'any' because no interface 'JSX.IntrinsicElements' exists.
src/widgets/customerIntelligenceWidgets.tsx(55,10): error TS7026: JSX element implicitly has type 'any' because no interface 'JSX.IntrinsicElements' exists.
src/widgets/customerIntelligenceWidgets.tsx(55,47): error TS7026: JSX element implicitly has type 'any' because no interface 'JSX.IntrinsicElements' exists.
src/widgets/customerIntelligenceWidgets.tsx(55,110): error TS7026: JSX element implicitly has type 'any' because no interface 'JSX.IntrinsicElements' exists.
src/widgets/customerIntelligenceWidgets.tsx(55,116): error TS7026: JSX element implicitly has type 'any' because no interface 'JSX.IntrinsicElements' exists.
src/widgets/customerIntelligenceWidgets.tsx(55,163): error TS7026: JSX element implicitly has type 'any' because no interface 'JSX.IntrinsicElements' exists.
src/widgets/customerIntelligenceWidgets.tsx(55,169): error TS7026: JSX element implicitly has type 'any' because no interface 'JSX.IntrinsicElements' exists.
src/widgets/customerIntelligenceWidgets.tsx(131,5): error TS7026: JSX element implicitly has type 'any' because no interface 'JSX.IntrinsicElements' exists.
src/widgets/customerIntelligenceWidgets.tsx(132,7): error TS7026: JSX element implicitly has type 'any' because no interface 'JSX.IntrinsicElements' exists.
src/widgets/customerIntelligenceWidgets.tsx(133,9): error TS7026: JSX element implicitly has type 'any' because no interface 'JSX.IntrinsicElements' exists.
src/widgets/customerIntelligenceWidgets.tsx(134,11): error TS7026: JSX element implicitly has type 'any' because no interface 'JSX.IntrinsicElements' exists.
src/widgets/customerIntelligenceWidgets.tsx(134,89): error TS7006: Parameter 'e' implicitly has an 'any' type.
src/widgets/customerIntelligenceWidgets.tsx(135,11): error TS7026: JSX element implicitly has type 'any' because no interface 'JSX.IntrinsicElements' exists.
src/widgets/customerIntelligenceWidgets.tsx(135,104): error TS7026: JSX element implicitly has type 'any' because no interface 'JSX.IntrinsicElements' exists.
src/widgets/customerIntelligenceWidgets.tsx(136,25): error TS7026: JSX element implicitly has type 'any' because no interface 'JSX.IntrinsicElements' exists.
src/widgets/customerIntelligenceWidgets.tsx(136,100): error TS7006: Parameter 'e' implicitly has an 'any' type.
src/widgets/customerIntelligenceWidgets.tsx(136,145): error TS7026: JSX element implicitly has type 'any' because no interface 'JSX.IntrinsicElements' exists.
src/widgets/customerIntelligenceWidgets.tsx(136,240): error TS7026: JSX element implicitly has type 'any' because no interface 'JSX.IntrinsicElements' exists.
src/widgets/customerIntelligenceWidgets.tsx(137,9): error TS7026: JSX element implicitly has type 'any' because no interface 'JSX.IntrinsicElements' exists.
src/widgets/customerIntelligenceWidgets.tsx(138,17): error TS7026: JSX element implicitly has type 'any' because no interface 'JSX.IntrinsicElements' exists.
src/widgets/customerIntelligenceWidgets.tsx(138,82): error TS7026: JSX element implicitly has type 'any' because no interface 'JSX.IntrinsicElements' exists.
src/widgets/customerIntelligenceWidgets.tsx(139,7): error TS7026: JSX element implicitly has type 'any' because no interface 'JSX.IntrinsicElements' exists.
src/widgets/customerIntelligenceWidgets.tsx(140,17): error TS7026: JSX element implicitly has type 'any' because no interface 'JSX.IntrinsicElements' exists.
src/widgets/customerIntelligenceWidgets.tsx(140,92): error TS7026: JSX element implicitly has type 'any' because no interface 'JSX.IntrinsicElements' exists.
src/widgets/customerIntelligenceWidgets.tsx(142,9): error TS7026: JSX element implicitly has type 'any' because no interface 'JSX.IntrinsicElements' exists.
src/widgets/customerIntelligenceWidgets.tsx(142,220): error TS7026: JSX element implicitly has type 'any' because no interface 'JSX.IntrinsicElements' exists.
src/widgets/customerIntelligenceWidgets.tsx(143,24): error TS7006: Parameter 'a' implicitly has an 'any' type.
src/widgets/customerIntelligenceWidgets.tsx(145,16): error TS7026: JSX element implicitly has type 'any' because no interface 'JSX.IntrinsicElements' exists.
src/widgets/customerIntelligenceWidgets.tsx(146,11): error TS7026: JSX element implicitly has type 'any' because no interface 'JSX.IntrinsicElements' exists.
src/widgets/customerIntelligenceWidgets.tsx(147,13): error TS7026: JSX element implicitly has type 'any' because no interface 'JSX.IntrinsicElements' exists.
src/widgets/customerIntelligenceWidgets.tsx(147,18): error TS7026: JSX element implicitly has type 'any' because no interface 'JSX.IntrinsicElements' exists.
src/widgets/customerIntelligenceWidgets.tsx(147,47): error TS7026: JSX element implicitly has type 'any' because no interface 'JSX.IntrinsicElements' exists.
src/widgets/customerIntelligenceWidgets.tsx(147,57): error TS7026: JSX element implicitly has type 'any' because no interface 'JSX.IntrinsicElements' exists.
src/widgets/customerIntelligenceWidgets.tsx(147,95): error TS7026: JSX element implicitly has type 'any' because no interface 'JSX.IntrinsicElements' exists.
src/widgets/customerIntelligenceWidgets.tsx(147,103): error TS7026: JSX element implicitly has type 'any' because no interface 'JSX.IntrinsicElements' exists.
src/widgets/customerIntelligenceWidgets.tsx(147,137): error TS7026: JSX element implicitly has type 'any' because no interface 'JSX.IntrinsicElements' exists.
src/widgets/customerIntelligenceWidgets.tsx(147,146): error TS7026: JSX element implicitly has type 'any' because no interface 'JSX.IntrinsicElements' exists.
src/widgets/customerIntelligenceWidgets.tsx(147,269): error TS7026: JSX element implicitly has type 'any' because no interface 'JSX.IntrinsicElements' exists.
src/widgets/customerIntelligenceWidgets.tsx(147,275): error TS7026: JSX element implicitly has type 'any' because no interface 'JSX.IntrinsicElements' exists.
src/widgets/customerIntelligenceWidgets.tsx(148,13): error TS7026: JSX element implicitly has type 'any' because no interface 'JSX.IntrinsicElements' exists.
src/widgets/customerIntelligenceWidgets.tsx(148,70): error TS7026: JSX element implicitly has type 'any' because no interface 'JSX.IntrinsicElements' exists.
src/widgets/customerIntelligenceWidgets.tsx(148,136): error TS7026: JSX element implicitly has type 'any' because no interface 'JSX.IntrinsicElements' exists.
src/widgets/customerIntelligenceWidgets.tsx(148,153): error TS7026: JSX element implicitly has type 'any' because no interface 'JSX.IntrinsicElements' exists.
src/widgets/customerIntelligenceWidgets.tsx(148,246): error TS7026: JSX element implicitly has type 'any' because no interface 'JSX.IntrinsicElements' exists.
src/widgets/customerIntelligenceWidgets.tsx(148,256): error TS7026: JSX element implicitly has type 'any' because no interface 'JSX.IntrinsicElements' exists.
src/widgets/customerIntelligenceWidgets.tsx(149,11): error TS7026: JSX element implicitly has type 'any' because no interface 'JSX.IntrinsicElements' exists.
src/widgets/customerIntelligenceWidgets.tsx(150,9): error TS7026: JSX element implicitly has type 'any' because no interface 'JSX.IntrinsicElements' exists.
src/widgets/customerIntelligenceWidgets.tsx(152,5): error TS7026: JSX element implicitly has type 'any' because no interface 'JSX.IntrinsicElements' exists.
src/widgets/driverPerformanceWidgets.tsx(14,90): error TS2307: Cannot find module 'recharts' or its corresponding type declarations.
src/widgets/driverPerformanceWidgets.tsx(15,26): error TS2307: Cannot find module 'react' or its corresponding type declarations.
src/widgets/driverPerformanceWidgets.tsx(16,55): error TS2307: Cannot find module 'lucide-react' or its corresponding type declarations.
src/widgets/driverPerformanceWidgets.tsx(49,5): error TS2875: This JSX tag requires the module path 'react/jsx-runtime' to exist, but none could be found. Make sure you have types for the appropriate package installed.
src/widgets/driverPerformanceWidgets.tsx(50,7): error TS7026: JSX element implicitly has type 'any' because no interface 'JSX.IntrinsicElements' exists.
src/widgets/driverPerformanceWidgets.tsx(50,111): error TS7026: JSX element implicitly has type 'any' because no interface 'JSX.IntrinsicElements' exists.
src/widgets/driverPerformanceWidgets.tsx(51,7): error TS7026: JSX element implicitly has type 'any' because no interface 'JSX.IntrinsicElements' exists.
src/widgets/driverPerformanceWidgets.tsx(51,95): error TS7026: JSX element implicitly has type 'any' because no interface 'JSX.IntrinsicElements' exists.
src/widgets/driverPerformanceWidgets.tsx(71,9): error TS7026: JSX element implicitly has type 'any' because no interface 'JSX.IntrinsicElements' exists.
src/widgets/driverPerformanceWidgets.tsx(71,92): error TS7006: Parameter 'v' implicitly has an 'any' type.
src/widgets/driverPerformanceWidgets.tsx(74,9): error TS7026: JSX element implicitly has type 'any' because no interface 'JSX.IntrinsicElements' exists.
src/widgets/driverPerformanceWidgets.tsx(77,7): error TS7026: JSX element implicitly has type 'any' because no interface 'JSX.IntrinsicElements' exists.
src/widgets/driverPerformanceWidgets.tsx(87,7): error TS7026: JSX element implicitly has type 'any' because no interface 'JSX.IntrinsicElements' exists.
src/widgets/driverPerformanceWidgets.tsx(101,9): error TS7026: JSX element implicitly has type 'any' because no interface 'JSX.IntrinsicElements' exists.
src/widgets/driverPerformanceWidgets.tsx(101,92): error TS7006: Parameter 'v' implicitly has an 'any' type.
src/widgets/driverPerformanceWidgets.tsx(104,9): error TS7026: JSX element implicitly has type 'any' because no interface 'JSX.IntrinsicElements' exists.
src/widgets/driverPerformanceWidgets.tsx(107,7): error TS7026: JSX element implicitly has type 'any' because no interface 'JSX.IntrinsicElements' exists.
src/widgets/driverPerformanceWidgets.tsx(117,7): error TS7026: JSX element implicitly has type 'any' because no interface 'JSX.IntrinsicElements' exists.
src/widgets/driverPerformanceWidgets.tsx(127,13): error TS7026: JSX element implicitly has type 'any' because no interface 'JSX.IntrinsicElements' exists.
src/widgets/driverPerformanceWidgets.tsx(131,13): error TS7026: JSX element implicitly has type 'any' because no interface 'JSX.IntrinsicElements' exists.
src/widgets/driverPerformanceWidgets.tsx(135,15): error TS7026: JSX element implicitly has type 'any' because no interface 'JSX.IntrinsicElements' exists.
src/widgets/driverPerformanceWidgets.tsx(136,67): error TS7026: JSX element implicitly has type 'any' because no interface 'JSX.IntrinsicElements' exists.
src/widgets/driverPerformanceWidgets.tsx(136,116): error TS7026: JSX element implicitly has type 'any' because no interface 'JSX.IntrinsicElements' exists.
src/widgets/driverPerformanceWidgets.tsx(138,33): error TS2322: Type '{ children: string; tone: "ok" | "neutral" | "danger"; }' is not assignable to type 'GlassBadgeProps'.
  Property 'children' does not exist on type 'GlassBadgeProps'.
src/widgets/driverPerformanceWidgets.tsx(144,15): error TS7026: JSX element implicitly has type 'any' because no interface 'JSX.IntrinsicElements' exists.
src/widgets/driverPerformanceWidgets.tsx(156,21): error TS7026: JSX element implicitly has type 'any' because no interface 'JSX.IntrinsicElements' exists.
src/widgets/driverPerformanceWidgets.tsx(156,67): error TS7026: JSX element implicitly has type 'any' because no interface 'JSX.IntrinsicElements' exists.
src/widgets/driverPerformanceWidgets.tsx(157,29): error TS7026: JSX element implicitly has type 'any' because no interface 'JSX.IntrinsicElements' exists.
src/widgets/driverPerformanceWidgets.tsx(157,44): error TS7026: JSX element implicitly has type 'any' because no interface 'JSX.IntrinsicElements' exists.
src/widgets/driverPerformanceWidgets.tsx(162,21): error TS7026: JSX element implicitly has type 'any' because no interface 'JSX.IntrinsicElements' exists.
src/widgets/driverPerformanceWidgets.tsx(162,67): error TS7026: JSX element implicitly has type 'any' because no interface 'JSX.IntrinsicElements' exists.
src/widgets/driverPerformanceWidgets.tsx(163,21): error TS7026: JSX element implicitly has type 'any' because no interface 'JSX.IntrinsicElements' exists.
src/widgets/driverPerformanceWidgets.tsx(163,36): error TS7026: JSX element implicitly has type 'any' because no interface 'JSX.IntrinsicElements' exists.
src/widgets/driverPerformanceWidgets.tsx(168,21): error TS7026: JSX element implicitly has type 'any' because no interface 'JSX.IntrinsicElements' exists.
src/widgets/driverPerformanceWidgets.tsx(168,67): error TS7026: JSX element implicitly has type 'any' because no interface 'JSX.IntrinsicElements' exists.
src/widgets/driverPerformanceWidgets.tsx(169,21): error TS7026: JSX element implicitly has type 'any' because no interface 'JSX.IntrinsicElements' exists.
src/widgets/driverPerformanceWidgets.tsx(169,36): error TS7026: JSX element implicitly has type 'any' because no interface 'JSX.IntrinsicElements' exists.
src/widgets/driverPerformanceWidgets.tsx(174,21): error TS7026: JSX element implicitly has type 'any' because no interface 'JSX.IntrinsicElements' exists.
src/widgets/driverPerformanceWidgets.tsx(174,67): error TS7026: JSX element implicitly has type 'any' because no interface 'JSX.IntrinsicElements' exists.
src/widgets/driverPerformanceWidgets.tsx(175,21): error TS7026: JSX element implicitly has type 'any' because no interface 'JSX.IntrinsicElements' exists.
src/widgets/driverPerformanceWidgets.tsx(175,36): error TS7026: JSX element implicitly has type 'any' because no interface 'JSX.IntrinsicElements' exists.
src/widgets/homeWidgets.tsx(36,26): error TS2307: Cannot find module 'react' or its corresponding type declarations.
src/widgets/homeWidgets.tsx(37,180): error TS2307: Cannot find module 'lucide-react' or its corresponding type declarations.
src/widgets/homeWidgets.tsx(38,24): error TS2307: Cannot find module 'framer-motion' or its corresponding type declarations.
src/widgets/homeWidgets.tsx(39,119): error TS2307: Cannot find module 'recharts' or its corresponding type declarations.
src/widgets/homeWidgets.tsx(74,5): error TS2875: This JSX tag requires the module path 'react/jsx-runtime' to exist, but none could be found. Make sure you have types for the appropriate package installed.
src/widgets/homeWidgets.tsx(75,7): error TS7026: JSX element implicitly has type 'any' because no interface 'JSX.IntrinsicElements' exists.
src/widgets/homeWidgets.tsx(75,79): error TS7026: JSX element implicitly has type 'any' because no interface 'JSX.IntrinsicElements' exists.
src/widgets/homeWidgets.tsx(76,7): error TS7026: JSX element implicitly has type 'any' because no interface 'JSX.IntrinsicElements' exists.
src/widgets/homeWidgets.tsx(76,109): error TS7026: JSX element implicitly has type 'any' because no interface 'JSX.IntrinsicElements' exists.
src/widgets/homeWidgets.tsx(77,7): error TS7026: JSX element implicitly has type 'any' because no interface 'JSX.IntrinsicElements' exists.
src/widgets/homeWidgets.tsx(77,95): error TS7026: JSX element implicitly has type 'any' because no interface 'JSX.IntrinsicElements' exists.
src/widgets/homeWidgets.tsx(83,9): error TS7026: JSX element implicitly has type 'any' because no interface 'JSX.IntrinsicElements' exists.
src/widgets/homeWidgets.tsx(85,9): error TS7026: JSX element implicitly has type 'any' because no interface 'JSX.IntrinsicElements' exists.
src/widgets/homeWidgets.tsx(87,9): error TS7026: JSX element implicitly has type 'any' because no interface 'JSX.IntrinsicElements' exists.
src/widgets/homeWidgets.tsx(87,80): error TS7026: JSX element implicitly has type 'any' because no interface 'JSX.IntrinsicElements' exists.
src/widgets/homeWidgets.tsx(109,5): error TS7026: JSX element implicitly has type 'any' because no interface 'JSX.IntrinsicElements' exists.
src/widgets/homeWidgets.tsx(117,11): error TS7026: JSX element implicitly has type 'any' because no interface 'JSX.IntrinsicElements' exists.
src/widgets/homeWidgets.tsx(127,13): error TS7026: JSX element implicitly has type 'any' because no interface 'JSX.IntrinsicElements' exists.
src/widgets/homeWidgets.tsx(132,13): error TS7026: JSX element implicitly has type 'any' because no interface 'JSX.IntrinsicElements' exists.
src/widgets/homeWidgets.tsx(133,13): error TS7026: JSX element implicitly has type 'any' because no interface 'JSX.IntrinsicElements' exists.
src/widgets/homeWidgets.tsx(138,13): error TS7026: JSX element implicitly has type 'any' because no interface 'JSX.IntrinsicElements' exists.
src/widgets/homeWidgets.tsx(139,11): error TS7026: JSX element implicitly has type 'any' because no interface 'JSX.IntrinsicElements' exists.
src/widgets/homeWidgets.tsx(142,5): error TS7026: JSX element implicitly has type 'any' because no interface 'JSX.IntrinsicElements' exists.
src/widgets/homeWidgets.tsx(155,9): error TS7026: JSX element implicitly has type 'any' because no interface 'JSX.IntrinsicElements' exists.
src/widgets/homeWidgets.tsx(155,92): error TS7006: Parameter 'v' implicitly has an 'any' type.
src/widgets/homeWidgets.tsx(158,9): error TS7026: JSX element implicitly has type 'any' because no interface 'JSX.IntrinsicElements' exists.
src/widgets/homeWidgets.tsx(161,7): error TS7026: JSX element implicitly has type 'any' because no interface 'JSX.IntrinsicElements' exists.
src/widgets/homeWidgets.tsx(172,7): error TS7026: JSX element implicitly has type 'any' because no interface 'JSX.IntrinsicElements' exists.
src/widgets/homeWidgets.tsx(180,7): error TS7026: JSX element implicitly has type 'any' because no interface 'JSX.IntrinsicElements' exists.
src/widgets/homeWidgets.tsx(181,9): error TS7026: JSX element implicitly has type 'any' because no interface 'JSX.IntrinsicElements' exists.
src/widgets/homeWidgets.tsx(208,9): error TS7026: JSX element implicitly has type 'any' because no interface 'JSX.IntrinsicElements' exists.
src/widgets/homeWidgets.tsx(209,9): error TS7026: JSX element implicitly has type 'any' because no interface 'JSX.IntrinsicElements' exists.
src/widgets/homeWidgets.tsx(215,9): error TS7026: JSX element implicitly has type 'any' because no interface 'JSX.IntrinsicElements' exists.
src/widgets/homeWidgets.tsx(216,7): error TS7026: JSX element implicitly has type 'any' because no interface 'JSX.IntrinsicElements' exists.
src/widgets/homeWidgets.tsx(242,7): error TS7026: JSX element implicitly has type 'any' because no interface 'JSX.IntrinsicElements' exists.
src/widgets/homeWidgets.tsx(243,9): error TS7026: JSX element implicitly has type 'any' because no interface 'JSX.IntrinsicElements' exists.
src/widgets/homeWidgets.tsx(253,9): error TS7026: JSX element implicitly has type 'any' because no interface 'JSX.IntrinsicElements' exists.
src/widgets/homeWidgets.tsx(254,9): error TS7026: JSX element implicitly has type 'any' because no interface 'JSX.IntrinsicElements' exists.
src/widgets/homeWidgets.tsx(260,9): error TS7026: JSX element implicitly has type 'any' because no interface 'JSX.IntrinsicElements' exists.
src/widgets/homeWidgets.tsx(261,7): error TS7026: JSX element implicitly has type 'any' because no interface 'JSX.IntrinsicElements' exists.
src/widgets/homeWidgets.tsx(271,13): error TS7026: JSX element implicitly has type 'any' because no interface 'JSX.IntrinsicElements' exists.
src/widgets/homeWidgets.tsx(274,13): error TS7026: JSX element implicitly has type 'any' because no interface 'JSX.IntrinsicElements' exists.
src/widgets/homeWidgets.tsx(278,15): error TS7026: JSX element implicitly has type 'any' because no interface 'JSX.IntrinsicElements' exists.
src/widgets/homeWidgets.tsx(280,19): error TS7026: JSX element implicitly has type 'any' because no interface 'JSX.IntrinsicElements' exists.
src/widgets/homeWidgets.tsx(289,19): error TS7026: JSX element implicitly has type 'any' because no interface 'JSX.IntrinsicElements' exists.
src/widgets/homeWidgets.tsx(295,55): error TS2322: Type '{ children: number; tone: string; }' is not assignable to type 'GlassBadgeProps'.
  Property 'children' does not exist on type 'GlassBadgeProps'.
src/widgets/homeWidgets.tsx(295,112): error TS7026: JSX element implicitly has type 'any' because no interface 'JSX.IntrinsicElements' exists.
src/widgets/homeWidgets.tsx(295,154): error TS7026: JSX element implicitly has type 'any' because no interface 'JSX.IntrinsicElements' exists.
src/widgets/homeWidgets.tsx(296,15): error TS7026: JSX element implicitly has type 'any' because no interface 'JSX.IntrinsicElements' exists.
src/widgets/homeWidgets.tsx(329,21): error TS7026: JSX element implicitly has type 'any' because no interface 'JSX.IntrinsicElements' exists.
src/widgets/homeWidgets.tsx(329,67): error TS7026: JSX element implicitly has type 'any' because no interface 'JSX.IntrinsicElements' exists.
src/widgets/homeWidgets.tsx(330,29): error TS7026: JSX element implicitly has type 'any' because no interface 'JSX.IntrinsicElements' exists.
src/widgets/homeWidgets.tsx(330,44): error TS7026: JSX element implicitly has type 'any' because no interface 'JSX.IntrinsicElements' exists.
src/widgets/homeWidgets.tsx(342,21): error TS7026: JSX element implicitly has type 'any' because no interface 'JSX.IntrinsicElements' exists.
src/widgets/homeWidgets.tsx(342,67): error TS7026: JSX element implicitly has type 'any' because no interface 'JSX.IntrinsicElements' exists.
src/widgets/homeWidgets.tsx(343,21): error TS7026: JSX element implicitly has type 'any' because no interface 'JSX.IntrinsicElements' exists.
src/widgets/homeWidgets.tsx(343,36): error TS7026: JSX element implicitly has type 'any' because no interface 'JSX.IntrinsicElements' exists.
src/widgets/homeWidgets.tsx(353,21): error TS7026: JSX element implicitly has type 'any' because no interface 'JSX.IntrinsicElements' exists.
src/widgets/homeWidgets.tsx(353,67): error TS7026: JSX element implicitly has type 'any' because no interface 'JSX.IntrinsicElements' exists.
src/widgets/homeWidgets.tsx(354,21): error TS7026: JSX element implicitly has type 'any' because no interface 'JSX.IntrinsicElements' exists.
src/widgets/homeWidgets.tsx(354,36): error TS7026: JSX element implicitly has type 'any' because no interface 'JSX.IntrinsicElements' exists.
src/widgets/homeWidgets.tsx(359,21): error TS7026: JSX element implicitly has type 'any' because no interface 'JSX.IntrinsicElements' exists.
src/widgets/homeWidgets.tsx(359,67): error TS7026: JSX element implicitly has type 'any' because no interface 'JSX.IntrinsicElements' exists.
src/widgets/homeWidgets.tsx(360,21): error TS7026: JSX element implicitly has type 'any' because no interface 'JSX.IntrinsicElements' exists.
src/widgets/homeWidgets.tsx(360,36): error TS7026: JSX element implicitly has type 'any' because no interface 'JSX.IntrinsicElements' exists.
src/widgets/homeWidgets.tsx(365,21): error TS7026: JSX element implicitly has type 'any' because no interface 'JSX.IntrinsicElements' exists.
src/widgets/homeWidgets.tsx(365,67): error TS7026: JSX element implicitly has type 'any' because no interface 'JSX.IntrinsicElements' exists.
src/widgets/homeWidgets.tsx(366,21): error TS7026: JSX element implicitly has type 'any' because no interface 'JSX.IntrinsicElements' exists.
src/widgets/homeWidgets.tsx(366,36): error TS7026: JSX element implicitly has type 'any' because no interface 'JSX.IntrinsicElements' exists.
src/widgets/homeWidgets.tsx(372,21): error TS7026: JSX element implicitly has type 'any' because no interface 'JSX.IntrinsicElements' exists.
src/widgets/homeWidgets.tsx(372,67): error TS7026: JSX element implicitly has type 'any' because no interface 'JSX.IntrinsicElements' exists.
src/widgets/homeWidgets.tsx(373,21): error TS7026: JSX element implicitly has type 'any' because no interface 'JSX.IntrinsicElements' exists.
src/widgets/homeWidgets.tsx(373,36): error TS7026: JSX element implicitly has type 'any' because no interface 'JSX.IntrinsicElements' exists.
src/widgets/leadTimeWidgets.tsx(24,90): error TS2307: Cannot find module 'recharts' or its corresponding type declarations.
src/widgets/leadTimeWidgets.tsx(25,37): error TS2307: Cannot find module 'react' or its corresponding type declarations.
src/widgets/leadTimeWidgets.tsx(39,34): error TS2307: Cannot find module 'lucide-react' or its corresponding type declarations.
src/widgets/leadTimeWidgets.tsx(78,5): error TS2875: This JSX tag requires the module path 'react/jsx-runtime' to exist, but none could be found. Make sure you have types for the appropriate package installed.
src/widgets/leadTimeWidgets.tsx(136,16): error TS7006: Parameter 'prev' implicitly has an 'any' type.
src/widgets/leadTimeWidgets.tsx(196,7): error TS7026: JSX element implicitly has type 'any' because no interface 'JSX.IntrinsicElements' exists.
src/widgets/leadTimeWidgets.tsx(196,111): error TS7026: JSX element implicitly has type 'any' because no interface 'JSX.IntrinsicElements' exists.
src/widgets/leadTimeWidgets.tsx(197,7): error TS7026: JSX element implicitly has type 'any' because no interface 'JSX.IntrinsicElements' exists.
src/widgets/leadTimeWidgets.tsx(197,95): error TS7026: JSX element implicitly has type 'any' because no interface 'JSX.IntrinsicElements' exists.
src/widgets/leadTimeWidgets.tsx(266,13): error TS7026: JSX element implicitly has type 'any' because no interface 'JSX.IntrinsicElements' exists.
src/widgets/leadTimeWidgets.tsx(266,206): error TS7026: JSX element implicitly has type 'any' because no interface 'JSX.IntrinsicElements' exists.
src/widgets/leadTimeWidgets.tsx(270,15): error TS7026: JSX element implicitly has type 'any' because no interface 'JSX.IntrinsicElements' exists.
src/widgets/leadTimeWidgets.tsx(276,15): error TS7026: JSX element implicitly has type 'any' because no interface 'JSX.IntrinsicElements' exists.
src/widgets/leadTimeWidgets.tsx(296,13): error TS7026: JSX element implicitly has type 'any' because no interface 'JSX.IntrinsicElements' exists.
src/widgets/leadTimeWidgets.tsx(300,13): error TS7026: JSX element implicitly has type 'any' because no interface 'JSX.IntrinsicElements' exists.
src/widgets/leadTimeWidgets.tsx(304,15): error TS7026: JSX element implicitly has type 'any' because no interface 'JSX.IntrinsicElements' exists.
src/widgets/leadTimeWidgets.tsx(310,15): error TS7026: JSX element implicitly has type 'any' because no interface 'JSX.IntrinsicElements' exists.
src/widgets/leadTimeWidgets.tsx(312,13): error TS7026: JSX element implicitly has type 'any' because no interface 'JSX.IntrinsicElements' exists.
src/widgets/leadTimeWidgets.tsx(318,13): error TS7026: JSX element implicitly has type 'any' because no interface 'JSX.IntrinsicElements' exists.
src/widgets/leadTimeWidgets.tsx(326,77): error TS2503: Cannot find namespace 'JSX'.
src/widgets/leadTimeWidgets.tsx(329,23): error TS7026: JSX element implicitly has type 'any' because no interface 'JSX.IntrinsicElements' exists.
src/widgets/leadTimeWidgets.tsx(329,69): error TS7026: JSX element implicitly has type 'any' because no interface 'JSX.IntrinsicElements' exists.
src/widgets/leadTimeWidgets.tsx(330,23): error TS7026: JSX element implicitly has type 'any' because no interface 'JSX.IntrinsicElements' exists.
src/widgets/leadTimeWidgets.tsx(330,38): error TS7026: JSX element implicitly has type 'any' because no interface 'JSX.IntrinsicElements' exists.
src/widgets/notSuppliedWidgets.tsx(6,42): error TS2307: Cannot find module 'react' or its corresponding type declarations.
src/widgets/notSuppliedWidgets.tsx(39,5): error TS2875: This JSX tag requires the module path 'react/jsx-runtime' to exist, but none could be found. Make sure you have types for the appropriate package installed.
src/widgets/notSuppliedWidgets.tsx(40,7): error TS7026: JSX element implicitly has type 'any' because no interface 'JSX.IntrinsicElements' exists.
src/widgets/notSuppliedWidgets.tsx(41,9): error TS7026: JSX element implicitly has type 'any' because no interface 'JSX.IntrinsicElements' exists.
src/widgets/notSuppliedWidgets.tsx(42,11): error TS7026: JSX element implicitly has type 'any' because no interface 'JSX.IntrinsicElements' exists.
src/widgets/notSuppliedWidgets.tsx(42,31): error TS7026: JSX element implicitly has type 'any' because no interface 'JSX.IntrinsicElements' exists.
src/widgets/notSuppliedWidgets.tsx(43,11): error TS7026: JSX element implicitly has type 'any' because no interface 'JSX.IntrinsicElements' exists.
src/widgets/notSuppliedWidgets.tsx(43,195): error TS7026: JSX element implicitly has type 'any' because no interface 'JSX.IntrinsicElements' exists.
src/widgets/notSuppliedWidgets.tsx(44,9): error TS7026: JSX element implicitly has type 'any' because no interface 'JSX.IntrinsicElements' exists.
src/widgets/notSuppliedWidgets.tsx(45,9): error TS7026: JSX element implicitly has type 'any' because no interface 'JSX.IntrinsicElements' exists.
src/widgets/notSuppliedWidgets.tsx(47,13): error TS7026: JSX element implicitly has type 'any' because no interface 'JSX.IntrinsicElements' exists.
src/widgets/notSuppliedWidgets.tsx(47,90): error TS7026: JSX element implicitly has type 'any' because no interface 'JSX.IntrinsicElements' exists.
src/widgets/notSuppliedWidgets.tsx(49,13): error TS7026: JSX element implicitly has type 'any' because no interface 'JSX.IntrinsicElements' exists.
src/widgets/notSuppliedWidgets.tsx(50,15): error TS7026: JSX element implicitly has type 'any' because no interface 'JSX.IntrinsicElements' exists.
src/widgets/notSuppliedWidgets.tsx(50,22): error TS7026: JSX element implicitly has type 'any' because no interface 'JSX.IntrinsicElements' exists.
src/widgets/notSuppliedWidgets.tsx(50,26): error TS7026: JSX element implicitly has type 'any' because no interface 'JSX.IntrinsicElements' exists.
src/widgets/notSuppliedWidgets.tsx(50,36): error TS7026: JSX element implicitly has type 'any' because no interface 'JSX.IntrinsicElements' exists.
src/widgets/notSuppliedWidgets.tsx(50,41): error TS7026: JSX element implicitly has type 'any' because no interface 'JSX.IntrinsicElements' exists.
src/widgets/notSuppliedWidgets.tsx(50,57): error TS7026: JSX element implicitly has type 'any' because no interface 'JSX.IntrinsicElements' exists.
src/widgets/notSuppliedWidgets.tsx(50,62): error TS7026: JSX element implicitly has type 'any' because no interface 'JSX.IntrinsicElements' exists.
src/widgets/notSuppliedWidgets.tsx(50,75): error TS7026: JSX element implicitly has type 'any' because no interface 'JSX.IntrinsicElements' exists.
src/widgets/notSuppliedWidgets.tsx(50,80): error TS7026: JSX element implicitly has type 'any' because no interface 'JSX.IntrinsicElements' exists.
src/widgets/notSuppliedWidgets.tsx(50,96): error TS7026: JSX element implicitly has type 'any' because no interface 'JSX.IntrinsicElements' exists.
src/widgets/notSuppliedWidgets.tsx(50,101): error TS7026: JSX element implicitly has type 'any' because no interface 'JSX.IntrinsicElements' exists.
src/widgets/notSuppliedWidgets.tsx(50,106): error TS7026: JSX element implicitly has type 'any' because no interface 'JSX.IntrinsicElements' exists.
src/widgets/notSuppliedWidgets.tsx(51,15): error TS7026: JSX element implicitly has type 'any' because no interface 'JSX.IntrinsicElements' exists.
src/widgets/notSuppliedWidgets.tsx(53,19): error TS7026: JSX element implicitly has type 'any' because no interface 'JSX.IntrinsicElements' exists.
src/widgets/notSuppliedWidgets.tsx(54,21): error TS7026: JSX element implicitly has type 'any' because no interface 'JSX.IntrinsicElements' exists.
src/widgets/notSuppliedWidgets.tsx(54,25): error TS7026: JSX element implicitly has type 'any' because no interface 'JSX.IntrinsicElements' exists.
src/widgets/notSuppliedWidgets.tsx(54,50): error TS7026: JSX element implicitly has type 'any' because no interface 'JSX.IntrinsicElements' exists.
src/widgets/notSuppliedWidgets.tsx(54,59): error TS7026: JSX element implicitly has type 'any' because no interface 'JSX.IntrinsicElements' exists.
src/widgets/notSuppliedWidgets.tsx(55,21): error TS7026: JSX element implicitly has type 'any' because no interface 'JSX.IntrinsicElements' exists.
src/widgets/notSuppliedWidgets.tsx(55,60): error TS7026: JSX element implicitly has type 'any' because no interface 'JSX.IntrinsicElements' exists.
src/widgets/notSuppliedWidgets.tsx(56,21): error TS7026: JSX element implicitly has type 'any' because no interface 'JSX.IntrinsicElements' exists.
src/widgets/notSuppliedWidgets.tsx(56,57): error TS7026: JSX element implicitly has type 'any' because no interface 'JSX.IntrinsicElements' exists.
src/widgets/notSuppliedWidgets.tsx(57,21): error TS7026: JSX element implicitly has type 'any' because no interface 'JSX.IntrinsicElements' exists.
src/widgets/notSuppliedWidgets.tsx(57,60): error TS7026: JSX element implicitly has type 'any' because no interface 'JSX.IntrinsicElements' exists.
src/widgets/notSuppliedWidgets.tsx(58,19): error TS7026: JSX element implicitly has type 'any' because no interface 'JSX.IntrinsicElements' exists.
src/widgets/notSuppliedWidgets.tsx(60,15): error TS7026: JSX element implicitly has type 'any' because no interface 'JSX.IntrinsicElements' exists.
src/widgets/notSuppliedWidgets.tsx(61,13): error TS7026: JSX element implicitly has type 'any' because no interface 'JSX.IntrinsicElements' exists.
src/widgets/notSuppliedWidgets.tsx(63,9): error TS7026: JSX element implicitly has type 'any' because no interface 'JSX.IntrinsicElements' exists.
src/widgets/notSuppliedWidgets.tsx(64,7): error TS7026: JSX element implicitly has type 'any' because no interface 'JSX.IntrinsicElements' exists.
src/widgets/notSuppliedWidgets.tsx(87,74): error TS2503: Cannot find namespace 'JSX'.
src/widgets/notSuppliedWidgets.tsx(90,23): error TS7026: JSX element implicitly has type 'any' because no interface 'JSX.IntrinsicElements' exists.
src/widgets/notSuppliedWidgets.tsx(90,69): error TS7026: JSX element implicitly has type 'any' because no interface 'JSX.IntrinsicElements' exists.
src/widgets/notSuppliedWidgets.tsx(91,23): error TS7026: JSX element implicitly has type 'any' because no interface 'JSX.IntrinsicElements' exists.
src/widgets/notSuppliedWidgets.tsx(91,38): error TS7026: JSX element implicitly has type 'any' because no interface 'JSX.IntrinsicElements' exists.
src/widgets/orderSummaryWidgets.tsx(22,5): error TS7026: JSX element implicitly has type 'any' because no interface 'JSX.IntrinsicElements' exists.
src/widgets/orderSummaryWidgets.tsx(22,5): error TS2875: This JSX tag requires the module path 'react/jsx-runtime' to exist, but none could be found. Make sure you have types for the appropriate package installed.
src/widgets/orderSummaryWidgets.tsx(23,7): error TS7026: JSX element implicitly has type 'any' because no interface 'JSX.IntrinsicElements' exists.
src/widgets/orderSummaryWidgets.tsx(23,53): error TS7026: JSX element implicitly has type 'any' because no interface 'JSX.IntrinsicElements' exists.
src/widgets/orderSummaryWidgets.tsx(24,7): error TS7026: JSX element implicitly has type 'any' because no interface 'JSX.IntrinsicElements' exists.
src/widgets/orderSummaryWidgets.tsx(25,9): error TS7026: JSX element implicitly has type 'any' because no interface 'JSX.IntrinsicElements' exists.
src/widgets/orderSummaryWidgets.tsx(26,11): error TS7026: JSX element implicitly has type 'any' because no interface 'JSX.IntrinsicElements' exists.
src/widgets/orderSummaryWidgets.tsx(27,13): error TS7026: JSX element implicitly has type 'any' because no interface 'JSX.IntrinsicElements' exists.
src/widgets/orderSummaryWidgets.tsx(27,23): error TS7026: JSX element implicitly has type 'any' because no interface 'JSX.IntrinsicElements' exists.
src/widgets/orderSummaryWidgets.tsx(28,45): error TS7026: JSX element implicitly has type 'any' because no interface 'JSX.IntrinsicElements' exists.
src/widgets/orderSummaryWidgets.tsx(28,60): error TS7026: JSX element implicitly has type 'any' because no interface 'JSX.IntrinsicElements' exists.
src/widgets/orderSummaryWidgets.tsx(29,13): error TS7026: JSX element implicitly has type 'any' because no interface 'JSX.IntrinsicElements' exists.
src/widgets/orderSummaryWidgets.tsx(29,103): error TS7026: JSX element implicitly has type 'any' because no interface 'JSX.IntrinsicElements' exists.
src/widgets/orderSummaryWidgets.tsx(30,11): error TS7026: JSX element implicitly has type 'any' because no interface 'JSX.IntrinsicElements' exists.
src/widgets/orderSummaryWidgets.tsx(31,9): error TS7026: JSX element implicitly has type 'any' because no interface 'JSX.IntrinsicElements' exists.
src/widgets/orderSummaryWidgets.tsx(32,9): error TS7026: JSX element implicitly has type 'any' because no interface 'JSX.IntrinsicElements' exists.
src/widgets/orderSummaryWidgets.tsx(34,13): error TS7026: JSX element implicitly has type 'any' because no interface 'JSX.IntrinsicElements' exists.
src/widgets/orderSummaryWidgets.tsx(35,15): error TS7026: JSX element implicitly has type 'any' because no interface 'JSX.IntrinsicElements' exists.
src/widgets/orderSummaryWidgets.tsx(35,19): error TS7026: JSX element implicitly has type 'any' because no interface 'JSX.IntrinsicElements' exists.
src/widgets/orderSummaryWidgets.tsx(35,37): error TS7026: JSX element implicitly has type 'any' because no interface 'JSX.IntrinsicElements' exists.
src/widgets/orderSummaryWidgets.tsx(35,46): error TS7026: JSX element implicitly has type 'any' because no interface 'JSX.IntrinsicElements' exists.
src/widgets/orderSummaryWidgets.tsx(36,44): error TS7026: JSX element implicitly has type 'any' because no interface 'JSX.IntrinsicElements' exists.
src/widgets/orderSummaryWidgets.tsx(36,73): error TS7026: JSX element implicitly has type 'any' because no interface 'JSX.IntrinsicElements' exists.
src/widgets/orderSummaryWidgets.tsx(37,15): error TS7026: JSX element implicitly has type 'any' because no interface 'JSX.IntrinsicElements' exists.
src/widgets/orderSummaryWidgets.tsx(37,69): error TS7026: JSX element implicitly has type 'any' because no interface 'JSX.IntrinsicElements' exists.
src/widgets/orderSummaryWidgets.tsx(37,119): error TS7026: JSX element implicitly has type 'any' because no interface 'JSX.IntrinsicElements' exists.
src/widgets/orderSummaryWidgets.tsx(37,128): error TS7026: JSX element implicitly has type 'any' because no interface 'JSX.IntrinsicElements' exists.
src/widgets/orderSummaryWidgets.tsx(38,13): error TS7026: JSX element implicitly has type 'any' because no interface 'JSX.IntrinsicElements' exists.
src/widgets/orderSummaryWidgets.tsx(40,9): error TS7026: JSX element implicitly has type 'any' because no interface 'JSX.IntrinsicElements' exists.
src/widgets/orderSummaryWidgets.tsx(41,9): error TS7026: JSX element implicitly has type 'any' because no interface 'JSX.IntrinsicElements' exists.
src/widgets/orderSummaryWidgets.tsx(42,11): error TS7026: JSX element implicitly has type 'any' because no interface 'JSX.IntrinsicElements' exists.
src/widgets/orderSummaryWidgets.tsx(43,13): error TS7026: JSX element implicitly has type 'any' because no interface 'JSX.IntrinsicElements' exists.
src/widgets/orderSummaryWidgets.tsx(43,17): error TS7026: JSX element implicitly has type 'any' because no interface 'JSX.IntrinsicElements' exists.
src/widgets/orderSummaryWidgets.tsx(43,41): error TS7026: JSX element implicitly has type 'any' because no interface 'JSX.IntrinsicElements' exists.
src/widgets/orderSummaryWidgets.tsx(43,50): error TS7026: JSX element implicitly has type 'any' because no interface 'JSX.IntrinsicElements' exists.
src/widgets/orderSummaryWidgets.tsx(44,49): error TS7026: JSX element implicitly has type 'any' because no interface 'JSX.IntrinsicElements' exists.
src/widgets/orderSummaryWidgets.tsx(44,61): error TS7026: JSX element implicitly has type 'any' because no interface 'JSX.IntrinsicElements' exists.
src/widgets/orderSummaryWidgets.tsx(44,72): error TS7026: JSX element implicitly has type 'any' because no interface 'JSX.IntrinsicElements' exists.
src/widgets/orderSummaryWidgets.tsx(44,81): error TS7026: JSX element implicitly has type 'any' because no interface 'JSX.IntrinsicElements' exists.
src/widgets/orderSummaryWidgets.tsx(45,13): error TS7026: JSX element implicitly has type 'any' because no interface 'JSX.IntrinsicElements' exists.
src/widgets/orderSummaryWidgets.tsx(45,89): error TS7026: JSX element implicitly has type 'any' because no interface 'JSX.IntrinsicElements' exists.
src/widgets/orderSummaryWidgets.tsx(45,115): error TS7026: JSX element implicitly has type 'any' because no interface 'JSX.IntrinsicElements' exists.
src/widgets/orderSummaryWidgets.tsx(45,124): error TS7026: JSX element implicitly has type 'any' because no interface 'JSX.IntrinsicElements' exists.
src/widgets/orderSummaryWidgets.tsx(46,11): error TS7026: JSX element implicitly has type 'any' because no interface 'JSX.IntrinsicElements' exists.
src/widgets/orderSummaryWidgets.tsx(47,9): error TS7026: JSX element implicitly has type 'any' because no interface 'JSX.IntrinsicElements' exists.
src/widgets/orderSummaryWidgets.tsx(48,7): error TS7026: JSX element implicitly has type 'any' because no interface 'JSX.IntrinsicElements' exists.
src/widgets/orderSummaryWidgets.tsx(49,5): error TS7026: JSX element implicitly has type 'any' because no interface 'JSX.IntrinsicElements' exists.
src/widgets/orderSummaryWidgets.tsx(54,21): error TS7026: JSX element implicitly has type 'any' because no interface 'JSX.IntrinsicElements' exists.
src/widgets/orderSummaryWidgets.tsx(54,67): error TS7026: JSX element implicitly has type 'any' because no interface 'JSX.IntrinsicElements' exists.
src/widgets/orderSummaryWidgets.tsx(55,21): error TS7026: JSX element implicitly has type 'any' because no interface 'JSX.IntrinsicElements' exists.
src/widgets/orderSummaryWidgets.tsx(55,36): error TS7026: JSX element implicitly has type 'any' because no interface 'JSX.IntrinsicElements' exists.
src/widgets/registry.tsx(15,27): error TS2307: Cannot find module 'react' or its corresponding type declarations.
src/widgets/registry.tsx(46,17): error TS2875: This JSX tag requires the module path 'react/jsx-runtime' to exist, but none could be found. Make sure you have types for the appropriate package installed.
